2026-09-21 21:50:32.602 [info] Python-envs extension version: 1.36.0
2026-09-21 21:50:32.602 [info] 
=== Python Envs Configuration Levels ===
2026-09-21 21:50:32.602 [info] {
  "section": "Python Envs Configuration Levels",
  "defaultEnvManager": {
    "workspaceFolderValue": "undefined",
    "workspaceValue": "undefined",
    "globalValue": "undefined",
    "defaultValue": "ms-python.python:venv"
  },
  "defaultPackageManager": {
    "workspaceFolderValue": "undefined",
    "workspaceValue": "undefined",
    "globalValue": "undefined",
    "defaultValue": "ms-python.python:pip"
  }
}
2026-09-21 21:50:32.602 [info] [pet] Starting Python Locator /home/sadnane/.vscode-oss/extensions/ms-python.python-2026.4.0-universal/python-env-tools/bin/pet server
2026-09-21 21:50:32.602 [info] Registering pyenv manager (environments will be discovered lazily)
2026-09-21 21:50:32.602 [info] Registering pipenv manager (environments will be discovered lazily)
2026-09-21 21:50:32.602 [info] Registering poetry manager (environments will be discovered lazily)
2026-09-21 21:50:32.602 [error] [pet] Process error: A system error occurred (spawn /home/sadnane/.vscode-oss/extensions/ms-python.python-2026.4.0-universal/python-env-tools/bin/pet ENOENT)
2026-09-21 21:50:32.609 [warning] [pet] Restarting Python Environment Tools (attempt 1/3, waiting 1000ms)
2026-09-21 21:50:33.631 [info] [pet] Starting Python Locator /home/sadnane/.vscode-oss/extensions/ms-python.python-2026.4.0-universal/python-env-tools/bin/pet server
2026-09-21 21:50:33.631 [info] [pet] Python Environment Tools restarted successfully
2026-09-21 21:50:33.642 [info] [pet] configure: Sending configuration update: {"workspaceDirectories":["/home/sadnane/Saad-Programming"],"environmentDirectories":["/home/sadnane/Saad-Programming/.venv","/home/sadnane/Saad-Programming/*/.venv"],"pipenvExecutable":"pipenv","poetryExecutable":"poetry","cacheDirectory":"/home/sadnane/.config/Code - OSS/User/globalStorage/ms-python.vscode-python-envs/pythonLocator"}
2026-09-21 21:50:33.642 [error] [pet] Process error: A system error occurred (spawn /home/sadnane/.vscode-oss/extensions/ms-python.python-2026.4.0-universal/python-env-tools/bin/pet ENOENT)
2026-09-21 21:51:03.646 [warning] [pet] Configure request timed out (attempt 1/2), will retry on next request without killing process
2026-09-21 21:51:03.647 [error] [pet] Error refreshing Request 'configure' timed out after 30000ms
2026-09-21 21:51:03.649 [info] Conda not found, turning off conda features. [M: Request 'configure' timed out after 30000ms
	at Timeout.<anonymous> (/home/sadnane/.vscode-oss/extensions/ms-python.vscode-python-envs-1.36.0-universal/dist/extension.js:2:571177)
	at listOnTimeout (node:internal/timers:635:17)
	at process.processTimers (node:internal/timers:571:7)] {
  method: 'configure'
}
2026-09-21 21:51:03.676 [info] [interpreterSelection] Applying initial environment selection for 1 workspace folder(s)
2026-09-21 21:51:03.677 [warning] [pet] Restarting Python Environment Tools (attempt 2/3, waiting 2000ms)
2026-09-21 21:51:05.718 [info] [pet] Starting Python Locator /home/sadnane/.vscode-oss/extensions/ms-python.python-2026.4.0-universal/python-env-tools/bin/pet server
2026-09-21 21:51:05.718 [info] [pet] Python Environment Tools restarted successfully
2026-09-21 21:51:05.719 [info] [pet] configure: Sending configuration update: {"workspaceDirectories":["/home/sadnane/Saad-Programming"],"environmentDirectories":["/home/sadnane/Saad-Programming/.venv","/home/sadnane/Saad-Programming/*/.venv"],"pipenvExecutable":"pipenv","poetryExecutable":"poetry","cacheDirectory":"/home/sadnane/.config/Code - OSS/User/globalStorage/ms-python.vscode-python-envs/pythonLocator"}
2026-09-21 21:51:05.720 [error] [pet] Process error: A system error occurred (spawn /home/sadnane/.vscode-oss/extensions/ms-python.python-2026.4.0-universal/python-env-tools/bin/pet ENOENT)
2026-09-21 21:51:35.738 [warning] [pet] Configure request timed out (attempt 1/2), will retry on next request without killing process
2026-09-21 21:51:35.739 [error] [pet] Error refreshing Request 'configure' timed out after 30000ms
2026-09-21 21:51:35.748 [error] [venv] Background initialization failed: [M: Request 'configure' timed out after 30000ms
	at Timeout.<anonymous> (/home/sadnane/.vscode-oss/extensions/ms-python.vscode-python-envs-1.36.0-universal/dist/extension.js:2:571177)
	at listOnTimeout (node:internal/timers:635:17)
	at process.processTimers (node:internal/timers:571:7)] {
  method: 'configure'
}
2026-09-21 21:51:35.750 [warning] [pet] Restarting Python Environment Tools (attempt 3/3, waiting 4000ms)
2026-09-21 21:51:39.785 [info] [pet] Starting Python Locator /home/sadnane/.vscode-oss/extensions/ms-python.python-2026.4.0-universal/python-env-tools/bin/pet server
2026-09-21 21:51:39.785 [info] [pet] Python Environment Tools restarted successfully
2026-09-21 21:51:39.786 [info] [pet] configure: Sending configuration update: {"workspaceDirectories":["/home/sadnane/Saad-Programming"],"environmentDirectories":["/home/sadnane/Saad-Programming/.venv","/home/sadnane/Saad-Programming/*/.venv"],"pipenvExecutable":"pipenv","poetryExecutable":"poetry","cacheDirectory":"/home/sadnane/.config/Code - OSS/User/globalStorage/ms-python.vscode-python-envs/pythonLocator"}
2026-09-21 21:51:39.787 [error] [pet] Process error: A system error occurred (spawn /home/sadnane/.vscode-oss/extensions/ms-python.python-2026.4.0-universal/python-env-tools/bin/pet ENOENT)
2026-09-21 21:52:09.787 [warning] [pet] Configure request timed out (attempt 1/2), will retry on next request without killing process
2026-09-21 21:52:09.787 [error] [pet] Error refreshing Request 'configure' timed out after 30000ms
2026-09-21 21:52:09.788 [warning] [pet] Server mode exhausted, falling back to JSON CLI for refresh
2026-09-21 21:52:09.806 [info] [pet] JSON CLI fallback refresh: /home/sadnane/.vscode-oss/extensions/ms-python.python-2026.4.0-universal/python-env-tools/bin/pet find --json /home/sadnane/Saad-Programming --cache-directory /home/sadnane/.config/Code - OSS/User/globalStorage/ms-python.vscode-python-envs/pythonLocator --pipenv-executable pipenv --poetry-executable poetry --environment-directories /home/sadnane/Saad-Programming/.venv --environment-directories /home/sadnane/Saad-Programming/*/.venv
2026-09-21 21:52:09.809 [error] [pet] JSON CLI fallback refresh failed: A system error occurred (spawn /home/sadnane/.vscode-oss/extensions/ms-python.python-2026.4.0-universal/python-env-tools/bin/pet ENOENT)
2026-09-21 21:52:09.811 [error] [system] Background initialization failed: [Error: spawn /home/sadnane/.vscode-oss/extensions/ms-python.python-2026.4.0-universal/python-env-tools/bin/pet ENOENT
	at ChildProcess._handle.onexit (node:internal/child_process:287:19)
	at onErrorNT (node:internal/child_process:525:16)
	at process.processTicksAndRejections (node:internal/process/task_queues:90:21)] {
  errno: -2,
  code: 'ENOENT',
  syscall: 'spawn /home/sadnane/.vscode-oss/extensions/ms-python.python-2026.4.0-universal/python-env-tools/bin/pet',
  path: '/home/sadnane/.vscode-oss/extensions/ms-python.python-2026.4.0-universal/python-env-tools/bin/pet',
  spawnargs: [
    'find',
    '--json',
    '/home/sadnane/Saad-Programming',
    '--cache-directory',
    '/home/sadnane/.config/Code - OSS/User/globalStorage/ms-python.vscode-python-envs/pythonLocator',
    '--pipenv-executable',
    'pipenv',
    '--poetry-executable',
    'poetry',
    '--environment-directories',
    '/home/sadnane/Saad-Programming/.venv',
    '--environment-directories',
    '/home/sadnane/Saad-Programming/*/.venv'
  ]
}
2026-09-21 21:52:09.811 [info] [SYS_GET] uri=/home/sadnane/Saad-Programming, normalizedKey=/home/sadnane/Saad-Programming, project=/home/sadnane/Saad-Programming, projectKey=/home/sadnane/Saad-Programming, mapKeys=[], directHit=false, projectHit=false, fallbackToGlobal=true, globalEnv=none
2026-09-21 21:52:09.849 [info] [interpreterSelection] Saad-Programming: none (source: autoDiscovery)
2026-09-21 21:52:09.851 [warning] [pet] Server mode exhausted, falling back to JSON CLI for refresh
2026-09-21 21:52:09.878 [info] [pet] JSON CLI fallback refresh: /home/sadnane/.vscode-oss/extensions/ms-python.python-2026.4.0-universal/python-env-tools/bin/pet find --json /home/sadnane/Saad-Programming --cache-directory /home/sadnane/.config/Code - OSS/User/globalStorage/ms-python.vscode-python-envs/pythonLocator --pipenv-executable pipenv --poetry-executable poetry --environment-directories /home/sadnane/Saad-Programming/.venv --environment-directories /home/sadnane/Saad-Programming/*/.venv
2026-09-21 21:52:09.879 [error] [pet] JSON CLI fallback refresh failed: A system error occurred (spawn /home/sadnane/.vscode-oss/extensions/ms-python.python-2026.4.0-universal/python-env-tools/bin/pet ENOENT)
2026-09-21 21:52:09.880 [error] [system] Background initialization failed: [Error: spawn /home/sadnane/.vscode-oss/extensions/ms-python.python-2026.4.0-universal/python-env-tools/bin/pet ENOENT
	at ChildProcess._handle.onexit (node:internal/child_process:287:19)
	at onErrorNT (node:internal/child_process:525:16)
	at process.processTicksAndRejections (node:internal/process/task_queues:90:21)] {
  errno: -2,
  code: 'ENOENT',
  syscall: 'spawn /home/sadnane/.vscode-oss/extensions/ms-python.python-2026.4.0-universal/python-env-tools/bin/pet',
  path: '/home/sadnane/.vscode-oss/extensions/ms-python.python-2026.4.0-universal/python-env-tools/bin/pet',
  spawnargs: [
    'find',
    '--json',
    '/home/sadnane/Saad-Programming',
    '--cache-directory',
    '/home/sadnane/.config/Code - OSS/User/globalStorage/ms-python.vscode-python-envs/pythonLocator',
    '--pipenv-executable',
    'pipenv',
    '--poetry-executable',
    'poetry',
    '--environment-directories',
    '/home/sadnane/Saad-Programming/.venv',
    '--environment-directories',
    '/home/sadnane/Saad-Programming/*/.venv'
  ]
}
2026-09-21 21:52:09.889 [warning] [pet] Server mode exhausted, falling back to JSON CLI for refresh
2026-09-21 21:52:09.919 [info] [pet] JSON CLI fallback refresh: /home/sadnane/.vscode-oss/extensions/ms-python.python-2026.4.0-universal/python-env-tools/bin/pet find --json /home/sadnane/Saad-Programming --cache-directory /home/sadnane/.config/Code - OSS/User/globalStorage/ms-python.vscode-python-envs/pythonLocator --pipenv-executable pipenv --poetry-executable poetry --environment-directories /home/sadnane/Saad-Programming/.venv --environment-directories /home/sadnane/Saad-Programming/*/.venv
2026-09-21 21:52:09.920 [error] [pet] JSON CLI fallback refresh failed: A system error occurred (spawn /home/sadnane/.vscode-oss/extensions/ms-python.python-2026.4.0-universal/python-env-tools/bin/pet ENOENT)
2026-09-21 21:52:09.920 [error] [interpreterSelection] Failed to set global environment: Error: spawn /home/sadnane/.vscode-oss/extensions/ms-python.python-2026.4.0-universal/python-env-tools/bin/pet ENOENT
2026-09-21 21:52:09.924 [warning] [pet] Server mode exhausted, falling back to JSON CLI for refresh
2026-09-21 21:52:09.951 [info] [pet] JSON CLI fallback refresh: /home/sadnane/.vscode-oss/extensions/ms-python.python-2026.4.0-universal/python-env-tools/bin/pet find --json /home/sadnane/Saad-Programming --cache-directory /home/sadnane/.config/Code - OSS/User/globalStorage/ms-python.vscode-python-envs/pythonLocator --pipenv-executable pipenv --poetry-executable poetry --environment-directories /home/sadnane/Saad-Programming/.venv --environment-directories /home/sadnane/Saad-Programming/*/.venv
2026-09-21 21:52:09.952 [error] [pet] JSON CLI fallback refresh failed: A system error occurred (spawn /home/sadnane/.vscode-oss/extensions/ms-python.python-2026.4.0-universal/python-env-tools/bin/pet ENOENT)
2026-09-21 21:52:09.952 [error] [venv] Background initialization failed: [Error: spawn /home/sadnane/.vscode-oss/extensions/ms-python.python-2026.4.0-universal/python-env-tools/bin/pet ENOENT
	at ChildProcess._handle.onexit (node:internal/child_process:287:19)
	at onErrorNT (node:internal/child_process:525:16)
	at process.processTicksAndRejections (node:internal/process/task_queues:90:21)] {
  errno: -2,
  code: 'ENOENT',
  syscall: 'spawn /home/sadnane/.vscode-oss/extensions/ms-python.python-2026.4.0-universal/python-env-tools/bin/pet',
  path: '/home/sadnane/.vscode-oss/extensions/ms-python.python-2026.4.0-universal/python-env-tools/bin/pet',
  spawnargs: [
    'find',
    '--json',
    '/home/sadnane/Saad-Programming',
    '--cache-directory',
    '/home/sadnane/.config/Code - OSS/User/globalStorage/ms-python.vscode-python-envs/pythonLocator',
    '--pipenv-executable',
    'pipenv',
    '--poetry-executable',
    'poetry',
    '--environment-directories',
    '/home/sadnane/Saad-Programming/.venv',
    '--environment-directories',
    '/home/sadnane/Saad-Programming/*/.venv'
  ]
}
2026-09-21 21:52:09.954 [warning] [pet] Server mode exhausted, falling back to JSON CLI for refresh
2026-09-21 21:52:09.962 [info] [pet] JSON CLI fallback refresh: /home/sadnane/.vscode-oss/extensions/ms-python.python-2026.4.0-universal/python-env-tools/bin/pet find --json /home/sadnane/Saad-Programming --cache-directory /home/sadnane/.config/Code - OSS/User/globalStorage/ms-python.vscode-python-envs/pythonLocator --pipenv-executable pipenv --poetry-executable poetry --environment-directories /home/sadnane/Saad-Programming/.venv --environment-directories /home/sadnane/Saad-Programming/*/.venv
2026-09-21 21:52:09.963 [error] [pet] JSON CLI fallback refresh failed: A system error occurred (spawn /home/sadnane/.vscode-oss/extensions/ms-python.python-2026.4.0-universal/python-env-tools/bin/pet ENOENT)
2026-09-21 21:52:09.965 [error] [venv] Background initialization failed: [Error: spawn /home/sadnane/.vscode-oss/extensions/ms-python.python-2026.4.0-universal/python-env-tools/bin/pet ENOENT
	at ChildProcess._handle.onexit (node:internal/child_process:287:19)
	at onErrorNT (node:internal/child_process:525:16)
	at process.processTicksAndRejections (node:internal/process/task_queues:90:21)] {
  errno: -2,
  code: 'ENOENT',
  syscall: 'spawn /home/sadnane/.vscode-oss/extensions/ms-python.python-2026.4.0-universal/python-env-tools/bin/pet',
  path: '/home/sadnane/.vscode-oss/extensions/ms-python.python-2026.4.0-universal/python-env-tools/bin/pet',
  spawnargs: [
    'find',
    '--json',
    '/home/sadnane/Saad-Programming',
    '--cache-directory',
    '/home/sadnane/.config/Code - OSS/User/globalStorage/ms-python.vscode-python-envs/pythonLocator',
    '--pipenv-executable',
    'pipenv',
    '--poetry-executable',
    'poetry',
    '--environment-directories',
    '/home/sadnane/Saad-Programming/.venv',
    '--environment-directories',
    '/home/sadnane/Saad-Programming/*/.venv'
  ]
}
2026-09-21 21:52:09.967 [warning] [pet] Server mode exhausted, falling back to JSON CLI for refresh
2026-09-21 21:52:09.975 [info] [pet] JSON CLI fallback refresh: /home/sadnane/.vscode-oss/extensions/ms-python.python-2026.4.0-universal/python-env-tools/bin/pet find --json /home/sadnane/Saad-Programming --cache-directory /home/sadnane/.config/Code - OSS/User/globalStorage/ms-python.vscode-python-envs/pythonLocator --pipenv-executable pipenv --poetry-executable poetry --environment-directories /home/sadnane/Saad-Programming/.venv --environment-directories /home/sadnane/Saad-Programming/*/.venv
2026-09-21 21:52:09.975 [error] [pet] JSON CLI fallback refresh failed: A system error occurred (spawn /home/sadnane/.vscode-oss/extensions/ms-python.python-2026.4.0-universal/python-env-tools/bin/pet ENOENT)
2026-09-21 21:52:10.003 [info] Refreshing pyenv environments
2026-09-21 21:52:10.004 [warning] [pet] Server mode exhausted, falling back to JSON CLI for refresh
2026-09-21 21:52:10.017 [info] [pet] JSON CLI fallback refresh: /home/sadnane/.vscode-oss/extensions/ms-python.python-2026.4.0-universal/python-env-tools/bin/pet find --json /home/sadnane/Saad-Programming --cache-directory /home/sadnane/.config/Code - OSS/User/globalStorage/ms-python.vscode-python-envs/pythonLocator --pipenv-executable pipenv --poetry-executable poetry --environment-directories /home/sadnane/Saad-Programming/.venv --environment-directories /home/sadnane/Saad-Programming/*/.venv
2026-09-21 21:52:10.018 [error] [pet] JSON CLI fallback refresh failed: A system error occurred (spawn /home/sadnane/.vscode-oss/extensions/ms-python.python-2026.4.0-universal/python-env-tools/bin/pet ENOENT)
2026-09-21 21:52:10.019 [error] Pyenv lazy initialization failed [Error: spawn /home/sadnane/.vscode-oss/extensions/ms-python.python-2026.4.0-universal/python-env-tools/bin/pet ENOENT
	at ChildProcess._handle.onexit (node:internal/child_process:287:19)
	at onErrorNT (node:internal/child_process:525:16)
	at process.processTicksAndRejections (node:internal/process/task_queues:90:21)] {
  errno: -2,
  code: 'ENOENT',
  syscall: 'spawn /home/sadnane/.vscode-oss/extensions/ms-python.python-2026.4.0-universal/python-env-tools/bin/pet',
  path: '/home/sadnane/.vscode-oss/extensions/ms-python.python-2026.4.0-universal/python-env-tools/bin/pet',
  spawnargs: [
    'find',
    '--json',
    '/home/sadnane/Saad-Programming',
    '--cache-directory',
    '/home/sadnane/.config/Code - OSS/User/globalStorage/ms-python.vscode-python-envs/pythonLocator',
    '--pipenv-executable',
    'pipenv',
    '--poetry-executable',
    'poetry',
    '--environment-directories',
    '/home/sadnane/Saad-Programming/.venv',
    '--environment-directories',
    '/home/sadnane/Saad-Programming/*/.venv'
  ]
}
2026-09-21 21:52:10.038 [info] Pipenv not found via settings, cache, or PATH
2026-09-21 21:52:10.040 [info] Refreshing pipenv environments
2026-09-21 21:52:10.041 [warning] [pet] Server mode exhausted, falling back to JSON CLI for refresh
2026-09-21 21:52:10.079 [info] [pet] JSON CLI fallback refresh: /home/sadnane/.vscode-oss/extensions/ms-python.python-2026.4.0-universal/python-env-tools/bin/pet find --json /home/sadnane/Saad-Programming --cache-directory /home/sadnane/.config/Code - OSS/User/globalStorage/ms-python.vscode-python-envs/pythonLocator --pipenv-executable pipenv --poetry-executable poetry --environment-directories /home/sadnane/Saad-Programming/.venv --environment-directories /home/sadnane/Saad-Programming/*/.venv
2026-09-21 21:52:10.079 [error] [pet] JSON CLI fallback refresh failed: A system error occurred (spawn /home/sadnane/.vscode-oss/extensions/ms-python.python-2026.4.0-universal/python-env-tools/bin/pet ENOENT)
2026-09-21 21:52:10.080 [error] Pipenv lazy initialization failed [Error: spawn /home/sadnane/.vscode-oss/extensions/ms-python.python-2026.4.0-universal/python-env-tools/bin/pet ENOENT
	at ChildProcess._handle.onexit (node:internal/child_process:287:19)
	at onErrorNT (node:internal/child_process:525:16)
	at process.processTicksAndRejections (node:internal/process/task_queues:90:21)] {
  errno: -2,
  code: 'ENOENT',
  syscall: 'spawn /home/sadnane/.vscode-oss/extensions/ms-python.python-2026.4.0-universal/python-env-tools/bin/pet',
  path: '/home/sadnane/.vscode-oss/extensions/ms-python.python-2026.4.0-universal/python-env-tools/bin/pet',
  spawnargs: [
    'find',
    '--json',
    '/home/sadnane/Saad-Programming',
    '--cache-directory',
    '/home/sadnane/.config/Code - OSS/User/globalStorage/ms-python.vscode-python-envs/pythonLocator',
    '--pipenv-executable',
    'pipenv',
    '--poetry-executable',
    'poetry',
    '--environment-directories',
    '/home/sadnane/Saad-Programming/.venv',
    '--environment-directories',
    '/home/sadnane/Saad-Programming/*/.venv'
  ]
}
2026-09-21 21:52:10.101 [info] Refreshing poetry environments
2026-09-21 21:52:10.101 [warning] [pet] Server mode exhausted, falling back to JSON CLI for refresh
2026-09-21 21:52:10.140 [info] [pet] JSON CLI fallback refresh: /home/sadnane/.vscode-oss/extensions/ms-python.python-2026.4.0-universal/python-env-tools/bin/pet find --json /home/sadnane/Saad-Programming --cache-directory /home/sadnane/.config/Code - OSS/User/globalStorage/ms-python.vscode-python-envs/pythonLocator --pipenv-executable pipenv --poetry-executable poetry --environment-directories /home/sadnane/Saad-Programming/.venv --environment-directories /home/sadnane/Saad-Programming/*/.venv
2026-09-21 21:52:10.140 [error] [pet] JSON CLI fallback refresh failed: A system error occurred (spawn /home/sadnane/.vscode-oss/extensions/ms-python.python-2026.4.0-universal/python-env-tools/bin/pet ENOENT)
2026-09-21 21:52:10.144 [error] Poetry lazy initialization failed [Error: spawn /home/sadnane/.vscode-oss/extensions/ms-python.python-2026.4.0-universal/python-env-tools/bin/pet ENOENT
	at ChildProcess._handle.onexit (node:internal/child_process:287:19)
	at onErrorNT (node:internal/child_process:525:16)
	at process.processTicksAndRejections (node:internal/process/task_queues:90:21)] {
  errno: -2,
  code: 'ENOENT',
  syscall: 'spawn /home/sadnane/.vscode-oss/extensions/ms-python.python-2026.4.0-universal/python-env-tools/bin/pet',
  path: '/home/sadnane/.vscode-oss/extensions/ms-python.python-2026.4.0-universal/python-env-tools/bin/pet',
  spawnargs: [
    'find',
    '--json',
    '/home/sadnane/Saad-Programming',
    '--cache-directory',
    '/home/sadnane/.config/Code - OSS/User/globalStorage/ms-python.vscode-python-envs/pythonLocator',
    '--pipenv-executable',
    'pipenv',
    '--poetry-executable',
    'poetry',
    '--environment-directories',
    '/home/sadnane/Saad-Programming/.venv',
    '--environment-directories',
    '/home/sadnane/Saad-Programming/*/.venv'
  ]
}
2026-09-21 21:52:10.144 [warning] No Python environments were found. Try running "Python Environments: Run Python Environment Tool (PET) in Terminal..." from the Command Palette to diagnose. If environments should be detected, please report this: https://github.com/microsoft/vscode-python-environments/issues/new
