2026-09-13 10:02:30.407 [info] Reading sessions from keychain...
2026-09-13 10:02:30.407 [info] Getting sessions for all scopes...
2026-09-13 10:02:31.125 [info] Got stored sessions!
2026-09-13 10:02:31.125 [info] Got 1 verified sessions.
2026-09-13 10:02:31.125 [info] Got 1 sessions for ...
2026-09-13 10:02:31.128 [info] Getting sessions for all scopes...
2026-09-13 10:02:31.128 [info] Got 1 sessions for ...
2026-09-13 10:02:31.831 [info] Getting sessions for all scopes...
2026-09-13 10:02:31.831 [info] Got 1 sessions for ...
2026-09-13 10:02:37.279 [info] Getting sessions for all scopes...
2026-09-13 10:02:37.279 [info] Got 1 sessions for ...
2026-09-13 10:02:37.289 [info] Getting sessions for all scopes...
2026-09-13 10:02:37.290 [info] Got 1 sessions for ...
2026-09-13 10:02:39.289 [info] Getting sessions for all scopes...
2026-09-13 10:02:39.289 [info] Got 1 sessions for ...
2026-09-13 10:02:39.631 [info] Getting sessions for read:user,repo,user:email,workflow...
2026-09-13 10:02:39.631 [info] Got 1 sessions for read:user,repo,user:email,workflow...
2026-09-13 10:02:40.609 [info] Getting sessions for read:user,repo,user:email,workflow...
2026-09-13 10:02:40.609 [info] Got 1 sessions for read:user,repo,user:email,workflow...
2026-09-13 10:02:41.277 [info] Getting sessions for all scopes...
2026-09-13 10:02:41.277 [info] Got 1 sessions for ...
2026-09-13 10:02:41.859 [info] Getting sessions for read:user,repo,user:email,workflow...
2026-09-13 10:02:41.859 [info] Got 1 sessions for read:user,repo,user:email,workflow...
2026-09-13 10:02:42.615 [info] Getting sessions for all scopes...
2026-09-13 10:02:42.615 [info] Got 1 sessions for ...
2026-09-13 10:02:42.707 [info] Getting sessions for all scopes...
2026-09-13 10:02:42.707 [info] Got 1 sessions for ...
2026-09-13 10:02:42.891 [info] Getting sessions for read:user,repo,user:email,workflow...
2026-09-13 10:02:42.891 [info] Got 1 sessions for read:user,repo,user:email,workflow...
2026-09-13 10:02:43.569 [info] Getting sessions for all scopes...
2026-09-13 10:02:43.569 [info] Got 1 sessions for ...
2026-09-13 10:02:43.569 [info] Getting sessions for all scopes...
2026-09-13 10:02:43.569 [info] Got 1 sessions for ...
2026-09-13 10:02:44.191 [info] Getting sessions for read:user,repo,user:email,workflow...
2026-09-13 10:02:44.192 [info] Got 1 sessions for read:user,repo,user:email,workflow...
2026-09-13 10:02:44.291 [info] Getting sessions for all scopes...
2026-09-13 10:02:44.291 [info] Got 1 sessions for ...
2026-09-13 10:02:44.305 [info] Getting sessions for read:user,repo,user:email,workflow...
2026-09-13 10:02:44.305 [info] Got 1 sessions for read:user,repo,user:email,workflow...
2026-09-13 10:02:45.572 [info] Getting sessions for all scopes...
2026-09-13 10:02:45.574 [info] Got 1 sessions for ...
2026-09-13 10:02:45.575 [info] Getting sessions for all scopes...
2026-09-13 10:02:45.575 [info] Got 1 sessions for ...
2026-09-13 10:02:45.581 [info] Getting sessions for read:user,repo,user:email,workflow...
2026-09-13 10:02:45.581 [info] Got 1 sessions for read:user,repo,user:email,workflow...
2026-09-13 10:02:46.406 [info] Getting sessions for all scopes...
2026-09-13 10:02:46.406 [info] Got 1 sessions for ...
2026-09-13 10:02:46.414 [info] Getting sessions for read:user,repo,user:email,workflow...
2026-09-13 10:02:46.414 [info] Got 1 sessions for read:user,repo,user:email,workflow...
2026-09-13 10:02:49.510 [info] Getting sessions for all scopes...
2026-09-13 10:02:49.510 [info] Got 1 sessions for ...
2026-09-13 10:02:49.513 [info] Getting sessions for all scopes...
2026-09-13 10:02:49.513 [info] Got 1 sessions for ...
2026-09-13 10:02:49.528 [info] Getting sessions for all scopes...
2026-09-13 10:02:49.528 [info] Got 1 sessions for ...
2026-09-13 10:02:49.534 [info] Getting sessions for read:user,repo,user:email,workflow...
2026-09-13 10:02:49.535 [info] Got 1 sessions for read:user,repo,user:email,workflow...
2026-09-13 10:02:50.291 [info] Getting sessions for all scopes...
2026-09-13 10:02:50.291 [info] Got 1 sessions for ...
2026-09-13 10:02:50.522 [info] Getting sessions for all scopes...
2026-09-13 10:02:50.522 [info] Got 1 sessions for ...
2026-09-13 10:02:50.531 [info] Getting sessions for read:user,repo,user:email,workflow...
2026-09-13 10:02:50.531 [info] Got 1 sessions for read:user,repo,user:email,workflow...
2026-09-13 10:02:51.163 [info] Getting sessions for read:user,user:email...
2026-09-13 10:02:51.163 [info] Got 0 sessions for read:user,user:email...
2026-09-13 10:02:51.173 [info] Getting sessions for all scopes...
2026-09-13 10:02:51.173 [info] Got 1 sessions for ...
2026-09-13 10:02:53.110 [info] Getting sessions for repo...
2026-09-13 10:02:53.111 [info] Got 0 sessions for repo...
2026-09-13 10:02:53.117 [info] Getting sessions for all scopes...
2026-09-13 10:02:53.117 [info] Got 1 sessions for ...
2026-09-13 10:03:45.347 [info] Getting sessions for all scopes...
2026-09-13 10:03:45.347 [info] Got 1 sessions for ...
2026-09-13 10:03:45.384 [info] Getting sessions for read:user,repo,user:email,workflow...
2026-09-13 10:03:45.384 [info] Got 1 sessions for read:user,repo,user:email,workflow...
2026-09-13 10:03:45.453 [info] Getting sessions for all scopes...
2026-09-13 10:03:45.453 [info] Got 1 sessions for ...
2026-09-13 10:03:45.457 [info] Getting sessions for all scopes...
2026-09-13 10:03:45.457 [info] Got 1 sessions for ...
2026-09-13 10:03:46.819 [info] Getting sessions for all scopes...
2026-09-13 10:03:46.819 [info] Got 1 sessions for ...
2026-09-13 10:03:46.825 [info] Getting sessions for read:user,repo,user:email,workflow...
2026-09-13 10:03:46.825 [info] Got 1 sessions for read:user,repo,user:email,workflow...
2026-09-13 10:04:23.283 [info] Getting sessions for all scopes...
2026-09-13 10:04:23.283 [info] Got 1 sessions for ...
2026-09-13 10:04:23.288 [info] Getting sessions for read:user,repo,user:email,workflow...
2026-09-13 10:04:23.288 [info] Got 1 sessions for read:user,repo,user:email,workflow...
2026-09-13 10:04:23.375 [info] Getting sessions for all scopes...
2026-09-13 10:04:23.375 [info] Got 1 sessions for ...
2026-09-13 10:04:23.379 [info] Getting sessions for all scopes...
2026-09-13 10:04:23.379 [info] Got 1 sessions for ...
2026-09-13 10:04:24.485 [info] Getting sessions for all scopes...
2026-09-13 10:04:24.485 [info] Got 1 sessions for ...
2026-09-13 10:04:24.495 [info] Getting sessions for read:user,repo,user:email,workflow...
2026-09-13 10:04:24.495 [info] Got 1 sessions for read:user,repo,user:email,workflow...
2026-09-13 10:04:24.679 [info] Getting sessions for all scopes...
2026-09-13 10:04:24.679 [info] Got 1 sessions for ...
2026-09-13 10:05:00.534 [info] Getting sessions for all scopes...
2026-09-13 10:05:00.534 [info] Got 1 sessions for ...
2026-09-13 10:05:00.536 [info] Getting sessions for read:user,repo,user:email,workflow...
2026-09-13 10:05:00.536 [info] Got 1 sessions for read:user,repo,user:email,workflow...
2026-09-13 10:05:00.570 [info] Getting sessions for all scopes...
2026-09-13 10:05:00.570 [info] Got 1 sessions for ...
2026-09-13 10:05:00.571 [info] Getting sessions for all scopes...
2026-09-13 10:05:00.571 [info] Got 1 sessions for ...
2026-09-13 10:05:02.309 [info] Getting sessions for all scopes...
2026-09-13 10:05:02.309 [info] Got 1 sessions for ...
2026-09-13 10:05:02.316 [info] Getting sessions for read:user,repo,user:email,workflow...
2026-09-13 10:05:02.316 [info] Got 1 sessions for read:user,repo,user:email,workflow...
2026-09-13 10:05:46.871 [info] Getting sessions for all scopes...
2026-09-13 10:05:46.871 [info] Got 1 sessions for ...
2026-09-13 10:05:46.872 [info] Getting sessions for all scopes...
2026-09-13 10:05:46.872 [info] Got 1 sessions for ...
2026-09-13 10:05:46.875 [info] Getting sessions for read:user,repo,user:email,workflow...
2026-09-13 10:05:46.875 [info] Got 1 sessions for read:user,repo,user:email,workflow...
2026-09-13 10:05:47.474 [info] Getting sessions for all scopes...
2026-09-13 10:05:47.474 [info] Got 1 sessions for ...
2026-09-13 10:05:47.487 [info] Getting sessions for read:user,repo,user:email,workflow...
2026-09-13 10:05:47.487 [info] Got 1 sessions for read:user,repo,user:email,workflow...
2026-09-13 10:05:53.316 [info] Getting sessions for all scopes...
2026-09-13 10:05:53.316 [info] Got 1 sessions for ...
2026-09-13 10:05:53.341 [info] Getting sessions for all scopes...
2026-09-13 10:05:53.341 [info] Got 1 sessions for ...
2026-09-13 10:05:53.341 [info] Getting sessions for all scopes...
2026-09-13 10:05:53.341 [info] Got 1 sessions for ...
2026-09-13 10:05:53.354 [info] Getting sessions for read:user,repo,user:email,workflow...
2026-09-13 10:05:53.355 [info] Got 1 sessions for read:user,repo,user:email,workflow...
2026-09-13 10:06:05.398 [info] Getting sessions for all scopes...
2026-09-13 10:06:05.398 [info] Got 1 sessions for ...
2026-09-13 10:06:05.475 [info] Getting sessions for all scopes...
2026-09-13 10:06:05.475 [info] Got 1 sessions for ...
2026-09-13 10:06:05.492 [info] Getting sessions for all scopes...
2026-09-13 10:06:05.492 [info] Got 1 sessions for ...
2026-09-13 10:06:05.493 [info] Getting sessions for read:user,repo,user:email,workflow...
2026-09-13 10:06:05.493 [info] Got 1 sessions for read:user,repo,user:email,workflow...
2026-09-13 10:06:06.601 [info] Getting sessions for all scopes...
2026-09-13 10:06:06.601 [info] Got 1 sessions for ...
2026-09-13 10:06:06.605 [info] Getting sessions for read:user,repo,user:email,workflow...
2026-09-13 10:06:06.605 [info] Got 1 sessions for read:user,repo,user:email,workflow...
2026-09-13 10:07:06.767 [info] Getting sessions for all scopes...
2026-09-13 10:07:06.769 [info] Got 1 sessions for ...
2026-09-13 10:07:06.828 [info] Getting sessions for read:user,repo,user:email,workflow...
2026-09-13 10:07:06.828 [info] Got 1 sessions for read:user,repo,user:email,workflow...
2026-09-13 10:07:12.517 [info] Getting sessions for all scopes...
2026-09-13 10:07:12.517 [info] Got 1 sessions for ...
2026-09-13 10:07:12.521 [info] Getting sessions for read:user,repo,user:email,workflow...
2026-09-13 10:07:12.521 [info] Got 1 sessions for read:user,repo,user:email,workflow...
2026-09-13 10:07:47.949 [info] Getting sessions for all scopes...
2026-09-13 10:07:47.950 [info] Got 1 sessions for ...
2026-09-13 10:07:48.027 [info] Getting sessions for read:user,repo,user:email,workflow...
2026-09-13 10:07:48.027 [info] Got 1 sessions for read:user,repo,user:email,workflow...
2026-09-13 10:07:48.028 [info] Getting sessions for all scopes...
2026-09-13 10:07:48.028 [info] Got 1 sessions for ...
2026-09-13 10:07:48.059 [info] Getting sessions for all scopes...
2026-09-13 10:07:48.059 [info] Got 1 sessions for ...
2026-09-13 10:07:49.518 [info] Getting sessions for all scopes...
2026-09-13 10:07:49.518 [info] Got 1 sessions for ...
2026-09-13 10:07:49.522 [info] Getting sessions for read:user,repo,user:email,workflow...
2026-09-13 10:07:49.522 [info] Got 1 sessions for read:user,repo,user:email,workflow...
2026-09-13 10:08:20.545 [info] Getting sessions for all scopes...
2026-09-13 10:08:20.545 [info] Got 1 sessions for ...
2026-09-13 10:08:20.552 [info] Getting sessions for read:user,repo,user:email,workflow...
2026-09-13 10:08:20.552 [info] Got 1 sessions for read:user,repo,user:email,workflow...
2026-09-13 10:08:20.637 [info] Getting sessions for all scopes...
2026-09-13 10:08:20.637 [info] Got 1 sessions for ...
2026-09-13 10:08:20.639 [info] Getting sessions for all scopes...
2026-09-13 10:08:20.639 [info] Got 1 sessions for ...
2026-09-13 10:08:21.811 [info] Getting sessions for all scopes...
2026-09-13 10:08:21.811 [info] Got 1 sessions for ...
2026-09-13 10:08:21.818 [info] Getting sessions for read:user,repo,user:email,workflow...
2026-09-13 10:08:21.818 [info] Got 1 sessions for read:user,repo,user:email,workflow...
2026-09-13 10:09:37.571 [info] Getting sessions for all scopes...
2026-09-13 10:09:37.571 [info] Got 1 sessions for ...
2026-09-13 10:09:37.574 [info] Getting sessions for read:user,repo,user:email,workflow...
2026-09-13 10:09:37.574 [info] Got 1 sessions for read:user,repo,user:email,workflow...
2026-09-13 10:09:37.690 [info] Getting sessions for all scopes...
2026-09-13 10:09:37.690 [info] Got 1 sessions for ...
2026-09-13 10:09:37.691 [info] Getting sessions for all scopes...
2026-09-13 10:09:37.691 [info] Got 1 sessions for ...
2026-09-13 10:09:39.041 [info] Getting sessions for all scopes...
2026-09-13 10:09:39.041 [info] Got 1 sessions for ...
2026-09-13 10:09:39.046 [info] Getting sessions for read:user,repo,user:email,workflow...
2026-09-13 10:09:39.046 [info] Got 1 sessions for read:user,repo,user:email,workflow...
2026-09-13 10:11:20.842 [info] Getting sessions for all scopes...
2026-09-13 10:11:20.842 [info] Got 1 sessions for ...
2026-09-13 10:11:20.857 [info] Getting sessions for all scopes...
2026-09-13 10:11:20.857 [info] Got 1 sessions for ...
2026-09-13 10:11:24.826 [info] Getting sessions for all scopes...
2026-09-13 10:11:24.826 [info] Got 1 sessions for ...
2026-09-13 10:11:24.898 [info] Getting sessions for read:user,repo,user:email,workflow...
2026-09-13 10:11:24.898 [info] Got 1 sessions for read:user,repo,user:email,workflow...
2026-09-13 10:11:26.313 [info] Getting sessions for all scopes...
2026-09-13 10:11:26.314 [info] Got 1 sessions for ...
2026-09-13 10:11:26.342 [info] Getting sessions for read:user,repo,user:email,workflow...
2026-09-13 10:11:26.342 [info] Got 1 sessions for read:user,repo,user:email,workflow...
2026-09-13 10:12:01.368 [info] Getting sessions for all scopes...
2026-09-13 10:12:01.368 [info] Got 1 sessions for ...
2026-09-13 10:12:01.380 [info] Getting sessions for read:user,repo,user:email,workflow...
2026-09-13 10:12:01.380 [info] Got 1 sessions for read:user,repo,user:email,workflow...
2026-09-13 10:12:01.433 [info] Getting sessions for all scopes...
2026-09-13 10:12:01.433 [info] Got 1 sessions for ...
2026-09-13 10:12:01.444 [info] Getting sessions for all scopes...
2026-09-13 10:12:01.444 [info] Got 1 sessions for ...
2026-09-13 10:12:03.022 [info] Getting sessions for all scopes...
2026-09-13 10:12:03.022 [info] Got 1 sessions for ...
2026-09-13 10:12:03.028 [info] Getting sessions for read:user,repo,user:email,workflow...
2026-09-13 10:12:03.028 [info] Got 1 sessions for read:user,repo,user:email,workflow...
2026-09-13 10:13:18.719 [info] Getting sessions for all scopes...
2026-09-13 10:13:18.719 [info] Got 1 sessions for ...
2026-09-13 10:13:18.724 [info] Getting sessions for all scopes...
2026-09-13 10:13:18.724 [info] Got 1 sessions for ...
2026-09-13 10:13:22.613 [info] Getting sessions for all scopes...
2026-09-13 10:13:22.613 [info] Got 1 sessions for ...
2026-09-13 10:13:22.659 [info] Getting sessions for read:user,repo,user:email,workflow...
2026-09-13 10:13:22.659 [info] Got 1 sessions for read:user,repo,user:email,workflow...
2026-09-13 10:13:24.027 [info] Getting sessions for all scopes...
2026-09-13 10:13:24.027 [info] Got 1 sessions for ...
2026-09-13 10:13:24.032 [info] Getting sessions for read:user,repo,user:email,workflow...
2026-09-13 10:13:24.032 [info] Got 1 sessions for read:user,repo,user:email,workflow...
2026-09-13 10:14:24.034 [info] Getting sessions for all scopes...
2026-09-13 10:14:24.035 [info] Got 1 sessions for ...
2026-09-13 10:14:24.043 [info] Getting sessions for read:user,repo,user:email,workflow...
2026-09-13 10:14:24.043 [info] Got 1 sessions for read:user,repo,user:email,workflow...
2026-09-13 10:14:25.355 [info] Getting sessions for all scopes...
2026-09-13 10:14:25.355 [info] Got 1 sessions for ...
2026-09-13 10:14:25.360 [info] Getting sessions for read:user,repo,user:email,workflow...
2026-09-13 10:14:25.360 [info] Got 1 sessions for read:user,repo,user:email,workflow...
2026-09-13 10:15:25.388 [info] Getting sessions for all scopes...
2026-09-13 10:15:25.388 [info] Got 1 sessions for ...
2026-09-13 10:15:25.394 [info] Getting sessions for read:user,repo,user:email,workflow...
2026-09-13 10:15:25.394 [info] Got 1 sessions for read:user,repo,user:email,workflow...
2026-09-13 10:15:26.696 [info] Getting sessions for all scopes...
2026-09-13 10:15:26.696 [info] Got 1 sessions for ...
2026-09-13 10:15:26.699 [info] Getting sessions for read:user,repo,user:email,workflow...
2026-09-13 10:15:26.699 [info] Got 1 sessions for read:user,repo,user:email,workflow...
2026-09-13 10:15:46.874 [info] Getting sessions for all scopes...
2026-09-13 10:15:46.874 [info] Got 1 sessions for ...
2026-09-13 10:15:46.880 [info] Getting sessions for read:user,repo,user:email,workflow...
2026-09-13 10:15:46.880 [info] Got 1 sessions for read:user,repo,user:email,workflow...
2026-09-13 10:15:47.488 [info] Getting sessions for all scopes...
2026-09-13 10:15:47.488 [info] Got 1 sessions for ...
2026-09-13 10:15:47.495 [info] Getting sessions for read:user,repo,user:email,workflow...
2026-09-13 10:15:47.495 [info] Got 1 sessions for read:user,repo,user:email,workflow...
2026-09-13 10:16:40.008 [info] Getting sessions for all scopes...
2026-09-13 10:16:40.008 [info] Got 1 sessions for ...
2026-09-13 10:16:40.010 [info] Getting sessions for read:user,repo,user:email,workflow...
2026-09-13 10:16:40.011 [info] Got 1 sessions for read:user,repo,user:email,workflow...
2026-09-13 10:16:40.111 [info] Getting sessions for all scopes...
2026-09-13 10:16:40.111 [info] Got 1 sessions for ...
2026-09-13 10:16:40.113 [info] Getting sessions for all scopes...
2026-09-13 10:16:40.113 [info] Got 1 sessions for ...
2026-09-13 10:16:46.394 [info] Getting sessions for all scopes...
2026-09-13 10:16:46.394 [info] Got 1 sessions for ...
2026-09-13 10:16:46.395 [info] Getting sessions for read:user,repo,user:email,workflow...
2026-09-13 10:16:46.395 [info] Got 1 sessions for read:user,repo,user:email,workflow...
2026-09-13 10:16:57.191 [info] Getting sessions for all scopes...
2026-09-13 10:16:57.191 [info] Got 1 sessions for ...
2026-09-13 10:16:57.222 [info] Getting sessions for all scopes...
2026-09-13 10:16:57.223 [info] Got 1 sessions for ...
2026-09-13 10:16:57.235 [info] Getting sessions for all scopes...
2026-09-13 10:16:57.235 [info] Got 1 sessions for ...
2026-09-13 10:16:57.275 [info] Getting sessions for read:user,repo,user:email,workflow...
2026-09-13 10:16:57.275 [info] Got 1 sessions for read:user,repo,user:email,workflow...
2026-09-13 10:16:58.173 [info] Getting sessions for all scopes...
2026-09-13 10:16:58.173 [info] Got 1 sessions for ...
2026-09-13 10:16:58.179 [info] Getting sessions for read:user,repo,user:email,workflow...
2026-09-13 10:16:58.179 [info] Got 1 sessions for read:user,repo,user:email,workflow...
2026-09-13 10:17:58.162 [info] Getting sessions for all scopes...
2026-09-13 10:17:58.162 [info] Got 1 sessions for ...
2026-09-13 10:17:58.166 [info] Getting sessions for read:user,repo,user:email,workflow...
2026-09-13 10:17:58.166 [info] Got 1 sessions for read:user,repo,user:email,workflow...
2026-09-13 10:17:59.527 [info] Getting sessions for all scopes...
2026-09-13 10:17:59.527 [info] Got 1 sessions for ...
2026-09-13 10:17:59.530 [info] Getting sessions for read:user,repo,user:email,workflow...
2026-09-13 10:17:59.530 [info] Got 1 sessions for read:user,repo,user:email,workflow...
2026-09-13 10:18:59.493 [info] Getting sessions for all scopes...
2026-09-13 10:18:59.493 [info] Got 1 sessions for ...
2026-09-13 10:18:59.500 [info] Getting sessions for read:user,repo,user:email,workflow...
2026-09-13 10:18:59.500 [info] Got 1 sessions for read:user,repo,user:email,workflow...
2026-09-13 10:19:01.340 [info] Getting sessions for all scopes...
2026-09-13 10:19:01.340 [info] Got 1 sessions for ...
2026-09-13 10:19:01.386 [info] Getting sessions for read:user,repo,user:email,workflow...
2026-09-13 10:19:01.387 [info] Got 1 sessions for read:user,repo,user:email,workflow...
2026-09-13 10:20:01.089 [info] Getting sessions for all scopes...
2026-09-13 10:20:01.090 [info] Got 1 sessions for ...
2026-09-13 10:20:01.112 [info] Getting sessions for read:user,repo,user:email,workflow...
2026-09-13 10:20:01.112 [info] Got 1 sessions for read:user,repo,user:email,workflow...
2026-09-13 10:20:03.350 [info] Getting sessions for all scopes...
2026-09-13 10:20:03.350 [info] Got 1 sessions for ...
2026-09-13 10:20:03.416 [info] Getting sessions for read:user,repo,user:email,workflow...
2026-09-13 10:20:03.416 [info] Got 1 sessions for read:user,repo,user:email,workflow...
2026-09-13 10:20:24.849 [info] Getting sessions for all scopes...
2026-09-13 10:20:24.849 [info] Got 1 sessions for ...
2026-09-13 10:20:24.853 [info] Getting sessions for read:user,repo,user:email,workflow...
2026-09-13 10:20:24.853 [info] Got 1 sessions for read:user,repo,user:email,workflow...
2026-09-13 10:20:25.811 [info] Getting sessions for all scopes...
2026-09-13 10:20:25.811 [info] Got 1 sessions for ...
2026-09-13 10:20:25.817 [info] Getting sessions for read:user,repo,user:email,workflow...
2026-09-13 10:20:25.817 [info] Got 1 sessions for read:user,repo,user:email,workflow...
2026-09-13 10:20:35.563 [info] Getting sessions for all scopes...
2026-09-13 10:20:35.563 [info] Got 1 sessions for ...
2026-09-13 10:20:35.657 [info] Getting sessions for read:user,repo,user:email,workflow...
2026-09-13 10:20:35.657 [info] Got 1 sessions for read:user,repo,user:email,workflow...
2026-09-13 10:20:35.779 [info] Getting sessions for all scopes...
2026-09-13 10:20:35.779 [info] Got 1 sessions for ...
2026-09-13 10:20:35.802 [info] Getting sessions for all scopes...
2026-09-13 10:20:35.802 [info] Got 1 sessions for ...
2026-09-13 10:20:36.774 [info] Getting sessions for all scopes...
2026-09-13 10:20:36.774 [info] Got 1 sessions for ...
2026-09-13 10:20:36.777 [info] Getting sessions for read:user,repo,user:email,workflow...
2026-09-13 10:20:36.777 [info] Got 1 sessions for read:user,repo,user:email,workflow...
2026-09-13 10:20:54.204 [info] Getting sessions for all scopes...
2026-09-13 10:20:54.204 [info] Got 1 sessions for ...
2026-09-13 10:20:54.205 [info] Getting sessions for all scopes...
2026-09-13 10:20:54.205 [info] Got 1 sessions for ...
2026-09-13 10:20:54.214 [info] Getting sessions for all scopes...
2026-09-13 10:20:54.214 [info] Got 1 sessions for ...
2026-09-13 10:20:54.228 [info] Getting sessions for read:user,repo,user:email,workflow...
2026-09-13 10:20:54.228 [info] Got 1 sessions for read:user,repo,user:email,workflow...
2026-09-13 10:20:55.220 [info] Getting sessions for all scopes...
2026-09-13 10:20:55.220 [info] Got 1 sessions for ...
2026-09-13 10:20:55.224 [info] Getting sessions for read:user,repo,user:email,workflow...
2026-09-13 10:20:55.224 [info] Got 1 sessions for read:user,repo,user:email,workflow...
2026-09-13 10:21:55.225 [info] Getting sessions for all scopes...
2026-09-13 10:21:55.225 [info] Got 1 sessions for ...
2026-09-13 10:21:55.236 [info] Getting sessions for read:user,repo,user:email,workflow...
2026-09-13 10:21:55.236 [info] Got 1 sessions for read:user,repo,user:email,workflow...
2026-09-13 10:21:56.613 [info] Getting sessions for all scopes...
2026-09-13 10:21:56.613 [info] Got 1 sessions for ...
2026-09-13 10:21:56.615 [info] Getting sessions for read:user,repo,user:email,workflow...
2026-09-13 10:21:56.615 [info] Got 1 sessions for read:user,repo,user:email,workflow...
2026-09-13 10:23:17.978 [info] Getting sessions for all scopes...
2026-09-13 10:23:17.979 [info] Got 1 sessions for ...
2026-09-13 10:23:18.003 [info] Getting sessions for all scopes...
2026-09-13 10:23:18.003 [info] Got 1 sessions for ...
2026-09-13 10:23:28.345 [info] Getting sessions for all scopes...
2026-09-13 10:23:28.345 [info] Got 1 sessions for ...
2026-09-13 10:23:28.352 [info] Getting sessions for read:user,repo,user:email,workflow...
2026-09-13 10:23:28.352 [info] Got 1 sessions for read:user,repo,user:email,workflow...
2026-09-13 10:23:29.458 [info] Getting sessions for all scopes...
2026-09-13 10:23:29.458 [info] Got 1 sessions for ...
2026-09-13 10:23:29.462 [info] Getting sessions for read:user,repo,user:email,workflow...
2026-09-13 10:23:29.462 [info] Got 1 sessions for read:user,repo,user:email,workflow...
2026-09-13 10:24:05.342 [info] Getting sessions for all scopes...
2026-09-13 10:24:05.342 [info] Got 1 sessions for ...
2026-09-13 10:24:05.394 [info] Getting sessions for read:user,repo,user:email,workflow...
2026-09-13 10:24:05.394 [info] Got 1 sessions for read:user,repo,user:email,workflow...
2026-09-13 10:24:05.395 [info] Getting sessions for all scopes...
2026-09-13 10:24:05.395 [info] Got 1 sessions for ...
2026-09-13 10:24:05.407 [info] Getting sessions for all scopes...
2026-09-13 10:24:05.407 [info] Got 1 sessions for ...
2026-09-13 10:24:06.576 [info] Getting sessions for all scopes...
2026-09-13 10:24:06.576 [info] Got 1 sessions for ...
2026-09-13 10:24:06.581 [info] Getting sessions for read:user,repo,user:email,workflow...
2026-09-13 10:24:06.581 [info] Got 1 sessions for read:user,repo,user:email,workflow...
2026-09-13 10:24:51.710 [info] Getting sessions for all scopes...
2026-09-13 10:24:51.710 [info] Got 1 sessions for ...
2026-09-13 10:24:51.712 [info] Getting sessions for all scopes...
2026-09-13 10:24:51.712 [info] Got 1 sessions for ...
2026-09-13 10:24:51.719 [info] Getting sessions for all scopes...
2026-09-13 10:24:51.719 [info] Got 1 sessions for ...
2026-09-13 10:24:51.902 [info] Getting sessions for read:user,repo,user:email,workflow...
2026-09-13 10:24:51.902 [info] Got 1 sessions for read:user,repo,user:email,workflow...
2026-09-13 10:24:53.940 [info] Getting sessions for all scopes...
2026-09-13 10:24:53.940 [info] Got 1 sessions for ...
2026-09-13 10:24:53.947 [info] Getting sessions for read:user,repo,user:email,workflow...
2026-09-13 10:24:53.947 [info] Got 1 sessions for read:user,repo,user:email,workflow...
2026-09-13 10:25:46.894 [info] Getting sessions for all scopes...
2026-09-13 10:25:46.894 [info] Got 1 sessions for ...
2026-09-13 10:25:46.919 [info] Getting sessions for read:user,repo,user:email,workflow...
2026-09-13 10:25:46.919 [info] Got 1 sessions for read:user,repo,user:email,workflow...
2026-09-13 10:25:48.510 [info] Getting sessions for all scopes...
2026-09-13 10:25:48.510 [info] Got 1 sessions for ...
2026-09-13 10:25:48.650 [info] Getting sessions for read:user,repo,user:email,workflow...
2026-09-13 10:25:48.650 [info] Got 1 sessions for read:user,repo,user:email,workflow...
2026-09-13 10:25:53.938 [info] Getting sessions for all scopes...
2026-09-13 10:25:53.938 [info] Got 1 sessions for ...
2026-09-13 10:25:53.948 [info] Getting sessions for read:user,repo,user:email,workflow...
2026-09-13 10:25:53.949 [info] Got 1 sessions for read:user,repo,user:email,workflow...
2026-09-13 10:25:54.962 [info] Getting sessions for all scopes...
2026-09-13 10:25:54.962 [info] Got 1 sessions for ...
2026-09-13 10:25:54.966 [info] Getting sessions for read:user,repo,user:email,workflow...
2026-09-13 10:25:54.966 [info] Got 1 sessions for read:user,repo,user:email,workflow...
2026-09-13 10:28:03.108 [info] Getting sessions for all scopes...
2026-09-13 10:28:03.108 [info] Got 1 sessions for ...
2026-09-13 10:28:03.237 [info] Getting sessions for all scopes...
2026-09-13 10:28:03.237 [info] Got 1 sessions for ...
2026-09-13 10:28:08.234 [info] Getting sessions for all scopes...
2026-09-13 10:28:08.234 [info] Got 1 sessions for ...
2026-09-13 10:28:08.267 [info] Getting sessions for read:user,repo,user:email,workflow...
2026-09-13 10:28:08.267 [info] Got 1 sessions for read:user,repo,user:email,workflow...
2026-09-13 10:28:09.464 [info] Getting sessions for all scopes...
2026-09-13 10:28:09.465 [info] Got 1 sessions for ...
2026-09-13 10:28:09.477 [info] Getting sessions for read:user,repo,user:email,workflow...
2026-09-13 10:28:09.477 [info] Got 1 sessions for read:user,repo,user:email,workflow...
2026-09-13 10:29:09.459 [info] Getting sessions for all scopes...
2026-09-13 10:29:09.459 [info] Got 1 sessions for ...
2026-09-13 10:29:09.475 [info] Getting sessions for read:user,repo,user:email,workflow...
2026-09-13 10:29:09.476 [info] Got 1 sessions for read:user,repo,user:email,workflow...
2026-09-13 10:29:11.092 [info] Getting sessions for all scopes...
2026-09-13 10:29:11.093 [info] Got 1 sessions for ...
2026-09-13 10:29:11.108 [info] Getting sessions for read:user,repo,user:email,workflow...
2026-09-13 10:29:11.108 [info] Got 1 sessions for read:user,repo,user:email,workflow...
2026-09-13 10:30:05.267 [info] Getting sessions for all scopes...
2026-09-13 10:30:05.267 [info] Got 1 sessions for ...
2026-09-13 10:30:05.272 [info] Getting sessions for read:user,repo,user:email,workflow...
2026-09-13 10:30:05.272 [info] Got 1 sessions for read:user,repo,user:email,workflow...
2026-09-13 10:30:16.447 [info] Getting sessions for all scopes...
2026-09-13 10:30:16.447 [info] Got 1 sessions for ...
2026-09-13 10:30:16.454 [info] Getting sessions for read:user,repo,user:email,workflow...
2026-09-13 10:30:16.454 [info] Got 1 sessions for read:user,repo,user:email,workflow...
2026-09-13 10:30:17.592 [info] Getting sessions for all scopes...
2026-09-13 10:30:17.593 [info] Got 1 sessions for ...
2026-09-13 10:30:17.664 [info] Getting sessions for all scopes...
2026-09-13 10:30:17.664 [info] Got 1 sessions for ...
2026-09-13 10:30:17.687 [info] Getting sessions for all scopes...
2026-09-13 10:30:17.687 [info] Got 1 sessions for ...
2026-09-13 10:30:17.687 [info] Getting sessions for read:user,repo,user:email,workflow...
2026-09-13 10:30:17.687 [info] Got 1 sessions for read:user,repo,user:email,workflow...
2026-09-13 10:30:18.609 [info] Getting sessions for all scopes...
2026-09-13 10:30:18.609 [info] Got 1 sessions for ...
2026-09-13 10:30:18.624 [info] Getting sessions for read:user,repo,user:email,workflow...
2026-09-13 10:30:18.624 [info] Got 1 sessions for read:user,repo,user:email,workflow...
2026-09-13 10:30:26.737 [info] Getting sessions for all scopes...
2026-09-13 10:30:26.737 [info] Got 1 sessions for ...
2026-09-13 10:30:26.747 [info] Getting sessions for read:user,repo,user:email,workflow...
2026-09-13 10:30:26.747 [info] Got 1 sessions for read:user,repo,user:email,workflow...
2026-09-13 10:30:26.826 [info] Getting sessions for all scopes...
2026-09-13 10:30:26.826 [info] Got 1 sessions for ...
2026-09-13 10:30:26.829 [info] Getting sessions for all scopes...
2026-09-13 10:30:26.829 [info] Got 1 sessions for ...
2026-09-13 10:30:27.592 [info] Getting sessions for all scopes...
2026-09-13 10:30:27.592 [info] Got 1 sessions for ...
2026-09-13 10:30:27.597 [info] Getting sessions for read:user,repo,user:email,workflow...
2026-09-13 10:30:27.597 [info] Got 1 sessions for read:user,repo,user:email,workflow...
2026-09-13 10:30:44.670 [info] Getting sessions for all scopes...
2026-09-13 10:30:44.670 [info] Got 1 sessions for ...
2026-09-13 10:30:44.807 [info] Getting sessions for all scopes...
2026-09-13 10:30:44.807 [info] Got 1 sessions for ...
2026-09-13 10:30:44.823 [info] Getting sessions for read:user,repo,user:email,workflow...
2026-09-13 10:30:44.823 [info] Got 1 sessions for read:user,repo,user:email,workflow...
2026-09-13 10:30:44.823 [info] Getting sessions for all scopes...
2026-09-13 10:30:44.823 [info] Got 1 sessions for ...
2026-09-13 10:30:45.701 [info] Getting sessions for all scopes...
2026-09-13 10:30:45.701 [info] Got 1 sessions for ...
2026-09-13 10:30:45.704 [info] Getting sessions for read:user,repo,user:email,workflow...
2026-09-13 10:30:45.704 [info] Got 1 sessions for read:user,repo,user:email,workflow...
2026-09-13 10:32:30.011 [info] Getting sessions for all scopes...
2026-09-13 10:32:30.011 [info] Got 1 sessions for ...
2026-09-13 10:32:30.044 [info] Getting sessions for all scopes...
2026-09-13 10:32:30.044 [info] Got 1 sessions for ...
2026-09-13 10:32:34.856 [info] Getting sessions for all scopes...
2026-09-13 10:32:34.856 [info] Got 1 sessions for ...
2026-09-13 10:32:34.980 [info] Getting sessions for read:user,repo,user:email,workflow...
2026-09-13 10:32:34.980 [info] Got 1 sessions for read:user,repo,user:email,workflow...
2026-09-13 10:32:36.423 [info] Getting sessions for all scopes...
2026-09-13 10:32:36.423 [info] Got 1 sessions for ...
2026-09-13 10:32:36.426 [info] Getting sessions for read:user,repo,user:email,workflow...
2026-09-13 10:32:36.426 [info] Got 1 sessions for read:user,repo,user:email,workflow...
2026-09-13 10:33:36.434 [info] Getting sessions for all scopes...
2026-09-13 10:33:36.434 [info] Got 1 sessions for ...
2026-09-13 10:33:36.475 [info] Getting sessions for read:user,repo,user:email,workflow...
2026-09-13 10:33:36.476 [info] Got 1 sessions for read:user,repo,user:email,workflow...
2026-09-13 10:33:41.340 [info] Getting sessions for all scopes...
2026-09-13 10:33:41.341 [info] Got 1 sessions for ...
2026-09-13 10:33:41.359 [info] Getting sessions for read:user,repo,user:email,workflow...
2026-09-13 10:33:41.360 [info] Got 1 sessions for read:user,repo,user:email,workflow...
2026-09-13 10:34:46.583 [info] Getting sessions for all scopes...
2026-09-13 10:34:46.583 [info] Got 1 sessions for ...
2026-09-13 10:34:46.619 [info] Getting sessions for read:user,repo,user:email,workflow...
2026-09-13 10:34:46.619 [info] Got 1 sessions for read:user,repo,user:email,workflow...
2026-09-13 10:34:48.050 [info] Getting sessions for all scopes...
2026-09-13 10:34:48.050 [info] Got 1 sessions for ...
2026-09-13 10:34:48.079 [info] Getting sessions for read:user,repo,user:email,workflow...
2026-09-13 10:34:48.079 [info] Got 1 sessions for read:user,repo,user:email,workflow...
2026-09-13 10:35:46.894 [info] Getting sessions for all scopes...
2026-09-13 10:35:46.894 [info] Got 1 sessions for ...
2026-09-13 10:35:46.897 [info] Getting sessions for read:user,repo,user:email,workflow...
2026-09-13 10:35:46.897 [info] Got 1 sessions for read:user,repo,user:email,workflow...
2026-09-13 10:35:47.321 [info] Getting sessions for all scopes...
2026-09-13 10:35:47.321 [info] Got 1 sessions for ...
2026-09-13 10:35:47.325 [info] Getting sessions for read:user,repo,user:email,workflow...
2026-09-13 10:35:47.325 [info] Got 1 sessions for read:user,repo,user:email,workflow...
2026-09-13 10:36:22.410 [info] Getting sessions for all scopes...
2026-09-13 10:36:22.410 [info] Got 1 sessions for ...
2026-09-13 10:36:22.437 [info] Getting sessions for all scopes...
2026-09-13 10:36:22.437 [info] Got 1 sessions for ...
2026-09-13 10:36:25.356 [info] Getting sessions for all scopes...
2026-09-13 10:36:25.356 [info] Got 1 sessions for ...
2026-09-13 10:36:25.362 [info] Getting sessions for read:user,repo,user:email,workflow...
2026-09-13 10:36:25.362 [info] Got 1 sessions for read:user,repo,user:email,workflow...
2026-09-13 10:36:26.869 [info] Getting sessions for all scopes...
2026-09-13 10:36:26.869 [info] Got 1 sessions for ...
2026-09-13 10:36:26.872 [info] Getting sessions for read:user,repo,user:email,workflow...
2026-09-13 10:36:26.873 [info] Got 1 sessions for read:user,repo,user:email,workflow...
2026-09-13 10:37:26.878 [info] Getting sessions for all scopes...
2026-09-13 10:37:26.878 [info] Got 1 sessions for ...
2026-09-13 10:37:26.885 [info] Getting sessions for read:user,repo,user:email,workflow...
2026-09-13 10:37:26.885 [info] Got 1 sessions for read:user,repo,user:email,workflow...
2026-09-13 10:37:28.129 [info] Getting sessions for all scopes...
2026-09-13 10:37:28.129 [info] Got 1 sessions for ...
2026-09-13 10:37:28.141 [info] Getting sessions for read:user,repo,user:email,workflow...
2026-09-13 10:37:28.141 [info] Got 1 sessions for read:user,repo,user:email,workflow...
2026-09-13 10:37:36.967 [info] Getting sessions for all scopes...
2026-09-13 10:37:36.967 [info] Got 1 sessions for ...
2026-09-13 10:37:36.977 [info] Getting sessions for read:user,repo,user:email,workflow...
2026-09-13 10:37:36.977 [info] Got 1 sessions for read:user,repo,user:email,workflow...
2026-09-13 10:37:37.819 [info] Getting sessions for all scopes...
2026-09-13 10:37:37.819 [info] Got 1 sessions for ...
2026-09-13 10:37:37.832 [info] Getting sessions for read:user,repo,user:email,workflow...
2026-09-13 10:37:37.832 [info] Got 1 sessions for read:user,repo,user:email,workflow...
2026-09-13 10:38:10.617 [info] Getting sessions for all scopes...
2026-09-13 10:38:10.617 [info] Got 1 sessions for ...
2026-09-13 10:38:10.622 [info] Getting sessions for read:user,repo,user:email,workflow...
2026-09-13 10:38:10.622 [info] Got 1 sessions for read:user,repo,user:email,workflow...
2026-09-13 10:38:10.706 [info] Getting sessions for all scopes...
2026-09-13 10:38:10.706 [info] Got 1 sessions for ...
2026-09-13 10:38:10.834 [info] Getting sessions for all scopes...
2026-09-13 10:38:10.834 [info] Got 1 sessions for ...
2026-09-13 10:38:11.744 [info] Getting sessions for all scopes...
2026-09-13 10:38:11.744 [info] Got 1 sessions for ...
2026-09-13 10:38:11.748 [info] Getting sessions for read:user,repo,user:email,workflow...
2026-09-13 10:38:11.748 [info] Got 1 sessions for read:user,repo,user:email,workflow...
2026-09-13 10:39:09.289 [info] Getting sessions for all scopes...
2026-09-13 10:39:09.289 [info] Got 1 sessions for ...
2026-09-13 10:39:09.301 [info] Getting sessions for all scopes...
2026-09-13 10:39:09.301 [info] Got 1 sessions for ...
2026-09-13 10:39:09.317 [info] Getting sessions for all scopes...
2026-09-13 10:39:09.317 [info] Got 1 sessions for ...
2026-09-13 10:39:09.574 [info] Getting sessions for read:user,repo,user:email,workflow...
2026-09-13 10:39:09.574 [info] Got 1 sessions for read:user,repo,user:email,workflow...
2026-09-13 10:39:10.825 [info] Getting sessions for all scopes...
2026-09-13 10:39:10.826 [info] Got 1 sessions for ...
2026-09-13 10:39:10.838 [info] Getting sessions for read:user,repo,user:email,workflow...
2026-09-13 10:39:10.838 [info] Got 1 sessions for read:user,repo,user:email,workflow...
2026-09-13 10:40:12.280 [info] Getting sessions for all scopes...
2026-09-13 10:40:12.280 [info] Got 1 sessions for ...
2026-09-13 10:40:12.327 [info] Getting sessions for all scopes...
2026-09-13 10:40:12.327 [info] Got 1 sessions for ...
2026-09-13 10:40:12.406 [info] Getting sessions for read:user,repo,user:email,workflow...
2026-09-13 10:40:12.407 [info] Got 1 sessions for read:user,repo,user:email,workflow...
2026-09-13 10:40:12.412 [info] Getting sessions for all scopes...
2026-09-13 10:40:12.412 [info] Got 1 sessions for ...
2026-09-13 10:40:13.602 [info] Getting sessions for all scopes...
2026-09-13 10:40:13.602 [info] Got 1 sessions for ...
2026-09-13 10:40:13.608 [info] Getting sessions for read:user,repo,user:email,workflow...
2026-09-13 10:40:13.608 [info] Got 1 sessions for read:user,repo,user:email,workflow...
2026-09-13 10:43:07.566 [info] Getting sessions for all scopes...
2026-09-13 10:43:07.566 [info] Got 1 sessions for ...
2026-09-13 10:43:07.570 [info] Getting sessions for all scopes...
2026-09-13 10:43:07.570 [info] Got 1 sessions for ...
2026-09-13 10:43:10.351 [info] Getting sessions for all scopes...
2026-09-13 10:43:10.351 [info] Got 1 sessions for ...
2026-09-13 10:43:10.368 [info] Getting sessions for read:user,repo,user:email,workflow...
2026-09-13 10:43:10.368 [info] Got 1 sessions for read:user,repo,user:email,workflow...
2026-09-13 10:43:11.460 [info] Getting sessions for all scopes...
2026-09-13 10:43:11.460 [info] Got 1 sessions for ...
2026-09-13 10:43:11.470 [info] Getting sessions for read:user,repo,user:email,workflow...
2026-09-13 10:43:11.470 [info] Got 1 sessions for read:user,repo,user:email,workflow...
2026-09-13 10:43:37.795 [info] Getting sessions for all scopes...
2026-09-13 10:43:37.796 [info] Got 1 sessions for ...
2026-09-13 10:43:37.943 [info] Getting sessions for all scopes...
2026-09-13 10:43:37.943 [info] Got 1 sessions for ...
2026-09-13 10:43:37.957 [info] Getting sessions for read:user,repo,user:email,workflow...
2026-09-13 10:43:37.957 [info] Got 1 sessions for read:user,repo,user:email,workflow...
2026-09-13 10:43:37.958 [info] Getting sessions for all scopes...
2026-09-13 10:43:37.958 [info] Got 1 sessions for ...
2026-09-13 10:43:38.763 [info] Getting sessions for all scopes...
2026-09-13 10:43:38.763 [info] Got 1 sessions for ...
2026-09-13 10:43:38.764 [info] Getting sessions for read:user,repo,user:email,workflow...
2026-09-13 10:43:38.765 [info] Got 1 sessions for read:user,repo,user:email,workflow...
2026-09-13 10:44:10.847 [info] Getting sessions for all scopes...
2026-09-13 10:44:10.847 [info] Got 1 sessions for ...
2026-09-13 10:44:10.865 [info] Getting sessions for read:user,repo,user:email,workflow...
2026-09-13 10:44:10.865 [info] Got 1 sessions for read:user,repo,user:email,workflow...
2026-09-13 10:44:10.888 [info] Getting sessions for all scopes...
2026-09-13 10:44:10.888 [info] Got 1 sessions for ...
2026-09-13 10:44:10.948 [info] Getting sessions for all scopes...
2026-09-13 10:44:10.948 [info] Got 1 sessions for ...
2026-09-13 10:44:11.932 [info] Getting sessions for all scopes...
2026-09-13 10:44:11.932 [info] Got 1 sessions for ...
2026-09-13 10:44:11.934 [info] Getting sessions for read:user,repo,user:email,workflow...
2026-09-13 10:44:11.934 [info] Got 1 sessions for read:user,repo,user:email,workflow...
2026-09-13 10:44:55.922 [info] Getting sessions for all scopes...
2026-09-13 10:44:55.922 [info] Got 1 sessions for ...
2026-09-13 10:44:55.934 [info] Getting sessions for read:user,repo,user:email,workflow...
2026-09-13 10:44:55.934 [info] Got 1 sessions for read:user,repo,user:email,workflow...
2026-09-13 10:44:56.061 [info] Getting sessions for all scopes...
2026-09-13 10:44:56.061 [info] Got 1 sessions for ...
2026-09-13 10:44:56.063 [info] Getting sessions for all scopes...
2026-09-13 10:44:56.063 [info] Got 1 sessions for ...
2026-09-13 10:44:57.231 [info] Getting sessions for all scopes...
2026-09-13 10:44:57.231 [info] Got 1 sessions for ...
2026-09-13 10:44:57.235 [info] Getting sessions for read:user,repo,user:email,workflow...
2026-09-13 10:44:57.235 [info] Got 1 sessions for read:user,repo,user:email,workflow...
2026-09-13 10:45:37.241 [info] Getting sessions for all scopes...
2026-09-13 10:45:37.241 [info] Got 1 sessions for ...
2026-09-13 10:45:37.250 [info] Getting sessions for read:user,repo,user:email,workflow...
2026-09-13 10:45:37.251 [info] Got 1 sessions for read:user,repo,user:email,workflow...
2026-09-13 10:45:37.376 [info] Getting sessions for all scopes...
2026-09-13 10:45:37.376 [info] Got 1 sessions for ...
2026-09-13 10:45:37.492 [info] Getting sessions for all scopes...
2026-09-13 10:45:37.492 [info] Got 1 sessions for ...
2026-09-13 10:45:38.388 [info] Getting sessions for all scopes...
2026-09-13 10:45:38.388 [info] Got 1 sessions for ...
2026-09-13 10:45:38.398 [info] Getting sessions for read:user,repo,user:email,workflow...
2026-09-13 10:45:38.398 [info] Got 1 sessions for read:user,repo,user:email,workflow...
2026-09-13 10:45:46.893 [info] Getting sessions for all scopes...
2026-09-13 10:45:46.894 [info] Got 1 sessions for ...
2026-09-13 10:45:46.896 [info] Getting sessions for read:user,repo,user:email,workflow...
2026-09-13 10:45:46.896 [info] Got 1 sessions for read:user,repo,user:email,workflow...
2026-09-13 10:45:47.175 [info] Getting sessions for all scopes...
2026-09-13 10:45:47.175 [info] Got 1 sessions for ...
2026-09-13 10:45:47.177 [info] Getting sessions for read:user,repo,user:email,workflow...
2026-09-13 10:45:47.177 [info] Got 1 sessions for read:user,repo,user:email,workflow...
2026-09-13 10:46:04.755 [info] Getting sessions for all scopes...
2026-09-13 10:46:04.755 [info] Got 1 sessions for ...
2026-09-13 10:46:04.769 [info] Getting sessions for read:user,repo,user:email,workflow...
2026-09-13 10:46:04.769 [info] Got 1 sessions for read:user,repo,user:email,workflow...
2026-09-13 10:46:04.861 [info] Getting sessions for all scopes...
2026-09-13 10:46:04.861 [info] Got 1 sessions for ...
2026-09-13 10:46:04.861 [info] Getting sessions for all scopes...
2026-09-13 10:46:04.861 [info] Got 1 sessions for ...
2026-09-13 10:46:05.570 [info] Getting sessions for all scopes...
2026-09-13 10:46:05.570 [info] Got 1 sessions for ...
2026-09-13 10:46:05.572 [info] Getting sessions for read:user,repo,user:email,workflow...
2026-09-13 10:46:05.572 [info] Got 1 sessions for read:user,repo,user:email,workflow...
2026-09-13 10:47:55.014 [info] Getting sessions for all scopes...
2026-09-13 10:47:55.014 [info] Got 1 sessions for ...
2026-09-13 10:47:55.026 [info] Getting sessions for all scopes...
2026-09-13 10:47:55.026 [info] Got 1 sessions for ...
2026-09-13 10:48:05.523 [info] Getting sessions for all scopes...
2026-09-13 10:48:05.523 [info] Got 1 sessions for ...
2026-09-13 10:48:05.527 [info] Getting sessions for read:user,repo,user:email,workflow...
2026-09-13 10:48:05.527 [info] Got 1 sessions for read:user,repo,user:email,workflow...
2026-09-13 10:48:06.756 [info] Getting sessions for all scopes...
2026-09-13 10:48:06.756 [info] Got 1 sessions for ...
2026-09-13 10:48:06.758 [info] Getting sessions for read:user,repo,user:email,workflow...
2026-09-13 10:48:06.758 [info] Got 1 sessions for read:user,repo,user:email,workflow...
2026-09-13 10:50:06.905 [info] Getting sessions for all scopes...
2026-09-13 10:50:06.905 [info] Got 1 sessions for ...
2026-09-13 10:50:06.923 [info] Getting sessions for all scopes...
2026-09-13 10:50:06.923 [info] Got 1 sessions for ...
2026-09-13 10:50:06.923 [info] Getting sessions for all scopes...
2026-09-13 10:50:06.923 [info] Got 1 sessions for ...
2026-09-13 10:50:07.000 [info] Getting sessions for read:user,repo,user:email,workflow...
2026-09-13 10:50:07.000 [info] Got 1 sessions for read:user,repo,user:email,workflow...
2026-09-13 10:50:08.170 [info] Getting sessions for all scopes...
2026-09-13 10:50:08.170 [info] Got 1 sessions for ...
2026-09-13 10:50:08.176 [info] Getting sessions for read:user,repo,user:email,workflow...
2026-09-13 10:50:08.176 [info] Got 1 sessions for read:user,repo,user:email,workflow...
2026-09-13 10:51:10.157 [info] Getting sessions for all scopes...
2026-09-13 10:51:10.157 [info] Got 1 sessions for ...
2026-09-13 10:51:10.165 [info] Getting sessions for read:user,repo,user:email,workflow...
2026-09-13 10:51:10.165 [info] Got 1 sessions for read:user,repo,user:email,workflow...
2026-09-13 10:51:10.252 [info] Getting sessions for all scopes...
2026-09-13 10:51:10.252 [info] Got 1 sessions for ...
2026-09-13 10:51:10.257 [info] Getting sessions for all scopes...
2026-09-13 10:51:10.257 [info] Got 1 sessions for ...
2026-09-13 10:51:11.285 [info] Getting sessions for all scopes...
2026-09-13 10:51:11.286 [info] Got 1 sessions for ...
2026-09-13 10:51:11.309 [info] Getting sessions for read:user,repo,user:email,workflow...
2026-09-13 10:51:11.309 [info] Got 1 sessions for read:user,repo,user:email,workflow...
2026-09-13 10:52:11.281 [info] Getting sessions for all scopes...
2026-09-13 10:52:11.281 [info] Got 1 sessions for ...
2026-09-13 10:52:11.283 [info] Getting sessions for read:user,repo,user:email,workflow...
2026-09-13 10:52:11.283 [info] Got 1 sessions for read:user,repo,user:email,workflow...
2026-09-13 10:52:12.295 [info] Getting sessions for all scopes...
2026-09-13 10:52:12.295 [info] Got 1 sessions for ...
2026-09-13 10:52:12.297 [info] Getting sessions for read:user,repo,user:email,workflow...
2026-09-13 10:52:12.297 [info] Got 1 sessions for read:user,repo,user:email,workflow...
2026-09-13 10:53:15.051 [info] Getting sessions for all scopes...
2026-09-13 10:53:15.051 [info] Got 1 sessions for ...
2026-09-13 10:53:15.058 [info] Getting sessions for read:user,repo,user:email,workflow...
2026-09-13 10:53:15.058 [info] Got 1 sessions for read:user,repo,user:email,workflow...
2026-09-13 10:53:15.092 [info] Getting sessions for all scopes...
2026-09-13 10:53:15.092 [info] Got 1 sessions for ...
2026-09-13 10:53:15.099 [info] Getting sessions for all scopes...
2026-09-13 10:53:15.099 [info] Got 1 sessions for ...
2026-09-13 10:53:16.138 [info] Getting sessions for all scopes...
2026-09-13 10:53:16.138 [info] Got 1 sessions for ...
2026-09-13 10:53:16.140 [info] Getting sessions for read:user,repo,user:email,workflow...
2026-09-13 10:53:16.140 [info] Got 1 sessions for read:user,repo,user:email,workflow...
2026-09-13 10:54:16.140 [info] Getting sessions for all scopes...
2026-09-13 10:54:16.140 [info] Got 1 sessions for ...
2026-09-13 10:54:16.142 [info] Getting sessions for read:user,repo,user:email,workflow...
2026-09-13 10:54:16.142 [info] Got 1 sessions for read:user,repo,user:email,workflow...
2026-09-13 10:54:17.180 [info] Getting sessions for all scopes...
2026-09-13 10:54:17.180 [info] Got 1 sessions for ...
2026-09-13 10:54:17.183 [info] Getting sessions for read:user,repo,user:email,workflow...
2026-09-13 10:54:17.183 [info] Got 1 sessions for read:user,repo,user:email,workflow...
2026-09-13 10:55:17.511 [info] Getting sessions for all scopes...
2026-09-13 10:55:17.511 [info] Got 1 sessions for ...
2026-09-13 10:55:17.517 [info] Getting sessions for read:user,repo,user:email,workflow...
2026-09-13 10:55:17.517 [info] Got 1 sessions for read:user,repo,user:email,workflow...
2026-09-13 10:55:18.609 [info] Getting sessions for all scopes...
2026-09-13 10:55:18.609 [info] Got 1 sessions for ...
2026-09-13 10:55:18.611 [info] Getting sessions for read:user,repo,user:email,workflow...
2026-09-13 10:55:18.611 [info] Got 1 sessions for read:user,repo,user:email,workflow...
2026-09-13 10:55:25.269 [info] Getting sessions for all scopes...
2026-09-13 10:55:25.269 [info] Got 1 sessions for ...
2026-09-13 10:55:25.341 [info] Getting sessions for read:user,repo,user:email,workflow...
2026-09-13 10:55:25.341 [info] Got 1 sessions for read:user,repo,user:email,workflow...
2026-09-13 10:55:25.413 [info] Getting sessions for all scopes...
2026-09-13 10:55:25.413 [info] Got 1 sessions for ...
2026-09-13 10:55:25.458 [info] Getting sessions for all scopes...
2026-09-13 10:55:25.458 [info] Got 1 sessions for ...
2026-09-13 10:55:26.345 [info] Getting sessions for all scopes...
2026-09-13 10:55:26.345 [info] Got 1 sessions for ...
2026-09-13 10:55:26.347 [info] Getting sessions for read:user,repo,user:email,workflow...
2026-09-13 10:55:26.347 [info] Got 1 sessions for read:user,repo,user:email,workflow...
2026-09-13 10:55:46.895 [info] Getting sessions for all scopes...
2026-09-13 10:55:46.895 [info] Got 1 sessions for ...
2026-09-13 10:55:46.898 [info] Getting sessions for read:user,repo,user:email,workflow...
2026-09-13 10:55:46.898 [info] Got 1 sessions for read:user,repo,user:email,workflow...
2026-09-13 10:55:47.193 [info] Getting sessions for all scopes...
2026-09-13 10:55:47.193 [info] Got 1 sessions for ...
2026-09-13 10:55:47.196 [info] Getting sessions for read:user,repo,user:email,workflow...
2026-09-13 10:55:47.196 [info] Got 1 sessions for read:user,repo,user:email,workflow...
2026-09-13 10:56:26.345 [info] Getting sessions for all scopes...
2026-09-13 10:56:26.345 [info] Got 1 sessions for ...
2026-09-13 10:56:26.349 [info] Getting sessions for read:user,repo,user:email,workflow...
2026-09-13 10:56:26.349 [info] Got 1 sessions for read:user,repo,user:email,workflow...
2026-09-13 10:56:27.466 [info] Getting sessions for all scopes...
2026-09-13 10:56:27.466 [info] Got 1 sessions for ...
2026-09-13 10:56:27.468 [info] Getting sessions for read:user,repo,user:email,workflow...
2026-09-13 10:56:27.468 [info] Got 1 sessions for read:user,repo,user:email,workflow...
2026-09-13 10:57:01.884 [info] Getting sessions for all scopes...
2026-09-13 10:57:01.884 [info] Got 1 sessions for ...
2026-09-13 10:57:01.892 [info] Getting sessions for read:user,repo,user:email,workflow...
2026-09-13 10:57:01.892 [info] Got 1 sessions for read:user,repo,user:email,workflow...
2026-09-13 10:57:03.175 [info] Getting sessions for all scopes...
2026-09-13 10:57:03.175 [info] Got 1 sessions for ...
2026-09-13 10:57:03.189 [info] Getting sessions for read:user,repo,user:email,workflow...
2026-09-13 10:57:03.189 [info] Got 1 sessions for read:user,repo,user:email,workflow...
2026-09-13 10:58:03.125 [info] Getting sessions for all scopes...
2026-09-13 10:58:03.125 [info] Got 1 sessions for ...
2026-09-13 10:58:03.128 [info] Getting sessions for read:user,repo,user:email,workflow...
2026-09-13 10:58:03.128 [info] Got 1 sessions for read:user,repo,user:email,workflow...
2026-09-13 10:58:04.156 [info] Getting sessions for all scopes...
2026-09-13 10:58:04.156 [info] Got 1 sessions for ...
2026-09-13 10:58:04.164 [info] Getting sessions for read:user,repo,user:email,workflow...
2026-09-13 10:58:04.164 [info] Got 1 sessions for read:user,repo,user:email,workflow...
2026-09-13 11:02:53.615 [info] Getting sessions for all scopes...
2026-09-13 11:02:53.615 [info] Got 1 sessions for ...
2026-09-13 11:02:53.664 [info] Getting sessions for all scopes...
2026-09-13 11:02:53.664 [info] Got 1 sessions for ...
2026-09-13 11:02:53.711 [info] Getting sessions for read:user,repo,user:email,workflow...
2026-09-13 11:02:53.711 [info] Got 1 sessions for read:user,repo,user:email,workflow...
2026-09-13 11:02:53.711 [info] Getting sessions for all scopes...
2026-09-13 11:02:53.711 [info] Got 1 sessions for ...
2026-09-13 11:02:54.835 [info] Getting sessions for all scopes...
2026-09-13 11:02:54.835 [info] Got 1 sessions for ...
2026-09-13 11:02:54.838 [info] Getting sessions for read:user,repo,user:email,workflow...
2026-09-13 11:02:54.838 [info] Got 1 sessions for read:user,repo,user:email,workflow...
2026-09-13 11:02:55.677 [info] Getting sessions for read:user,user:email...
2026-09-13 11:02:55.677 [info] Got 0 sessions for read:user,user:email...
2026-09-13 11:02:55.679 [info] Getting sessions for all scopes...
2026-09-13 11:02:55.679 [info] Got 1 sessions for ...
2026-09-13 11:02:55.680 [info] Getting sessions for repo...
2026-09-13 11:02:55.680 [info] Got 0 sessions for repo...
2026-09-13 11:02:55.681 [info] Getting sessions for all scopes...
2026-09-13 11:02:55.681 [info] Got 1 sessions for ...
2026-09-13 11:03:10.511 [info] Getting sessions for all scopes...
2026-09-13 11:03:10.511 [info] Got 1 sessions for ...
2026-09-13 11:03:10.555 [info] Getting sessions for all scopes...
2026-09-13 11:03:10.557 [info] Got 1 sessions for ...
2026-09-13 11:03:10.561 [info] Getting sessions for all scopes...
2026-09-13 11:03:10.561 [info] Got 1 sessions for ...
2026-09-13 11:03:10.723 [info] Getting sessions for read:user,repo,user:email,workflow...
2026-09-13 11:03:10.723 [info] Got 1 sessions for read:user,repo,user:email,workflow...
2026-09-13 11:03:11.540 [info] Getting sessions for all scopes...
2026-09-13 11:03:11.540 [info] Got 1 sessions for ...
2026-09-13 11:03:11.542 [info] Getting sessions for read:user,repo,user:email,workflow...
2026-09-13 11:03:11.542 [info] Got 1 sessions for read:user,repo,user:email,workflow...
2026-09-13 11:04:10.383 [info] Getting sessions for all scopes...
2026-09-13 11:04:10.383 [info] Got 1 sessions for ...
2026-09-13 11:04:10.397 [info] Getting sessions for read:user,repo,user:email,workflow...
2026-09-13 11:04:10.397 [info] Got 1 sessions for read:user,repo,user:email,workflow...
2026-09-13 11:04:10.524 [info] Getting sessions for all scopes...
2026-09-13 11:04:10.524 [info] Got 1 sessions for ...
2026-09-13 11:04:10.541 [info] Getting sessions for all scopes...
2026-09-13 11:04:10.541 [info] Got 1 sessions for ...
2026-09-13 11:04:11.430 [info] Getting sessions for all scopes...
2026-09-13 11:04:11.430 [info] Got 1 sessions for ...
2026-09-13 11:04:11.433 [info] Getting sessions for read:user,repo,user:email,workflow...
2026-09-13 11:04:11.433 [info] Got 1 sessions for read:user,repo,user:email,workflow...
2026-09-13 11:04:40.771 [info] Getting sessions for all scopes...
2026-09-13 11:04:40.772 [info] Got 1 sessions for ...
2026-09-13 11:04:40.774 [info] Getting sessions for read:user,repo,user:email,workflow...
2026-09-13 11:04:40.774 [info] Got 1 sessions for read:user,repo,user:email,workflow...
2026-09-13 11:04:41.542 [info] Getting sessions for all scopes...
2026-09-13 11:04:41.542 [info] Got 1 sessions for ...
2026-09-13 11:04:41.552 [info] Getting sessions for read:user,repo,user:email,workflow...
2026-09-13 11:04:41.552 [info] Got 1 sessions for read:user,repo,user:email,workflow...
2026-09-13 11:05:41.517 [info] Getting sessions for all scopes...
2026-09-13 11:05:41.517 [info] Got 1 sessions for ...
2026-09-13 11:05:41.519 [info] Getting sessions for read:user,repo,user:email,workflow...
2026-09-13 11:05:41.519 [info] Got 1 sessions for read:user,repo,user:email,workflow...
2026-09-13 11:05:42.598 [info] Getting sessions for all scopes...
2026-09-13 11:05:42.598 [info] Got 1 sessions for ...
2026-09-13 11:05:42.600 [info] Getting sessions for read:user,repo,user:email,workflow...
2026-09-13 11:05:42.600 [info] Got 1 sessions for read:user,repo,user:email,workflow...
2026-09-13 11:05:46.933 [info] Getting sessions for all scopes...
2026-09-13 11:05:46.933 [info] Got 1 sessions for ...
2026-09-13 11:05:46.933 [info] Getting sessions for all scopes...
2026-09-13 11:05:46.933 [info] Got 1 sessions for ...
2026-09-13 11:05:46.937 [info] Getting sessions for read:user,repo,user:email,workflow...
2026-09-13 11:05:46.937 [info] Got 1 sessions for read:user,repo,user:email,workflow...
2026-09-13 11:05:47.090 [info] Getting sessions for all scopes...
2026-09-13 11:05:47.090 [info] Got 1 sessions for ...
2026-09-13 11:05:47.097 [info] Getting sessions for all scopes...
2026-09-13 11:05:47.097 [info] Got 1 sessions for ...
2026-09-13 11:05:47.239 [info] Getting sessions for all scopes...
2026-09-13 11:05:47.239 [info] Got 1 sessions for ...
2026-09-13 11:05:47.245 [info] Getting sessions for read:user,repo,user:email,workflow...
2026-09-13 11:05:47.245 [info] Got 1 sessions for read:user,repo,user:email,workflow...
2026-09-13 11:05:47.748 [info] Getting sessions for all scopes...
2026-09-13 11:05:47.748 [info] Got 1 sessions for ...
2026-09-13 11:05:47.749 [info] Getting sessions for read:user,repo,user:email,workflow...
2026-09-13 11:05:47.749 [info] Got 1 sessions for read:user,repo,user:email,workflow...
2026-09-13 11:06:20.035 [info] Getting sessions for all scopes...
2026-09-13 11:06:20.035 [info] Got 1 sessions for ...
2026-09-13 11:06:20.062 [info] Getting sessions for all scopes...
2026-09-13 11:06:20.063 [info] Got 1 sessions for ...
2026-09-13 11:06:20.139 [info] Getting sessions for read:user,repo,user:email,workflow...
2026-09-13 11:06:20.140 [info] Got 1 sessions for read:user,repo,user:email,workflow...
2026-09-13 11:06:20.143 [info] Getting sessions for all scopes...
2026-09-13 11:06:20.143 [info] Got 1 sessions for ...
2026-09-13 11:06:21.249 [info] Getting sessions for all scopes...
2026-09-13 11:06:21.249 [info] Got 1 sessions for ...
2026-09-13 11:06:21.252 [info] Getting sessions for read:user,repo,user:email,workflow...
2026-09-13 11:06:21.252 [info] Got 1 sessions for read:user,repo,user:email,workflow...
2026-09-13 11:07:21.246 [info] Getting sessions for all scopes...
2026-09-13 11:07:21.246 [info] Got 1 sessions for ...
2026-09-13 11:07:21.250 [info] Getting sessions for read:user,repo,user:email,workflow...
2026-09-13 11:07:21.250 [info] Got 1 sessions for read:user,repo,user:email,workflow...
2026-09-13 11:07:22.480 [info] Getting sessions for all scopes...
2026-09-13 11:07:22.480 [info] Got 1 sessions for ...
2026-09-13 11:07:22.483 [info] Getting sessions for read:user,repo,user:email,workflow...
2026-09-13 11:07:22.483 [info] Got 1 sessions for read:user,repo,user:email,workflow...
2026-09-13 11:08:03.819 [info] Getting sessions for all scopes...
2026-09-13 11:08:03.819 [info] Got 1 sessions for ...
2026-09-13 11:08:03.889 [info] Getting sessions for read:user,repo,user:email,workflow...
2026-09-13 11:08:03.889 [info] Got 1 sessions for read:user,repo,user:email,workflow...
2026-09-13 11:08:05.246 [info] Getting sessions for all scopes...
2026-09-13 11:08:05.246 [info] Got 1 sessions for ...
2026-09-13 11:08:05.249 [info] Getting sessions for read:user,repo,user:email,workflow...
2026-09-13 11:08:05.249 [info] Got 1 sessions for read:user,repo,user:email,workflow...
2026-09-13 11:08:38.894 [info] Getting sessions for all scopes...
2026-09-13 11:08:38.894 [info] Got 1 sessions for ...
2026-09-13 11:08:38.896 [info] Getting sessions for read:user,repo,user:email,workflow...
2026-09-13 11:08:38.896 [info] Got 1 sessions for read:user,repo,user:email,workflow...
2026-09-13 11:08:38.990 [info] Getting sessions for all scopes...
2026-09-13 11:08:38.990 [info] Got 1 sessions for ...
2026-09-13 11:08:38.991 [info] Getting sessions for all scopes...
2026-09-13 11:08:38.991 [info] Got 1 sessions for ...
2026-09-13 11:08:40.098 [info] Getting sessions for all scopes...
2026-09-13 11:08:40.098 [info] Got 1 sessions for ...
2026-09-13 11:08:40.102 [info] Getting sessions for read:user,repo,user:email,workflow...
2026-09-13 11:08:40.102 [info] Got 1 sessions for read:user,repo,user:email,workflow...
2026-09-13 11:08:48.934 [info] Getting sessions for all scopes...
2026-09-13 11:08:48.934 [info] Got 1 sessions for ...
2026-09-13 11:08:48.941 [info] Getting sessions for read:user,repo,user:email,workflow...
2026-09-13 11:08:48.941 [info] Got 1 sessions for read:user,repo,user:email,workflow...
2026-09-13 11:08:49.094 [info] Getting sessions for all scopes...
2026-09-13 11:08:49.094 [info] Got 1 sessions for ...
2026-09-13 11:08:49.098 [info] Getting sessions for all scopes...
2026-09-13 11:08:49.098 [info] Got 1 sessions for ...
2026-09-13 11:08:50.111 [info] Getting sessions for all scopes...
2026-09-13 11:08:50.111 [info] Got 1 sessions for ...
2026-09-13 11:08:50.120 [info] Getting sessions for read:user,repo,user:email,workflow...
2026-09-13 11:08:50.120 [info] Got 1 sessions for read:user,repo,user:email,workflow...
2026-09-13 11:09:30.868 [info] Getting sessions for all scopes...
2026-09-13 11:09:30.868 [info] Got 1 sessions for ...
2026-09-13 11:09:30.882 [info] Getting sessions for read:user,repo,user:email,workflow...
2026-09-13 11:09:30.882 [info] Got 1 sessions for read:user,repo,user:email,workflow...
2026-09-13 11:09:30.994 [info] Getting sessions for all scopes...
2026-09-13 11:09:30.994 [info] Got 1 sessions for ...
2026-09-13 11:09:30.995 [info] Getting sessions for all scopes...
2026-09-13 11:09:30.995 [info] Got 1 sessions for ...
2026-09-13 11:09:32.679 [info] Getting sessions for all scopes...
2026-09-13 11:09:32.679 [info] Got 1 sessions for ...
2026-09-13 11:09:32.681 [info] Getting sessions for read:user,repo,user:email,workflow...
2026-09-13 11:09:32.681 [info] Got 1 sessions for read:user,repo,user:email,workflow...
2026-09-13 11:09:35.759 [info] Getting sessions for all scopes...
2026-09-13 11:09:35.759 [info] Got 1 sessions for ...
2026-09-13 11:09:36.088 [info] Getting sessions for read:user,repo,user:email,workflow...
2026-09-13 11:09:36.088 [info] Got 1 sessions for read:user,repo,user:email,workflow...
2026-09-13 11:09:36.090 [info] Getting sessions for all scopes...
2026-09-13 11:09:36.090 [info] Got 1 sessions for ...
2026-09-13 11:09:36.116 [info] Getting sessions for all scopes...
2026-09-13 11:09:36.116 [info] Got 1 sessions for ...
2026-09-13 11:09:37.884 [info] Getting sessions for all scopes...
2026-09-13 11:09:37.884 [info] Got 1 sessions for ...
2026-09-13 11:09:37.895 [info] Getting sessions for read:user,repo,user:email,workflow...
2026-09-13 11:09:37.895 [info] Got 1 sessions for read:user,repo,user:email,workflow...
2026-09-13 11:10:25.749 [info] Getting sessions for all scopes...
2026-09-13 11:10:25.749 [info] Got 1 sessions for ...
2026-09-13 11:10:25.751 [info] Getting sessions for read:user,repo,user:email,workflow...
2026-09-13 11:10:25.751 [info] Got 1 sessions for read:user,repo,user:email,workflow...
2026-09-13 11:10:26.850 [info] Getting sessions for all scopes...
2026-09-13 11:10:26.850 [info] Got 1 sessions for ...
2026-09-13 11:10:26.852 [info] Getting sessions for read:user,repo,user:email,workflow...
2026-09-13 11:10:26.852 [info] Got 1 sessions for read:user,repo,user:email,workflow...
2026-09-13 11:10:37.881 [info] Getting sessions for all scopes...
2026-09-13 11:10:37.882 [info] Got 1 sessions for ...
2026-09-13 11:10:37.883 [info] Getting sessions for read:user,repo,user:email,workflow...
2026-09-13 11:10:37.883 [info] Got 1 sessions for read:user,repo,user:email,workflow...
2026-09-13 11:10:38.683 [info] Getting sessions for all scopes...
2026-09-13 11:10:38.683 [info] Got 1 sessions for ...
2026-09-13 11:10:38.685 [info] Getting sessions for read:user,repo,user:email,workflow...
2026-09-13 11:10:38.685 [info] Got 1 sessions for read:user,repo,user:email,workflow...
2026-09-13 11:11:38.682 [info] Getting sessions for all scopes...
2026-09-13 11:11:38.682 [info] Got 1 sessions for ...
2026-09-13 11:11:38.685 [info] Getting sessions for read:user,repo,user:email,workflow...
2026-09-13 11:11:38.685 [info] Got 1 sessions for read:user,repo,user:email,workflow...
2026-09-13 11:11:39.925 [info] Getting sessions for all scopes...
2026-09-13 11:11:39.925 [info] Got 1 sessions for ...
2026-09-13 11:11:39.927 [info] Getting sessions for read:user,repo,user:email,workflow...
2026-09-13 11:11:39.927 [info] Got 1 sessions for read:user,repo,user:email,workflow...
