2026-09-26 10:04:02.244 [info] Reading sessions from keychain...
2026-09-26 10:04:02.245 [info] Getting sessions for all scopes...
2026-09-26 10:04:02.245 [info] Got stored sessions!
2026-09-26 10:04:02.245 [info] Got 1 verified sessions.
2026-09-26 10:04:02.245 [info] Got 1 sessions for all scopes...
2026-09-26 10:04:02.245 [info] Getting sessions for all scopes...
2026-09-26 10:04:02.245 [info] Got 1 sessions for all scopes...
2026-09-26 10:04:02.245 [info] Getting sessions for all scopes...
2026-09-26 10:04:02.245 [info] Got 1 sessions for all scopes...
2026-09-26 10:04:02.245 [info] Getting sessions for all scopes...
2026-09-26 10:04:02.245 [info] Got 1 sessions for all scopes...
2026-09-26 10:04:02.349 [info] Getting sessions for all scopes...
2026-09-26 10:04:02.349 [info] Got 1 sessions for all scopes...
2026-09-26 10:04:04.501 [info] Getting sessions for read:user,repo,user:email,workflow...
2026-09-26 10:04:04.502 [info] Got 1 sessions for read:user,repo,user:email,workflow...
2026-09-26 10:04:08.148 [info] Getting sessions for all scopes...
2026-09-26 10:04:08.148 [info] Got 1 sessions for all scopes...
2026-09-26 10:04:08.160 [info] Getting sessions for read:user,user:email...
2026-09-26 10:04:08.160 [info] Got 0 sessions for read:user,user:email...
2026-09-26 10:04:08.567 [info] Getting sessions for all scopes...
2026-09-26 10:04:08.567 [info] Got 1 sessions for all scopes...
2026-09-26 10:04:08.694 [info] Getting sessions for all scopes...
2026-09-26 10:04:08.694 [info] Got 1 sessions for all scopes...
2026-09-26 10:04:08.694 [info] Getting sessions for all scopes...
2026-09-26 10:04:08.694 [info] Got 1 sessions for all scopes...
2026-09-26 10:04:08.951 [info] Getting sessions for all scopes...
2026-09-26 10:04:08.951 [info] Got 1 sessions for all scopes...
2026-09-26 10:04:09.341 [info] Getting sessions for read:user,repo,user:email,workflow...
2026-09-26 10:04:09.341 [info] Got 1 sessions for read:user,repo,user:email,workflow...
2026-09-26 10:04:09.997 [info] Getting sessions for read:user,user:email...
2026-09-26 10:04:09.997 [info] Got 0 sessions for read:user,user:email...
2026-09-26 10:04:09.999 [info] Getting sessions for all scopes...
2026-09-26 10:04:09.999 [info] Got 1 sessions for all scopes...
2026-09-26 10:04:10.453 [info] Getting sessions for repo...
2026-09-26 10:04:10.453 [info] Got 0 sessions for repo...
2026-09-26 10:04:10.454 [info] Getting sessions for repo...
2026-09-26 10:04:10.454 [info] Got 0 sessions for repo...
2026-09-26 10:04:10.488 [info] Getting sessions for all scopes...
2026-09-26 10:04:10.488 [info] Got 1 sessions for all scopes...
2026-09-26 10:04:10.488 [info] Getting sessions for all scopes...
2026-09-26 10:04:10.488 [info] Got 1 sessions for all scopes...
2026-09-26 10:04:10.826 [info] Getting sessions for read:user,user:email...
2026-09-26 10:04:10.826 [info] Got 0 sessions for read:user,user:email...
2026-09-26 10:04:10.830 [info] Getting sessions for all scopes...
2026-09-26 10:04:10.830 [info] Got 1 sessions for all scopes...
2026-09-26 10:04:11.105 [info] Getting sessions for all scopes...
2026-09-26 10:04:11.105 [info] Got 1 sessions for all scopes...
2026-09-26 10:04:11.105 [info] Getting sessions for all scopes...
2026-09-26 10:04:11.105 [info] Got 1 sessions for all scopes...
2026-09-26 10:04:11.159 [info] Getting sessions for read:user,repo,user:email,workflow...
2026-09-26 10:04:11.159 [info] Got 1 sessions for read:user,repo,user:email,workflow...
2026-09-26 10:04:11.609 [info] Getting sessions for all scopes...
2026-09-26 10:04:11.609 [info] Got 1 sessions for all scopes...
2026-09-26 10:04:11.611 [info] Getting sessions for read:user,user:email...
2026-09-26 10:04:11.611 [info] Got 0 sessions for read:user,user:email...
2026-09-26 10:04:11.613 [info] Getting sessions for all scopes...
2026-09-26 10:04:11.613 [info] Got 1 sessions for all scopes...
2026-09-26 10:04:11.682 [info] Getting sessions for read:user,repo,user:email,workflow...
2026-09-26 10:04:11.682 [info] Got 1 sessions for read:user,repo,user:email,workflow...
2026-09-26 10:04:12.017 [info] Getting sessions for all scopes...
2026-09-26 10:04:12.017 [info] Got 1 sessions for all scopes...
2026-09-26 10:04:12.021 [info] Getting sessions for all scopes...
2026-09-26 10:04:12.021 [info] Got 1 sessions for all scopes...
2026-09-26 10:04:12.032 [info] Getting sessions for read:user,repo,user:email,workflow...
2026-09-26 10:04:12.032 [info] Got 1 sessions for read:user,repo,user:email,workflow...
2026-09-26 10:04:12.032 [info] Getting sessions for all scopes...
2026-09-26 10:04:12.032 [info] Got 1 sessions for all scopes...
2026-09-26 10:04:12.090 [info] Getting sessions for read:user,repo,user:email,workflow...
2026-09-26 10:04:12.090 [info] Got 1 sessions for read:user,repo,user:email,workflow...
2026-09-26 10:04:12.545 [info] Getting sessions for all scopes...
2026-09-26 10:04:12.545 [info] Got 1 sessions for all scopes...
2026-09-26 10:04:12.736 [info] Getting sessions for all scopes...
2026-09-26 10:04:12.736 [info] Got 1 sessions for all scopes...
2026-09-26 10:04:12.765 [info] Getting sessions for read:user,repo,user:email,workflow...
2026-09-26 10:04:12.765 [info] Got 1 sessions for read:user,repo,user:email,workflow...
2026-09-26 10:04:13.469 [info] Getting sessions for all scopes...
2026-09-26 10:04:13.469 [info] Got 1 sessions for all scopes...
2026-09-26 10:04:13.472 [info] Getting sessions for read:user,repo,user:email,workflow...
2026-09-26 10:04:13.473 [info] Got 1 sessions for read:user,repo,user:email,workflow...
2026-09-26 10:12:32.833 [info] Getting sessions for all scopes...
2026-09-26 10:12:32.833 [info] Got 1 sessions for all scopes...
2026-09-26 10:12:32.834 [info] Getting sessions for all scopes...
2026-09-26 10:12:32.834 [info] Got 1 sessions for all scopes...
2026-09-26 10:15:12.305 [info] Getting sessions for all scopes...
2026-09-26 10:15:12.305 [info] Got 1 sessions for all scopes...
2026-09-26 10:15:12.307 [info] Getting sessions for all scopes...
2026-09-26 10:15:12.307 [info] Got 1 sessions for all scopes...
2026-09-26 10:15:14.828 [info] Getting sessions for all scopes...
2026-09-26 10:15:14.828 [info] Got 1 sessions for all scopes...
2026-09-26 10:15:14.830 [info] Getting sessions for read:user,repo,user:email,workflow...
2026-09-26 10:15:14.830 [info] Got 1 sessions for read:user,repo,user:email,workflow...
2026-09-26 10:19:59.639 [info] Getting sessions for all scopes...
2026-09-26 10:19:59.640 [info] Got 1 sessions for all scopes...
2026-09-26 10:19:59.641 [info] Getting sessions for all scopes...
2026-09-26 10:19:59.641 [info] Got 1 sessions for all scopes...
2026-09-26 10:20:07.495 [info] Getting sessions for all scopes...
2026-09-26 10:20:07.495 [info] Got 1 sessions for all scopes...
2026-09-26 10:20:07.537 [info] Getting sessions for all scopes...
2026-09-26 10:20:07.537 [info] Got 1 sessions for all scopes...
2026-09-26 10:20:14.794 [info] Getting sessions for all scopes...
2026-09-26 10:20:14.794 [info] Got 1 sessions for all scopes...
2026-09-26 10:20:14.797 [info] Getting sessions for all scopes...
2026-09-26 10:20:14.798 [info] Got 1 sessions for all scopes...
2026-09-26 10:31:34.577 [info] Getting sessions for all scopes...
2026-09-26 10:31:34.577 [info] Got 1 sessions for all scopes...
2026-09-26 10:31:34.578 [info] Getting sessions for all scopes...
2026-09-26 10:31:34.579 [info] Got 1 sessions for all scopes...
2026-09-26 10:31:36.090 [info] Getting sessions for all scopes...
2026-09-26 10:31:36.090 [info] Got 1 sessions for all scopes...
2026-09-26 10:31:36.093 [info] Getting sessions for read:user,repo,user:email,workflow...
2026-09-26 10:31:36.093 [info] Got 1 sessions for read:user,repo,user:email,workflow...
