2026-09-11 17:01:09.639 [info] Python-envs extension version: 1.36.0
2026-09-11 17:01:09.639 [info] 
=== Python Envs Configuration Levels ===
2026-09-11 17:01:09.639 [info] {
  "section": "Python Envs Configuration Levels",
  "defaultEnvManager": {
    "workspaceFolderValue": "undefined",
    "workspaceValue": "undefined",
    "globalValue": "undefined",
    "defaultValue": "ms-python.python:venv"
  },
  "defaultPackageManager": {
    "workspaceFolderValue": "undefined",
    "workspaceValue": "undefined",
    "globalValue": "undefined",
    "defaultValue": "ms-python.python:pip"
  }
}
2026-09-11 17:01:09.639 [info] [pet] Starting Python Locator /home/sadnane/.vscode-oss/extensions/ms-python.python-2026.4.0-universal/python-env-tools/bin/pet server
2026-09-11 17:01:09.639 [info] Registering pyenv manager (environments will be discovered lazily)
2026-09-11 17:01:09.639 [info] Registering pipenv manager (environments will be discovered lazily)
2026-09-11 17:01:09.639 [info] Registering poetry manager (environments will be discovered lazily)
2026-09-11 17:01:09.639 [error] [pet] Process error: A system error occurred (spawn /home/sadnane/.vscode-oss/extensions/ms-python.python-2026.4.0-universal/python-env-tools/bin/pet ENOENT)
2026-09-11 17:01:09.639 [warning] [pet] Restarting Python Environment Tools (attempt 1/3, waiting 1000ms)
2026-09-11 17:01:13.616 [info] [pet] Starting Python Locator /home/sadnane/.vscode-oss/extensions/ms-python.python-2026.4.0-universal/python-env-tools/bin/pet server
2026-09-11 17:01:13.616 [info] [pet] Python Environment Tools restarted successfully
2026-09-11 17:01:13.624 [info] [pet] configure: Sending configuration update: {"workspaceDirectories":["/home/sadnane/Saad-Programming"],"environmentDirectories":["/home/sadnane/Saad-Programming/.venv","/home/sadnane/Saad-Programming/*/.venv"],"pipenvExecutable":"pipenv","poetryExecutable":"poetry","cacheDirectory":"/home/sadnane/.config/Code - OSS/User/globalStorage/ms-python.vscode-python-envs/pythonLocator"}
2026-09-11 17:01:13.635 [error] [pet] Process error: A system error occurred (spawn /home/sadnane/.vscode-oss/extensions/ms-python.python-2026.4.0-universal/python-env-tools/bin/pet ENOENT)
2026-09-11 17:01:43.620 [warning] [pet] Configure request timed out (attempt 1/2), will retry on next request without killing process
2026-09-11 17:01:43.620 [error] [pet] Error refreshing Request 'configure' timed out after 30000ms
2026-09-11 17:01:43.620 [info] Conda not found, turning off conda features. [M: Request 'configure' timed out after 30000ms
	at Timeout.<anonymous> (/home/sadnane/.vscode-oss/extensions/ms-python.vscode-python-envs-1.36.0-universal/dist/extension.js:2:571177)
	at listOnTimeout (node:internal/timers:605:17)
	at process.processTimers (node:internal/timers:541:7)] {
  method: 'configure'
}
2026-09-11 17:01:43.622 [info] [interpreterSelection] Applying initial environment selection for 1 workspace folder(s)
2026-09-11 17:01:43.623 [warning] [pet] Restarting Python Environment Tools (attempt 2/3, waiting 2000ms)
2026-09-11 17:01:45.633 [info] [pet] Starting Python Locator /home/sadnane/.vscode-oss/extensions/ms-python.python-2026.4.0-universal/python-env-tools/bin/pet server
2026-09-11 17:01:45.633 [info] [pet] Python Environment Tools restarted successfully
2026-09-11 17:01:45.633 [info] [pet] configure: Sending configuration update: {"workspaceDirectories":["/home/sadnane/Saad-Programming"],"environmentDirectories":["/home/sadnane/Saad-Programming/.venv","/home/sadnane/Saad-Programming/*/.venv"],"pipenvExecutable":"pipenv","poetryExecutable":"poetry","cacheDirectory":"/home/sadnane/.config/Code - OSS/User/globalStorage/ms-python.vscode-python-envs/pythonLocator"}
2026-09-11 17:01:45.634 [error] [pet] Process error: A system error occurred (spawn /home/sadnane/.vscode-oss/extensions/ms-python.python-2026.4.0-universal/python-env-tools/bin/pet ENOENT)
2026-09-11 17:02:15.639 [warning] [pet] Configure request timed out (attempt 1/2), will retry on next request without killing process
2026-09-11 17:02:15.639 [error] [pet] Error refreshing Request 'configure' timed out after 30000ms
2026-09-11 17:02:15.643 [error] [venv] Background initialization failed: [M: Request 'configure' timed out after 30000ms
	at Timeout.<anonymous> (/home/sadnane/.vscode-oss/extensions/ms-python.vscode-python-envs-1.36.0-universal/dist/extension.js:2:571177)
	at listOnTimeout (node:internal/timers:605:17)
	at process.processTimers (node:internal/timers:541:7)] {
  method: 'configure'
}
2026-09-11 17:02:15.644 [warning] [pet] Restarting Python Environment Tools (attempt 3/3, waiting 4000ms)
2026-09-11 17:02:19.663 [info] [pet] Starting Python Locator /home/sadnane/.vscode-oss/extensions/ms-python.python-2026.4.0-universal/python-env-tools/bin/pet server
2026-09-11 17:02:19.663 [info] [pet] Python Environment Tools restarted successfully
2026-09-11 17:02:19.664 [info] [pet] configure: Sending configuration update: {"workspaceDirectories":["/home/sadnane/Saad-Programming"],"environmentDirectories":["/home/sadnane/Saad-Programming/.venv","/home/sadnane/Saad-Programming/*/.venv"],"pipenvExecutable":"pipenv","poetryExecutable":"poetry","cacheDirectory":"/home/sadnane/.config/Code - OSS/User/globalStorage/ms-python.vscode-python-envs/pythonLocator"}
2026-09-11 17:02:19.666 [error] [pet] Process error: A system error occurred (spawn /home/sadnane/.vscode-oss/extensions/ms-python.python-2026.4.0-universal/python-env-tools/bin/pet ENOENT)
2026-09-11 17:02:49.669 [warning] [pet] Configure request timed out (attempt 1/2), will retry on next request without killing process
2026-09-11 17:02:49.669 [error] [pet] Error refreshing Request 'configure' timed out after 30000ms
2026-09-11 17:02:49.673 [warning] [pet] Server mode exhausted, falling back to JSON CLI for refresh
2026-09-11 17:02:49.698 [info] [pet] JSON CLI fallback refresh: /home/sadnane/.vscode-oss/extensions/ms-python.python-2026.4.0-universal/python-env-tools/bin/pet find --json /home/sadnane/Saad-Programming --cache-directory /home/sadnane/.config/Code - OSS/User/globalStorage/ms-python.vscode-python-envs/pythonLocator --pipenv-executable pipenv --poetry-executable poetry --environment-directories /home/sadnane/Saad-Programming/.venv --environment-directories /home/sadnane/Saad-Programming/*/.venv
2026-09-11 17:02:49.698 [error] [pet] JSON CLI fallback refresh failed: A system error occurred (spawn /home/sadnane/.vscode-oss/extensions/ms-python.python-2026.4.0-universal/python-env-tools/bin/pet ENOENT)
2026-09-11 17:02:49.702 [error] [system] Background initialization failed: [Error: spawn /home/sadnane/.vscode-oss/extensions/ms-python.python-2026.4.0-universal/python-env-tools/bin/pet ENOENT
	at ChildProcess._handle.onexit (node:internal/child_process:287:19)
	at onErrorNT (node:internal/child_process:508:16)
	at process.processTicksAndRejections (node:internal/process/task_queues:90:21)] {
  errno: -2,
  code: 'ENOENT',
  syscall: 'spawn /home/sadnane/.vscode-oss/extensions/ms-python.python-2026.4.0-universal/python-env-tools/bin/pet',
  path: '/home/sadnane/.vscode-oss/extensions/ms-python.python-2026.4.0-universal/python-env-tools/bin/pet',
  spawnargs: [
    'find',
    '--json',
    '/home/sadnane/Saad-Programming',
    '--cache-directory',
    '/home/sadnane/.config/Code - OSS/User/globalStorage/ms-python.vscode-python-envs/pythonLocator',
    '--pipenv-executable',
    'pipenv',
    '--poetry-executable',
    'poetry',
    '--environment-directories',
    '/home/sadnane/Saad-Programming/.venv',
    '--environment-directories',
    '/home/sadnane/Saad-Programming/*/.venv'
  ]
}
2026-09-11 17:02:49.703 [info] [SYS_GET] uri=/home/sadnane/Saad-Programming, normalizedKey=/home/sadnane/Saad-Programming, project=/home/sadnane/Saad-Programming, projectKey=/home/sadnane/Saad-Programming, mapKeys=[], directHit=false, projectHit=false, fallbackToGlobal=true, globalEnv=none
2026-09-11 17:02:49.711 [info] [interpreterSelection] Saad-Programming: none (source: autoDiscovery)
2026-09-11 17:02:49.714 [warning] [pet] Server mode exhausted, falling back to JSON CLI for refresh
2026-09-11 17:02:49.742 [info] [pet] JSON CLI fallback refresh: /home/sadnane/.vscode-oss/extensions/ms-python.python-2026.4.0-universal/python-env-tools/bin/pet find --json /home/sadnane/Saad-Programming --cache-directory /home/sadnane/.config/Code - OSS/User/globalStorage/ms-python.vscode-python-envs/pythonLocator --pipenv-executable pipenv --poetry-executable poetry --environment-directories /home/sadnane/Saad-Programming/.venv --environment-directories /home/sadnane/Saad-Programming/*/.venv
2026-09-11 17:02:49.743 [error] [pet] JSON CLI fallback refresh failed: A system error occurred (spawn /home/sadnane/.vscode-oss/extensions/ms-python.python-2026.4.0-universal/python-env-tools/bin/pet ENOENT)
2026-09-11 17:02:49.745 [error] [system] Background initialization failed: [Error: spawn /home/sadnane/.vscode-oss/extensions/ms-python.python-2026.4.0-universal/python-env-tools/bin/pet ENOENT
	at ChildProcess._handle.onexit (node:internal/child_process:287:19)
	at onErrorNT (node:internal/child_process:508:16)
	at process.processTicksAndRejections (node:internal/process/task_queues:90:21)] {
  errno: -2,
  code: 'ENOENT',
  syscall: 'spawn /home/sadnane/.vscode-oss/extensions/ms-python.python-2026.4.0-universal/python-env-tools/bin/pet',
  path: '/home/sadnane/.vscode-oss/extensions/ms-python.python-2026.4.0-universal/python-env-tools/bin/pet',
  spawnargs: [
    'find',
    '--json',
    '/home/sadnane/Saad-Programming',
    '--cache-directory',
    '/home/sadnane/.config/Code - OSS/User/globalStorage/ms-python.vscode-python-envs/pythonLocator',
    '--pipenv-executable',
    'pipenv',
    '--poetry-executable',
    'poetry',
    '--environment-directories',
    '/home/sadnane/Saad-Programming/.venv',
    '--environment-directories',
    '/home/sadnane/Saad-Programming/*/.venv'
  ]
}
2026-09-11 17:02:49.751 [warning] [pet] Server mode exhausted, falling back to JSON CLI for refresh
2026-09-11 17:02:49.767 [info] [pet] JSON CLI fallback refresh: /home/sadnane/.vscode-oss/extensions/ms-python.python-2026.4.0-universal/python-env-tools/bin/pet find --json /home/sadnane/Saad-Programming --cache-directory /home/sadnane/.config/Code - OSS/User/globalStorage/ms-python.vscode-python-envs/pythonLocator --pipenv-executable pipenv --poetry-executable poetry --environment-directories /home/sadnane/Saad-Programming/.venv --environment-directories /home/sadnane/Saad-Programming/*/.venv
2026-09-11 17:02:49.767 [error] [pet] JSON CLI fallback refresh failed: A system error occurred (spawn /home/sadnane/.vscode-oss/extensions/ms-python.python-2026.4.0-universal/python-env-tools/bin/pet ENOENT)
2026-09-11 17:02:49.767 [error] [interpreterSelection] Failed to set global environment: Error: spawn /home/sadnane/.vscode-oss/extensions/ms-python.python-2026.4.0-universal/python-env-tools/bin/pet ENOENT
2026-09-11 17:02:49.770 [warning] [pet] Server mode exhausted, falling back to JSON CLI for refresh
2026-09-11 17:02:49.787 [info] [pet] JSON CLI fallback refresh: /home/sadnane/.vscode-oss/extensions/ms-python.python-2026.4.0-universal/python-env-tools/bin/pet find --json /home/sadnane/Saad-Programming --cache-directory /home/sadnane/.config/Code - OSS/User/globalStorage/ms-python.vscode-python-envs/pythonLocator --pipenv-executable pipenv --poetry-executable poetry --environment-directories /home/sadnane/Saad-Programming/.venv --environment-directories /home/sadnane/Saad-Programming/*/.venv
2026-09-11 17:02:49.787 [error] [pet] JSON CLI fallback refresh failed: A system error occurred (spawn /home/sadnane/.vscode-oss/extensions/ms-python.python-2026.4.0-universal/python-env-tools/bin/pet ENOENT)
2026-09-11 17:02:49.789 [error] [venv] Background initialization failed: [Error: spawn /home/sadnane/.vscode-oss/extensions/ms-python.python-2026.4.0-universal/python-env-tools/bin/pet ENOENT
	at ChildProcess._handle.onexit (node:internal/child_process:287:19)
	at onErrorNT (node:internal/child_process:508:16)
	at process.processTicksAndRejections (node:internal/process/task_queues:90:21)] {
  errno: -2,
  code: 'ENOENT',
  syscall: 'spawn /home/sadnane/.vscode-oss/extensions/ms-python.python-2026.4.0-universal/python-env-tools/bin/pet',
  path: '/home/sadnane/.vscode-oss/extensions/ms-python.python-2026.4.0-universal/python-env-tools/bin/pet',
  spawnargs: [
    'find',
    '--json',
    '/home/sadnane/Saad-Programming',
    '--cache-directory',
    '/home/sadnane/.config/Code - OSS/User/globalStorage/ms-python.vscode-python-envs/pythonLocator',
    '--pipenv-executable',
    'pipenv',
    '--poetry-executable',
    'poetry',
    '--environment-directories',
    '/home/sadnane/Saad-Programming/.venv',
    '--environment-directories',
    '/home/sadnane/Saad-Programming/*/.venv'
  ]
}
2026-09-11 17:02:49.793 [warning] [pet] Server mode exhausted, falling back to JSON CLI for refresh
2026-09-11 17:02:49.806 [info] [pet] JSON CLI fallback refresh: /home/sadnane/.vscode-oss/extensions/ms-python.python-2026.4.0-universal/python-env-tools/bin/pet find --json /home/sadnane/Saad-Programming --cache-directory /home/sadnane/.config/Code - OSS/User/globalStorage/ms-python.vscode-python-envs/pythonLocator --pipenv-executable pipenv --poetry-executable poetry --environment-directories /home/sadnane/Saad-Programming/.venv --environment-directories /home/sadnane/Saad-Programming/*/.venv
2026-09-11 17:02:49.807 [error] [pet] JSON CLI fallback refresh failed: A system error occurred (spawn /home/sadnane/.vscode-oss/extensions/ms-python.python-2026.4.0-universal/python-env-tools/bin/pet ENOENT)
2026-09-11 17:02:49.808 [error] [venv] Background initialization failed: [Error: spawn /home/sadnane/.vscode-oss/extensions/ms-python.python-2026.4.0-universal/python-env-tools/bin/pet ENOENT
	at ChildProcess._handle.onexit (node:internal/child_process:287:19)
	at onErrorNT (node:internal/child_process:508:16)
	at process.processTicksAndRejections (node:internal/process/task_queues:90:21)] {
  errno: -2,
  code: 'ENOENT',
  syscall: 'spawn /home/sadnane/.vscode-oss/extensions/ms-python.python-2026.4.0-universal/python-env-tools/bin/pet',
  path: '/home/sadnane/.vscode-oss/extensions/ms-python.python-2026.4.0-universal/python-env-tools/bin/pet',
  spawnargs: [
    'find',
    '--json',
    '/home/sadnane/Saad-Programming',
    '--cache-directory',
    '/home/sadnane/.config/Code - OSS/User/globalStorage/ms-python.vscode-python-envs/pythonLocator',
    '--pipenv-executable',
    'pipenv',
    '--poetry-executable',
    'poetry',
    '--environment-directories',
    '/home/sadnane/Saad-Programming/.venv',
    '--environment-directories',
    '/home/sadnane/Saad-Programming/*/.venv'
  ]
}
2026-09-11 17:02:49.818 [warning] [pet] Server mode exhausted, falling back to JSON CLI for refresh
2026-09-11 17:02:49.832 [info] [pet] JSON CLI fallback refresh: /home/sadnane/.vscode-oss/extensions/ms-python.python-2026.4.0-universal/python-env-tools/bin/pet find --json /home/sadnane/Saad-Programming --cache-directory /home/sadnane/.config/Code - OSS/User/globalStorage/ms-python.vscode-python-envs/pythonLocator --pipenv-executable pipenv --poetry-executable poetry --environment-directories /home/sadnane/Saad-Programming/.venv --environment-directories /home/sadnane/Saad-Programming/*/.venv
2026-09-11 17:02:49.832 [error] [pet] JSON CLI fallback refresh failed: A system error occurred (spawn /home/sadnane/.vscode-oss/extensions/ms-python.python-2026.4.0-universal/python-env-tools/bin/pet ENOENT)
2026-09-11 17:02:49.843 [info] Refreshing pyenv environments
2026-09-11 17:02:49.843 [warning] [pet] Server mode exhausted, falling back to JSON CLI for refresh
2026-09-11 17:02:49.853 [info] [pet] JSON CLI fallback refresh: /home/sadnane/.vscode-oss/extensions/ms-python.python-2026.4.0-universal/python-env-tools/bin/pet find --json /home/sadnane/Saad-Programming --cache-directory /home/sadnane/.config/Code - OSS/User/globalStorage/ms-python.vscode-python-envs/pythonLocator --pipenv-executable pipenv --poetry-executable poetry --environment-directories /home/sadnane/Saad-Programming/.venv --environment-directories /home/sadnane/Saad-Programming/*/.venv
2026-09-11 17:02:49.853 [error] [pet] JSON CLI fallback refresh failed: A system error occurred (spawn /home/sadnane/.vscode-oss/extensions/ms-python.python-2026.4.0-universal/python-env-tools/bin/pet ENOENT)
2026-09-11 17:02:49.855 [error] Pyenv lazy initialization failed [Error: spawn /home/sadnane/.vscode-oss/extensions/ms-python.python-2026.4.0-universal/python-env-tools/bin/pet ENOENT
	at ChildProcess._handle.onexit (node:internal/child_process:287:19)
	at onErrorNT (node:internal/child_process:508:16)
	at process.processTicksAndRejections (node:internal/process/task_queues:90:21)] {
  errno: -2,
  code: 'ENOENT',
  syscall: 'spawn /home/sadnane/.vscode-oss/extensions/ms-python.python-2026.4.0-universal/python-env-tools/bin/pet',
  path: '/home/sadnane/.vscode-oss/extensions/ms-python.python-2026.4.0-universal/python-env-tools/bin/pet',
  spawnargs: [
    'find',
    '--json',
    '/home/sadnane/Saad-Programming',
    '--cache-directory',
    '/home/sadnane/.config/Code - OSS/User/globalStorage/ms-python.vscode-python-envs/pythonLocator',
    '--pipenv-executable',
    'pipenv',
    '--poetry-executable',
    'poetry',
    '--environment-directories',
    '/home/sadnane/Saad-Programming/.venv',
    '--environment-directories',
    '/home/sadnane/Saad-Programming/*/.venv'
  ]
}
2026-09-11 17:02:49.860 [info] Pipenv not found via settings, cache, or PATH
2026-09-11 17:02:49.860 [info] Refreshing pipenv environments
2026-09-11 17:02:49.861 [warning] [pet] Server mode exhausted, falling back to JSON CLI for refresh
2026-09-11 17:02:49.868 [info] [pet] JSON CLI fallback refresh: /home/sadnane/.vscode-oss/extensions/ms-python.python-2026.4.0-universal/python-env-tools/bin/pet find --json /home/sadnane/Saad-Programming --cache-directory /home/sadnane/.config/Code - OSS/User/globalStorage/ms-python.vscode-python-envs/pythonLocator --pipenv-executable pipenv --poetry-executable poetry --environment-directories /home/sadnane/Saad-Programming/.venv --environment-directories /home/sadnane/Saad-Programming/*/.venv
2026-09-11 17:02:49.868 [error] [pet] JSON CLI fallback refresh failed: A system error occurred (spawn /home/sadnane/.vscode-oss/extensions/ms-python.python-2026.4.0-universal/python-env-tools/bin/pet ENOENT)
2026-09-11 17:02:49.869 [error] Pipenv lazy initialization failed [Error: spawn /home/sadnane/.vscode-oss/extensions/ms-python.python-2026.4.0-universal/python-env-tools/bin/pet ENOENT
	at ChildProcess._handle.onexit (node:internal/child_process:287:19)
	at onErrorNT (node:internal/child_process:508:16)
	at process.processTicksAndRejections (node:internal/process/task_queues:90:21)] {
  errno: -2,
  code: 'ENOENT',
  syscall: 'spawn /home/sadnane/.vscode-oss/extensions/ms-python.python-2026.4.0-universal/python-env-tools/bin/pet',
  path: '/home/sadnane/.vscode-oss/extensions/ms-python.python-2026.4.0-universal/python-env-tools/bin/pet',
  spawnargs: [
    'find',
    '--json',
    '/home/sadnane/Saad-Programming',
    '--cache-directory',
    '/home/sadnane/.config/Code - OSS/User/globalStorage/ms-python.vscode-python-envs/pythonLocator',
    '--pipenv-executable',
    'pipenv',
    '--poetry-executable',
    'poetry',
    '--environment-directories',
    '/home/sadnane/Saad-Programming/.venv',
    '--environment-directories',
    '/home/sadnane/Saad-Programming/*/.venv'
  ]
}
2026-09-11 17:02:49.877 [info] Refreshing poetry environments
2026-09-11 17:02:49.878 [warning] [pet] Server mode exhausted, falling back to JSON CLI for refresh
2026-09-11 17:02:49.902 [info] [pet] JSON CLI fallback refresh: /home/sadnane/.vscode-oss/extensions/ms-python.python-2026.4.0-universal/python-env-tools/bin/pet find --json /home/sadnane/Saad-Programming --cache-directory /home/sadnane/.config/Code - OSS/User/globalStorage/ms-python.vscode-python-envs/pythonLocator --pipenv-executable pipenv --poetry-executable poetry --environment-directories /home/sadnane/Saad-Programming/.venv --environment-directories /home/sadnane/Saad-Programming/*/.venv
2026-09-11 17:02:49.908 [error] [pet] JSON CLI fallback refresh failed: A system error occurred (spawn /home/sadnane/.vscode-oss/extensions/ms-python.python-2026.4.0-universal/python-env-tools/bin/pet ENOENT)
2026-09-11 17:02:49.909 [error] Poetry lazy initialization failed [Error: spawn /home/sadnane/.vscode-oss/extensions/ms-python.python-2026.4.0-universal/python-env-tools/bin/pet ENOENT
	at ChildProcess._handle.onexit (node:internal/child_process:287:19)
	at onErrorNT (node:internal/child_process:508:16)
	at process.processTicksAndRejections (node:internal/process/task_queues:90:21)] {
  errno: -2,
  code: 'ENOENT',
  syscall: 'spawn /home/sadnane/.vscode-oss/extensions/ms-python.python-2026.4.0-universal/python-env-tools/bin/pet',
  path: '/home/sadnane/.vscode-oss/extensions/ms-python.python-2026.4.0-universal/python-env-tools/bin/pet',
  spawnargs: [
    'find',
    '--json',
    '/home/sadnane/Saad-Programming',
    '--cache-directory',
    '/home/sadnane/.config/Code - OSS/User/globalStorage/ms-python.vscode-python-envs/pythonLocator',
    '--pipenv-executable',
    'pipenv',
    '--poetry-executable',
    'poetry',
    '--environment-directories',
    '/home/sadnane/Saad-Programming/.venv',
    '--environment-directories',
    '/home/sadnane/Saad-Programming/*/.venv'
  ]
}
2026-09-11 17:02:49.909 [warning] No Python environments were found. Try running "Python Environments: Run Python Environment Tool (PET) in Terminal..." from the Command Palette to diagnose. If environments should be detected, please report this: https://github.com/microsoft/vscode-python-environments/issues/new
