2026-09-11 16:59:57.409 [info] [main] Log level: Info
2026-09-11 16:59:57.409 [info] [main] Validating found git in: "git"
2026-09-11 16:59:57.409 [info] [main] Using git "2.55.0" from "git"
2026-09-11 16:59:57.409 [info] [Model][doInitialScan] Initial repository scan started
2026-09-11 16:59:57.409 [info] [Model][doInitialScan] Initial repository scan completed - repositories (0), closed repositories (0), parent repositories (0), unsafe repositories (0)
2026-09-11 17:01:13.545 [info] [main] Log level: Info
2026-09-11 17:01:13.545 [info] [main] Validating found git in: "git"
2026-09-11 17:01:13.545 [info] [main] Using git "2.55.0" from "git"
2026-09-11 17:01:13.545 [info] [Model][doInitialScan] Initial repository scan started
2026-09-11 17:01:14.069 [info] > git rev-parse --show-toplevel [3514ms]
2026-09-11 17:01:14.715 [info] > git rev-parse --git-dir --git-common-dir --show-superproject-working-tree [118ms]
2026-09-11 17:01:14.954 [info] [Model][openRepository] Opened repository (path): /home/sadnane/Saad-Programming
2026-09-11 17:01:14.954 [info] [Model][openRepository] Opened repository (real path): /home/sadnane/Saad-Programming
2026-09-11 17:01:14.954 [info] [Model][openRepository] Opened repository (kind): repository
2026-09-11 17:01:15.032 [info] > git config --get commit.template [44ms]
2026-09-11 17:01:15.033 [info] > git config --get --local core.virtualfilesystem [59ms]
2026-09-11 17:01:15.033 [warning] [Git][config] git config failed: Failed to execute git
2026-09-11 17:01:15.037 [info] > git rev-parse --show-toplevel [25ms]
2026-09-11 17:01:15.128 [info] > git rev-parse --show-toplevel [13ms]
2026-09-11 17:01:15.129 [info] > git for-each-ref --format=%(refname)%00%(upstream:short)%00%(objectname)%00%(upstream:track)%00%(upstream:remotename)%00%(upstream:remoteref) refs/heads/main refs/remotes/main [63ms]
2026-09-11 17:01:15.158 [info] > git rev-parse --show-toplevel [10ms]
2026-09-11 17:01:15.236 [info] > git for-each-ref --sort -committerdate --format %(refname)%00%(objectname)%00%(*objectname) [24ms]
2026-09-11 17:01:15.242 [info] > git rev-parse --show-toplevel [16ms]
2026-09-11 17:01:15.664 [info] > git status -z -uall [488ms]
2026-09-11 17:01:15.664 [info] > git rev-parse --show-toplevel [374ms]
2026-09-11 17:01:15.902 [info] > git check-ignore -v -z --stdin [218ms]
2026-09-11 17:01:15.950 [info] > git config --get commit.template [50ms]
2026-09-11 17:01:15.950 [info] > git for-each-ref --format=%(refname)%00%(upstream:short)%00%(objectname)%00%(upstream:track)%00%(upstream:remotename)%00%(upstream:remoteref) refs/heads/main refs/remotes/main [99ms]
2026-09-11 17:01:15.990 [info] > git rev-parse --show-toplevel [228ms]
2026-09-11 17:01:16.042 [info] > git check-ignore -v -z --stdin [89ms]
2026-09-11 17:01:16.110 [info] > git config --get --local branch.main.vscode-merge-base [120ms]
2026-09-11 17:01:16.153 [info] > git rev-parse --show-toplevel [115ms]
2026-09-11 17:01:16.154 [info] > git for-each-ref --format=%(refname)%00%(upstream:short)%00%(objectname)%00%(upstream:track)%00%(upstream:remotename)%00%(upstream:remoteref) refs/heads/origin/main refs/remotes/origin/main [18ms]
2026-09-11 17:01:16.175 [info] > git for-each-ref --format=%(refname)%00%(upstream:short)%00%(objectname)%00%(upstream:track)%00%(upstream:remotename)%00%(upstream:remoteref) refs/heads/main refs/remotes/main [71ms]
2026-09-11 17:01:16.227 [info] > git merge-base refs/heads/main refs/remotes/origin/main [55ms]
2026-09-11 17:01:16.326 [info] > git diff --raw --numstat --diff-filter=ADMR -z --find-renames=50% b5fe8c5cac4c8927894bc2d9795512a91ca0da35...refs/remotes/origin/main -- [57ms]
2026-09-11 17:01:16.327 [info] > git rev-parse --show-toplevel [137ms]
2026-09-11 17:01:16.406 [info] > git status -z -uall [48ms]
2026-09-11 17:01:16.420 [info] > git rev-parse --show-toplevel [26ms]
2026-09-11 17:01:16.420 [info] > git for-each-ref --sort -committerdate --format %(refname)%00%(objectname)%00%(*objectname) [35ms]
2026-09-11 17:01:16.508 [info] > git rev-parse --show-toplevel [66ms]
2026-09-11 17:01:16.561 [info] > git rev-parse --git-dir --git-common-dir --show-superproject-working-tree [21ms]
2026-09-11 17:01:16.638 [info] [Model][openRepository] Opened repository (path): /home/sadnane/Saad-Programming/ble.sh
2026-09-11 17:01:16.638 [info] [Model][openRepository] Opened repository (real path): /home/sadnane/Saad-Programming/ble.sh
2026-09-11 17:01:16.638 [info] [Model][openRepository] Opened repository (kind): submodule
2026-09-11 17:01:16.902 [info] > git config --get --local core.virtualfilesystem [244ms]
2026-09-11 17:01:16.902 [warning] [Git][config] git config failed: Failed to execute git
2026-09-11 17:01:17.000 [info] > git config --get commit.template [135ms]
2026-09-11 17:01:17.016 [info] > git rev-parse --show-toplevel [114ms]
2026-09-11 17:01:17.016 [info] [Model][doInitialScan] Initial repository scan completed - repositories (2), closed repositories (0), parent repositories (0), unsafe repositories (0)
2026-09-11 17:01:17.149 [info] > git show --textconv :Python/django/SOA/OrientationApp/views.py [102ms]
2026-09-11 17:01:17.154 [info] > git ls-files --stage -- Python/django/SOA/OrientationApp/views.py [73ms]
2026-09-11 17:01:17.179 [info] > git for-each-ref --format=%(refname)%00%(upstream:short)%00%(objectname)%00%(upstream:track)%00%(upstream:remotename)%00%(upstream:remoteref) refs/heads/master refs/remotes/master [37ms]
2026-09-11 17:01:17.210 [warning] [Git][revParse] Unable to read file: ENOENT: no such file or directory, open '/home/sadnane/Saad-Programming/ble.sh/.git/refs/remotes/origin/master'
2026-09-11 17:01:17.211 [info] > git cat-file -s a409af7d5fe6ef2a9c6148795980612bca67ea42 [34ms]
2026-09-11 17:01:17.234 [info] > git rev-parse refs/remotes/origin/master [24ms]
2026-09-11 17:01:17.297 [info] > git status -z -uall [42ms]
2026-09-11 17:01:17.310 [info] > git for-each-ref --sort -committerdate --format %(refname)%00%(objectname)%00%(*objectname) [26ms]
2026-09-11 17:01:17.386 [info] > git check-ignore -v -z --stdin [18ms]
2026-09-11 17:01:17.397 [info] > git config --get commit.template [41ms]
2026-09-11 17:01:17.397 [info] > git for-each-ref --format=%(refname)%00%(upstream:short)%00%(objectname)%00%(upstream:track)%00%(upstream:remotename)%00%(upstream:remoteref) refs/heads/master refs/remotes/master [65ms]
2026-09-11 17:01:17.506 [info] > git config --get --local branch.master.vscode-merge-base [92ms]
2026-09-11 17:01:17.595 [info] > git check-ignore -v -z --stdin [28ms]
2026-09-11 17:01:17.597 [info] > git check-ignore -v -z --stdin [20ms]
2026-09-11 17:01:17.618 [info] > git for-each-ref --format=%(refname)%00%(upstream:short)%00%(objectname)%00%(upstream:track)%00%(upstream:remotename)%00%(upstream:remoteref) refs/heads/origin/master refs/remotes/origin/master [71ms]
2026-09-11 17:01:17.633 [info] > git for-each-ref --format=%(refname)%00%(upstream:short)%00%(objectname)%00%(upstream:track)%00%(upstream:remotename)%00%(upstream:remoteref) refs/heads/master refs/remotes/master [183ms]
2026-09-11 17:01:17.633 [info] > git blame --root --incremental b5fe8c5cac4c8927894bc2d9795512a91ca0da35 -- Python/django/SOA/OrientationApp/views.py [193ms]
2026-09-11 17:01:17.650 [warning] [Git][revParse] Unable to read file: ENOENT: no such file or directory, open '/home/sadnane/Saad-Programming/ble.sh/.git/refs/remotes/origin/master'
2026-09-11 17:01:17.678 [info] > git merge-base refs/heads/master refs/remotes/origin/master [48ms]
2026-09-11 17:01:17.713 [info] > git diff --raw --numstat --diff-filter=ADMR -z --find-renames=50% 95ae551dd687a0c61227839dda43f52ac7ea6631...refs/remotes/origin/master -- [24ms]
2026-09-11 17:01:17.714 [info] > git rev-parse refs/remotes/origin/master [64ms]
2026-09-11 17:01:17.783 [info] > git status -z -uall [43ms]
2026-09-11 17:01:17.794 [info] > git for-each-ref --sort -committerdate --format %(refname)%00%(objectname)%00%(*objectname) [25ms]
2026-09-11 17:01:18.335 [info] > git check-ignore -v -z --stdin [28ms]
2026-09-11 17:01:18.344 [info] > git rev-parse --show-toplevel [12ms]
2026-09-11 17:01:18.382 [info] > git rev-parse --git-dir --git-common-dir --show-superproject-working-tree [9ms]
2026-09-11 17:01:18.414 [info] [Model][openRepository] Opened repository (path): /home/sadnane/Saad-Programming/ble.sh/contrib
2026-09-11 17:01:18.414 [info] [Model][openRepository] Opened repository (real path): /home/sadnane/Saad-Programming/ble.sh/contrib
2026-09-11 17:01:18.414 [info] [Model][openRepository] Opened repository (kind): submodule
2026-09-11 17:01:18.457 [info] > git config --get --local core.virtualfilesystem [26ms]
2026-09-11 17:01:18.457 [warning] [Git][config] git config failed: Failed to execute git
2026-09-11 17:01:18.457 [info] > git config --get commit.template [7ms]
2026-09-11 17:01:18.487 [info] > git for-each-ref --format %(refname)%00%(objectname)%00%(*objectname) refs/tags [19ms]
2026-09-11 17:01:18.529 [info] > git status -z -uall [18ms]
2026-09-11 17:01:18.541 [info] > git for-each-ref --sort -committerdate --format %(refname)%00%(objectname)%00%(*objectname) [14ms]
2026-09-11 17:01:18.590 [info] > git config --get commit.template [20ms]
2026-09-11 17:01:18.603 [info] > git for-each-ref --format %(refname)%00%(objectname)%00%(*objectname) refs/tags [3ms]
2026-09-11 17:01:18.633 [info] > git status -z -uall [15ms]
2026-09-11 17:01:18.649 [info] > git for-each-ref --sort -committerdate --format %(refname)%00%(objectname)%00%(*objectname) [17ms]
2026-09-11 17:01:18.946 [info] > git check-ignore -v -z --stdin [6ms]
2026-09-11 17:01:19.227 [info] > git check-ignore -v -z --stdin [10ms]
2026-09-11 17:01:19.232 [info] > git check-ignore -v -z --stdin [44ms]
2026-09-11 17:01:19.907 [info] > git check-ignore -v -z --stdin [3ms]
2026-09-11 17:01:21.758 [info] > git config --get commit.template [3ms]
2026-09-11 17:01:21.776 [info] > git for-each-ref --format=%(refname)%00%(upstream:short)%00%(objectname)%00%(upstream:track)%00%(upstream:remotename)%00%(upstream:remoteref) refs/heads/main refs/remotes/main [6ms]
2026-09-11 17:01:21.809 [info] > git status -z -uall [18ms]
2026-09-11 17:01:21.817 [info] > git for-each-ref --sort -committerdate --format %(refname)%00%(objectname)%00%(*objectname) [9ms]
2026-09-11 17:01:22.181 [info] > git check-ignore -v -z --stdin [5ms]
2026-09-11 17:01:29.173 [info] > git config --get commit.template [1ms]
2026-09-11 17:01:29.183 [info] > git for-each-ref --format=%(refname)%00%(upstream:short)%00%(objectname)%00%(upstream:track)%00%(upstream:remotename)%00%(upstream:remoteref) refs/heads/main refs/remotes/main [2ms]
2026-09-11 17:01:29.205 [info] > git for-each-ref --sort -committerdate --format %(refname)%00%(objectname)%00%(*objectname) [8ms]
2026-09-11 17:01:29.224 [info] > git status -z -uall [32ms]
2026-09-11 17:04:27.780 [info] > git check-ignore -v -z --stdin [13ms]
2026-09-11 17:04:27.785 [info] > git check-ignore -v -z --stdin [10ms]
2026-09-11 17:04:28.767 [info] > git check-ignore -v -z --stdin [6ms]
2026-09-11 17:05:23.152 [info] > git check-ignore -v -z --stdin [15ms]
2026-09-11 17:05:28.181 [info] > git config --get commit.template [14ms]
2026-09-11 17:05:28.184 [info] > git for-each-ref --format=%(refname)%00%(upstream:short)%00%(objectname)%00%(upstream:track)%00%(upstream:remotename)%00%(upstream:remoteref) refs/heads/main refs/remotes/main [5ms]
2026-09-11 17:05:28.208 [info] > git for-each-ref --sort -committerdate --format %(refname)%00%(objectname)%00%(*objectname) [4ms]
2026-09-11 17:05:28.241 [info] > git status -z -uall [50ms]
2026-09-11 17:05:33.281 [info] > git config --get commit.template [9ms]
2026-09-11 17:05:33.282 [info] > git for-each-ref --format=%(refname)%00%(upstream:short)%00%(objectname)%00%(upstream:track)%00%(upstream:remotename)%00%(upstream:remoteref) refs/heads/main refs/remotes/main [2ms]
2026-09-11 17:05:33.298 [info] > git for-each-ref --sort -committerdate --format %(refname)%00%(objectname)%00%(*objectname) [3ms]
2026-09-11 17:05:33.303 [info] > git status -z -uall [14ms]
2026-09-11 17:05:43.800 [info] > git check-ignore -v -z --stdin [3ms]
2026-09-11 17:05:45.656 [info] > git config --get commit.template [2ms]
2026-09-11 17:05:45.668 [info] > git for-each-ref --format=%(refname)%00%(upstream:short)%00%(objectname)%00%(upstream:track)%00%(upstream:remotename)%00%(upstream:remoteref) refs/heads/main refs/remotes/main [2ms]
2026-09-11 17:05:45.684 [info] > git for-each-ref --sort -committerdate --format %(refname)%00%(objectname)%00%(*objectname) [3ms]
2026-09-11 17:05:45.685 [info] > git status -z -uall [11ms]
2026-09-11 17:05:46.262 [info] > git check-ignore -v -z --stdin [3ms]
2026-09-11 17:05:50.715 [info] > git config --get commit.template [3ms]
2026-09-11 17:05:50.735 [info] > git for-each-ref --format=%(refname)%00%(upstream:short)%00%(objectname)%00%(upstream:track)%00%(upstream:remotename)%00%(upstream:remoteref) refs/heads/main refs/remotes/main [5ms]
2026-09-11 17:05:50.776 [info] > git status -z -uall [18ms]
2026-09-11 17:05:50.782 [info] > git for-each-ref --sort -committerdate --format %(refname)%00%(objectname)%00%(*objectname) [8ms]
2026-09-11 17:05:53.929 [info] > git check-ignore -v -z --stdin [1ms]
2026-09-11 17:05:56.167 [info] > git config --get commit.template [20ms]
2026-09-11 17:05:56.169 [info] > git for-each-ref --format=%(refname)%00%(upstream:short)%00%(objectname)%00%(upstream:track)%00%(upstream:remotename)%00%(upstream:remoteref) refs/heads/main refs/remotes/main [3ms]
2026-09-11 17:05:56.199 [info] > git status -z -uall [16ms]
2026-09-11 17:05:56.200 [info] > git for-each-ref --sort -committerdate --format %(refname)%00%(objectname)%00%(*objectname) [3ms]
2026-09-11 17:06:01.258 [info] > git config --get commit.template [24ms]
2026-09-11 17:06:01.263 [info] > git for-each-ref --format=%(refname)%00%(upstream:short)%00%(objectname)%00%(upstream:track)%00%(upstream:remotename)%00%(upstream:remoteref) refs/heads/main refs/remotes/main [8ms]
2026-09-11 17:06:01.305 [info] > git status -z -uall [19ms]
2026-09-11 17:06:01.307 [info] > git for-each-ref --sort -committerdate --format %(refname)%00%(objectname)%00%(*objectname) [3ms]
2026-09-11 17:06:16.688 [info] > git check-ignore -v -z --stdin [2ms]
2026-09-11 17:06:18.599 [info] > git config --get commit.template [2ms]
2026-09-11 17:06:18.609 [info] > git for-each-ref --format=%(refname)%00%(upstream:short)%00%(objectname)%00%(upstream:track)%00%(upstream:remotename)%00%(upstream:remoteref) refs/heads/main refs/remotes/main [4ms]
2026-09-11 17:06:18.629 [info] > git for-each-ref --sort -committerdate --format %(refname)%00%(objectname)%00%(*objectname) [3ms]
2026-09-11 17:06:18.633 [info] > git status -z -uall [13ms]
2026-09-11 17:06:23.672 [info] > git config --get commit.template [9ms]
2026-09-11 17:06:23.674 [info] > git for-each-ref --format=%(refname)%00%(upstream:short)%00%(objectname)%00%(upstream:track)%00%(upstream:remotename)%00%(upstream:remoteref) refs/heads/main refs/remotes/main [4ms]
2026-09-11 17:06:23.701 [info] > git for-each-ref --sort -committerdate --format %(refname)%00%(objectname)%00%(*objectname) [2ms]
2026-09-11 17:06:23.702 [info] > git status -z -uall [14ms]
2026-09-11 17:06:26.381 [info] > git check-ignore -v -z --stdin [2ms]
2026-09-11 17:06:26.753 [info] > git check-ignore -v -z --stdin [2ms]
2026-09-11 17:06:27.428 [info] > git check-ignore -v -z --stdin [2ms]
2026-09-11 17:06:27.663 [info] > git check-ignore -v -z --stdin [4ms]
2026-09-11 17:06:30.957 [info] > git config --get commit.template [9ms]
2026-09-11 17:06:30.959 [info] > git for-each-ref --format=%(refname)%00%(upstream:short)%00%(objectname)%00%(upstream:track)%00%(upstream:remotename)%00%(upstream:remoteref) refs/heads/main refs/remotes/main [3ms]
2026-09-11 17:06:30.984 [info] > git for-each-ref --sort -committerdate --format %(refname)%00%(objectname)%00%(*objectname) [2ms]
2026-09-11 17:06:30.989 [info] > git status -z -uall [14ms]
2026-09-11 17:09:04.337 [info] > git check-ignore -v -z --stdin [4ms]
2026-09-11 17:09:04.399 [info] > git ls-files --stage -- Python/django/SOA/OrientationApp/logic.py [6ms]
2026-09-11 17:09:04.425 [info] > git show --textconv :Python/django/SOA/OrientationApp/logic.py [50ms]
2026-09-11 17:09:04.426 [info] > git cat-file -s f3261da2e9cf2646e3aca90bc184a376caa65bcc [14ms]
2026-09-11 17:09:04.552 [info] > git blame --root --incremental b5fe8c5cac4c8927894bc2d9795512a91ca0da35 -- Python/django/SOA/OrientationApp/logic.py [46ms]
2026-09-11 17:09:09.202 [info] > git check-ignore -v -z --stdin [4ms]
2026-09-11 17:09:09.223 [info] > git show --textconv :Python/django/SOA/SOA/settings.py [10ms]
2026-09-11 17:09:09.225 [info] > git ls-files --stage -- Python/django/SOA/SOA/settings.py [6ms]
2026-09-11 17:09:09.242 [info] > git cat-file -s e7adf72a4027d734aa8c0e8ae70f3d90aec64b9c [8ms]
2026-09-11 17:09:09.306 [info] > git blame --root --incremental b5fe8c5cac4c8927894bc2d9795512a91ca0da35 -- Python/django/SOA/SOA/settings.py [11ms]
2026-09-11 17:09:10.952 [info] > git check-ignore -v -z --stdin [4ms]
2026-09-11 17:09:10.983 [info] > git show --textconv :Python/django/SOA/manage.py [16ms]
2026-09-11 17:09:10.993 [info] > git ls-files --stage -- Python/django/SOA/manage.py [11ms]
2026-09-11 17:09:11.028 [info] > git cat-file -s eb02f5f3bcc9443239eb1fa3fadf7dcfe0045d0d [24ms]
2026-09-11 17:09:11.075 [info] > git blame --root --incremental b5fe8c5cac4c8927894bc2d9795512a91ca0da35 -- Python/django/SOA/manage.py [8ms]
2026-09-11 17:09:12.163 [info] > git check-ignore -v -z --stdin [7ms]
2026-09-11 17:09:12.190 [info] > git show --textconv :Python/django/SOA/OrientationApp/logic.py [14ms]
2026-09-11 17:09:12.200 [info] > git ls-files --stage -- Python/django/SOA/OrientationApp/logic.py [11ms]
2026-09-11 17:09:12.211 [info] > git cat-file -s f3261da2e9cf2646e3aca90bc184a376caa65bcc [1ms]
2026-09-11 17:09:19.456 [info] > git check-ignore -v -z --stdin [3ms]
2026-09-11 17:09:19.941 [info] > git check-ignore -v -z --stdin [2ms]
2026-09-11 17:09:20.149 [info] > git check-ignore -v -z --stdin [2ms]
2026-09-11 17:09:21.246 [info] > git check-ignore -v -z --stdin [1ms]
2026-09-11 17:09:22.978 [info] > git config --get commit.template [3ms]
2026-09-11 17:09:22.996 [info] > git for-each-ref --format=%(refname)%00%(upstream:short)%00%(objectname)%00%(upstream:track)%00%(upstream:remotename)%00%(upstream:remoteref) refs/heads/main refs/remotes/main [6ms]
2026-09-11 17:09:23.028 [info] > git status -z -uall [22ms]
2026-09-11 17:09:23.028 [info] > git for-each-ref --sort -committerdate --format %(refname)%00%(objectname)%00%(*objectname) [8ms]
2026-09-11 17:09:23.503 [info] > git check-ignore -v -z --stdin [3ms]
2026-09-11 17:09:28.048 [info] > git config --get commit.template [6ms]
2026-09-11 17:09:28.050 [info] > git for-each-ref --format=%(refname)%00%(upstream:short)%00%(objectname)%00%(upstream:track)%00%(upstream:remotename)%00%(upstream:remoteref) refs/heads/main refs/remotes/main [2ms]
2026-09-11 17:09:28.064 [info] > git for-each-ref --sort -committerdate --format %(refname)%00%(objectname)%00%(*objectname) [2ms]
2026-09-11 17:09:28.067 [info] > git status -z -uall [10ms]
2026-09-11 17:09:35.099 [info] > git check-ignore -v -z --stdin [3ms]
2026-09-11 17:09:36.148 [info] > git check-ignore -v -z --stdin [1ms]
2026-09-11 17:09:37.008 [info] > git check-ignore -v -z --stdin [2ms]
2026-09-11 17:09:37.570 [info] > git check-ignore -v -z --stdin [3ms]
2026-09-11 17:09:37.803 [info] > git config --get commit.template [7ms]
2026-09-11 17:09:37.804 [info] > git for-each-ref --format=%(refname)%00%(upstream:short)%00%(objectname)%00%(upstream:track)%00%(upstream:remotename)%00%(upstream:remoteref) refs/heads/main refs/remotes/main [2ms]
2026-09-11 17:09:37.818 [info] > git for-each-ref --sort -committerdate --format %(refname)%00%(objectname)%00%(*objectname) [2ms]
2026-09-11 17:09:37.819 [info] > git status -z -uall [10ms]
2026-09-11 17:09:38.060 [info] > git check-ignore -v -z --stdin [2ms]
2026-09-11 17:09:38.549 [info] > git check-ignore -v -z --stdin [2ms]
2026-09-11 17:09:39.076 [info] > git check-ignore -v -z --stdin [1ms]
2026-09-11 17:09:39.674 [info] > git check-ignore -v -z --stdin [2ms]
2026-09-11 17:09:40.398 [info] > git check-ignore -v -z --stdin [4ms]
2026-09-11 17:09:42.528 [info] > git check-ignore -v -z --stdin [2ms]
2026-09-11 17:09:42.839 [info] > git config --get commit.template [6ms]
2026-09-11 17:09:42.841 [info] > git for-each-ref --format=%(refname)%00%(upstream:short)%00%(objectname)%00%(upstream:track)%00%(upstream:remotename)%00%(upstream:remoteref) refs/heads/main refs/remotes/main [3ms]
2026-09-11 17:09:42.853 [info] > git for-each-ref --sort -committerdate --format %(refname)%00%(objectname)%00%(*objectname) [2ms]
2026-09-11 17:09:42.857 [info] > git status -z -uall [10ms]
2026-09-11 17:09:45.631 [info] > git check-ignore -v -z --stdin [1ms]
2026-09-11 17:09:46.173 [info] > git check-ignore -v -z --stdin [2ms]
2026-09-11 17:09:47.871 [info] > git config --get commit.template [1ms]
2026-09-11 17:09:47.882 [info] > git for-each-ref --format=%(refname)%00%(upstream:short)%00%(objectname)%00%(upstream:track)%00%(upstream:remotename)%00%(upstream:remoteref) refs/heads/main refs/remotes/main [4ms]
2026-09-11 17:09:47.897 [info] > git for-each-ref --sort -committerdate --format %(refname)%00%(objectname)%00%(*objectname) [2ms]
2026-09-11 17:09:47.900 [info] > git status -z -uall [10ms]
2026-09-11 17:09:52.920 [info] > git config --get commit.template [2ms]
2026-09-11 17:09:52.933 [info] > git for-each-ref --format=%(refname)%00%(upstream:short)%00%(objectname)%00%(upstream:track)%00%(upstream:remotename)%00%(upstream:remoteref) refs/heads/main refs/remotes/main [3ms]
2026-09-11 17:09:52.953 [info] > git status -z -uall [12ms]
2026-09-11 17:09:52.953 [info] > git for-each-ref --sort -committerdate --format %(refname)%00%(objectname)%00%(*objectname) [4ms]
2026-09-11 17:10:43.707 [info] > git check-ignore -v -z --stdin [1ms]
2026-09-11 17:10:44.106 [info] > git check-ignore -v -z --stdin [1ms]
2026-09-11 17:10:44.384 [info] > git check-ignore -v -z --stdin [3ms]
2026-09-11 17:10:44.593 [info] > git check-ignore -v -z --stdin [1ms]
2026-09-11 17:10:46.256 [info] > git check-ignore -v -z --stdin [2ms]
2026-09-11 17:10:46.490 [info] > git config --get commit.template [7ms]
2026-09-11 17:10:46.491 [info] > git for-each-ref --format=%(refname)%00%(upstream:short)%00%(objectname)%00%(upstream:track)%00%(upstream:remotename)%00%(upstream:remoteref) refs/heads/main refs/remotes/main [2ms]
2026-09-11 17:10:46.505 [info] > git for-each-ref --sort -committerdate --format %(refname)%00%(objectname)%00%(*objectname) [3ms]
2026-09-11 17:10:46.508 [info] > git status -z -uall [11ms]
2026-09-11 17:10:51.571 [info] > git config --get commit.template [37ms]
2026-09-11 17:10:51.577 [info] > git for-each-ref --format=%(refname)%00%(upstream:short)%00%(objectname)%00%(upstream:track)%00%(upstream:remotename)%00%(upstream:remoteref) refs/heads/main refs/remotes/main [13ms]
2026-09-11 17:10:51.629 [info] > git for-each-ref --sort -committerdate --format %(refname)%00%(objectname)%00%(*objectname) [3ms]
2026-09-11 17:10:51.633 [info] > git status -z -uall [21ms]
2026-09-11 17:10:56.672 [info] > git config --get commit.template [15ms]
2026-09-11 17:10:56.673 [info] > git for-each-ref --format=%(refname)%00%(upstream:short)%00%(objectname)%00%(upstream:track)%00%(upstream:remotename)%00%(upstream:remoteref) refs/heads/main refs/remotes/main [2ms]
2026-09-11 17:10:56.731 [info] > git status -z -uall [37ms]
2026-09-11 17:10:56.734 [info] > git for-each-ref --sort -committerdate --format %(refname)%00%(objectname)%00%(*objectname) [3ms]
2026-09-11 17:11:12.603 [info] > git check-ignore -v -z --stdin [1ms]
2026-09-11 17:11:14.587 [info] > git config --get commit.template [6ms]
2026-09-11 17:11:14.606 [info] > git for-each-ref --format=%(refname)%00%(upstream:short)%00%(objectname)%00%(upstream:track)%00%(upstream:remotename)%00%(upstream:remoteref) refs/heads/main refs/remotes/main [3ms]
2026-09-11 17:11:14.640 [info] > git for-each-ref --sort -committerdate --format %(refname)%00%(objectname)%00%(*objectname) [5ms]
2026-09-11 17:11:14.644 [info] > git status -z -uall [20ms]
2026-09-11 17:11:14.938 [info] > git check-ignore -v -z --stdin [1ms]
2026-09-11 17:11:19.683 [info] > git config --get commit.template [3ms]
2026-09-11 17:11:19.706 [info] > git for-each-ref --format=%(refname)%00%(upstream:short)%00%(objectname)%00%(upstream:track)%00%(upstream:remotename)%00%(upstream:remoteref) refs/heads/main refs/remotes/main [3ms]
2026-09-11 17:11:19.743 [info] > git status -z -uall [16ms]
2026-09-11 17:11:19.743 [info] > git for-each-ref --sort -committerdate --format %(refname)%00%(objectname)%00%(*objectname) [5ms]
2026-09-11 17:11:24.777 [info] > git config --get commit.template [12ms]
2026-09-11 17:11:24.779 [info] > git for-each-ref --format=%(refname)%00%(upstream:short)%00%(objectname)%00%(upstream:track)%00%(upstream:remotename)%00%(upstream:remoteref) refs/heads/main refs/remotes/main [4ms]
2026-09-11 17:11:24.801 [info] > git for-each-ref --sort -committerdate --format %(refname)%00%(objectname)%00%(*objectname) [3ms]
2026-09-11 17:11:24.803 [info] > git status -z -uall [16ms]
2026-09-11 17:12:22.525 [info] > git check-ignore -v -z --stdin [4ms]
2026-09-11 17:12:24.450 [info] > git config --get commit.template [4ms]
2026-09-11 17:12:24.459 [info] > git for-each-ref --format=%(refname)%00%(upstream:short)%00%(objectname)%00%(upstream:track)%00%(upstream:remotename)%00%(upstream:remoteref) refs/heads/main refs/remotes/main [2ms]
2026-09-11 17:12:24.472 [info] > git for-each-ref --sort -committerdate --format %(refname)%00%(objectname)%00%(*objectname) [1ms]
2026-09-11 17:12:24.475 [info] > git status -z -uall [9ms]
2026-09-11 17:12:29.485 [info] > git config --get commit.template [10ms]
2026-09-11 17:12:29.485 [info] > git for-each-ref --format=%(refname)%00%(upstream:short)%00%(objectname)%00%(upstream:track)%00%(upstream:remotename)%00%(upstream:remoteref) refs/heads/main refs/remotes/main [1ms]
2026-09-11 17:12:29.511 [info] > git status -z -uall [12ms]
2026-09-11 17:12:29.513 [info] > git for-each-ref --sort -committerdate --format %(refname)%00%(objectname)%00%(*objectname) [5ms]
2026-09-11 17:12:41.465 [info] > git check-ignore -v -z --stdin [1ms]
2026-09-11 17:12:43.370 [info] > git config --get commit.template [6ms]
2026-09-11 17:12:43.372 [info] > git for-each-ref --format=%(refname)%00%(upstream:short)%00%(objectname)%00%(upstream:track)%00%(upstream:remotename)%00%(upstream:remoteref) refs/heads/main refs/remotes/main [3ms]
2026-09-11 17:12:43.399 [info] > git status -z -uall [16ms]
2026-09-11 17:12:43.399 [info] > git for-each-ref --sort -committerdate --format %(refname)%00%(objectname)%00%(*objectname) [3ms]
2026-09-11 17:12:44.954 [info] > git check-ignore -v -z --stdin [1ms]
2026-09-11 17:12:48.421 [info] > git config --get commit.template [7ms]
2026-09-11 17:12:48.423 [info] > git for-each-ref --format=%(refname)%00%(upstream:short)%00%(objectname)%00%(upstream:track)%00%(upstream:remotename)%00%(upstream:remoteref) refs/heads/main refs/remotes/main [2ms]
2026-09-11 17:12:48.439 [info] > git for-each-ref --sort -committerdate --format %(refname)%00%(objectname)%00%(*objectname) [2ms]
2026-09-11 17:12:48.441 [info] > git status -z -uall [10ms]
2026-09-11 17:12:53.461 [info] > git config --get commit.template [7ms]
2026-09-11 17:12:53.463 [info] > git for-each-ref --format=%(refname)%00%(upstream:short)%00%(objectname)%00%(upstream:track)%00%(upstream:remotename)%00%(upstream:remoteref) refs/heads/main refs/remotes/main [3ms]
2026-09-11 17:12:53.480 [info] > git for-each-ref --sort -committerdate --format %(refname)%00%(objectname)%00%(*objectname) [3ms]
2026-09-11 17:12:53.483 [info] > git status -z -uall [13ms]
2026-09-11 17:17:43.541 [info] > git check-ignore -v -z --stdin [8ms]
2026-09-11 17:17:45.325 [info] > git check-ignore -v -z --stdin [2ms]
2026-09-11 17:17:45.639 [info] > git check-ignore -v -z --stdin [3ms]
2026-09-11 17:17:46.407 [info] > git config --get commit.template [16ms]
2026-09-11 17:17:46.473 [info] > git check-ignore -v -z --stdin [29ms]
2026-09-11 17:17:46.490 [info] > git for-each-ref --format=%(refname)%00%(upstream:short)%00%(objectname)%00%(upstream:track)%00%(upstream:remotename)%00%(upstream:remoteref) refs/heads/main refs/remotes/main [17ms]
2026-09-11 17:17:46.540 [info] > git status -z -uall [32ms]
2026-09-11 17:17:46.544 [info] > git for-each-ref --sort -committerdate --format %(refname)%00%(objectname)%00%(*objectname) [8ms]
2026-09-11 17:17:46.695 [info] > git check-ignore -v -z --stdin [1ms]
2026-09-11 17:17:46.985 [info] > git check-ignore -v -z --stdin [8ms]
2026-09-11 17:17:47.189 [info] > git check-ignore -v -z --stdin [2ms]
2026-09-11 17:17:51.588 [info] > git config --get commit.template [18ms]
2026-09-11 17:17:51.590 [info] > git for-each-ref --format=%(refname)%00%(upstream:short)%00%(objectname)%00%(upstream:track)%00%(upstream:remotename)%00%(upstream:remoteref) refs/heads/main refs/remotes/main [7ms]
2026-09-11 17:17:51.658 [info] > git for-each-ref --sort -committerdate --format %(refname)%00%(objectname)%00%(*objectname) [14ms]
2026-09-11 17:17:51.664 [info] > git status -z -uall [46ms]
2026-09-11 17:18:16.326 [info] > git check-ignore -v -z --stdin [2ms]
2026-09-11 17:18:16.771 [info] > git check-ignore -v -z --stdin [5ms]
2026-09-11 17:18:20.133 [info] > git config --get commit.template [6ms]
2026-09-11 17:18:20.136 [info] > git for-each-ref --format=%(refname)%00%(upstream:short)%00%(objectname)%00%(upstream:track)%00%(upstream:remotename)%00%(upstream:remoteref) refs/heads/main refs/remotes/main [3ms]
2026-09-11 17:18:20.158 [info] > git status -z -uall [14ms]
2026-09-11 17:18:20.159 [info] > git for-each-ref --sort -committerdate --format %(refname)%00%(objectname)%00%(*objectname) [4ms]
2026-09-11 17:19:54.666 [info] > git check-ignore -v -z --stdin [5ms]
2026-09-11 17:19:56.434 [info] > git config --get commit.template [3ms]
2026-09-11 17:19:56.450 [info] > git for-each-ref --format=%(refname)%00%(upstream:short)%00%(objectname)%00%(upstream:track)%00%(upstream:remotename)%00%(upstream:remoteref) refs/heads/main refs/remotes/main [4ms]
2026-09-11 17:19:56.479 [info] > git status -z -uall [15ms]
2026-09-11 17:19:56.483 [info] > git for-each-ref --sort -committerdate --format %(refname)%00%(objectname)%00%(*objectname) [7ms]
2026-09-11 17:20:01.503 [info] > git config --get commit.template [2ms]
2026-09-11 17:20:01.518 [info] > git for-each-ref --format=%(refname)%00%(upstream:short)%00%(objectname)%00%(upstream:track)%00%(upstream:remotename)%00%(upstream:remoteref) refs/heads/main refs/remotes/main [3ms]
2026-09-11 17:20:01.547 [info] > git for-each-ref --sort -committerdate --format %(refname)%00%(objectname)%00%(*objectname) [1ms]
2026-09-11 17:20:01.548 [info] > git status -z -uall [14ms]
2026-09-11 17:20:24.355 [info] > git config --get commit.template [3ms]
2026-09-11 17:20:24.373 [info] > git for-each-ref --format=%(refname)%00%(upstream:short)%00%(objectname)%00%(upstream:track)%00%(upstream:remotename)%00%(upstream:remoteref) refs/heads/main refs/remotes/main [7ms]
2026-09-11 17:20:24.404 [info] > git status -z -uall [17ms]
2026-09-11 17:20:24.405 [info] > git for-each-ref --sort -committerdate --format %(refname)%00%(objectname)%00%(*objectname) [3ms]
2026-09-11 17:21:17.349 [info] > git config --get commit.template [7ms]
2026-09-11 17:21:17.370 [info] > git for-each-ref --format=%(refname)%00%(upstream:short)%00%(objectname)%00%(upstream:track)%00%(upstream:remotename)%00%(upstream:remoteref) refs/heads/main refs/remotes/main [4ms]
2026-09-11 17:21:17.424 [info] > git status -z -uall [32ms]
2026-09-11 17:21:17.429 [info] > git for-each-ref --sort -committerdate --format %(refname)%00%(objectname)%00%(*objectname) [10ms]
2026-09-11 17:23:08.618 [info] > git config --get commit.template [8ms]
2026-09-11 17:23:08.618 [info] > git for-each-ref --format=%(refname)%00%(upstream:short)%00%(objectname)%00%(upstream:track)%00%(upstream:remotename)%00%(upstream:remoteref) refs/heads/main refs/remotes/main [1ms]
2026-09-11 17:23:08.687 [info] > git for-each-ref --sort -committerdate --format %(refname)%00%(objectname)%00%(*objectname) [4ms]
2026-09-11 17:23:08.688 [info] > git status -z -uall [64ms]
2026-09-11 17:24:45.363 [info] > git check-ignore -v -z --stdin [2ms]
2026-09-11 17:24:45.710 [info] > git check-ignore -v -z --stdin [2ms]
2026-09-11 17:24:46.230 [info] > git check-ignore -v -z --stdin [2ms]
2026-09-11 17:24:47.448 [info] > git check-ignore -v -z --stdin [1ms]
2026-09-11 17:24:48.174 [info] > git config --get commit.template [36ms]
2026-09-11 17:24:48.177 [info] > git for-each-ref --format=%(refname)%00%(upstream:short)%00%(objectname)%00%(upstream:track)%00%(upstream:remotename)%00%(upstream:remoteref) refs/heads/main refs/remotes/main [10ms]
2026-09-11 17:24:48.217 [info] > git for-each-ref --sort -committerdate --format %(refname)%00%(objectname)%00%(*objectname) [2ms]
2026-09-11 17:24:48.226 [info] > git status -z -uall [25ms]
2026-09-11 17:24:48.319 [info] > git check-ignore -v -z --stdin [1ms]
2026-09-11 17:24:49.861 [info] > git check-ignore -v -z --stdin [2ms]
2026-09-11 17:24:53.597 [info] > git config --get commit.template [13ms]
2026-09-11 17:24:53.625 [info] > git for-each-ref --format=%(refname)%00%(upstream:short)%00%(objectname)%00%(upstream:track)%00%(upstream:remotename)%00%(upstream:remoteref) refs/heads/main refs/remotes/main [3ms]
2026-09-11 17:24:53.648 [info] > git for-each-ref --sort -committerdate --format %(refname)%00%(objectname)%00%(*objectname) [4ms]
2026-09-11 17:24:53.650 [info] > git status -z -uall [15ms]
2026-09-11 17:24:54.642 [info] > git check-ignore -v -z --stdin [15ms]
2026-09-11 17:25:01.769 [info] > git config --get commit.template [17ms]
2026-09-11 17:25:01.770 [info] > git for-each-ref --format=%(refname)%00%(upstream:short)%00%(objectname)%00%(upstream:track)%00%(upstream:remotename)%00%(upstream:remoteref) refs/heads/main refs/remotes/main [2ms]
2026-09-11 17:25:01.807 [info] > git for-each-ref --sort -committerdate --format %(refname)%00%(objectname)%00%(*objectname) [2ms]
2026-09-11 17:25:01.849 [info] > git status -z -uall [55ms]
2026-09-11 17:25:06.866 [info] > git config --get commit.template [1ms]
2026-09-11 17:25:06.873 [info] > git for-each-ref --format=%(refname)%00%(upstream:short)%00%(objectname)%00%(upstream:track)%00%(upstream:remotename)%00%(upstream:remoteref) refs/heads/main refs/remotes/main [2ms]
2026-09-11 17:25:06.896 [info] > git status -z -uall [13ms]
2026-09-11 17:25:06.896 [info] > git for-each-ref --sort -committerdate --format %(refname)%00%(objectname)%00%(*objectname) [3ms]
2026-09-11 17:30:29.864 [info] > git check-ignore -v -z --stdin [2ms]
2026-09-11 17:30:30.278 [info] > git check-ignore -v -z --stdin [1ms]
2026-09-11 17:30:31.018 [info] > git check-ignore -v -z --stdin [2ms]
2026-09-11 17:30:32.456 [info] > git check-ignore -v -z --stdin [5ms]
2026-09-11 17:30:32.912 [info] > git config --get commit.template [1ms]
2026-09-11 17:30:32.919 [info] > git for-each-ref --format=%(refname)%00%(upstream:short)%00%(objectname)%00%(upstream:track)%00%(upstream:remotename)%00%(upstream:remoteref) refs/heads/main refs/remotes/main [1ms]
2026-09-11 17:30:32.933 [info] > git for-each-ref --sort -committerdate --format %(refname)%00%(objectname)%00%(*objectname) [3ms]
2026-09-11 17:30:32.937 [info] > git status -z -uall [12ms]
2026-09-11 17:30:33.692 [info] > git check-ignore -v -z --stdin [2ms]
2026-09-11 17:30:35.441 [info] > git check-ignore -v -z --stdin [2ms]
2026-09-11 17:30:36.327 [info] > git check-ignore -v -z --stdin [2ms]
2026-09-11 17:30:37.951 [info] > git check-ignore -v -z --stdin [9ms]
2026-09-11 17:30:37.962 [info] > git config --get commit.template [11ms]
2026-09-11 17:30:37.963 [info] > git for-each-ref --format=%(refname)%00%(upstream:short)%00%(objectname)%00%(upstream:track)%00%(upstream:remotename)%00%(upstream:remoteref) refs/heads/main refs/remotes/main [2ms]
2026-09-11 17:30:37.991 [info] > git status -z -uall [12ms]
2026-09-11 17:30:37.992 [info] > git for-each-ref --sort -committerdate --format %(refname)%00%(objectname)%00%(*objectname) [4ms]
2026-09-11 17:30:43.685 [info] > git config --get commit.template [2ms]
2026-09-11 17:30:43.712 [info] > git for-each-ref --format=%(refname)%00%(upstream:short)%00%(objectname)%00%(upstream:track)%00%(upstream:remotename)%00%(upstream:remoteref) refs/heads/main refs/remotes/main [13ms]
2026-09-11 17:30:43.769 [info] > git for-each-ref --sort -committerdate --format %(refname)%00%(objectname)%00%(*objectname) [14ms]
2026-09-11 17:30:43.771 [info] > git status -z -uall [30ms]
2026-09-11 17:30:46.949 [info] > git check-ignore -v -z --stdin [2ms]
2026-09-11 17:30:47.543 [info] > git check-ignore -v -z --stdin [2ms]
2026-09-11 17:30:49.743 [info] > git config --get commit.template [11ms]
2026-09-11 17:30:49.745 [info] > git for-each-ref --format=%(refname)%00%(upstream:short)%00%(objectname)%00%(upstream:track)%00%(upstream:remotename)%00%(upstream:remoteref) refs/heads/main refs/remotes/main [2ms]
2026-09-11 17:30:49.848 [info] > git for-each-ref --sort -committerdate --format %(refname)%00%(objectname)%00%(*objectname) [1ms]
2026-09-11 17:30:49.880 [info] > git status -z -uall [42ms]
2026-09-11 17:31:17.507 [info] > git check-ignore -v -z --stdin [2ms]
2026-09-11 17:31:19.937 [info] > git config --get commit.template [14ms]
2026-09-11 17:31:19.939 [info] > git for-each-ref --format=%(refname)%00%(upstream:short)%00%(objectname)%00%(upstream:track)%00%(upstream:remotename)%00%(upstream:remoteref) refs/heads/main refs/remotes/main [3ms]
2026-09-11 17:31:19.957 [info] > git for-each-ref --sort -committerdate --format %(refname)%00%(objectname)%00%(*objectname) [2ms]
2026-09-11 17:31:19.958 [info] > git status -z -uall [10ms]
2026-09-11 17:31:20.595 [info] > git check-ignore -v -z --stdin [2ms]
2026-09-11 17:31:22.559 [info] > git check-ignore -v -z --stdin [2ms]
2026-09-11 17:31:23.487 [info] > git check-ignore -v -z --stdin [3ms]
2026-09-11 17:31:24.089 [info] > git check-ignore -v -z --stdin [4ms]
2026-09-11 17:31:24.991 [info] > git config --get commit.template [8ms]
2026-09-11 17:31:24.992 [info] > git for-each-ref --format=%(refname)%00%(upstream:short)%00%(objectname)%00%(upstream:track)%00%(upstream:remotename)%00%(upstream:remoteref) refs/heads/main refs/remotes/main [2ms]
2026-09-11 17:31:25.009 [info] > git for-each-ref --sort -committerdate --format %(refname)%00%(objectname)%00%(*objectname) [6ms]
2026-09-11 17:31:25.012 [info] > git status -z -uall [13ms]
2026-09-11 17:31:30.175 [info] > git config --get commit.template [10ms]
2026-09-11 17:31:30.177 [info] > git for-each-ref --format=%(refname)%00%(upstream:short)%00%(objectname)%00%(upstream:track)%00%(upstream:remotename)%00%(upstream:remoteref) refs/heads/main refs/remotes/main [2ms]
2026-09-11 17:31:30.193 [info] > git for-each-ref --sort -committerdate --format %(refname)%00%(objectname)%00%(*objectname) [2ms]
2026-09-11 17:31:30.198 [info] > git status -z -uall [11ms]
2026-09-11 17:31:31.796 [info] > git check-ignore -v -z --stdin [3ms]
2026-09-11 17:31:35.228 [info] > git config --get commit.template [6ms]
2026-09-11 17:31:35.229 [info] > git for-each-ref --format=%(refname)%00%(upstream:short)%00%(objectname)%00%(upstream:track)%00%(upstream:remotename)%00%(upstream:remoteref) refs/heads/main refs/remotes/main [1ms]
2026-09-11 17:31:35.243 [info] > git status -z -uall [7ms]
2026-09-11 17:31:35.246 [info] > git for-each-ref --sort -committerdate --format %(refname)%00%(objectname)%00%(*objectname) [4ms]
2026-09-11 17:31:35.928 [info] > git check-ignore -v -z --stdin [2ms]
2026-09-11 17:31:40.274 [info] > git config --get commit.template [11ms]
2026-09-11 17:31:40.276 [info] > git for-each-ref --format=%(refname)%00%(upstream:short)%00%(objectname)%00%(upstream:track)%00%(upstream:remotename)%00%(upstream:remoteref) refs/heads/main refs/remotes/main [4ms]
2026-09-11 17:31:40.290 [info] > git for-each-ref --sort -committerdate --format %(refname)%00%(objectname)%00%(*objectname) [2ms]
2026-09-11 17:31:40.293 [info] > git status -z -uall [10ms]
2026-09-11 17:32:00.316 [info] > git config --get commit.template [9ms]
2026-09-11 17:32:00.317 [info] > git for-each-ref --format=%(refname)%00%(upstream:short)%00%(objectname)%00%(upstream:track)%00%(upstream:remotename)%00%(upstream:remoteref) refs/heads/main refs/remotes/main [2ms]
2026-09-11 17:32:00.334 [info] > git for-each-ref --sort -committerdate --format %(refname)%00%(objectname)%00%(*objectname) [2ms]
2026-09-11 17:32:00.338 [info] > git status -z -uall [14ms]
2026-09-11 17:45:54.111 [info] > git check-ignore -v -z --stdin [2ms]
2026-09-11 17:45:56.037 [info] > git check-ignore -v -z --stdin [7ms]
2026-09-11 17:45:56.037 [info] > git config --get commit.template [23ms]
2026-09-11 17:45:56.055 [info] > git for-each-ref --format=%(refname)%00%(upstream:short)%00%(objectname)%00%(upstream:track)%00%(upstream:remotename)%00%(upstream:remoteref) refs/heads/main refs/remotes/main [3ms]
2026-09-11 17:45:56.098 [info] > git status -z -uall [21ms]
2026-09-11 17:45:56.101 [info] > git for-each-ref --sort -committerdate --format %(refname)%00%(objectname)%00%(*objectname) [6ms]
2026-09-11 17:47:37.676 [info] > git config --get commit.template [13ms]
2026-09-11 17:47:37.678 [info] > git for-each-ref --format=%(refname)%00%(upstream:short)%00%(objectname)%00%(upstream:track)%00%(upstream:remotename)%00%(upstream:remoteref) refs/heads/main refs/remotes/main [2ms]
2026-09-11 17:47:37.707 [info] > git for-each-ref --sort -committerdate --format %(refname)%00%(objectname)%00%(*objectname) [3ms]
2026-09-11 17:47:37.716 [info] > git status -z -uall [27ms]
2026-09-11 18:01:42.710 [info] > git check-ignore -v -z --stdin [4ms]
2026-09-11 18:01:43.285 [info] > git check-ignore -v -z --stdin [4ms]
2026-09-11 18:01:43.750 [info] > git check-ignore -v -z --stdin [3ms]
2026-09-11 18:01:46.118 [info] > git config --get commit.template [16ms]
2026-09-11 18:01:46.123 [info] > git for-each-ref --format=%(refname)%00%(upstream:short)%00%(objectname)%00%(upstream:track)%00%(upstream:remotename)%00%(upstream:remoteref) refs/heads/main refs/remotes/main [6ms]
2026-09-11 18:01:46.162 [info] > git status -z -uall [19ms]
2026-09-11 18:01:46.166 [info] > git for-each-ref --sort -committerdate --format %(refname)%00%(objectname)%00%(*objectname) [4ms]
2026-09-11 18:01:50.852 [info] > git check-ignore -v -z --stdin [3ms]
2026-09-11 18:01:51.528 [info] > git check-ignore -v -z --stdin [4ms]
2026-09-11 18:01:51.824 [info] > git check-ignore -v -z --stdin [3ms]
2026-09-11 18:01:52.073 [info] > git check-ignore -v -z --stdin [3ms]
2026-09-11 18:01:54.023 [info] > git config --get commit.template [26ms]
2026-09-11 18:01:54.025 [info] > git for-each-ref --format=%(refname)%00%(upstream:short)%00%(objectname)%00%(upstream:track)%00%(upstream:remotename)%00%(upstream:remoteref) refs/heads/main refs/remotes/main [4ms]
2026-09-11 18:01:54.074 [info] > git status -z -uall [29ms]
2026-09-11 18:01:54.075 [info] > git for-each-ref --sort -committerdate --format %(refname)%00%(objectname)%00%(*objectname) [7ms]
2026-09-11 18:01:55.686 [info] > git check-ignore -v -z --stdin [3ms]
2026-09-11 18:01:56.076 [info] > git check-ignore -v -z --stdin [4ms]
2026-09-11 18:01:57.051 [info] > git check-ignore -v -z --stdin [3ms]
2026-09-11 18:01:59.137 [info] > git config --get commit.template [3ms]
2026-09-11 18:01:59.156 [info] > git for-each-ref --format=%(refname)%00%(upstream:short)%00%(objectname)%00%(upstream:track)%00%(upstream:remotename)%00%(upstream:remoteref) refs/heads/main refs/remotes/main [6ms]
2026-09-11 18:01:59.176 [info] > git for-each-ref --sort -committerdate --format %(refname)%00%(objectname)%00%(*objectname) [1ms]
2026-09-11 18:01:59.182 [info] > git status -z -uall [18ms]
2026-09-11 18:02:04.222 [info] > git config --get commit.template [12ms]
2026-09-11 18:02:04.224 [info] > git for-each-ref --format=%(refname)%00%(upstream:short)%00%(objectname)%00%(upstream:track)%00%(upstream:remotename)%00%(upstream:remoteref) refs/heads/main refs/remotes/main [3ms]
2026-09-11 18:02:04.246 [info] > git for-each-ref --sort -committerdate --format %(refname)%00%(objectname)%00%(*objectname) [2ms]
2026-09-11 18:02:04.247 [info] > git status -z -uall [14ms]
2026-09-11 18:02:19.368 [info] > git check-ignore -v -z --stdin [3ms]
2026-09-11 18:02:21.265 [info] > git config --get commit.template [5ms]
2026-09-11 18:02:21.277 [info] > git for-each-ref --format=%(refname)%00%(upstream:short)%00%(objectname)%00%(upstream:track)%00%(upstream:remotename)%00%(upstream:remoteref) refs/heads/main refs/remotes/main [4ms]
2026-09-11 18:02:21.301 [info] > git status -z -uall [15ms]
2026-09-11 18:02:21.301 [info] > git for-each-ref --sort -committerdate --format %(refname)%00%(objectname)%00%(*objectname) [5ms]
2026-09-11 18:02:26.334 [info] > git config --get commit.template [9ms]
2026-09-11 18:02:26.335 [info] > git for-each-ref --format=%(refname)%00%(upstream:short)%00%(objectname)%00%(upstream:track)%00%(upstream:remotename)%00%(upstream:remoteref) refs/heads/main refs/remotes/main [2ms]
2026-09-11 18:02:26.354 [info] > git for-each-ref --sort -committerdate --format %(refname)%00%(objectname)%00%(*objectname) [3ms]
2026-09-11 18:02:26.357 [info] > git status -z -uall [13ms]
2026-09-11 18:04:58.978 [info] > git check-ignore -v -z --stdin [3ms]
2026-09-11 18:05:00.887 [info] > git config --get commit.template [16ms]
2026-09-11 18:05:00.889 [info] > git for-each-ref --format=%(refname)%00%(upstream:short)%00%(objectname)%00%(upstream:track)%00%(upstream:remotename)%00%(upstream:remoteref) refs/heads/main refs/remotes/main [3ms]
2026-09-11 18:05:00.926 [info] > git status -z -uall [20ms]
2026-09-11 18:05:00.928 [info] > git for-each-ref --sort -committerdate --format %(refname)%00%(objectname)%00%(*objectname) [6ms]
2026-09-11 18:05:05.990 [info] > git config --get commit.template [25ms]
2026-09-11 18:05:05.993 [info] > git for-each-ref --format=%(refname)%00%(upstream:short)%00%(objectname)%00%(upstream:track)%00%(upstream:remotename)%00%(upstream:remoteref) refs/heads/main refs/remotes/main [4ms]
2026-09-11 18:05:06.016 [info] > git for-each-ref --sort -committerdate --format %(refname)%00%(objectname)%00%(*objectname) [3ms]
2026-09-11 18:05:06.019 [info] > git status -z -uall [15ms]
2026-09-11 18:05:06.744 [info] > git check-ignore -v -z --stdin [3ms]
2026-09-11 18:05:07.826 [info] > git check-ignore -v -z --stdin [6ms]
2026-09-11 18:05:11.064 [info] > git config --get commit.template [2ms]
2026-09-11 18:05:11.100 [info] > git for-each-ref --format=%(refname)%00%(upstream:short)%00%(objectname)%00%(upstream:track)%00%(upstream:remotename)%00%(upstream:remoteref) refs/heads/main refs/remotes/main [23ms]
2026-09-11 18:05:11.163 [info] > git for-each-ref --sort -committerdate --format %(refname)%00%(objectname)%00%(*objectname) [8ms]
2026-09-11 18:05:11.216 [info] > git status -z -uall [88ms]
2026-09-11 18:05:40.025 [info] > git check-ignore -v -z --stdin [3ms]
2026-09-11 18:05:40.395 [info] > git check-ignore -v -z --stdin [3ms]
2026-09-11 18:05:41.109 [info] > git check-ignore -v -z --stdin [6ms]
2026-09-11 18:05:41.409 [info] > git check-ignore -v -z --stdin [5ms]
2026-09-11 18:05:41.707 [info] > git check-ignore -v -z --stdin [5ms]
2026-09-11 18:05:44.500 [info] > git config --get commit.template [10ms]
2026-09-11 18:05:44.503 [info] > git for-each-ref --format=%(refname)%00%(upstream:short)%00%(objectname)%00%(upstream:track)%00%(upstream:remotename)%00%(upstream:remoteref) refs/heads/main refs/remotes/main [4ms]
2026-09-11 18:05:44.526 [info] > git for-each-ref --sort -committerdate --format %(refname)%00%(objectname)%00%(*objectname) [3ms]
2026-09-11 18:05:44.532 [info] > git status -z -uall [19ms]
2026-09-11 18:05:50.940 [info] > git config --get commit.template [3ms]
2026-09-11 18:05:51.021 [info] > git for-each-ref --format=%(refname)%00%(upstream:short)%00%(objectname)%00%(upstream:track)%00%(upstream:remotename)%00%(upstream:remoteref) refs/heads/main refs/remotes/main [9ms]
2026-09-11 18:05:51.190 [info] > git status -z -uall [71ms]
2026-09-11 18:05:51.202 [info] > git for-each-ref --sort -committerdate --format %(refname)%00%(objectname)%00%(*objectname) [14ms]
2026-09-11 18:05:56.497 [info] > git config --get commit.template [148ms]
2026-09-11 18:05:56.600 [info] > git for-each-ref --format=%(refname)%00%(upstream:short)%00%(objectname)%00%(upstream:track)%00%(upstream:remotename)%00%(upstream:remoteref) refs/heads/main refs/remotes/main [35ms]
2026-09-11 18:05:56.742 [info] > git status -z -uall [79ms]
2026-09-11 18:05:56.744 [info] > git for-each-ref --sort -committerdate --format %(refname)%00%(objectname)%00%(*objectname) [42ms]
2026-09-11 18:06:30.226 [info] > git check-ignore -v -z --stdin [4ms]
2026-09-11 18:06:30.670 [info] > git check-ignore -v -z --stdin [3ms]
2026-09-11 18:06:32.592 [info] > git config --get commit.template [9ms]
2026-09-11 18:06:32.595 [info] > git for-each-ref --format=%(refname)%00%(upstream:short)%00%(objectname)%00%(upstream:track)%00%(upstream:remotename)%00%(upstream:remoteref) refs/heads/main refs/remotes/main [5ms]
2026-09-11 18:06:32.619 [info] > git status -z -uall [16ms]
2026-09-11 18:06:32.619 [info] > git for-each-ref --sort -committerdate --format %(refname)%00%(objectname)%00%(*objectname) [3ms]
2026-09-11 18:06:34.274 [info] > git check-ignore -v -z --stdin [3ms]
2026-09-11 18:06:37.659 [info] > git config --get commit.template [6ms]
2026-09-11 18:06:37.686 [info] > git for-each-ref --format=%(refname)%00%(upstream:short)%00%(objectname)%00%(upstream:track)%00%(upstream:remotename)%00%(upstream:remoteref) refs/heads/main refs/remotes/main [5ms]
2026-09-11 18:06:37.753 [info] > git status -z -uall [37ms]
2026-09-11 18:06:37.762 [info] > git for-each-ref --sort -committerdate --format %(refname)%00%(objectname)%00%(*objectname) [10ms]
2026-09-11 18:06:44.321 [info] > git check-ignore -v -z --stdin [2ms]
2026-09-11 18:06:44.785 [info] > git check-ignore -v -z --stdin [5ms]
2026-09-11 18:06:45.184 [info] > git check-ignore -v -z --stdin [2ms]
2026-09-11 18:06:45.452 [info] > git check-ignore -v -z --stdin [2ms]
2026-09-11 18:06:47.905 [info] > git config --get commit.template [49ms]
2026-09-11 18:06:47.906 [info] > git for-each-ref --format=%(refname)%00%(upstream:short)%00%(objectname)%00%(upstream:track)%00%(upstream:remotename)%00%(upstream:remoteref) refs/heads/main refs/remotes/main [15ms]
2026-09-11 18:06:47.998 [info] > git for-each-ref --sort -committerdate --format %(refname)%00%(objectname)%00%(*objectname) [9ms]
2026-09-11 18:06:48.018 [info] > git status -z -uall [60ms]
2026-09-11 18:06:53.190 [info] > git config --get commit.template [69ms]
2026-09-11 18:06:53.202 [info] > git for-each-ref --format=%(refname)%00%(upstream:short)%00%(objectname)%00%(upstream:track)%00%(upstream:remotename)%00%(upstream:remoteref) refs/heads/main refs/remotes/main [23ms]
2026-09-11 18:06:53.323 [info] > git status -z -uall [67ms]
2026-09-11 18:06:53.334 [info] > git for-each-ref --sort -committerdate --format %(refname)%00%(objectname)%00%(*objectname) [23ms]
