2026-09-19 16:59:32.113 [info] Name: yapf
2026-09-19 16:59:32.114 [info] Module: yapf
2026-09-19 16:59:32.114 [info] Python extension loading
2026-09-19 16:59:32.114 [info] Waiting for interpreter from python extension.
2026-09-19 16:59:32.114 [info] Python extension loaded
2026-09-19 16:59:32.114 [info] Server run command: /home/sadnane/Saad-Programming/saad-lab/bin/python /home/sadnane/.vscode-oss/extensions/eeyore.yapf-2026.1.108140646-universal/bundled/tool/lsp_server.py
2026-09-19 16:59:32.114 [info] Server: Start requested.
2026-09-19 16:59:33.878 [info] CWD Server: /home/sadnane/Saad-Programming
2026-09-19 16:59:33.883 [info] sys.path used to run Server:
   /home/sadnane/.vscode-oss/extensions/eeyore.yapf-2026.1.108140646-universal/bundled/libs
   /home/sadnane/.vscode-oss/extensions/eeyore.yapf-2026.1.108140646-universal/bundled/tool
   /usr/lib/python314.zip
   /usr/lib/python3.14
   /usr/lib/python3.14/lib-dynload
   /home/sadnane/Saad-Programming/saad-lab/lib/python3.14/site-packages
   /home/sadnane/.vscode-oss/extensions/eeyore.yapf-2026.1.108140646-universal/bundled/tool-libs
2026-09-19 16:59:33.886 [info] Settings used to run Server:
[
    {
        "cwd": "/home/sadnane/Saad-Programming",
        "workspace": "file:///home/sadnane/Saad-Programming",
        "args": [],
        "path": [],
        "interpreter": [
            "/home/sadnane/Saad-Programming/saad-lab/bin/python"
        ],
        "importStrategy": "fromEnvironment",
        "showNotifications": "off",
        "showDebugLog": false,
        "cellMagics": []
    }
]

2026-09-19 16:59:33.897 [info] Global settings:
{
    "cwd": "/home/sadnane",
    "workspace": "/home/sadnane",
    "args": [],
    "path": [],
    "interpreter": [],
    "importStrategy": "fromEnvironment",
    "showNotifications": "off",
    "showDebugLog": false,
    "cellMagics": []
}

2026-09-19 17:00:00.107 [info] [Trace - 5:00:00 PM] Sending notification 'textDocument/didOpen'.
2026-09-19 17:00:12.095 [info] [Trace - 5:00:12 PM] Sending notification 'textDocument/didChange'.
2026-09-19 17:00:12.896 [info] [Trace - 5:00:12 PM] Sending notification 'textDocument/didChange'.
2026-09-19 17:00:23.142 [info] [Trace - 5:00:23 PM] Sending notification 'textDocument/didChange'.
2026-09-19 17:00:24.683 [info] [Trace - 5:00:24 PM] Sending notification 'textDocument/didChange'.
2026-09-19 17:00:26.604 [info] [Trace - 5:00:26 PM] Sending notification 'textDocument/didChange'.
2026-09-19 17:00:39.872 [info] [Trace - 5:00:39 PM] Sending notification 'textDocument/didChange'.
2026-09-19 17:00:40.055 [info] [Trace - 5:00:40 PM] Sending notification 'textDocument/didChange'.
2026-09-19 17:00:40.280 [info] [Trace - 5:00:40 PM] Sending notification 'textDocument/didChange'.
2026-09-19 17:00:40.460 [info] [Trace - 5:00:40 PM] Sending notification 'textDocument/didChange'.
2026-09-19 17:00:41.629 [info] [Trace - 5:00:41 PM] Sending notification 'textDocument/didChange'.
2026-09-19 17:00:42.757 [info] [Trace - 5:00:42 PM] Sending notification 'textDocument/didChange'.
2026-09-19 17:00:42.936 [info] [Trace - 5:00:42 PM] Sending notification 'textDocument/didChange'.
2026-09-19 17:00:43.807 [info] [Trace - 5:00:43 PM] Sending notification 'textDocument/didChange'.
2026-09-19 17:00:44.613 [info] [Trace - 5:00:44 PM] Sending notification 'textDocument/didChange'.
2026-09-19 17:00:45.054 [info] [Trace - 5:00:45 PM] Sending notification 'textDocument/didChange'.
2026-09-19 17:00:45.252 [info] [Trace - 5:00:45 PM] Sending notification 'textDocument/didChange'.
2026-09-19 17:00:45.462 [info] [Trace - 5:00:45 PM] Sending notification 'textDocument/didChange'.
2026-09-19 17:00:47.716 [info] [Trace - 5:00:47 PM] Sending notification 'textDocument/didChange'.
2026-09-19 17:00:48.387 [info] [Trace - 5:00:48 PM] Sending notification 'textDocument/didChange'.
2026-09-19 17:00:49.052 [info] [Trace - 5:00:49 PM] Sending notification 'textDocument/didChange'.
2026-09-19 17:00:49.428 [info] [Trace - 5:00:49 PM] Sending notification 'textDocument/didChange'.
2026-09-19 17:00:49.954 [info] [Trace - 5:00:49 PM] Sending notification 'textDocument/didChange'.
2026-09-19 17:00:50.374 [info] [Trace - 5:00:50 PM] Sending notification 'textDocument/didChange'.
2026-09-19 17:00:50.681 [info] [Trace - 5:00:50 PM] Sending notification 'textDocument/didChange'.
2026-09-19 17:00:51.327 [info] [Trace - 5:00:51 PM] Sending notification 'textDocument/didChange'.
2026-09-19 17:00:52.250 [info] [Trace - 5:00:52 PM] Sending notification 'textDocument/didChange'.
2026-09-19 17:00:52.415 [info] [Trace - 5:00:52 PM] Sending notification 'textDocument/didChange'.
2026-09-19 17:00:52.531 [info] [Trace - 5:00:52 PM] Sending notification 'textDocument/didChange'.
2026-09-19 17:00:53.792 [info] [Trace - 5:00:53 PM] Sending notification 'textDocument/didChange'.
2026-09-19 17:00:54.491 [info] [Trace - 5:00:54 PM] Sending notification 'textDocument/didChange'.
2026-09-19 17:00:55.371 [info] [Trace - 5:00:55 PM] Sending notification 'textDocument/didChange'.
2026-09-19 17:01:09.441 [info] [Trace - 5:01:09 PM] Sending notification 'textDocument/didChange'.
2026-09-19 17:01:09.717 [info] [Trace - 5:01:09 PM] Sending notification 'textDocument/didChange'.
2026-09-19 17:01:09.857 [info] [Trace - 5:01:09 PM] Sending notification 'textDocument/didChange'.
2026-09-19 17:01:10.115 [info] [Trace - 5:01:10 PM] Sending notification 'textDocument/didChange'.
2026-09-19 17:01:10.883 [info] [Trace - 5:01:10 PM] Sending notification 'textDocument/didChange'.
2026-09-19 17:01:11.594 [info] [Trace - 5:01:11 PM] Sending notification 'textDocument/didChange'.
2026-09-19 17:01:12.488 [info] [Trace - 5:01:12 PM] Sending notification 'textDocument/didChange'.
2026-09-19 17:01:12.659 [info] [Trace - 5:01:12 PM] Sending notification 'textDocument/didChange'.
2026-09-19 17:01:16.883 [info] [Trace - 5:01:16 PM] Sending notification 'textDocument/didChange'.
2026-09-19 17:01:17.142 [info] [Trace - 5:01:17 PM] Sending notification 'textDocument/didChange'.
2026-09-19 17:01:17.331 [info] [Trace - 5:01:17 PM] Sending notification 'textDocument/didChange'.
2026-09-19 17:01:17.507 [info] [Trace - 5:01:17 PM] Sending notification 'textDocument/didChange'.
2026-09-19 17:01:17.715 [info] [Trace - 5:01:17 PM] Sending notification 'textDocument/didChange'.
2026-09-19 17:01:18.495 [info] [Trace - 5:01:18 PM] Sending notification 'textDocument/didChange'.
2026-09-19 17:01:18.930 [info] [Trace - 5:01:18 PM] Sending notification 'textDocument/didChange'.
2026-09-19 17:01:19.070 [info] [Trace - 5:01:19 PM] Sending notification 'textDocument/didChange'.
2026-09-19 17:01:33.998 [info] [Trace - 5:01:33 PM] Sending notification 'textDocument/didChange'.
2026-09-19 17:01:34.427 [info] [Trace - 5:01:34 PM] Sending notification 'textDocument/didChange'.
2026-09-19 17:02:13.473 [info] [Trace - 5:02:13 PM] Sending notification 'textDocument/didChange'.
2026-09-19 17:02:13.673 [info] [Trace - 5:02:13 PM] Sending notification 'textDocument/didChange'.
2026-09-19 17:02:13.885 [info] [Trace - 5:02:13 PM] Sending notification 'textDocument/didChange'.
2026-09-19 17:02:15.077 [info] [Trace - 5:02:15 PM] Sending notification 'textDocument/didChange'.
2026-09-19 17:02:32.956 [info] [Trace - 5:02:32 PM] Sending notification 'textDocument/didChange'.
2026-09-19 17:02:33.035 [info] [Trace - 5:02:33 PM] Sending notification 'textDocument/didChange'.
2026-09-19 17:02:34.316 [info] [Trace - 5:02:34 PM] Sending notification 'textDocument/didChange'.
2026-09-19 17:02:35.044 [info] [Trace - 5:02:35 PM] Sending notification 'textDocument/didChange'.
2026-09-19 17:08:14.145 [info] [Trace - 5:08:14 PM] Sending notification 'textDocument/didOpen'.
2026-09-19 17:09:13.116 [info] [Trace - 5:09:13 PM] Sending notification 'textDocument/didChange'.
2026-09-19 17:09:19.709 [info] [Trace - 5:09:19 PM] Sending notification 'textDocument/didChange'.
2026-09-19 17:09:19.847 [info] [Trace - 5:09:19 PM] Sending notification 'textDocument/didChange'.
2026-09-19 17:09:19.994 [info] [Trace - 5:09:19 PM] Sending notification 'textDocument/didChange'.
2026-09-19 17:09:20.451 [info] [Trace - 5:09:20 PM] Sending notification 'textDocument/didChange'.
2026-09-19 17:09:20.553 [info] [Trace - 5:09:20 PM] Sending notification 'textDocument/didChange'.
2026-09-19 17:09:21.336 [info] [Trace - 5:09:21 PM] Sending notification 'textDocument/didChange'.
2026-09-19 17:09:22.293 [info] [Trace - 5:09:22 PM] Sending notification 'textDocument/didChange'.
2026-09-19 17:09:22.735 [info] [Trace - 5:09:22 PM] Sending notification 'textDocument/didChange'.
2026-09-19 17:09:22.928 [info] [Trace - 5:09:22 PM] Sending notification 'textDocument/didChange'.
2026-09-19 17:09:23.090 [info] [Trace - 5:09:23 PM] Sending notification 'textDocument/didChange'.
2026-09-19 17:09:23.251 [info] [Trace - 5:09:23 PM] Sending notification 'textDocument/didChange'.
2026-09-19 17:09:23.704 [info] [Trace - 5:09:23 PM] Sending notification 'textDocument/didChange'.
2026-09-19 17:09:24.139 [info] [Trace - 5:09:24 PM] Sending notification 'textDocument/didChange'.
2026-09-19 17:09:24.315 [info] [Trace - 5:09:24 PM] Sending notification 'textDocument/didChange'.
2026-09-19 17:09:24.650 [info] [Trace - 5:09:24 PM] Sending notification 'textDocument/didChange'.
2026-09-19 17:09:24.838 [info] [Trace - 5:09:24 PM] Sending notification 'textDocument/didChange'.
2026-09-19 17:09:25.103 [info] [Trace - 5:09:25 PM] Sending notification 'textDocument/didChange'.
2026-09-19 17:09:25.349 [info] [Trace - 5:09:25 PM] Sending notification 'textDocument/didChange'.
2026-09-19 17:09:25.715 [info] [Trace - 5:09:25 PM] Sending notification 'textDocument/didChange'.
2026-09-19 17:09:26.551 [info] [Trace - 5:09:26 PM] Sending notification 'textDocument/didChange'.
2026-09-19 17:13:46.099 [info] [Trace - 5:13:46 PM] Sending notification 'textDocument/didChange'.
2026-09-19 17:13:46.292 [info] [Trace - 5:13:46 PM] Sending notification 'textDocument/didChange'.
2026-09-19 17:13:46.449 [info] [Trace - 5:13:46 PM] Sending notification 'textDocument/didChange'.
2026-09-19 17:13:46.616 [info] [Trace - 5:13:46 PM] Sending notification 'textDocument/didChange'.
2026-09-19 17:13:46.802 [info] [Trace - 5:13:46 PM] Sending notification 'textDocument/didChange'.
2026-09-19 17:13:47.168 [info] [Trace - 5:13:47 PM] Sending notification 'textDocument/didChange'.
2026-09-19 17:13:47.302 [info] [Trace - 5:13:47 PM] Sending notification 'textDocument/didChange'.
2026-09-19 17:13:47.782 [info] [Trace - 5:13:47 PM] Sending notification 'textDocument/didChange'.
2026-09-19 17:13:48.910 [info] [Trace - 5:13:48 PM] Sending notification 'textDocument/didChange'.
2026-09-19 17:13:49.141 [info] [Trace - 5:13:49 PM] Sending notification 'textDocument/didChange'.
2026-09-19 17:13:49.378 [info] [Trace - 5:13:49 PM] Sending notification 'textDocument/didChange'.
2026-09-19 17:13:49.750 [info] [Trace - 5:13:49 PM] Sending notification 'textDocument/didChange'.
2026-09-19 17:13:49.804 [info] [Trace - 5:13:49 PM] Sending notification 'textDocument/didChange'.
2026-09-19 17:13:50.030 [info] [Trace - 5:13:50 PM] Sending notification 'textDocument/didChange'.
2026-09-19 17:13:50.316 [info] [Trace - 5:13:50 PM] Sending notification 'textDocument/didChange'.
2026-09-19 17:14:01.508 [info] [Trace - 5:14:01 PM] Sending notification 'textDocument/didChange'.
2026-09-19 17:14:02.726 [info] [Trace - 5:14:02 PM] Sending notification 'textDocument/didChange'.
2026-09-19 17:14:03.421 [info] [Trace - 5:14:03 PM] Sending notification 'textDocument/didChange'.
2026-09-19 17:14:05.313 [info] [Trace - 5:14:05 PM] Sending notification 'textDocument/didChange'.
2026-09-19 17:14:05.516 [info] [Trace - 5:14:05 PM] Sending notification 'textDocument/didChange'.
2026-09-19 17:14:05.940 [info] [Trace - 5:14:05 PM] Sending notification 'textDocument/didChange'.
2026-09-19 17:14:06.106 [info] [Trace - 5:14:06 PM] Sending notification 'textDocument/didChange'.
2026-09-19 17:14:06.282 [info] [Trace - 5:14:06 PM] Sending notification 'textDocument/didChange'.
2026-09-19 17:14:06.786 [info] [Trace - 5:14:06 PM] Sending notification 'textDocument/didChange'.
2026-09-19 17:14:08.634 [info] [Trace - 5:14:08 PM] Sending notification 'textDocument/didChange'.
2026-09-19 17:14:09.526 [info] [Trace - 5:14:09 PM] Sending notification 'textDocument/didChange'.
2026-09-19 17:14:09.790 [info] [Trace - 5:14:09 PM] Sending notification 'textDocument/didChange'.
2026-09-19 17:14:10.351 [info] [Trace - 5:14:10 PM] Sending notification 'textDocument/didChange'.
2026-09-19 17:14:10.528 [info] [Trace - 5:14:10 PM] Sending notification 'textDocument/didChange'.
2026-09-19 17:14:11.206 [info] [Trace - 5:14:11 PM] Sending notification 'textDocument/didChange'.
2026-09-19 17:14:11.272 [info] [Trace - 5:14:11 PM] Sending notification 'textDocument/didChange'.
2026-09-19 17:14:12.606 [info] [Trace - 5:14:12 PM] Sending notification 'textDocument/didChange'.
2026-09-19 17:14:12.766 [info] [Trace - 5:14:12 PM] Sending notification 'textDocument/didChange'.
2026-09-19 17:14:14.515 [info] [Trace - 5:14:14 PM] Sending notification 'textDocument/didChange'.
2026-09-19 17:14:14.663 [info] [Trace - 5:14:14 PM] Sending notification 'textDocument/didChange'.
2026-09-19 17:14:18.179 [info] [Trace - 5:14:18 PM] Sending notification 'textDocument/didChange'.
2026-09-19 17:14:18.270 [info] [Trace - 5:14:18 PM] Sending notification 'textDocument/didChange'.
2026-09-19 17:14:18.545 [info] [Trace - 5:14:18 PM] Sending notification 'textDocument/didChange'.
2026-09-19 17:14:18.639 [info] [Trace - 5:14:18 PM] Sending notification 'textDocument/didChange'.
2026-09-19 17:14:19.954 [info] [Trace - 5:14:19 PM] Sending notification 'textDocument/didChange'.
2026-09-19 17:14:20.158 [info] [Trace - 5:14:20 PM] Sending notification 'textDocument/didChange'.
2026-09-19 17:14:20.400 [info] [Trace - 5:14:20 PM] Sending notification 'textDocument/didChange'.
2026-09-19 17:14:20.532 [info] [Trace - 5:14:20 PM] Sending notification 'textDocument/didChange'.
2026-09-19 17:14:20.761 [info] [Trace - 5:14:20 PM] Sending notification 'textDocument/didChange'.
2026-09-19 17:14:21.346 [info] [Trace - 5:14:21 PM] Sending notification 'textDocument/didChange'.
2026-09-19 17:14:21.409 [info] [Trace - 5:14:21 PM] Sending notification 'textDocument/didChange'.
2026-09-19 17:14:21.454 [info] [Trace - 5:14:21 PM] Sending notification 'textDocument/didChange'.
2026-09-19 17:14:21.595 [info] [Trace - 5:14:21 PM] Sending notification 'textDocument/didChange'.
2026-09-19 17:14:21.845 [info] [Trace - 5:14:21 PM] Sending notification 'textDocument/didChange'.
2026-09-19 17:14:21.869 [info] [Trace - 5:14:21 PM] Sending notification 'textDocument/didChange'.
2026-09-19 17:14:22.067 [info] [Trace - 5:14:22 PM] Sending notification 'textDocument/didChange'.
2026-09-19 17:14:23.082 [info] [Trace - 5:14:23 PM] Sending notification 'textDocument/didChange'.
2026-09-19 17:14:24.299 [info] [Trace - 5:14:24 PM] Sending notification 'textDocument/didChange'.
2026-09-19 17:14:29.355 [info] [Trace - 5:14:29 PM] Sending notification 'textDocument/didChange'.
2026-09-19 17:14:29.997 [info] [Trace - 5:14:29 PM] Sending notification 'textDocument/didChange'.
2026-09-19 17:14:30.137 [info] [Trace - 5:14:30 PM] Sending notification 'textDocument/didChange'.
2026-09-19 17:14:30.250 [info] [Trace - 5:14:30 PM] Sending notification 'textDocument/didChange'.
2026-09-19 17:14:30.444 [info] [Trace - 5:14:30 PM] Sending notification 'textDocument/didChange'.
2026-09-19 17:14:30.844 [info] [Trace - 5:14:30 PM] Sending notification 'textDocument/didChange'.
2026-09-19 17:14:32.773 [info] [Trace - 5:14:32 PM] Sending notification 'textDocument/didChange'.
2026-09-19 17:14:33.399 [info] [Trace - 5:14:33 PM] Sending notification 'textDocument/didChange'.
2026-09-19 17:14:33.735 [info] [Trace - 5:14:33 PM] Sending notification 'textDocument/didChange'.
2026-09-19 17:14:34.829 [info] [Trace - 5:14:34 PM] Sending notification 'textDocument/didChange'.
2026-09-19 17:14:35.146 [info] [Trace - 5:14:35 PM] Sending notification 'textDocument/didChange'.
2026-09-19 17:14:35.270 [info] [Trace - 5:14:35 PM] Sending notification 'textDocument/didChange'.
2026-09-19 17:14:35.413 [info] [Trace - 5:14:35 PM] Sending notification 'textDocument/didChange'.
2026-09-19 17:14:45.840 [info] [Trace - 5:14:45 PM] Sending notification 'textDocument/didChange'.
2026-09-19 17:14:46.998 [info] [Trace - 5:14:46 PM] Sending notification 'textDocument/didChange'.
2026-09-19 17:14:49.351 [info] [Trace - 5:14:49 PM] Sending notification 'textDocument/didChange'.
2026-09-19 17:14:49.691 [info] [Trace - 5:14:49 PM] Sending notification 'textDocument/didChange'.
2026-09-19 17:14:51.747 [info] [Trace - 5:14:51 PM] Sending notification 'textDocument/didChange'.
2026-09-19 17:15:00.061 [info] [Trace - 5:15:00 PM] Sending notification 'textDocument/didChange'.
2026-09-19 17:15:00.567 [info] [Trace - 5:15:00 PM] Sending notification 'textDocument/didChange'.
2026-09-19 17:15:00.788 [info] [Trace - 5:15:00 PM] Sending notification 'textDocument/didChange'.
2026-09-19 17:15:00.944 [info] [Trace - 5:15:00 PM] Sending notification 'textDocument/didChange'.
2026-09-19 17:15:01.086 [info] [Trace - 5:15:01 PM] Sending notification 'textDocument/didChange'.
2026-09-19 17:15:01.725 [info] [Trace - 5:15:01 PM] Sending notification 'textDocument/didChange'.
2026-09-19 17:15:01.866 [info] [Trace - 5:15:01 PM] Sending notification 'textDocument/didChange'.
2026-09-19 17:15:02.011 [info] [Trace - 5:15:02 PM] Sending notification 'textDocument/didChange'.
2026-09-19 17:15:02.512 [info] [Trace - 5:15:02 PM] Sending notification 'textDocument/didChange'.
2026-09-19 17:15:03.387 [info] [Trace - 5:15:03 PM] Sending notification 'textDocument/didChange'.
2026-09-19 17:15:06.097 [info] [Trace - 5:15:06 PM] Sending notification 'textDocument/didChange'.
2026-09-19 17:15:06.359 [info] [Trace - 5:15:06 PM] Sending notification 'textDocument/didChange'.
2026-09-19 17:15:06.453 [info] [Trace - 5:15:06 PM] Sending notification 'textDocument/didChange'.
2026-09-19 17:15:06.977 [info] [Trace - 5:15:06 PM] Sending notification 'textDocument/didChange'.
2026-09-19 17:15:08.015 [info] [Trace - 5:15:08 PM] Sending notification 'textDocument/didChange'.
2026-09-19 17:15:08.353 [info] [Trace - 5:15:08 PM] Sending notification 'textDocument/didChange'.
2026-09-19 17:15:08.534 [info] [Trace - 5:15:08 PM] Sending notification 'textDocument/didChange'.
2026-09-19 17:15:08.864 [info] [Trace - 5:15:08 PM] Sending notification 'textDocument/didChange'.
2026-09-19 17:15:33.172 [info] [Trace - 5:15:33 PM] Sending notification 'textDocument/didChange'.
2026-09-19 17:15:33.471 [info] [Trace - 5:15:33 PM] Sending notification 'textDocument/didChange'.
2026-09-19 17:15:33.658 [info] [Trace - 5:15:33 PM] Sending notification 'textDocument/didChange'.
2026-09-19 17:15:34.425 [info] [Trace - 5:15:34 PM] Sending notification 'textDocument/didChange'.
2026-09-19 17:15:34.759 [info] [Trace - 5:15:34 PM] Sending notification 'textDocument/didChange'.
2026-09-19 17:15:34.873 [info] [Trace - 5:15:34 PM] Sending notification 'textDocument/didChange'.
2026-09-19 17:15:35.065 [info] [Trace - 5:15:35 PM] Sending notification 'textDocument/didChange'.
2026-09-19 17:15:35.388 [info] [Trace - 5:15:35 PM] Sending notification 'textDocument/didChange'.
2026-09-19 17:15:35.566 [info] [Trace - 5:15:35 PM] Sending notification 'textDocument/didChange'.
2026-09-19 17:15:48.807 [info] [Trace - 5:15:48 PM] Sending notification 'textDocument/didChange'.
2026-09-19 17:15:49.033 [info] [Trace - 5:15:49 PM] Sending notification 'textDocument/didChange'.
2026-09-19 17:15:49.279 [info] [Trace - 5:15:49 PM] Sending notification 'textDocument/didChange'.
2026-09-19 17:15:49.410 [info] [Trace - 5:15:49 PM] Sending notification 'textDocument/didChange'.
2026-09-19 17:15:50.355 [info] [Trace - 5:15:50 PM] Sending notification 'textDocument/didChange'.
2026-09-19 17:15:50.542 [info] [Trace - 5:15:50 PM] Sending notification 'textDocument/didChange'.
2026-09-19 17:15:50.849 [info] [Trace - 5:15:50 PM] Sending notification 'textDocument/didChange'.
2026-09-19 17:15:51.476 [info] [Trace - 5:15:51 PM] Sending notification 'textDocument/didChange'.
2026-09-19 17:15:51.972 [info] [Trace - 5:15:51 PM] Sending notification 'textDocument/didChange'.
2026-09-19 17:15:52.207 [info] [Trace - 5:15:52 PM] Sending notification 'textDocument/didChange'.
2026-09-19 17:15:52.430 [info] [Trace - 5:15:52 PM] Sending notification 'textDocument/didChange'.
2026-09-19 17:15:56.161 [info] [Trace - 5:15:56 PM] Sending notification 'textDocument/didChange'.
2026-09-19 17:15:57.097 [info] [Trace - 5:15:57 PM] Sending notification 'textDocument/didChange'.
2026-09-19 17:16:02.497 [info] [Trace - 5:16:02 PM] Sending notification 'textDocument/didChange'.
2026-09-19 17:16:04.358 [info] [Trace - 5:16:04 PM] Sending notification 'textDocument/didChange'.
2026-09-19 17:16:04.634 [info] [Trace - 5:16:04 PM] Sending notification 'textDocument/didChange'.
2026-09-19 17:16:29.181 [info] [Trace - 5:16:29 PM] Sending notification 'textDocument/didChange'.
2026-09-19 17:16:29.795 [info] [Trace - 5:16:29 PM] Sending notification 'textDocument/didChange'.
2026-09-19 17:16:30.027 [info] [Trace - 5:16:30 PM] Sending notification 'textDocument/didChange'.
2026-09-19 17:16:31.684 [info] [Trace - 5:16:31 PM] Sending notification 'textDocument/didChange'.
2026-09-19 17:16:34.037 [info] [Trace - 5:16:34 PM] Sending notification 'textDocument/didChange'.
2026-09-19 17:16:34.315 [info] [Trace - 5:16:34 PM] Sending notification 'textDocument/didChange'.
2026-09-19 17:16:34.860 [info] [Trace - 5:16:34 PM] Sending notification 'textDocument/didChange'.
2026-09-19 17:16:35.062 [info] [Trace - 5:16:35 PM] Sending notification 'textDocument/didChange'.
2026-09-19 17:16:35.229 [info] [Trace - 5:16:35 PM] Sending notification 'textDocument/didChange'.
2026-09-19 17:16:36.287 [info] [Trace - 5:16:36 PM] Sending notification 'textDocument/didChange'.
2026-09-19 17:16:36.556 [info] [Trace - 5:16:36 PM] Sending notification 'textDocument/didChange'.
2026-09-19 17:16:37.006 [info] [Trace - 5:16:37 PM] Sending notification 'textDocument/didChange'.
2026-09-19 17:16:37.213 [info] [Trace - 5:16:37 PM] Sending notification 'textDocument/didChange'.
2026-09-19 17:16:37.522 [info] [Trace - 5:16:37 PM] Sending notification 'textDocument/didChange'.
2026-09-19 17:16:37.732 [info] [Trace - 5:16:37 PM] Sending notification 'textDocument/didChange'.
2026-09-19 17:16:38.070 [info] [Trace - 5:16:38 PM] Sending notification 'textDocument/didChange'.
2026-09-19 17:16:38.694 [info] [Trace - 5:16:38 PM] Sending notification 'textDocument/didChange'.
2026-09-19 17:16:39.255 [info] [Trace - 5:16:39 PM] Sending notification 'textDocument/didChange'.
2026-09-19 17:16:39.665 [info] [Trace - 5:16:39 PM] Sending notification 'textDocument/didChange'.
2026-09-19 17:16:40.064 [info] [Trace - 5:16:40 PM] Sending notification 'textDocument/didChange'.
2026-09-19 17:16:40.220 [info] [Trace - 5:16:40 PM] Sending notification 'textDocument/didChange'.
2026-09-19 17:16:40.320 [info] [Trace - 5:16:40 PM] Sending notification 'textDocument/didChange'.
2026-09-19 17:16:40.517 [info] [Trace - 5:16:40 PM] Sending notification 'textDocument/didChange'.
2026-09-19 17:16:40.703 [info] [Trace - 5:16:40 PM] Sending notification 'textDocument/didChange'.
2026-09-19 17:16:40.889 [info] [Trace - 5:16:40 PM] Sending notification 'textDocument/didChange'.
2026-09-19 17:16:41.203 [info] [Trace - 5:16:41 PM] Sending notification 'textDocument/didChange'.
2026-09-19 17:16:41.495 [info] [Trace - 5:16:41 PM] Sending notification 'textDocument/didChange'.
2026-09-19 17:16:41.735 [info] [Trace - 5:16:41 PM] Sending notification 'textDocument/didChange'.
2026-09-19 17:16:42.561 [info] [Trace - 5:16:42 PM] Sending notification 'textDocument/didChange'.
2026-09-19 17:16:43.401 [info] [Trace - 5:16:43 PM] Sending notification 'textDocument/didChange'.
2026-09-19 17:16:43.687 [info] [Trace - 5:16:43 PM] Sending notification 'textDocument/didChange'.
2026-09-19 17:16:43.866 [info] [Trace - 5:16:43 PM] Sending notification 'textDocument/didChange'.
2026-09-19 17:16:43.987 [info] [Trace - 5:16:43 PM] Sending notification 'textDocument/didChange'.
2026-09-19 17:16:44.125 [info] [Trace - 5:16:44 PM] Sending notification 'textDocument/didChange'.
2026-09-19 17:16:44.281 [info] [Trace - 5:16:44 PM] Sending notification 'textDocument/didChange'.
2026-09-19 17:16:46.318 [info] [Trace - 5:16:46 PM] Sending notification 'textDocument/didChange'.
2026-09-19 17:16:46.520 [info] [Trace - 5:16:46 PM] Sending notification 'textDocument/didChange'.
2026-09-19 17:16:46.669 [info] [Trace - 5:16:46 PM] Sending notification 'textDocument/didChange'.
2026-09-19 17:16:46.770 [info] [Trace - 5:16:46 PM] Sending notification 'textDocument/didChange'.
2026-09-19 17:16:47.952 [info] [Trace - 5:16:47 PM] Sending notification 'textDocument/didChange'.
2026-09-19 17:16:48.433 [info] [Trace - 5:16:48 PM] Sending notification 'textDocument/didChange'.
2026-09-19 17:16:49.399 [info] [Trace - 5:16:49 PM] Sending notification 'textDocument/didChange'.
2026-09-19 17:16:49.973 [info] [Trace - 5:16:49 PM] Sending notification 'textDocument/didChange'.
2026-09-19 17:16:58.872 [info] [Trace - 5:16:58 PM] Sending notification 'textDocument/didChange'.
2026-09-19 17:17:22.389 [info] [Trace - 5:17:22 PM] Sending notification 'textDocument/didChange'.
2026-09-19 17:17:34.504 [info] [Trace - 5:17:34 PM] Sending notification 'textDocument/didChange'.
2026-09-19 17:17:41.498 [info] [Trace - 5:17:41 PM] Sending notification 'textDocument/didChange'.
2026-09-19 17:17:41.908 [info] [Trace - 5:17:41 PM] Sending notification 'textDocument/didChange'.
2026-09-19 17:17:42.804 [info] [Trace - 5:17:42 PM] Sending notification 'textDocument/didChange'.
2026-09-19 17:17:42.949 [info] [Trace - 5:17:42 PM] Sending notification 'textDocument/didChange'.
2026-09-19 17:17:44.462 [info] [Trace - 5:17:44 PM] Sending notification 'textDocument/didChange'.
2026-09-19 17:17:45.535 [info] [Trace - 5:17:45 PM] Sending notification 'textDocument/didChange'.
2026-09-19 17:17:46.083 [info] [Trace - 5:17:46 PM] Sending notification 'textDocument/didChange'.
2026-09-19 17:17:46.223 [info] [Trace - 5:17:46 PM] Sending notification 'textDocument/didChange'.
2026-09-19 17:17:46.451 [info] [Trace - 5:17:46 PM] Sending notification 'textDocument/didChange'.
2026-09-19 17:17:46.546 [info] [Trace - 5:17:46 PM] Sending notification 'textDocument/didChange'.
2026-09-19 17:17:47.421 [info] [Trace - 5:17:47 PM] Sending notification 'textDocument/didChange'.
2026-09-19 17:17:47.823 [info] [Trace - 5:17:47 PM] Sending notification 'textDocument/didChange'.
2026-09-19 17:17:47.980 [info] [Trace - 5:17:47 PM] Sending notification 'textDocument/didChange'.
2026-09-19 17:17:48.937 [info] [Trace - 5:17:48 PM] Sending notification 'textDocument/didChange'.
2026-09-19 17:17:49.987 [info] [Trace - 5:17:49 PM] Sending notification 'textDocument/didChange'.
2026-09-19 17:17:50.279 [info] [Trace - 5:17:50 PM] Sending notification 'textDocument/didChange'.
2026-09-19 17:17:50.472 [info] [Trace - 5:17:50 PM] Sending notification 'textDocument/didChange'.
2026-09-19 17:17:50.683 [info] [Trace - 5:17:50 PM] Sending notification 'textDocument/didChange'.
2026-09-19 17:17:50.861 [info] [Trace - 5:17:50 PM] Sending notification 'textDocument/didChange'.
2026-09-19 17:17:51.006 [info] [Trace - 5:17:51 PM] Sending notification 'textDocument/didChange'.
2026-09-19 17:17:51.255 [info] [Trace - 5:17:51 PM] Sending notification 'textDocument/didChange'.
2026-09-19 17:17:51.594 [info] [Trace - 5:17:51 PM] Sending notification 'textDocument/didChange'.
2026-09-19 17:17:51.868 [info] [Trace - 5:17:51 PM] Sending notification 'textDocument/didChange'.
2026-09-19 17:17:52.170 [info] [Trace - 5:17:52 PM] Sending notification 'textDocument/didChange'.
2026-09-19 17:17:52.586 [info] [Trace - 5:17:52 PM] Sending notification 'textDocument/didChange'.
2026-09-19 17:17:52.738 [info] [Trace - 5:17:52 PM] Sending notification 'textDocument/didChange'.
2026-09-19 17:17:52.954 [info] [Trace - 5:17:52 PM] Sending notification 'textDocument/didChange'.
2026-09-19 17:17:53.517 [info] [Trace - 5:17:53 PM] Sending notification 'textDocument/didChange'.
2026-09-19 17:17:53.960 [info] [Trace - 5:17:53 PM] Sending notification 'textDocument/didChange'.
2026-09-19 17:17:54.130 [info] [Trace - 5:17:54 PM] Sending notification 'textDocument/didChange'.
2026-09-19 17:17:54.285 [info] [Trace - 5:17:54 PM] Sending notification 'textDocument/didChange'.
2026-09-19 17:18:05.272 [info] [Trace - 5:18:05 PM] Sending notification 'textDocument/didChange'.
2026-09-19 17:18:09.071 [info] [Trace - 5:18:09 PM] Sending notification 'textDocument/didChange'.
2026-09-19 17:18:09.214 [info] [Trace - 5:18:09 PM] Sending notification 'textDocument/didChange'.
2026-09-19 17:18:09.423 [info] [Trace - 5:18:09 PM] Sending notification 'textDocument/didChange'.
2026-09-19 17:18:09.541 [info] [Trace - 5:18:09 PM] Sending notification 'textDocument/didChange'.
2026-09-19 17:18:10.526 [info] [Trace - 5:18:10 PM] Sending notification 'textDocument/didChange'.
2026-09-19 17:18:10.907 [info] [Trace - 5:18:10 PM] Sending notification 'textDocument/didChange'.
2026-09-19 17:18:12.473 [info] [Trace - 5:18:12 PM] Sending notification 'textDocument/didChange'.
2026-09-19 17:18:12.748 [info] [Trace - 5:18:12 PM] Sending notification 'textDocument/didChange'.
2026-09-19 17:18:13.045 [info] [Trace - 5:18:13 PM] Sending notification 'textDocument/didChange'.
2026-09-19 17:18:13.331 [info] [Trace - 5:18:13 PM] Sending notification 'textDocument/didChange'.
2026-09-19 17:18:13.721 [info] [Trace - 5:18:13 PM] Sending notification 'textDocument/didChange'.
2026-09-19 17:18:13.888 [info] [Trace - 5:18:13 PM] Sending notification 'textDocument/didChange'.
2026-09-19 17:18:14.379 [info] [Trace - 5:18:14 PM] Sending notification 'textDocument/didChange'.
2026-09-19 17:18:14.732 [info] [Trace - 5:18:14 PM] Sending notification 'textDocument/didChange'.
2026-09-19 17:18:14.917 [info] [Trace - 5:18:14 PM] Sending notification 'textDocument/didChange'.
2026-09-19 17:18:15.120 [info] [Trace - 5:18:15 PM] Sending notification 'textDocument/didChange'.
2026-09-19 17:18:15.308 [info] [Trace - 5:18:15 PM] Sending notification 'textDocument/didChange'.
2026-09-19 17:18:15.507 [info] [Trace - 5:18:15 PM] Sending notification 'textDocument/didChange'.
2026-09-19 17:18:15.729 [info] [Trace - 5:18:15 PM] Sending notification 'textDocument/didChange'.
2026-09-19 17:18:15.987 [info] [Trace - 5:18:15 PM] Sending notification 'textDocument/didChange'.
2026-09-19 17:18:16.415 [info] [Trace - 5:18:16 PM] Sending notification 'textDocument/didChange'.
2026-09-19 17:18:17.093 [info] [Trace - 5:18:17 PM] Sending notification 'textDocument/didChange'.
2026-09-19 17:18:17.105 [info] [Trace - 5:18:17 PM] Sending notification 'textDocument/didChange'.
2026-09-19 17:18:19.060 [info] [Trace - 5:18:19 PM] Sending notification 'textDocument/didChange'.
2026-09-19 17:18:19.427 [info] [Trace - 5:18:19 PM] Sending notification 'textDocument/didChange'.
2026-09-19 17:18:20.098 [info] [Trace - 5:18:20 PM] Sending notification 'textDocument/didChange'.
2026-09-19 17:18:20.304 [info] [Trace - 5:18:20 PM] Sending notification 'textDocument/didChange'.
2026-09-19 17:18:20.613 [info] [Trace - 5:18:20 PM] Sending notification 'textDocument/didChange'.
2026-09-19 17:18:20.686 [info] [Trace - 5:18:20 PM] Sending notification 'textDocument/didChange'.
2026-09-19 17:18:20.918 [info] [Trace - 5:18:20 PM] Sending notification 'textDocument/didChange'.
2026-09-19 17:18:22.955 [info] [Trace - 5:18:22 PM] Sending notification 'textDocument/didChange'.
2026-09-19 17:18:23.818 [info] [Trace - 5:18:23 PM] Sending notification 'textDocument/didChange'.
2026-09-19 17:19:02.885 [info] [Trace - 5:19:02 PM] Sending notification 'textDocument/didChange'.
2026-09-19 17:19:03.750 [info] [Trace - 5:19:03 PM] Sending notification 'textDocument/didChange'.
2026-09-19 17:19:04.031 [info] [Trace - 5:19:04 PM] Sending notification 'textDocument/didChange'.
2026-09-19 17:19:04.211 [info] [Trace - 5:19:04 PM] Sending notification 'textDocument/didChange'.
2026-09-19 17:20:52.727 [info] [Trace - 5:20:52 PM] Sending notification 'textDocument/didChange'.
2026-09-19 17:20:53.536 [info] [Trace - 5:20:53 PM] Sending notification 'textDocument/didChange'.
2026-09-19 17:23:28.481 [info] [Trace - 5:23:28 PM] Sending notification 'textDocument/didChange'.
2026-09-19 17:23:29.269 [info] [Trace - 5:23:29 PM] Sending notification 'textDocument/didChange'.
2026-09-19 17:23:30.717 [info] [Trace - 5:23:30 PM] Sending notification 'textDocument/didChange'.
2026-09-19 17:23:32.948 [info] [Trace - 5:23:32 PM] Sending notification 'textDocument/didChange'.
2026-09-19 17:23:33.777 [info] [Trace - 5:23:33 PM] Sending notification 'textDocument/didChange'.
2026-09-19 17:23:35.582 [info] [Trace - 5:23:35 PM] Sending notification 'textDocument/didChange'.
2026-09-19 17:23:36.543 [info] [Trace - 5:23:36 PM] Sending notification 'textDocument/didChange'.
2026-09-19 17:23:50.162 [info] [Trace - 5:23:50 PM] Sending notification 'textDocument/didChange'.
2026-09-19 17:23:50.881 [info] [Trace - 5:23:50 PM] Sending notification 'textDocument/didChange'.
2026-09-19 17:23:55.223 [info] [Trace - 5:23:55 PM] Sending notification 'textDocument/didChange'.
2026-09-19 17:23:55.757 [info] [Trace - 5:23:55 PM] Sending notification 'textDocument/didChange'.
2026-09-19 17:23:57.036 [info] [Trace - 5:23:57 PM] Sending notification 'textDocument/didChange'.
2026-09-19 17:23:58.457 [info] [Trace - 5:23:58 PM] Sending notification 'textDocument/didChange'.
2026-09-19 17:24:00.115 [info] [Trace - 5:24:00 PM] Sending notification 'textDocument/didChange'.
2026-09-19 17:24:54.348 [info] [Trace - 5:24:54 PM] Sending notification 'textDocument/didChange'.
2026-09-19 17:24:54.590 [info] [Trace - 5:24:54 PM] Sending notification 'textDocument/didChange'.
2026-09-19 17:25:45.315 [info] [Trace - 5:25:45 PM] Sending notification 'textDocument/didChange'.
2026-09-19 17:25:46.729 [info] [Trace - 5:25:46 PM] Sending notification 'textDocument/didChange'.
2026-09-19 17:25:49.186 [info] [Trace - 5:25:49 PM] Sending notification 'textDocument/didChange'.
2026-09-19 17:25:51.385 [info] [Trace - 5:25:51 PM] Sending notification 'textDocument/didChange'.
2026-09-19 17:25:54.783 [info] [Trace - 5:25:54 PM] Sending notification 'textDocument/didChange'.
2026-09-19 17:25:55.138 [info] [Trace - 5:25:55 PM] Sending notification 'textDocument/didChange'.
2026-09-19 17:25:55.306 [info] [Trace - 5:25:55 PM] Sending notification 'textDocument/didChange'.
2026-09-19 17:26:26.005 [info] [Trace - 5:26:26 PM] Sending notification 'textDocument/didChange'.
2026-09-19 17:26:27.322 [info] [Trace - 5:26:27 PM] Sending notification 'textDocument/didChange'.
2026-09-19 17:26:29.109 [info] [Trace - 5:26:29 PM] Sending notification 'textDocument/didChange'.
2026-09-19 17:26:31.052 [info] [Trace - 5:26:31 PM] Sending notification 'textDocument/didChange'.
2026-09-19 17:26:31.227 [info] [Trace - 5:26:31 PM] Sending notification 'textDocument/didChange'.
2026-09-19 17:26:31.447 [info] [Trace - 5:26:31 PM] Sending notification 'textDocument/didChange'.
2026-09-19 17:32:28.452 [info] [Trace - 5:32:28 PM] Sending notification 'textDocument/didChange'.
2026-09-19 17:32:29.774 [info] [Trace - 5:32:29 PM] Sending notification 'textDocument/didChange'.
2026-09-19 17:32:30.902 [info] [Trace - 5:32:30 PM] Sending notification 'textDocument/didChange'.
2026-09-19 17:32:31.079 [info] [Trace - 5:32:31 PM] Sending notification 'textDocument/didChange'.
2026-09-19 17:32:31.533 [info] [Trace - 5:32:31 PM] Sending notification 'textDocument/didChange'.
2026-09-19 17:32:42.357 [info] [Trace - 5:32:42 PM] Sending notification 'textDocument/didChange'.
2026-09-19 17:32:42.567 [info] [Trace - 5:32:42 PM] Sending notification 'textDocument/didChange'.
2026-09-19 17:32:42.815 [info] [Trace - 5:32:42 PM] Sending notification 'textDocument/didChange'.
2026-09-19 17:32:44.701 [info] [Trace - 5:32:44 PM] Sending notification 'textDocument/didChange'.
2026-09-19 17:32:45.202 [info] [Trace - 5:32:45 PM] Sending notification 'textDocument/didChange'.
2026-09-19 17:32:46.342 [info] [Trace - 5:32:46 PM] Sending notification 'textDocument/didChange'.
2026-09-19 17:32:48.226 [info] [Trace - 5:32:48 PM] Sending notification 'textDocument/didChange'.
2026-09-19 17:32:49.278 [info] [Trace - 5:32:49 PM] Sending notification 'textDocument/didChange'.
2026-09-19 17:32:49.664 [info] [Trace - 5:32:49 PM] Sending notification 'textDocument/didChange'.
2026-09-19 17:32:49.842 [info] [Trace - 5:32:49 PM] Sending notification 'textDocument/didChange'.
2026-09-19 17:32:50.030 [info] [Trace - 5:32:50 PM] Sending notification 'textDocument/didChange'.
2026-09-19 17:32:50.841 [info] [Trace - 5:32:50 PM] Sending notification 'textDocument/didChange'.
2026-09-19 17:32:51.389 [info] [Trace - 5:32:51 PM] Sending notification 'textDocument/didChange'.
2026-09-19 17:32:51.638 [info] [Trace - 5:32:51 PM] Sending notification 'textDocument/didChange'.
2026-09-19 17:32:52.033 [info] [Trace - 5:32:52 PM] Sending notification 'textDocument/didChange'.
2026-09-19 17:32:52.879 [info] [Trace - 5:32:52 PM] Sending notification 'textDocument/didChange'.
2026-09-19 17:32:53.113 [info] [Trace - 5:32:53 PM] Sending notification 'textDocument/didChange'.
2026-09-19 17:32:53.479 [info] [Trace - 5:32:53 PM] Sending notification 'textDocument/didChange'.
2026-09-19 17:32:53.750 [info] [Trace - 5:32:53 PM] Sending notification 'textDocument/didChange'.
2026-09-19 17:32:53.933 [info] [Trace - 5:32:53 PM] Sending notification 'textDocument/didChange'.
2026-09-19 17:32:54.131 [info] [Trace - 5:32:54 PM] Sending notification 'textDocument/didChange'.
2026-09-19 17:32:54.368 [info] [Trace - 5:32:54 PM] Sending notification 'textDocument/didChange'.
2026-09-19 17:32:55.134 [info] [Trace - 5:32:55 PM] Sending notification 'textDocument/didChange'.
2026-09-19 17:32:55.582 [info] [Trace - 5:32:55 PM] Sending notification 'textDocument/didChange'.
2026-09-19 17:32:55.978 [info] [Trace - 5:32:55 PM] Sending notification 'textDocument/didChange'.
2026-09-19 17:32:56.150 [info] [Trace - 5:32:56 PM] Sending notification 'textDocument/didChange'.
2026-09-19 17:32:56.567 [info] [Trace - 5:32:56 PM] Sending notification 'textDocument/didChange'.
2026-09-19 17:32:56.767 [info] [Trace - 5:32:56 PM] Sending notification 'textDocument/didChange'.
2026-09-19 17:32:56.943 [info] [Trace - 5:32:56 PM] Sending notification 'textDocument/didChange'.
2026-09-19 17:32:57.806 [info] [Trace - 5:32:57 PM] Sending notification 'textDocument/didChange'.
2026-09-19 17:32:57.992 [info] [Trace - 5:32:57 PM] Sending notification 'textDocument/didChange'.
2026-09-19 17:32:58.357 [info] [Trace - 5:32:58 PM] Sending notification 'textDocument/didChange'.
2026-09-19 17:33:05.405 [info] [Trace - 5:33:05 PM] Sending notification 'textDocument/didChange'.
2026-09-19 17:33:06.197 [info] [Trace - 5:33:06 PM] Sending notification 'textDocument/didChange'.
2026-09-19 17:33:06.402 [info] [Trace - 5:33:06 PM] Sending notification 'textDocument/didChange'.
2026-09-19 17:33:06.700 [info] [Trace - 5:33:06 PM] Sending notification 'textDocument/didChange'.
2026-09-19 17:33:07.074 [info] [Trace - 5:33:07 PM] Sending notification 'textDocument/didChange'.
2026-09-19 17:33:10.353 [info] [Trace - 5:33:10 PM] Sending notification 'textDocument/didChange'.
2026-09-19 17:33:10.715 [info] [Trace - 5:33:10 PM] Sending notification 'textDocument/didChange'.
2026-09-19 17:33:14.633 [info] [Trace - 5:33:14 PM] Sending notification 'textDocument/didChange'.
2026-09-19 17:33:14.824 [info] [Trace - 5:33:14 PM] Sending notification 'textDocument/didChange'.
2026-09-19 17:33:15.116 [info] [Trace - 5:33:15 PM] Sending notification 'textDocument/didChange'.
2026-09-19 17:33:15.347 [info] [Trace - 5:33:15 PM] Sending notification 'textDocument/didChange'.
2026-09-19 17:33:15.631 [info] [Trace - 5:33:15 PM] Sending notification 'textDocument/didChange'.
2026-09-19 17:33:15.881 [info] [Trace - 5:33:15 PM] Sending notification 'textDocument/didChange'.
2026-09-19 17:33:16.537 [info] [Trace - 5:33:16 PM] Sending notification 'textDocument/didChange'.
2026-09-19 17:33:20.247 [info] [Trace - 5:33:20 PM] Sending notification 'textDocument/didChange'.
2026-09-19 17:33:20.671 [info] [Trace - 5:33:20 PM] Sending notification 'textDocument/didChange'.
2026-09-19 17:33:20.851 [info] [Trace - 5:33:20 PM] Sending notification 'textDocument/didChange'.
2026-09-19 17:33:21.295 [info] [Trace - 5:33:21 PM] Sending notification 'textDocument/didChange'.
2026-09-19 17:33:22.603 [info] [Trace - 5:33:22 PM] Sending notification 'textDocument/didChange'.
2026-09-19 17:33:24.124 [info] [Trace - 5:33:24 PM] Sending notification 'textDocument/didChange'.
2026-09-19 17:33:24.328 [info] [Trace - 5:33:24 PM] Sending notification 'textDocument/didChange'.
2026-09-19 17:33:24.635 [info] [Trace - 5:33:24 PM] Sending notification 'textDocument/didChange'.
2026-09-19 17:33:25.008 [info] [Trace - 5:33:25 PM] Sending notification 'textDocument/didChange'.
2026-09-19 17:33:25.170 [info] [Trace - 5:33:25 PM] Sending notification 'textDocument/didChange'.
2026-09-19 17:33:25.422 [info] [Trace - 5:33:25 PM] Sending notification 'textDocument/didChange'.
2026-09-19 17:33:28.228 [info] [Trace - 5:33:28 PM] Sending notification 'textDocument/didChange'.
2026-09-19 17:33:28.451 [info] [Trace - 5:33:28 PM] Sending notification 'textDocument/didChange'.
2026-09-19 17:33:29.284 [info] [Trace - 5:33:29 PM] Sending notification 'textDocument/didChange'.
2026-09-19 17:33:29.944 [info] [Trace - 5:33:29 PM] Sending notification 'textDocument/didChange'.
2026-09-19 17:33:30.232 [info] [Trace - 5:33:30 PM] Sending notification 'textDocument/didChange'.
2026-09-19 17:33:30.523 [info] [Trace - 5:33:30 PM] Sending notification 'textDocument/didChange'.
2026-09-19 17:33:39.840 [info] [Trace - 5:33:39 PM] Sending notification 'textDocument/didChange'.
2026-09-19 17:33:40.263 [info] [Trace - 5:33:40 PM] Sending notification 'textDocument/didChange'.
2026-09-19 17:33:43.119 [info] [Trace - 5:33:43 PM] Sending notification 'textDocument/didChange'.
2026-09-19 17:33:43.581 [info] [Trace - 5:33:43 PM] Sending notification 'textDocument/didChange'.
2026-09-19 17:33:46.014 [info] [Trace - 5:33:46 PM] Sending notification 'textDocument/didChange'.
2026-09-19 17:33:49.141 [info] [Trace - 5:33:49 PM] Sending notification 'textDocument/didChange'.
2026-09-19 17:33:49.941 [info] [Trace - 5:33:49 PM] Sending notification 'textDocument/didChange'.
2026-09-19 17:33:50.147 [info] [Trace - 5:33:50 PM] Sending notification 'textDocument/didChange'.
2026-09-19 17:33:50.374 [info] [Trace - 5:33:50 PM] Sending notification 'textDocument/didChange'.
2026-09-19 17:33:50.506 [info] [Trace - 5:33:50 PM] Sending notification 'textDocument/didChange'.
2026-09-19 17:33:50.741 [info] [Trace - 5:33:50 PM] Sending notification 'textDocument/didChange'.
2026-09-19 17:33:50.927 [info] [Trace - 5:33:50 PM] Sending notification 'textDocument/didChange'.
2026-09-19 17:33:51.177 [info] [Trace - 5:33:51 PM] Sending notification 'textDocument/didChange'.
2026-09-19 17:33:51.388 [info] [Trace - 5:33:51 PM] Sending notification 'textDocument/didChange'.
2026-09-19 17:33:51.715 [info] [Trace - 5:33:51 PM] Sending notification 'textDocument/didChange'.
2026-09-19 17:33:51.946 [info] [Trace - 5:33:51 PM] Sending notification 'textDocument/didChange'.
2026-09-19 17:33:52.113 [info] [Trace - 5:33:52 PM] Sending notification 'textDocument/didChange'.
2026-09-19 17:33:53.305 [info] [Trace - 5:33:53 PM] Sending notification 'textDocument/didChange'.
2026-09-19 17:33:54.421 [info] [Trace - 5:33:54 PM] Sending notification 'textDocument/didChange'.
2026-09-19 17:33:54.809 [info] [Trace - 5:33:54 PM] Sending notification 'textDocument/didChange'.
2026-09-19 17:33:55.026 [info] [Trace - 5:33:55 PM] Sending notification 'textDocument/didChange'.
2026-09-19 17:33:55.380 [info] [Trace - 5:33:55 PM] Sending notification 'textDocument/didChange'.
2026-09-19 17:33:55.481 [info] [Trace - 5:33:55 PM] Sending notification 'textDocument/didChange'.
2026-09-19 17:33:55.805 [info] [Trace - 5:33:55 PM] Sending notification 'textDocument/didChange'.
2026-09-19 17:33:58.919 [info] [Trace - 5:33:58 PM] Sending notification 'textDocument/didChange'.
2026-09-19 17:33:59.659 [info] [Trace - 5:33:59 PM] Sending notification 'textDocument/didChange'.
2026-09-19 17:34:12.996 [info] [Trace - 5:34:12 PM] Sending notification 'textDocument/didChange'.
2026-09-19 17:34:13.952 [info] [Trace - 5:34:13 PM] Sending notification 'textDocument/didChange'.
2026-09-19 17:34:43.936 [info] [Trace - 5:34:43 PM] Sending notification 'textDocument/didChange'.
2026-09-19 17:34:44.232 [info] [Trace - 5:34:44 PM] Sending notification 'textDocument/didChange'.
2026-09-19 17:34:44.325 [info] [Trace - 5:34:44 PM] Sending notification 'textDocument/didChange'.
2026-09-19 17:34:44.421 [info] [Trace - 5:34:44 PM] Sending notification 'textDocument/didChange'.
2026-09-19 17:34:44.591 [info] [Trace - 5:34:44 PM] Sending notification 'textDocument/didChange'.
2026-09-19 17:34:44.768 [info] [Trace - 5:34:44 PM] Sending notification 'textDocument/didChange'.
2026-09-19 17:34:44.907 [info] [Trace - 5:34:44 PM] Sending notification 'textDocument/didChange'.
2026-09-19 17:34:45.069 [info] [Trace - 5:34:45 PM] Sending notification 'textDocument/didChange'.
2026-09-19 17:34:45.209 [info] [Trace - 5:34:45 PM] Sending notification 'textDocument/didChange'.
2026-09-19 17:34:45.376 [info] [Trace - 5:34:45 PM] Sending notification 'textDocument/didChange'.
2026-09-19 17:34:45.554 [info] [Trace - 5:34:45 PM] Sending notification 'textDocument/didChange'.
2026-09-19 17:34:45.724 [info] [Trace - 5:34:45 PM] Sending notification 'textDocument/didChange'.
2026-09-19 17:34:45.895 [info] [Trace - 5:34:45 PM] Sending notification 'textDocument/didChange'.
2026-09-19 17:34:46.047 [info] [Trace - 5:34:46 PM] Sending notification 'textDocument/didChange'.
2026-09-19 17:34:46.210 [info] [Trace - 5:34:46 PM] Sending notification 'textDocument/didChange'.
2026-09-19 17:34:46.372 [info] [Trace - 5:34:46 PM] Sending notification 'textDocument/didChange'.
2026-09-19 17:34:46.542 [info] [Trace - 5:34:46 PM] Sending notification 'textDocument/didChange'.
2026-09-19 17:34:46.732 [info] [Trace - 5:34:46 PM] Sending notification 'textDocument/didChange'.
2026-09-19 17:34:46.886 [info] [Trace - 5:34:46 PM] Sending notification 'textDocument/didChange'.
2026-09-19 17:34:47.042 [info] [Trace - 5:34:47 PM] Sending notification 'textDocument/didChange'.
2026-09-19 17:34:47.201 [info] [Trace - 5:34:47 PM] Sending notification 'textDocument/didChange'.
2026-09-19 17:34:48.898 [info] [Trace - 5:34:48 PM] Sending notification 'textDocument/didChange'.
2026-09-19 17:34:49.122 [info] [Trace - 5:34:49 PM] Sending notification 'textDocument/didChange'.
2026-09-19 17:34:49.499 [info] [Trace - 5:34:49 PM] Sending notification 'textDocument/didChange'.
2026-09-19 17:34:49.809 [info] [Trace - 5:34:49 PM] Sending notification 'textDocument/didChange'.
2026-09-19 17:34:59.341 [info] [Trace - 5:34:59 PM] Sending notification 'textDocument/didChange'.
2026-09-19 17:34:59.656 [info] [Trace - 5:34:59 PM] Sending notification 'textDocument/didChange'.
