2026-09-14 17:36:52.707 [info] [main] Log level: Info
2026-09-14 17:36:52.707 [info] [main] Validating found git in: "git"
2026-09-14 17:36:52.707 [info] [main] Using git "2.55.0" from "git"
2026-09-14 17:36:52.707 [info] [Model][doInitialScan] Initial repository scan started
2026-09-14 17:36:52.707 [info] > git rev-parse --show-toplevel [22ms]
2026-09-14 17:36:52.707 [info] > git rev-parse --git-dir --git-common-dir --show-superproject-working-tree [23ms]
2026-09-14 17:36:56.480 [info] [Model][openRepository] Opened repository (path): /home/sadnane/Saad-Programming
2026-09-14 17:36:56.480 [info] [Model][openRepository] Opened repository (real path): /home/sadnane/Saad-Programming
2026-09-14 17:36:56.480 [info] [Model][openRepository] Opened repository (kind): repository
2026-09-14 17:36:57.155 [info] > git config --get --local core.virtualfilesystem [652ms]
2026-09-14 17:36:57.155 [warning] [Git][config] git config failed: Failed to execute git
2026-09-14 17:36:57.156 [info] > git config --get commit.template [640ms]
2026-09-14 17:36:57.663 [info] > git check-ignore -v -z --stdin [473ms]
2026-09-14 17:36:57.670 [info] > git rev-parse --show-toplevel [1141ms]
2026-09-14 17:36:59.761 [info] > git check-ignore -v -z --stdin [320ms]
2026-09-14 17:36:59.762 [info] > git check-ignore -v -z --stdin [255ms]
2026-09-14 17:37:00.069 [info] > git rev-parse --show-toplevel [646ms]
2026-09-14 17:37:00.069 [info] > git for-each-ref --format=%(refname)%00%(upstream:short)%00%(objectname)%00%(upstream:track)%00%(upstream:remotename)%00%(upstream:remoteref) refs/heads/main refs/remotes/main [669ms]
2026-09-14 17:37:00.649 [info] > git rev-parse --show-toplevel [550ms]
2026-09-14 17:37:00.925 [info] > git status -z -uall [220ms]
2026-09-14 17:37:00.955 [info] > git rev-parse --show-toplevel [93ms]
2026-09-14 17:37:00.955 [info] > git for-each-ref --sort -committerdate --format %(refname)%00%(objectname)%00%(*objectname) [203ms]
2026-09-14 17:37:01.223 [info] > git config --get commit.template [91ms]
2026-09-14 17:37:01.223 [info] > git for-each-ref --format=%(refname)%00%(upstream:short)%00%(objectname)%00%(upstream:track)%00%(upstream:remotename)%00%(upstream:remoteref) refs/heads/main refs/remotes/main [203ms]
2026-09-14 17:37:01.324 [info] > git rev-parse --show-toplevel [222ms]
2026-09-14 17:37:01.448 [info] > git config --get --local branch.main.vscode-merge-base [190ms]
2026-09-14 17:37:01.486 [info] > git for-each-ref --format=%(refname)%00%(upstream:short)%00%(objectname)%00%(upstream:track)%00%(upstream:remotename)%00%(upstream:remoteref) refs/heads/origin/main refs/remotes/origin/main [20ms]
2026-09-14 17:37:01.514 [info] > git rev-parse --show-toplevel [66ms]
2026-09-14 17:37:01.515 [info] > git for-each-ref --format=%(refname)%00%(upstream:short)%00%(objectname)%00%(upstream:track)%00%(upstream:remotename)%00%(upstream:remoteref) refs/heads/main refs/remotes/main [91ms]
2026-09-14 17:37:01.547 [info] > git merge-base refs/heads/main refs/remotes/origin/main [38ms]
2026-09-14 17:37:01.570 [info] > git rev-parse --show-toplevel [25ms]
2026-09-14 17:37:01.663 [info] > git diff --raw --numstat --diff-filter=ADMR -z --find-renames=50% b5fe8c5cac4c8927894bc2d9795512a91ca0da35...refs/remotes/origin/main -- [95ms]
2026-09-14 17:37:01.680 [info] > git status -z -uall [99ms]
2026-09-14 17:37:01.695 [info] > git rev-parse --show-toplevel [33ms]
2026-09-14 17:37:01.701 [info] > git for-each-ref --sort -committerdate --format %(refname)%00%(objectname)%00%(*objectname) [88ms]
2026-09-14 17:37:01.864 [info] > git rev-parse --show-toplevel [48ms]
2026-09-14 17:37:01.898 [info] > git rev-parse --show-toplevel [22ms]
2026-09-14 17:37:01.940 [info] > git rev-parse --git-dir --git-common-dir --show-superproject-working-tree [23ms]
2026-09-14 17:37:01.959 [info] [Model][openRepository] Opened repository (path): /home/sadnane/Saad-Programming/ble.sh
2026-09-14 17:37:01.959 [info] [Model][openRepository] Opened repository (real path): /home/sadnane/Saad-Programming/ble.sh
2026-09-14 17:37:01.959 [info] [Model][openRepository] Opened repository (kind): submodule
2026-09-14 17:37:02.024 [info] > git config --get commit.template [24ms]
2026-09-14 17:37:02.024 [info] > git config --get --local core.virtualfilesystem [34ms]
2026-09-14 17:37:02.024 [warning] [Git][config] git config failed: Failed to execute git
2026-09-14 17:37:02.028 [info] > git rev-parse --show-toplevel [14ms]
2026-09-14 17:37:02.029 [info] [Model][doInitialScan] Initial repository scan completed - repositories (2), closed repositories (0), parent repositories (0), unsafe repositories (0)
2026-09-14 17:37:02.192 [info] > git show --textconv :Python/django/SOA/OrientationApp/views.py [140ms]
2026-09-14 17:37:02.205 [info] > git ls-files --stage -- Python/django/SOA/OrientationApp/views.py [97ms]
2026-09-14 17:37:02.360 [info] > git for-each-ref --format=%(refname)%00%(upstream:short)%00%(objectname)%00%(upstream:track)%00%(upstream:remotename)%00%(upstream:remoteref) refs/heads/master refs/remotes/master [186ms]
2026-09-14 17:37:02.395 [warning] [Git][revParse] Unable to read file: ENOENT: no such file or directory, open '/home/sadnane/Saad-Programming/ble.sh/.git/refs/remotes/origin/master'
2026-09-14 17:37:02.395 [info] > git cat-file -s a409af7d5fe6ef2a9c6148795980612bca67ea42 [163ms]
2026-09-14 17:37:02.405 [info] > git rev-parse refs/remotes/origin/master [10ms]
2026-09-14 17:37:02.449 [info] > git status -z -uall [24ms]
2026-09-14 17:37:02.453 [info] > git for-each-ref --sort -committerdate --format %(refname)%00%(objectname)%00%(*objectname) [8ms]
2026-09-14 17:37:02.773 [info] > git check-ignore -v -z --stdin [168ms]
2026-09-14 17:37:02.774 [info] > git check-ignore -v -z --stdin [122ms]
2026-09-14 17:37:02.790 [info] > git config --get commit.template [80ms]
2026-09-14 17:37:02.790 [info] > git for-each-ref --format=%(refname)%00%(upstream:short)%00%(objectname)%00%(upstream:track)%00%(upstream:remotename)%00%(upstream:remoteref) refs/heads/master refs/remotes/master [290ms]
2026-09-14 17:37:02.991 [info] > git check-ignore -v -z --stdin [99ms]
2026-09-14 17:37:02.993 [info] > git config --get --local branch.master.vscode-merge-base [185ms]
2026-09-14 17:37:03.254 [info] > git rev-parse --show-toplevel [264ms]
2026-09-14 17:37:03.254 [info] > git for-each-ref --format=%(refname)%00%(upstream:short)%00%(objectname)%00%(upstream:track)%00%(upstream:remotename)%00%(upstream:remoteref) refs/heads/master refs/remotes/master [278ms]
2026-09-14 17:37:03.318 [warning] [Git][revParse] Unable to read file: ENOENT: no such file or directory, open '/home/sadnane/Saad-Programming/ble.sh/.git/refs/remotes/origin/master'
2026-09-14 17:37:03.339 [info] > git for-each-ref --format=%(refname)%00%(upstream:short)%00%(objectname)%00%(upstream:track)%00%(upstream:remotename)%00%(upstream:remoteref) refs/heads/origin/master refs/remotes/origin/master [329ms]
2026-09-14 17:37:03.403 [info] > git blame --root --incremental b5fe8c5cac4c8927894bc2d9795512a91ca0da35 -- Python/django/SOA/OrientationApp/views.py [249ms]
2026-09-14 17:37:03.411 [info] > git merge-base refs/heads/master refs/remotes/origin/master [46ms]
2026-09-14 17:37:03.445 [info] > git rev-parse refs/remotes/origin/master [127ms]
2026-09-14 17:37:03.461 [info] > git rev-parse --git-dir --git-common-dir --show-superproject-working-tree [170ms]
2026-09-14 17:37:03.471 [info] > git status -z -uall [19ms]
2026-09-14 17:37:03.471 [info] > git diff --raw --numstat --diff-filter=ADMR -z --find-renames=50% 95ae551dd687a0c61227839dda43f52ac7ea6631...refs/remotes/origin/master -- [26ms]
2026-09-14 17:37:03.478 [info] > git for-each-ref --sort -committerdate --format %(refname)%00%(objectname)%00%(*objectname) [17ms]
2026-09-14 17:37:03.508 [info] [Model][openRepository] Opened repository (path): /home/sadnane/Saad-Programming/ble.sh/contrib
2026-09-14 17:37:03.508 [info] [Model][openRepository] Opened repository (real path): /home/sadnane/Saad-Programming/ble.sh/contrib
2026-09-14 17:37:03.508 [info] [Model][openRepository] Opened repository (kind): submodule
2026-09-14 17:37:03.574 [info] > git config --get commit.template [15ms]
2026-09-14 17:37:03.574 [info] > git config --get --local core.virtualfilesystem [34ms]
2026-09-14 17:37:03.574 [warning] [Git][config] git config failed: Failed to execute git
2026-09-14 17:37:03.674 [info] > git for-each-ref --format %(refname)%00%(objectname)%00%(*objectname) refs/tags [52ms]
2026-09-14 17:37:03.731 [info] > git status -z -uall [39ms]
2026-09-14 17:37:03.737 [info] > git for-each-ref --sort -committerdate --format %(refname)%00%(objectname)%00%(*objectname) [21ms]
2026-09-14 17:37:03.786 [info] > git config --get commit.template [9ms]
2026-09-14 17:37:03.833 [info] > git for-each-ref --format %(refname)%00%(objectname)%00%(*objectname) refs/tags [8ms]
2026-09-14 17:37:03.889 [info] > git status -z -uall [39ms]
2026-09-14 17:37:03.905 [info] > git for-each-ref --sort -committerdate --format %(refname)%00%(objectname)%00%(*objectname) [32ms]
2026-09-14 17:37:03.963 [info] > git check-ignore -v -z --stdin [4ms]
2026-09-14 17:37:04.206 [info] > git check-ignore -v -z --stdin [23ms]
2026-09-14 17:37:04.206 [info] > git check-ignore -v -z --stdin [5ms]
2026-09-14 17:38:57.491 [info] > git check-ignore -v -z --stdin [19ms]
2026-09-14 17:38:57.558 [info] > git show --textconv :Python/django/SOA/OrientationApp/templates/Orientation.html [0ms]
2026-09-14 17:38:57.593 [info] > git ls-files --stage -- Python/django/SOA/OrientationApp/templates/Orientation.html [15ms]
2026-09-14 17:38:57.610 [info] > git cat-file -s 13af512edcfe005a9cf1a537e2d521be3548f5fe [3ms]
2026-09-14 17:38:58.278 [info] > git blame --root --incremental b5fe8c5cac4c8927894bc2d9795512a91ca0da35 -- Python/django/SOA/OrientationApp/templates/Orientation.html [28ms]
2026-09-14 17:59:43.330 [info] > git check-ignore -v -z --stdin [3ms]
2026-09-14 17:59:45.270 [info] > git config --get commit.template [12ms]
2026-09-14 17:59:45.270 [info] > git for-each-ref --format=%(refname)%00%(upstream:short)%00%(objectname)%00%(upstream:track)%00%(upstream:remotename)%00%(upstream:remoteref) refs/heads/main refs/remotes/main [2ms]
2026-09-14 17:59:45.295 [info] > git for-each-ref --sort -committerdate --format %(refname)%00%(objectname)%00%(*objectname) [2ms]
2026-09-14 17:59:45.300 [info] > git status -z -uall [17ms]
2026-09-14 17:59:45.659 [info] > git check-ignore -v -z --stdin [3ms]
2026-09-14 17:59:51.067 [info] > git check-ignore -v -z --stdin [3ms]
2026-09-14 17:59:53.004 [info] > git config --get commit.template [3ms]
2026-09-14 17:59:53.016 [info] > git for-each-ref --format=%(refname)%00%(upstream:short)%00%(objectname)%00%(upstream:track)%00%(upstream:remotename)%00%(upstream:remoteref) refs/heads/main refs/remotes/main [3ms]
2026-09-14 17:59:53.044 [info] > git status -z -uall [11ms]
2026-09-14 17:59:53.046 [info] > git for-each-ref --sort -committerdate --format %(refname)%00%(objectname)%00%(*objectname) [5ms]
2026-09-14 17:59:53.365 [info] > git check-ignore -v -z --stdin [2ms]
2026-09-14 17:59:55.814 [info] > git check-ignore -v -z --stdin [3ms]
2026-09-14 17:59:57.935 [info] > git check-ignore -v -z --stdin [3ms]
2026-09-14 17:59:58.081 [info] > git config --get commit.template [6ms]
2026-09-14 17:59:58.104 [info] > git for-each-ref --format=%(refname)%00%(upstream:short)%00%(objectname)%00%(upstream:track)%00%(upstream:remotename)%00%(upstream:remoteref) refs/heads/main refs/remotes/main [4ms]
2026-09-14 17:59:58.155 [info] > git for-each-ref --sort -committerdate --format %(refname)%00%(objectname)%00%(*objectname) [6ms]
2026-09-14 17:59:58.158 [info] > git status -z -uall [28ms]
2026-09-14 17:59:58.487 [info] > git check-ignore -v -z --stdin [4ms]
2026-09-14 17:59:59.353 [info] > git check-ignore -v -z --stdin [5ms]
2026-09-14 18:00:00.986 [info] > git check-ignore -v -z --stdin [2ms]
2026-09-14 18:00:03.179 [info] > git config --get commit.template [6ms]
2026-09-14 18:00:03.180 [info] > git for-each-ref --format=%(refname)%00%(upstream:short)%00%(objectname)%00%(upstream:track)%00%(upstream:remotename)%00%(upstream:remoteref) refs/heads/main refs/remotes/main [2ms]
2026-09-14 18:00:03.192 [info] > git for-each-ref --sort -committerdate --format %(refname)%00%(objectname)%00%(*objectname) [2ms]
2026-09-14 18:00:03.196 [info] > git status -z -uall [11ms]
2026-09-14 18:00:03.527 [info] > git check-ignore -v -z --stdin [2ms]
2026-09-14 18:06:26.430 [info] > git check-ignore -v -z --stdin [2ms]
2026-09-14 18:06:27.911 [info] > git check-ignore -v -z --stdin [2ms]
2026-09-14 18:06:28.316 [info] > git config --get commit.template [1ms]
2026-09-14 18:06:28.326 [info] > git for-each-ref --format=%(refname)%00%(upstream:short)%00%(objectname)%00%(upstream:track)%00%(upstream:remotename)%00%(upstream:remoteref) refs/heads/main refs/remotes/main [3ms]
2026-09-14 18:06:28.340 [info] > git for-each-ref --sort -committerdate --format %(refname)%00%(objectname)%00%(*objectname) [2ms]
2026-09-14 18:06:28.343 [info] > git status -z -uall [11ms]
2026-09-14 18:06:28.998 [info] > git check-ignore -v -z --stdin [7ms]
2026-09-14 18:06:29.330 [info] > git check-ignore -v -z --stdin [3ms]
2026-09-14 18:06:32.377 [info] > git check-ignore -v -z --stdin [2ms]
2026-09-14 18:06:33.362 [info] > git config --get commit.template [7ms]
2026-09-14 18:06:33.363 [info] > git for-each-ref --format=%(refname)%00%(upstream:short)%00%(objectname)%00%(upstream:track)%00%(upstream:remotename)%00%(upstream:remoteref) refs/heads/main refs/remotes/main [2ms]
2026-09-14 18:06:33.377 [info] > git status -z -uall [9ms]
2026-09-14 18:06:33.378 [info] > git for-each-ref --sort -committerdate --format %(refname)%00%(objectname)%00%(*objectname) [3ms]
2026-09-14 18:06:33.843 [info] > git check-ignore -v -z --stdin [1ms]
2026-09-14 18:06:34.841 [info] > git check-ignore -v -z --stdin [3ms]
2026-09-14 18:06:36.876 [info] > git check-ignore -v -z --stdin [3ms]
2026-09-14 18:06:37.884 [info] > git check-ignore -v -z --stdin [2ms]
2026-09-14 18:06:38.393 [info] > git config --get commit.template [2ms]
2026-09-14 18:06:38.401 [info] > git for-each-ref --format=%(refname)%00%(upstream:short)%00%(objectname)%00%(upstream:track)%00%(upstream:remotename)%00%(upstream:remoteref) refs/heads/main refs/remotes/main [2ms]
2026-09-14 18:06:38.411 [info] > git for-each-ref --sort -committerdate --format %(refname)%00%(objectname)%00%(*objectname) [1ms]
2026-09-14 18:06:38.415 [info] > git status -z -uall [10ms]
2026-09-14 18:06:38.497 [info] > git check-ignore -v -z --stdin [3ms]
2026-09-14 18:06:38.735 [info] > git check-ignore -v -z --stdin [1ms]
2026-09-14 18:06:38.964 [info] > git check-ignore -v -z --stdin [2ms]
2026-09-14 18:06:39.448 [info] > git check-ignore -v -z --stdin [2ms]
2026-09-14 18:06:39.723 [info] > git check-ignore -v -z --stdin [2ms]
2026-09-14 18:06:40.091 [info] > git check-ignore -v -z --stdin [1ms]
2026-09-14 18:06:40.367 [info] > git check-ignore -v -z --stdin [3ms]
2026-09-14 18:06:40.555 [info] > git check-ignore -v -z --stdin [2ms]
2026-09-14 18:06:40.969 [info] > git check-ignore -v -z --stdin [2ms]
2026-09-14 18:06:41.291 [info] > git check-ignore -v -z --stdin [3ms]
2026-09-14 18:06:42.699 [info] > git check-ignore -v -z --stdin [2ms]
2026-09-14 18:06:42.980 [info] > git check-ignore -v -z --stdin [2ms]
2026-09-14 18:06:43.207 [info] > git check-ignore -v -z --stdin [1ms]
2026-09-14 18:06:43.435 [info] > git config --get commit.template [7ms]
2026-09-14 18:06:43.437 [info] > git for-each-ref --format=%(refname)%00%(upstream:short)%00%(objectname)%00%(upstream:track)%00%(upstream:remotename)%00%(upstream:remoteref) refs/heads/main refs/remotes/main [3ms]
2026-09-14 18:06:43.449 [info] > git for-each-ref --sort -committerdate --format %(refname)%00%(objectname)%00%(*objectname) [2ms]
2026-09-14 18:06:43.451 [info] > git status -z -uall [9ms]
2026-09-14 18:06:43.771 [info] > git check-ignore -v -z --stdin [2ms]
2026-09-14 18:06:44.665 [info] > git check-ignore -v -z --stdin [2ms]
2026-09-14 18:06:45.018 [info] > git check-ignore -v -z --stdin [2ms]
2026-09-14 18:06:46.816 [info] > git check-ignore -v -z --stdin [2ms]
2026-09-14 18:06:48.473 [info] > git config --get commit.template [6ms]
2026-09-14 18:06:48.474 [info] > git for-each-ref --format=%(refname)%00%(upstream:short)%00%(objectname)%00%(upstream:track)%00%(upstream:remotename)%00%(upstream:remoteref) refs/heads/main refs/remotes/main [2ms]
2026-09-14 18:06:48.487 [info] > git for-each-ref --sort -committerdate --format %(refname)%00%(objectname)%00%(*objectname) [4ms]
2026-09-14 18:06:48.488 [info] > git status -z -uall [10ms]
2026-09-14 18:06:48.809 [info] > git check-ignore -v -z --stdin [2ms]
2026-09-14 18:06:53.527 [info] > git config --get commit.template [16ms]
2026-09-14 18:06:53.528 [info] > git for-each-ref --format=%(refname)%00%(upstream:short)%00%(objectname)%00%(upstream:track)%00%(upstream:remotename)%00%(upstream:remoteref) refs/heads/main refs/remotes/main [2ms]
2026-09-14 18:06:53.568 [info] > git status -z -uall [22ms]
2026-09-14 18:06:53.572 [info] > git for-each-ref --sort -committerdate --format %(refname)%00%(objectname)%00%(*objectname) [6ms]
2026-09-14 18:06:53.942 [info] > git check-ignore -v -z --stdin [2ms]
2026-09-14 18:07:18.181 [info] > git check-ignore -v -z --stdin [4ms]
2026-09-14 18:07:18.239 [info] > git show --textconv :Python/django/SOA/OrientationApp/templates/Orientation.html [18ms]
2026-09-14 18:07:18.245 [info] > git ls-files --stage -- Python/django/SOA/OrientationApp/templates/Orientation.html [11ms]
2026-09-14 18:07:18.269 [info] > git cat-file -s 13af512edcfe005a9cf1a537e2d521be3548f5fe [5ms]
2026-09-14 18:07:36.415 [info] > git config --get commit.template [2ms]
2026-09-14 18:07:36.423 [info] > git for-each-ref --format=%(refname)%00%(upstream:short)%00%(objectname)%00%(upstream:track)%00%(upstream:remotename)%00%(upstream:remoteref) refs/heads/main refs/remotes/main [3ms]
2026-09-14 18:07:36.440 [info] > git for-each-ref --sort -committerdate --format %(refname)%00%(objectname)%00%(*objectname) [5ms]
2026-09-14 18:07:36.441 [info] > git status -z -uall [11ms]
2026-09-14 18:07:38.804 [info] > git check-ignore -v -z --stdin [21ms]
2026-09-14 18:07:38.879 [info] > git show --textconv :Python/django/SOA/OrientationApp/templates/Orientation.html [20ms]
2026-09-14 18:07:38.880 [info] > git ls-files --stage -- Python/django/SOA/OrientationApp/templates/Orientation.html [3ms]
2026-09-14 18:07:38.887 [info] > git cat-file -s 13af512edcfe005a9cf1a537e2d521be3548f5fe [1ms]
2026-09-14 18:07:44.291 [info] > git check-ignore -v -z --stdin [3ms]
2026-09-14 18:07:44.802 [info] > git check-ignore -v -z --stdin [4ms]
2026-09-14 18:07:45.044 [info] > git check-ignore -v -z --stdin [1ms]
2026-09-14 18:07:45.458 [info] > git check-ignore -v -z --stdin [1ms]
2026-09-14 18:07:45.691 [info] > git check-ignore -v -z --stdin [2ms]
2026-09-14 18:07:46.304 [info] > git check-ignore -v -z --stdin [1ms]
2026-09-14 18:07:48.260 [info] > git config --get commit.template [3ms]
2026-09-14 18:07:48.272 [info] > git for-each-ref --format=%(refname)%00%(upstream:short)%00%(objectname)%00%(upstream:track)%00%(upstream:remotename)%00%(upstream:remoteref) refs/heads/main refs/remotes/main [5ms]
2026-09-14 18:07:48.296 [info] > git status -z -uall [12ms]
2026-09-14 18:07:48.296 [info] > git for-each-ref --sort -committerdate --format %(refname)%00%(objectname)%00%(*objectname) [3ms]
2026-09-14 18:07:53.883 [info] > git check-ignore -v -z --stdin [6ms]
2026-09-14 18:07:53.910 [info] > git show --textconv :Python/django/SOA/OrientationApp/templates/Orientation.html [16ms]
2026-09-14 18:07:53.912 [info] > git ls-files --stage -- Python/django/SOA/OrientationApp/templates/Orientation.html [3ms]
2026-09-14 18:07:53.933 [info] > git cat-file -s 13af512edcfe005a9cf1a537e2d521be3548f5fe [6ms]
2026-09-14 18:07:55.910 [info] > git check-ignore -v -z --stdin [2ms]
2026-09-14 18:07:56.980 [info] > git check-ignore -v -z --stdin [2ms]
2026-09-14 18:07:57.703 [info] > git check-ignore -v -z --stdin [2ms]
2026-09-14 18:07:58.947 [info] > git check-ignore -v -z --stdin [2ms]
2026-09-14 18:07:59.475 [info] > git check-ignore -v -z --stdin [2ms]
2026-09-14 18:07:59.988 [info] > git check-ignore -v -z --stdin [2ms]
2026-09-14 18:08:00.912 [info] > git check-ignore -v -z --stdin [1ms]
2026-09-14 18:08:02.411 [info] > git check-ignore -v -z --stdin [3ms]
2026-09-14 18:08:02.812 [info] > git config --get commit.template [6ms]
2026-09-14 18:08:02.813 [info] > git for-each-ref --format=%(refname)%00%(upstream:short)%00%(objectname)%00%(upstream:track)%00%(upstream:remotename)%00%(upstream:remoteref) refs/heads/main refs/remotes/main [2ms]
2026-09-14 18:08:02.826 [info] > git for-each-ref --sort -committerdate --format %(refname)%00%(objectname)%00%(*objectname) [1ms]
2026-09-14 18:08:02.831 [info] > git status -z -uall [11ms]
2026-09-14 18:08:03.151 [info] > git check-ignore -v -z --stdin [1ms]
2026-09-14 18:08:03.399 [info] > git check-ignore -v -z --stdin [3ms]
2026-09-14 18:08:03.950 [info] > git check-ignore -v -z --stdin [2ms]
2026-09-14 18:08:04.881 [info] > git check-ignore -v -z --stdin [2ms]
2026-09-14 18:08:05.269 [info] > git check-ignore -v -z --stdin [4ms]
2026-09-14 18:08:07.879 [info] > git config --get commit.template [30ms]
2026-09-14 18:08:07.886 [info] > git for-each-ref --format=%(refname)%00%(upstream:short)%00%(objectname)%00%(upstream:track)%00%(upstream:remotename)%00%(upstream:remoteref) refs/heads/main refs/remotes/main [10ms]
2026-09-14 18:08:07.925 [info] > git status -z -uall [18ms]
2026-09-14 18:08:07.926 [info] > git for-each-ref --sort -committerdate --format %(refname)%00%(objectname)%00%(*objectname) [5ms]
2026-09-14 18:08:09.768 [info] > git check-ignore -v -z --stdin [3ms]
2026-09-14 18:08:09.820 [info] > git show --textconv :Python/django/SOA/OrientationApp/templates/Orientation.html [33ms]
2026-09-14 18:08:09.825 [info] > git ls-files --stage -- Python/django/SOA/OrientationApp/templates/Orientation.html [5ms]
2026-09-14 18:08:09.835 [info] > git cat-file -s 13af512edcfe005a9cf1a537e2d521be3548f5fe [4ms]
2026-09-14 18:08:13.984 [info] > git check-ignore -v -z --stdin [2ms]
2026-09-14 18:08:15.425 [info] > git check-ignore -v -z --stdin [2ms]
2026-09-14 18:08:15.920 [info] > git config --get commit.template [3ms]
2026-09-14 18:08:15.930 [info] > git for-each-ref --format=%(refname)%00%(upstream:short)%00%(objectname)%00%(upstream:track)%00%(upstream:remotename)%00%(upstream:remoteref) refs/heads/main refs/remotes/main [3ms]
2026-09-14 18:08:15.961 [info] > git for-each-ref --sort -committerdate --format %(refname)%00%(objectname)%00%(*objectname) [3ms]
2026-09-14 18:08:15.962 [info] > git status -z -uall [17ms]
2026-09-14 18:08:16.297 [info] > git check-ignore -v -z --stdin [4ms]
2026-09-14 18:08:16.805 [info] > git check-ignore -v -z --stdin [2ms]
2026-09-14 18:08:18.333 [info] > git check-ignore -v -z --stdin [1ms]
2026-09-14 18:08:18.576 [info] > git check-ignore -v -z --stdin [3ms]
2026-09-14 18:08:20.853 [info] > git check-ignore -v -z --stdin [2ms]
2026-09-14 18:08:20.984 [info] > git config --get commit.template [6ms]
2026-09-14 18:08:20.985 [info] > git for-each-ref --format=%(refname)%00%(upstream:short)%00%(objectname)%00%(upstream:track)%00%(upstream:remotename)%00%(upstream:remoteref) refs/heads/main refs/remotes/main [1ms]
2026-09-14 18:08:20.999 [info] > git for-each-ref --sort -committerdate --format %(refname)%00%(objectname)%00%(*objectname) [2ms]
2026-09-14 18:08:21.002 [info] > git status -z -uall [11ms]
2026-09-14 18:08:21.324 [info] > git check-ignore -v -z --stdin [2ms]
2026-09-14 18:08:26.028 [info] > git config --get commit.template [4ms]
2026-09-14 18:08:26.043 [info] > git for-each-ref --format=%(refname)%00%(upstream:short)%00%(objectname)%00%(upstream:track)%00%(upstream:remotename)%00%(upstream:remoteref) refs/heads/main refs/remotes/main [6ms]
2026-09-14 18:08:26.075 [info] > git status -z -uall [25ms]
2026-09-14 18:08:26.076 [info] > git for-each-ref --sort -committerdate --format %(refname)%00%(objectname)%00%(*objectname) [3ms]
2026-09-14 18:08:26.110 [info] > git check-ignore -v -z --stdin [1ms]
2026-09-14 18:08:26.402 [info] > git check-ignore -v -z --stdin [2ms]
2026-09-14 18:08:28.501 [info] > git check-ignore -v -z --stdin [5ms]
2026-09-14 18:08:31.088 [info] > git config --get commit.template [6ms]
2026-09-14 18:08:31.089 [info] > git for-each-ref --format=%(refname)%00%(upstream:short)%00%(objectname)%00%(upstream:track)%00%(upstream:remotename)%00%(upstream:remoteref) refs/heads/main refs/remotes/main [2ms]
2026-09-14 18:08:31.102 [info] > git for-each-ref --sort -committerdate --format %(refname)%00%(objectname)%00%(*objectname) [2ms]
2026-09-14 18:08:31.107 [info] > git status -z -uall [11ms]
2026-09-14 18:08:31.422 [info] > git check-ignore -v -z --stdin [2ms]
2026-09-14 18:08:38.053 [info] > git check-ignore -v -z --stdin [5ms]
2026-09-14 18:08:39.427 [info] > git check-ignore -v -z --stdin [2ms]
2026-09-14 18:08:39.793 [info] > git check-ignore -v -z --stdin [4ms]
2026-09-14 18:08:39.971 [info] > git config --get commit.template [8ms]
2026-09-14 18:08:40.000 [info] > git for-each-ref --format=%(refname)%00%(upstream:short)%00%(objectname)%00%(upstream:track)%00%(upstream:remotename)%00%(upstream:remoteref) refs/heads/main refs/remotes/main [4ms]
2026-09-14 18:08:40.049 [info] > git status -z -uall [25ms]
2026-09-14 18:08:40.050 [info] > git for-each-ref --sort -committerdate --format %(refname)%00%(objectname)%00%(*objectname) [4ms]
2026-09-14 18:08:40.680 [info] > git check-ignore -v -z --stdin [2ms]
2026-09-14 18:08:40.912 [info] > git check-ignore -v -z --stdin [1ms]
2026-09-14 18:08:41.159 [info] > git check-ignore -v -z --stdin [1ms]
2026-09-14 18:08:41.902 [info] > git check-ignore -v -z --stdin [2ms]
2026-09-14 18:08:42.827 [info] > git check-ignore -v -z --stdin [1ms]
2026-09-14 18:08:43.236 [info] > git check-ignore -v -z --stdin [2ms]
2026-09-14 18:08:43.705 [info] > git check-ignore -v -z --stdin [3ms]
2026-09-14 18:08:44.108 [info] > git check-ignore -v -z --stdin [2ms]
2026-09-14 18:08:45.993 [info] > git config --get commit.template [6ms]
2026-09-14 18:08:45.995 [info] > git for-each-ref --format=%(refname)%00%(upstream:short)%00%(objectname)%00%(upstream:track)%00%(upstream:remotename)%00%(upstream:remoteref) refs/heads/main refs/remotes/main [2ms]
2026-09-14 18:08:46.008 [info] > git for-each-ref --sort -committerdate --format %(refname)%00%(objectname)%00%(*objectname) [2ms]
2026-09-14 18:08:46.010 [info] > git status -z -uall [9ms]
2026-09-14 18:08:46.328 [info] > git check-ignore -v -z --stdin [4ms]
2026-09-14 18:08:47.004 [info] > git check-ignore -v -z --stdin [2ms]
2026-09-14 18:08:48.217 [info] > git check-ignore -v -z --stdin [7ms]
2026-09-14 18:08:50.530 [info] > git check-ignore -v -z --stdin [2ms]
2026-09-14 18:08:51.025 [info] > git config --get commit.template [3ms]
2026-09-14 18:08:51.032 [info] > git for-each-ref --format=%(refname)%00%(upstream:short)%00%(objectname)%00%(upstream:track)%00%(upstream:remotename)%00%(upstream:remoteref) refs/heads/main refs/remotes/main [2ms]
2026-09-14 18:08:51.046 [info] > git for-each-ref --sort -committerdate --format %(refname)%00%(objectname)%00%(*objectname) [1ms]
2026-09-14 18:08:51.053 [info] > git status -z -uall [14ms]
2026-09-14 18:08:51.388 [info] > git check-ignore -v -z --stdin [2ms]
2026-09-14 18:08:54.824 [info] > git check-ignore -v -z --stdin [2ms]
2026-09-14 18:08:56.076 [info] > git config --get commit.template [7ms]
2026-09-14 18:08:56.077 [info] > git for-each-ref --format=%(refname)%00%(upstream:short)%00%(objectname)%00%(upstream:track)%00%(upstream:remotename)%00%(upstream:remoteref) refs/heads/main refs/remotes/main [2ms]
2026-09-14 18:08:56.091 [info] > git for-each-ref --sort -committerdate --format %(refname)%00%(objectname)%00%(*objectname) [2ms]
2026-09-14 18:08:56.093 [info] > git status -z -uall [8ms]
2026-09-14 18:08:56.415 [info] > git check-ignore -v -z --stdin [1ms]
2026-09-14 18:09:00.822 [info] > git check-ignore -v -z --stdin [4ms]
2026-09-14 18:09:00.861 [info] > git show --textconv :Python/django/SOA/OrientationApp/views.py [12ms]
2026-09-14 18:09:00.868 [info] > git ls-files --stage -- Python/django/SOA/OrientationApp/views.py [7ms]
2026-09-14 18:09:00.899 [info] > git cat-file -s a409af7d5fe6ef2a9c6148795980612bca67ea42 [7ms]
2026-09-14 18:09:01.173 [info] > git config --get commit.template [7ms]
2026-09-14 18:09:01.197 [info] > git for-each-ref --format=%(refname)%00%(upstream:short)%00%(objectname)%00%(upstream:track)%00%(upstream:remotename)%00%(upstream:remoteref) refs/heads/main refs/remotes/main [4ms]
2026-09-14 18:09:01.269 [info] > git status -z -uall [51ms]
2026-09-14 18:09:01.272 [info] > git for-each-ref --sort -committerdate --format %(refname)%00%(objectname)%00%(*objectname) [6ms]
2026-09-14 18:09:01.639 [info] > git check-ignore -v -z --stdin [6ms]
2026-09-14 18:10:05.562 [info] > git check-ignore -v -z --stdin [2ms]
2026-09-14 18:10:05.605 [info] > git show --textconv :Python/django/SOA/OrientationApp/templates/Orientation.html [9ms]
2026-09-14 18:10:05.607 [info] > git ls-files --stage -- Python/django/SOA/OrientationApp/templates/Orientation.html [3ms]
2026-09-14 18:10:05.637 [info] > git cat-file -s 13af512edcfe005a9cf1a537e2d521be3548f5fe [14ms]
2026-09-14 18:10:18.205 [info] > git check-ignore -v -z --stdin [2ms]
2026-09-14 18:10:18.235 [info] > git show --textconv :Python/django/SOA/OrientationApp/templates/Orientation.html [8ms]
2026-09-14 18:10:18.239 [info] > git ls-files --stage -- Python/django/SOA/OrientationApp/templates/Orientation.html [5ms]
2026-09-14 18:10:18.257 [info] > git cat-file -s 13af512edcfe005a9cf1a537e2d521be3548f5fe [11ms]
2026-09-14 18:10:19.994 [info] > git check-ignore -v -z --stdin [2ms]
2026-09-14 18:10:20.034 [info] > git show --textconv :Python/django/SOA/OrientationApp/views.py [21ms]
2026-09-14 18:10:20.035 [info] > git ls-files --stage -- Python/django/SOA/OrientationApp/views.py [2ms]
2026-09-14 18:10:20.045 [info] > git cat-file -s a409af7d5fe6ef2a9c6148795980612bca67ea42 [2ms]
2026-09-14 18:10:29.394 [info] > git check-ignore -v -z --stdin [3ms]
2026-09-14 18:10:29.440 [info] > git show --textconv :Python/django/SOA/OrientationApp/templates/Orientation.html [24ms]
2026-09-14 18:10:29.441 [info] > git ls-files --stage -- Python/django/SOA/OrientationApp/templates/Orientation.html [2ms]
2026-09-14 18:10:29.454 [info] > git cat-file -s 13af512edcfe005a9cf1a537e2d521be3548f5fe [5ms]
2026-09-14 18:10:45.334 [info] > git check-ignore -v -z --stdin [1ms]
2026-09-14 18:10:45.381 [info] > git show --textconv :Python/django/SOA/OrientationApp/views.py [12ms]
2026-09-14 18:10:45.385 [info] > git ls-files --stage -- Python/django/SOA/OrientationApp/views.py [4ms]
2026-09-14 18:10:45.407 [info] > git cat-file -s a409af7d5fe6ef2a9c6148795980612bca67ea42 [5ms]
2026-09-14 18:11:02.056 [info] > git check-ignore -v -z --stdin [5ms]
2026-09-14 18:11:02.190 [info] > git show --textconv :Python/django/SOA/OrientationApp/templates/Orientation.html [19ms]
2026-09-14 18:11:02.193 [info] > git ls-files --stage -- Python/django/SOA/OrientationApp/templates/Orientation.html [4ms]
2026-09-14 18:11:02.211 [info] > git cat-file -s 13af512edcfe005a9cf1a537e2d521be3548f5fe [4ms]
2026-09-14 18:11:09.755 [info] > git check-ignore -v -z --stdin [2ms]
2026-09-14 18:11:11.365 [info] > git check-ignore -v -z --stdin [3ms]
2026-09-14 18:11:11.650 [info] > git config --get commit.template [2ms]
2026-09-14 18:11:11.659 [info] > git for-each-ref --format=%(refname)%00%(upstream:short)%00%(objectname)%00%(upstream:track)%00%(upstream:remotename)%00%(upstream:remoteref) refs/heads/main refs/remotes/main [2ms]
2026-09-14 18:11:11.671 [info] > git for-each-ref --sort -committerdate --format %(refname)%00%(objectname)%00%(*objectname) [1ms]
2026-09-14 18:11:11.673 [info] > git status -z -uall [9ms]
2026-09-14 18:11:11.742 [info] > git check-ignore -v -z --stdin [2ms]
2026-09-14 18:11:12.021 [info] > git check-ignore -v -z --stdin [4ms]
2026-09-14 18:11:12.243 [info] > git check-ignore -v -z --stdin [1ms]
2026-09-14 18:11:12.852 [info] > git check-ignore -v -z --stdin [1ms]
2026-09-14 18:11:15.261 [info] > git check-ignore -v -z --stdin [1ms]
2026-09-14 18:11:15.606 [info] > git check-ignore -v -z --stdin [3ms]
2026-09-14 18:11:15.812 [info] > git check-ignore -v -z --stdin [2ms]
2026-09-14 18:11:16.030 [info] > git check-ignore -v -z --stdin [3ms]
2026-09-14 18:11:16.711 [info] > git config --get commit.template [19ms]
2026-09-14 18:11:16.712 [info] > git for-each-ref --format=%(refname)%00%(upstream:short)%00%(objectname)%00%(upstream:track)%00%(upstream:remotename)%00%(upstream:remoteref) refs/heads/main refs/remotes/main [4ms]
2026-09-14 18:11:16.736 [info] > git for-each-ref --sort -committerdate --format %(refname)%00%(objectname)%00%(*objectname) [6ms]
2026-09-14 18:11:16.747 [info] > git status -z -uall [21ms]
2026-09-14 18:11:17.185 [info] > git check-ignore -v -z --stdin [2ms]
2026-09-14 18:11:17.795 [info] > git check-ignore -v -z --stdin [2ms]
2026-09-14 18:11:18.057 [info] > git check-ignore -v -z --stdin [2ms]
2026-09-14 18:11:18.529 [info] > git check-ignore -v -z --stdin [2ms]
2026-09-14 18:11:21.768 [info] > git config --get commit.template [7ms]
2026-09-14 18:11:21.769 [info] > git for-each-ref --format=%(refname)%00%(upstream:short)%00%(objectname)%00%(upstream:track)%00%(upstream:remotename)%00%(upstream:remoteref) refs/heads/main refs/remotes/main [2ms]
2026-09-14 18:11:21.784 [info] > git for-each-ref --sort -committerdate --format %(refname)%00%(objectname)%00%(*objectname) [3ms]
2026-09-14 18:11:21.788 [info] > git status -z -uall [12ms]
2026-09-14 18:11:22.108 [info] > git check-ignore -v -z --stdin [3ms]
2026-09-14 18:11:22.539 [info] > git check-ignore -v -z --stdin [2ms]
2026-09-14 18:11:26.283 [info] > git check-ignore -v -z --stdin [4ms]
2026-09-14 18:11:26.826 [info] > git config --get commit.template [2ms]
2026-09-14 18:11:26.852 [info] > git for-each-ref --format=%(refname)%00%(upstream:short)%00%(objectname)%00%(upstream:track)%00%(upstream:remotename)%00%(upstream:remoteref) refs/heads/main refs/remotes/main [9ms]
2026-09-14 18:11:26.893 [info] > git status -z -uall [21ms]
2026-09-14 18:11:26.898 [info] > git for-each-ref --sort -committerdate --format %(refname)%00%(objectname)%00%(*objectname) [8ms]
2026-09-14 18:11:27.217 [info] > git check-ignore -v -z --stdin [2ms]
2026-09-14 18:11:29.939 [info] > git check-ignore -v -z --stdin [2ms]
2026-09-14 18:11:30.890 [info] > git check-ignore -v -z --stdin [2ms]
2026-09-14 18:11:31.132 [info] > git check-ignore -v -z --stdin [2ms]
2026-09-14 18:11:31.493 [info] > git check-ignore -v -z --stdin [3ms]
2026-09-14 18:11:31.914 [info] > git config --get commit.template [2ms]
2026-09-14 18:11:31.923 [info] > git for-each-ref --format=%(refname)%00%(upstream:short)%00%(objectname)%00%(upstream:track)%00%(upstream:remotename)%00%(upstream:remoteref) refs/heads/main refs/remotes/main [4ms]
2026-09-14 18:11:31.938 [info] > git for-each-ref --sort -committerdate --format %(refname)%00%(objectname)%00%(*objectname) [2ms]
2026-09-14 18:11:31.948 [info] > git status -z -uall [17ms]
2026-09-14 18:11:32.010 [info] > git check-ignore -v -z --stdin [3ms]
2026-09-14 18:11:32.266 [info] > git check-ignore -v -z --stdin [2ms]
2026-09-14 18:11:32.792 [info] > git check-ignore -v -z --stdin [2ms]
2026-09-14 18:11:33.647 [info] > git check-ignore -v -z --stdin [4ms]
2026-09-14 18:11:34.113 [info] > git check-ignore -v -z --stdin [2ms]
2026-09-14 18:11:34.356 [info] > git check-ignore -v -z --stdin [3ms]
2026-09-14 18:11:34.654 [info] > git check-ignore -v -z --stdin [3ms]
2026-09-14 18:11:35.248 [info] > git check-ignore -v -z --stdin [2ms]
2026-09-14 18:11:35.501 [info] > git check-ignore -v -z --stdin [2ms]
2026-09-14 18:11:35.735 [info] > git check-ignore -v -z --stdin [2ms]
2026-09-14 18:11:35.977 [info] > git check-ignore -v -z --stdin [2ms]
2026-09-14 18:11:36.286 [info] > git check-ignore -v -z --stdin [1ms]
2026-09-14 18:11:36.594 [info] > git check-ignore -v -z --stdin [2ms]
2026-09-14 18:11:38.485 [info] > git config --get commit.template [1ms]
2026-09-14 18:11:38.493 [info] > git for-each-ref --format=%(refname)%00%(upstream:short)%00%(objectname)%00%(upstream:track)%00%(upstream:remotename)%00%(upstream:remoteref) refs/heads/main refs/remotes/main [2ms]
2026-09-14 18:11:38.509 [info] > git for-each-ref --sort -committerdate --format %(refname)%00%(objectname)%00%(*objectname) [1ms]
2026-09-14 18:11:38.511 [info] > git status -z -uall [12ms]
2026-09-14 18:11:38.829 [info] > git check-ignore -v -z --stdin [1ms]
2026-09-14 18:11:39.448 [info] > git check-ignore -v -z --stdin [2ms]
2026-09-14 18:11:40.567 [info] > git check-ignore -v -z --stdin [2ms]
2026-09-14 18:11:40.909 [info] > git check-ignore -v -z --stdin [2ms]
2026-09-14 18:11:41.155 [info] > git check-ignore -v -z --stdin [2ms]
2026-09-14 18:11:41.864 [info] > git check-ignore -v -z --stdin [2ms]
2026-09-14 18:11:43.117 [info] > git check-ignore -v -z --stdin [3ms]
2026-09-14 18:11:43.547 [info] > git config --get commit.template [13ms]
2026-09-14 18:11:43.550 [info] > git for-each-ref --format=%(refname)%00%(upstream:short)%00%(objectname)%00%(upstream:track)%00%(upstream:remotename)%00%(upstream:remoteref) refs/heads/main refs/remotes/main [3ms]
2026-09-14 18:11:43.584 [info] > git status -z -uall [22ms]
2026-09-14 18:11:43.588 [info] > git for-each-ref --sort -committerdate --format %(refname)%00%(objectname)%00%(*objectname) [7ms]
2026-09-14 18:11:43.911 [info] > git check-ignore -v -z --stdin [2ms]
2026-09-14 18:11:45.524 [info] > git check-ignore -v -z --stdin [2ms]
2026-09-14 18:11:48.617 [info] > git config --get commit.template [7ms]
2026-09-14 18:11:48.618 [info] > git for-each-ref --format=%(refname)%00%(upstream:short)%00%(objectname)%00%(upstream:track)%00%(upstream:remotename)%00%(upstream:remoteref) refs/heads/main refs/remotes/main [1ms]
2026-09-14 18:11:48.651 [info] > git status -z -uall [27ms]
2026-09-14 18:11:48.656 [info] > git for-each-ref --sort -committerdate --format %(refname)%00%(objectname)%00%(*objectname) [6ms]
2026-09-14 18:11:48.972 [info] > git check-ignore -v -z --stdin [1ms]
2026-09-14 18:11:51.150 [info] > git check-ignore -v -z --stdin [2ms]
2026-09-14 18:11:53.677 [info] > git config --get commit.template [7ms]
2026-09-14 18:11:53.677 [info] > git for-each-ref --format=%(refname)%00%(upstream:short)%00%(objectname)%00%(upstream:track)%00%(upstream:remotename)%00%(upstream:remoteref) refs/heads/main refs/remotes/main [2ms]
2026-09-14 18:11:53.690 [info] > git for-each-ref --sort -committerdate --format %(refname)%00%(objectname)%00%(*objectname) [1ms]
2026-09-14 18:11:53.693 [info] > git status -z -uall [10ms]
2026-09-14 18:11:54.009 [info] > git check-ignore -v -z --stdin [2ms]
2026-09-14 18:11:56.376 [info] > git check-ignore -v -z --stdin [2ms]
2026-09-14 18:11:57.243 [info] > git check-ignore -v -z --stdin [2ms]
2026-09-14 18:11:57.721 [info] > git check-ignore -v -z --stdin [2ms]
2026-09-14 18:11:59.626 [info] > git config --get commit.template [8ms]
2026-09-14 18:11:59.626 [info] > git for-each-ref --format=%(refname)%00%(upstream:short)%00%(objectname)%00%(upstream:track)%00%(upstream:remotename)%00%(upstream:remoteref) refs/heads/main refs/remotes/main [1ms]
2026-09-14 18:11:59.646 [info] > git status -z -uall [11ms]
2026-09-14 18:11:59.646 [info] > git for-each-ref --sort -committerdate --format %(refname)%00%(objectname)%00%(*objectname) [3ms]
2026-09-14 18:11:59.693 [info] > git check-ignore -v -z --stdin [2ms]
2026-09-14 18:11:59.980 [info] > git check-ignore -v -z --stdin [2ms]
2026-09-14 18:12:04.683 [info] > git config --get commit.template [10ms]
2026-09-14 18:12:04.685 [info] > git for-each-ref --format=%(refname)%00%(upstream:short)%00%(objectname)%00%(upstream:track)%00%(upstream:remotename)%00%(upstream:remoteref) refs/heads/main refs/remotes/main [3ms]
2026-09-14 18:12:04.702 [info] > git for-each-ref --sort -committerdate --format %(refname)%00%(objectname)%00%(*objectname) [3ms]
2026-09-14 18:12:04.704 [info] > git status -z -uall [10ms]
2026-09-14 18:12:05.032 [info] > git check-ignore -v -z --stdin [2ms]
2026-09-14 18:12:05.469 [info] > git check-ignore -v -z --stdin [4ms]
2026-09-14 18:12:07.367 [info] > git check-ignore -v -z --stdin [2ms]
2026-09-14 18:12:08.139 [info] > git check-ignore -v -z --stdin [3ms]
2026-09-14 18:12:08.425 [info] > git check-ignore -v -z --stdin [2ms]
2026-09-14 18:12:08.672 [info] > git check-ignore -v -z --stdin [2ms]
2026-09-14 18:12:09.543 [info] > git check-ignore -v -z --stdin [4ms]
2026-09-14 18:12:09.778 [info] > git config --get commit.template [12ms]
2026-09-14 18:12:09.782 [info] > git for-each-ref --format=%(refname)%00%(upstream:short)%00%(objectname)%00%(upstream:track)%00%(upstream:remotename)%00%(upstream:remoteref) refs/heads/main refs/remotes/main [4ms]
2026-09-14 18:12:09.820 [info] > git status -z -uall [19ms]
2026-09-14 18:12:09.824 [info] > git for-each-ref --sort -committerdate --format %(refname)%00%(objectname)%00%(*objectname) [8ms]
2026-09-14 18:12:10.169 [info] > git check-ignore -v -z --stdin [1ms]
2026-09-14 18:12:10.381 [info] > git check-ignore -v -z --stdin [1ms]
2026-09-14 18:12:11.110 [info] > git check-ignore -v -z --stdin [2ms]
2026-09-14 18:12:12.123 [info] > git check-ignore -v -z --stdin [3ms]
2026-09-14 18:12:13.556 [info] > git check-ignore -v -z --stdin [1ms]
2026-09-14 18:12:14.474 [info] > git check-ignore -v -z --stdin [1ms]
2026-09-14 18:12:14.760 [info] > git check-ignore -v -z --stdin [2ms]
2026-09-14 18:12:14.867 [info] > git config --get commit.template [1ms]
2026-09-14 18:12:14.883 [info] > git for-each-ref --format=%(refname)%00%(upstream:short)%00%(objectname)%00%(upstream:track)%00%(upstream:remotename)%00%(upstream:remoteref) refs/heads/main refs/remotes/main [7ms]
2026-09-14 18:12:14.905 [info] > git for-each-ref --sort -committerdate --format %(refname)%00%(objectname)%00%(*objectname) [3ms]
2026-09-14 18:12:14.914 [info] > git status -z -uall [17ms]
2026-09-14 18:12:15.235 [info] > git check-ignore -v -z --stdin [2ms]
2026-09-14 18:12:15.814 [info] > git check-ignore -v -z --stdin [2ms]
2026-09-14 18:12:16.789 [info] > git check-ignore -v -z --stdin [1ms]
2026-09-14 18:12:17.853 [info] > git check-ignore -v -z --stdin [2ms]
2026-09-14 18:12:19.948 [info] > git config --get commit.template [12ms]
2026-09-14 18:12:19.950 [info] > git for-each-ref --format=%(refname)%00%(upstream:short)%00%(objectname)%00%(upstream:track)%00%(upstream:remotename)%00%(upstream:remoteref) refs/heads/main refs/remotes/main [4ms]
2026-09-14 18:12:19.973 [info] > git for-each-ref --sort -committerdate --format %(refname)%00%(objectname)%00%(*objectname) [2ms]
2026-09-14 18:12:19.976 [info] > git status -z -uall [13ms]
2026-09-14 18:12:20.098 [info] > git check-ignore -v -z --stdin [3ms]
2026-09-14 18:12:20.296 [info] > git check-ignore -v -z --stdin [1ms]
2026-09-14 18:12:20.987 [info] > git check-ignore -v -z --stdin [3ms]
2026-09-14 18:12:22.450 [info] > git check-ignore -v -z --stdin [2ms]
2026-09-14 18:12:24.998 [info] > git config --get commit.template [7ms]
2026-09-14 18:12:24.999 [info] > git for-each-ref --format=%(refname)%00%(upstream:short)%00%(objectname)%00%(upstream:track)%00%(upstream:remotename)%00%(upstream:remoteref) refs/heads/main refs/remotes/main [2ms]
2026-09-14 18:12:25.016 [info] > git for-each-ref --sort -committerdate --format %(refname)%00%(objectname)%00%(*objectname) [3ms]
2026-09-14 18:12:25.017 [info] > git status -z -uall [11ms]
2026-09-14 18:12:25.340 [info] > git check-ignore -v -z --stdin [3ms]
2026-09-14 18:12:28.065 [info] > git check-ignore -v -z --stdin [1ms]
2026-09-14 18:12:29.475 [info] > git check-ignore -v -z --stdin [2ms]
2026-09-14 18:12:30.031 [info] > git config --get commit.template [2ms]
2026-09-14 18:12:30.039 [info] > git for-each-ref --format=%(refname)%00%(upstream:short)%00%(objectname)%00%(upstream:track)%00%(upstream:remotename)%00%(upstream:remoteref) refs/heads/main refs/remotes/main [3ms]
2026-09-14 18:12:30.051 [info] > git for-each-ref --sort -committerdate --format %(refname)%00%(objectname)%00%(*objectname) [1ms]
2026-09-14 18:12:30.056 [info] > git status -z -uall [11ms]
2026-09-14 18:12:30.369 [info] > git check-ignore -v -z --stdin [2ms]
2026-09-14 18:12:30.902 [info] > git check-ignore -v -z --stdin [2ms]
2026-09-14 18:12:31.257 [info] > git check-ignore -v -z --stdin [2ms]
2026-09-14 18:12:31.542 [info] > git check-ignore -v -z --stdin [3ms]
2026-09-14 18:12:31.733 [info] > git check-ignore -v -z --stdin [2ms]
2026-09-14 18:12:32.273 [info] > git check-ignore -v -z --stdin [1ms]
2026-09-14 18:12:32.619 [info] > git check-ignore -v -z --stdin [1ms]
2026-09-14 18:12:32.972 [info] > git check-ignore -v -z --stdin [4ms]
2026-09-14 18:12:34.332 [info] > git check-ignore -v -z --stdin [2ms]
2026-09-14 18:12:35.076 [info] > git config --get commit.template [8ms]
2026-09-14 18:12:35.076 [info] > git for-each-ref --format=%(refname)%00%(upstream:short)%00%(objectname)%00%(upstream:track)%00%(upstream:remotename)%00%(upstream:remoteref) refs/heads/main refs/remotes/main [2ms]
2026-09-14 18:12:35.089 [info] > git for-each-ref --sort -committerdate --format %(refname)%00%(objectname)%00%(*objectname) [1ms]
2026-09-14 18:12:35.095 [info] > git status -z -uall [13ms]
2026-09-14 18:12:35.410 [info] > git check-ignore -v -z --stdin [2ms]
2026-09-14 18:12:40.108 [info] > git config --get commit.template [2ms]
2026-09-14 18:12:40.116 [info] > git for-each-ref --format=%(refname)%00%(upstream:short)%00%(objectname)%00%(upstream:track)%00%(upstream:remotename)%00%(upstream:remoteref) refs/heads/main refs/remotes/main [4ms]
2026-09-14 18:12:40.132 [info] > git for-each-ref --sort -committerdate --format %(refname)%00%(objectname)%00%(*objectname) [1ms]
2026-09-14 18:12:40.143 [info] > git status -z -uall [20ms]
2026-09-14 18:12:40.463 [info] > git check-ignore -v -z --stdin [1ms]
2026-09-14 18:12:45.173 [info] > git config --get commit.template [5ms]
2026-09-14 18:12:45.189 [info] > git for-each-ref --format=%(refname)%00%(upstream:short)%00%(objectname)%00%(upstream:track)%00%(upstream:remotename)%00%(upstream:remoteref) refs/heads/main refs/remotes/main [4ms]
2026-09-14 18:12:45.224 [info] > git status -z -uall [21ms]
2026-09-14 18:12:45.225 [info] > git for-each-ref --sort -committerdate --format %(refname)%00%(objectname)%00%(*objectname) [4ms]
2026-09-14 18:12:45.540 [info] > git check-ignore -v -z --stdin [2ms]
2026-09-14 18:12:53.490 [info] > git check-ignore -v -z --stdin [2ms]
2026-09-14 18:12:53.675 [info] > git check-ignore -v -z --stdin [3ms]
2026-09-14 18:12:54.641 [info] > git check-ignore -v -z --stdin [2ms]
2026-09-14 18:12:56.538 [info] > git config --get commit.template [7ms]
2026-09-14 18:12:56.538 [info] > git for-each-ref --format=%(refname)%00%(upstream:short)%00%(objectname)%00%(upstream:track)%00%(upstream:remotename)%00%(upstream:remoteref) refs/heads/main refs/remotes/main [1ms]
2026-09-14 18:12:56.557 [info] > git for-each-ref --sort -committerdate --format %(refname)%00%(objectname)%00%(*objectname) [2ms]
2026-09-14 18:12:56.562 [info] > git status -z -uall [18ms]
2026-09-14 18:12:56.879 [info] > git check-ignore -v -z --stdin [3ms]
2026-09-14 18:13:06.703 [info] > git check-ignore -v -z --stdin [2ms]
2026-09-14 18:13:08.602 [info] > git config --get commit.template [8ms]
2026-09-14 18:13:08.605 [info] > git for-each-ref --format=%(refname)%00%(upstream:short)%00%(objectname)%00%(upstream:track)%00%(upstream:remotename)%00%(upstream:remoteref) refs/heads/main refs/remotes/main [4ms]
2026-09-14 18:13:08.638 [info] > git status -z -uall [23ms]
2026-09-14 18:13:08.639 [info] > git for-each-ref --sort -committerdate --format %(refname)%00%(objectname)%00%(*objectname) [9ms]
2026-09-14 18:13:08.985 [info] > git check-ignore -v -z --stdin [21ms]
2026-09-14 18:13:10.220 [info] > git check-ignore -v -z --stdin [2ms]
2026-09-14 18:13:10.576 [info] > git check-ignore -v -z --stdin [2ms]
2026-09-14 18:13:10.944 [info] > git check-ignore -v -z --stdin [2ms]
2026-09-14 18:13:11.567 [info] > git check-ignore -v -z --stdin [2ms]
2026-09-14 18:13:13.655 [info] > git config --get commit.template [10ms]
2026-09-14 18:13:13.660 [info] > git for-each-ref --format=%(refname)%00%(upstream:short)%00%(objectname)%00%(upstream:track)%00%(upstream:remotename)%00%(upstream:remoteref) refs/heads/main refs/remotes/main [7ms]
2026-09-14 18:13:13.677 [info] > git status -z -uall [9ms]
2026-09-14 18:13:13.678 [info] > git for-each-ref --sort -committerdate --format %(refname)%00%(objectname)%00%(*objectname) [2ms]
2026-09-14 18:13:13.997 [info] > git check-ignore -v -z --stdin [1ms]
2026-09-14 18:13:14.250 [info] > git check-ignore -v -z --stdin [2ms]
2026-09-14 18:13:14.682 [info] > git check-ignore -v -z --stdin [3ms]
2026-09-14 18:13:15.046 [info] > git check-ignore -v -z --stdin [1ms]
2026-09-14 18:13:15.417 [info] > git check-ignore -v -z --stdin [3ms]
2026-09-14 18:13:16.163 [info] > git check-ignore -v -z --stdin [2ms]
2026-09-14 18:13:16.885 [info] > git check-ignore -v -z --stdin [2ms]
2026-09-14 18:13:17.755 [info] > git check-ignore -v -z --stdin [3ms]
2026-09-14 18:13:18.896 [info] > git check-ignore -v -z --stdin [2ms]
2026-09-14 18:13:19.465 [info] > git check-ignore -v -z --stdin [1ms]
2026-09-14 18:13:19.647 [info] > git config --get commit.template [3ms]
2026-09-14 18:13:19.664 [info] > git for-each-ref --format=%(refname)%00%(upstream:short)%00%(objectname)%00%(upstream:track)%00%(upstream:remotename)%00%(upstream:remoteref) refs/heads/main refs/remotes/main [3ms]
2026-09-14 18:13:19.681 [info] > git for-each-ref --sort -committerdate --format %(refname)%00%(objectname)%00%(*objectname) [1ms]
2026-09-14 18:13:19.686 [info] > git status -z -uall [13ms]
2026-09-14 18:13:20.121 [info] > git check-ignore -v -z --stdin [4ms]
2026-09-14 18:13:20.456 [info] > git check-ignore -v -z --stdin [1ms]
2026-09-14 18:13:20.793 [info] > git check-ignore -v -z --stdin [2ms]
2026-09-14 18:13:21.190 [info] > git check-ignore -v -z --stdin [2ms]
2026-09-14 18:13:21.597 [info] > git check-ignore -v -z --stdin [2ms]
2026-09-14 18:13:22.239 [info] > git check-ignore -v -z --stdin [3ms]
2026-09-14 18:13:22.968 [info] > git check-ignore -v -z --stdin [1ms]
2026-09-14 18:13:24.091 [info] > git check-ignore -v -z --stdin [1ms]
2026-09-14 18:13:24.436 [info] > git check-ignore -v -z --stdin [1ms]
2026-09-14 18:13:24.864 [info] > git config --get commit.template [7ms]
2026-09-14 18:13:24.866 [info] > git for-each-ref --format=%(refname)%00%(upstream:short)%00%(objectname)%00%(upstream:track)%00%(upstream:remotename)%00%(upstream:remoteref) refs/heads/main refs/remotes/main [3ms]
2026-09-14 18:13:24.881 [info] > git for-each-ref --sort -committerdate --format %(refname)%00%(objectname)%00%(*objectname) [2ms]
2026-09-14 18:13:24.885 [info] > git status -z -uall [12ms]
2026-09-14 18:13:25.360 [info] > git check-ignore -v -z --stdin [3ms]
2026-09-14 18:13:26.055 [info] > git check-ignore -v -z --stdin [2ms]
2026-09-14 18:13:26.496 [info] > git check-ignore -v -z --stdin [2ms]
2026-09-14 18:13:29.908 [info] > git config --get commit.template [8ms]
2026-09-14 18:13:29.909 [info] > git for-each-ref --format=%(refname)%00%(upstream:short)%00%(objectname)%00%(upstream:track)%00%(upstream:remotename)%00%(upstream:remoteref) refs/heads/main refs/remotes/main [2ms]
2026-09-14 18:13:29.923 [info] > git for-each-ref --sort -committerdate --format %(refname)%00%(objectname)%00%(*objectname) [3ms]
2026-09-14 18:13:29.925 [info] > git status -z -uall [10ms]
2026-09-14 18:13:30.245 [info] > git check-ignore -v -z --stdin [3ms]
2026-09-14 18:13:31.289 [info] > git check-ignore -v -z --stdin [2ms]
2026-09-14 18:13:33.083 [info] > git check-ignore -v -z --stdin [2ms]
2026-09-14 18:13:33.275 [info] > git check-ignore -v -z --stdin [2ms]
2026-09-14 18:13:34.003 [info] > git check-ignore -v -z --stdin [3ms]
2026-09-14 18:13:34.239 [info] > git check-ignore -v -z --stdin [6ms]
2026-09-14 18:13:34.948 [info] > git config --get commit.template [6ms]
2026-09-14 18:13:34.949 [info] > git for-each-ref --format=%(refname)%00%(upstream:short)%00%(objectname)%00%(upstream:track)%00%(upstream:remotename)%00%(upstream:remoteref) refs/heads/main refs/remotes/main [2ms]
2026-09-14 18:13:34.964 [info] > git for-each-ref --sort -committerdate --format %(refname)%00%(objectname)%00%(*objectname) [1ms]
2026-09-14 18:13:34.966 [info] > git status -z -uall [9ms]
2026-09-14 18:13:35.284 [info] > git check-ignore -v -z --stdin [3ms]
2026-09-14 18:13:39.978 [info] > git config --get commit.template [1ms]
2026-09-14 18:13:39.985 [info] > git for-each-ref --format=%(refname)%00%(upstream:short)%00%(objectname)%00%(upstream:track)%00%(upstream:remotename)%00%(upstream:remoteref) refs/heads/main refs/remotes/main [3ms]
2026-09-14 18:13:39.997 [info] > git for-each-ref --sort -committerdate --format %(refname)%00%(objectname)%00%(*objectname) [3ms]
2026-09-14 18:13:40.001 [info] > git status -z -uall [11ms]
2026-09-14 18:13:40.317 [info] > git check-ignore -v -z --stdin [1ms]
2026-09-14 18:13:44.964 [info] > git check-ignore -v -z --stdin [2ms]
2026-09-14 18:13:45.025 [info] > git config --get commit.template [9ms]
2026-09-14 18:13:45.025 [info] > git for-each-ref --format=%(refname)%00%(upstream:short)%00%(objectname)%00%(upstream:track)%00%(upstream:remotename)%00%(upstream:remoteref) refs/heads/main refs/remotes/main [1ms]
2026-09-14 18:13:45.043 [info] > git for-each-ref --sort -committerdate --format %(refname)%00%(objectname)%00%(*objectname) [2ms]
2026-09-14 18:13:45.045 [info] > git status -z -uall [11ms]
2026-09-14 18:13:45.371 [info] > git check-ignore -v -z --stdin [2ms]
2026-09-14 18:13:46.497 [info] > git check-ignore -v -z --stdin [3ms]
2026-09-14 18:13:47.653 [info] > git check-ignore -v -z --stdin [4ms]
2026-09-14 18:13:47.871 [info] > git check-ignore -v -z --stdin [3ms]
2026-09-14 18:13:48.467 [info] > git check-ignore -v -z --stdin [3ms]
2026-09-14 18:13:48.691 [info] > git check-ignore -v -z --stdin [2ms]
2026-09-14 18:13:49.428 [info] > git check-ignore -v -z --stdin [5ms]
2026-09-14 18:13:50.067 [info] > git config --get commit.template [7ms]
2026-09-14 18:13:50.069 [info] > git for-each-ref --format=%(refname)%00%(upstream:short)%00%(objectname)%00%(upstream:track)%00%(upstream:remotename)%00%(upstream:remoteref) refs/heads/main refs/remotes/main [2ms]
2026-09-14 18:13:50.088 [info] > git for-each-ref --sort -committerdate --format %(refname)%00%(objectname)%00%(*objectname) [1ms]
2026-09-14 18:13:50.096 [info] > git status -z -uall [17ms]
2026-09-14 18:13:50.421 [info] > git check-ignore -v -z --stdin [1ms]
2026-09-14 18:13:51.374 [info] > git check-ignore -v -z --stdin [1ms]
2026-09-14 18:13:53.071 [info] > git check-ignore -v -z --stdin [2ms]
2026-09-14 18:13:53.305 [info] > git check-ignore -v -z --stdin [2ms]
2026-09-14 18:13:53.748 [info] > git check-ignore -v -z --stdin [1ms]
2026-09-14 18:13:54.546 [info] > git check-ignore -v -z --stdin [2ms]
2026-09-14 18:13:55.125 [info] > git config --get commit.template [7ms]
2026-09-14 18:13:55.127 [info] > git for-each-ref --format=%(refname)%00%(upstream:short)%00%(objectname)%00%(upstream:track)%00%(upstream:remotename)%00%(upstream:remoteref) refs/heads/main refs/remotes/main [3ms]
2026-09-14 18:13:55.142 [info] > git for-each-ref --sort -committerdate --format %(refname)%00%(objectname)%00%(*objectname) [3ms]
2026-09-14 18:13:55.143 [info] > git status -z -uall [10ms]
2026-09-14 18:13:55.464 [info] > git check-ignore -v -z --stdin [2ms]
2026-09-14 18:14:00.161 [info] > git config --get commit.template [6ms]
2026-09-14 18:14:00.163 [info] > git for-each-ref --format=%(refname)%00%(upstream:short)%00%(objectname)%00%(upstream:track)%00%(upstream:remotename)%00%(upstream:remoteref) refs/heads/main refs/remotes/main [2ms]
2026-09-14 18:14:00.176 [info] > git for-each-ref --sort -committerdate --format %(refname)%00%(objectname)%00%(*objectname) [2ms]
2026-09-14 18:14:00.179 [info] > git status -z -uall [9ms]
2026-09-14 18:14:00.495 [info] > git check-ignore -v -z --stdin [1ms]
2026-09-14 18:14:14.475 [info] > git check-ignore -v -z --stdin [1ms]
2026-09-14 18:14:15.087 [info] > git check-ignore -v -z --stdin [3ms]
2026-09-14 18:14:15.669 [info] > git check-ignore -v -z --stdin [1ms]
2026-09-14 18:14:15.921 [info] > git check-ignore -v -z --stdin [2ms]
2026-09-14 18:14:17.327 [info] > git check-ignore -v -z --stdin [2ms]
2026-09-14 18:14:17.541 [info] > git check-ignore -v -z --stdin [2ms]
2026-09-14 18:14:17.783 [info] > git check-ignore -v -z --stdin [4ms]
2026-09-14 18:14:17.808 [info] > git config --get commit.template [6ms]
2026-09-14 18:14:17.809 [info] > git for-each-ref --format=%(refname)%00%(upstream:short)%00%(objectname)%00%(upstream:track)%00%(upstream:remotename)%00%(upstream:remoteref) refs/heads/main refs/remotes/main [2ms]
2026-09-14 18:14:17.823 [info] > git for-each-ref --sort -committerdate --format %(refname)%00%(objectname)%00%(*objectname) [2ms]
2026-09-14 18:14:17.826 [info] > git status -z -uall [10ms]
2026-09-14 18:14:18.144 [info] > git check-ignore -v -z --stdin [2ms]
2026-09-14 18:14:19.555 [info] > git check-ignore -v -z --stdin [2ms]
2026-09-14 18:14:20.111 [info] > git check-ignore -v -z --stdin [2ms]
2026-09-14 18:14:20.696 [info] > git check-ignore -v -z --stdin [2ms]
2026-09-14 18:14:21.023 [info] > git check-ignore -v -z --stdin [2ms]
2026-09-14 18:14:21.549 [info] > git check-ignore -v -z --stdin [2ms]
2026-09-14 18:14:22.850 [info] > git config --get commit.template [2ms]
2026-09-14 18:14:22.862 [info] > git for-each-ref --format=%(refname)%00%(upstream:short)%00%(objectname)%00%(upstream:track)%00%(upstream:remotename)%00%(upstream:remoteref) refs/heads/main refs/remotes/main [2ms]
2026-09-14 18:14:22.876 [info] > git for-each-ref --sort -committerdate --format %(refname)%00%(objectname)%00%(*objectname) [3ms]
2026-09-14 18:14:22.885 [info] > git status -z -uall [16ms]
2026-09-14 18:14:22.929 [info] > git check-ignore -v -z --stdin [4ms]
2026-09-14 18:14:23.213 [info] > git check-ignore -v -z --stdin [2ms]
2026-09-14 18:14:24.031 [info] > git check-ignore -v -z --stdin [4ms]
2026-09-14 18:14:24.461 [info] > git check-ignore -v -z --stdin [5ms]
2026-09-14 18:14:24.859 [info] > git check-ignore -v -z --stdin [1ms]
2026-09-14 18:14:25.638 [info] > git check-ignore -v -z --stdin [2ms]
2026-09-14 18:14:26.351 [info] > git check-ignore -v -z --stdin [3ms]
2026-09-14 18:14:27.412 [info] > git check-ignore -v -z --stdin [4ms]
2026-09-14 18:14:27.677 [info] > git check-ignore -v -z --stdin [2ms]
2026-09-14 18:14:27.903 [info] > git config --get commit.template [6ms]
2026-09-14 18:14:27.915 [info] > git for-each-ref --format=%(refname)%00%(upstream:short)%00%(objectname)%00%(upstream:track)%00%(upstream:remotename)%00%(upstream:remoteref) refs/heads/main refs/remotes/main [7ms]
2026-09-14 18:14:27.916 [info] > git check-ignore -v -z --stdin [2ms]
2026-09-14 18:14:27.930 [info] > git for-each-ref --sort -committerdate --format %(refname)%00%(objectname)%00%(*objectname) [2ms]
2026-09-14 18:14:27.933 [info] > git status -z -uall [10ms]
2026-09-14 18:14:28.248 [info] > git check-ignore -v -z --stdin [2ms]
2026-09-14 18:14:29.567 [info] > git check-ignore -v -z --stdin [3ms]
2026-09-14 18:14:32.364 [info] > git check-ignore -v -z --stdin [1ms]
2026-09-14 18:14:32.956 [info] > git config --get commit.template [9ms]
2026-09-14 18:14:32.958 [info] > git for-each-ref --format=%(refname)%00%(upstream:short)%00%(objectname)%00%(upstream:track)%00%(upstream:remotename)%00%(upstream:remoteref) refs/heads/main refs/remotes/main [3ms]
2026-09-14 18:14:32.972 [info] > git for-each-ref --sort -committerdate --format %(refname)%00%(objectname)%00%(*objectname) [2ms]
2026-09-14 18:14:32.975 [info] > git status -z -uall [10ms]
2026-09-14 18:14:33.292 [info] > git check-ignore -v -z --stdin [2ms]
2026-09-14 18:14:33.595 [info] > git check-ignore -v -z --stdin [2ms]
2026-09-14 18:14:37.446 [info] > git check-ignore -v -z --stdin [1ms]
2026-09-14 18:14:37.814 [info] > git check-ignore -v -z --stdin [2ms]
2026-09-14 18:14:37.995 [info] > git config --get commit.template [8ms]
2026-09-14 18:14:37.997 [info] > git for-each-ref --format=%(refname)%00%(upstream:short)%00%(objectname)%00%(upstream:track)%00%(upstream:remotename)%00%(upstream:remoteref) refs/heads/main refs/remotes/main [2ms]
2026-09-14 18:14:38.023 [info] > git for-each-ref --sort -committerdate --format %(refname)%00%(objectname)%00%(*objectname) [1ms]
2026-09-14 18:14:38.027 [info] > git status -z -uall [21ms]
2026-09-14 18:14:38.058 [info] > git check-ignore -v -z --stdin [1ms]
2026-09-14 18:14:38.341 [info] > git check-ignore -v -z --stdin [2ms]
2026-09-14 18:14:38.800 [info] > git check-ignore -v -z --stdin [1ms]
2026-09-14 18:14:39.961 [info] > git check-ignore -v -z --stdin [2ms]
2026-09-14 18:14:40.367 [info] > git check-ignore -v -z --stdin [2ms]
2026-09-14 18:14:40.837 [info] > git check-ignore -v -z --stdin [2ms]
2026-09-14 18:14:41.052 [info] > git check-ignore -v -z --stdin [2ms]
2026-09-14 18:14:41.339 [info] > git check-ignore -v -z --stdin [1ms]
2026-09-14 18:14:42.874 [info] > git check-ignore -v -z --stdin [3ms]
2026-09-14 18:14:43.050 [info] > git config --get commit.template [3ms]
2026-09-14 18:14:43.065 [info] > git for-each-ref --format=%(refname)%00%(upstream:short)%00%(objectname)%00%(upstream:track)%00%(upstream:remotename)%00%(upstream:remoteref) refs/heads/main refs/remotes/main [3ms]
2026-09-14 18:14:43.093 [info] > git for-each-ref --sort -committerdate --format %(refname)%00%(objectname)%00%(*objectname) [1ms]
2026-09-14 18:14:43.096 [info] > git status -z -uall [12ms]
2026-09-14 18:14:43.204 [info] > git check-ignore -v -z --stdin [5ms]
2026-09-14 18:14:43.452 [info] > git check-ignore -v -z --stdin [3ms]
2026-09-14 18:14:44.671 [info] > git check-ignore -v -z --stdin [3ms]
2026-09-14 18:14:45.146 [info] > git check-ignore -v -z --stdin [2ms]
2026-09-14 18:14:47.457 [info] > git check-ignore -v -z --stdin [3ms]
2026-09-14 18:14:48.108 [info] > git config --get commit.template [4ms]
2026-09-14 18:14:48.118 [info] > git for-each-ref --format=%(refname)%00%(upstream:short)%00%(objectname)%00%(upstream:track)%00%(upstream:remotename)%00%(upstream:remoteref) refs/heads/main refs/remotes/main [3ms]
2026-09-14 18:14:48.137 [info] > git for-each-ref --sort -committerdate --format %(refname)%00%(objectname)%00%(*objectname) [4ms]
2026-09-14 18:14:48.138 [info] > git status -z -uall [11ms]
2026-09-14 18:14:48.459 [info] > git check-ignore -v -z --stdin [2ms]
2026-09-14 18:14:49.876 [info] > git check-ignore -v -z --stdin [3ms]
2026-09-14 18:14:50.465 [info] > git check-ignore -v -z --stdin [2ms]
2026-09-14 18:14:51.108 [info] > git check-ignore -v -z --stdin [2ms]
2026-09-14 18:14:51.792 [info] > git check-ignore -v -z --stdin [3ms]
2026-09-14 18:14:52.492 [info] > git check-ignore -v -z --stdin [6ms]
2026-09-14 18:14:53.100 [info] > git check-ignore -v -z --stdin [3ms]
2026-09-14 18:14:53.160 [info] > git config --get commit.template [2ms]
2026-09-14 18:14:53.171 [info] > git for-each-ref --format=%(refname)%00%(upstream:short)%00%(objectname)%00%(upstream:track)%00%(upstream:remotename)%00%(upstream:remoteref) refs/heads/main refs/remotes/main [3ms]
2026-09-14 18:14:53.201 [info] > git status -z -uall [12ms]
2026-09-14 18:14:53.201 [info] > git for-each-ref --sort -committerdate --format %(refname)%00%(objectname)%00%(*objectname) [3ms]
2026-09-14 18:14:53.534 [info] > git check-ignore -v -z --stdin [3ms]
2026-09-14 18:14:54.247 [info] > git check-ignore -v -z --stdin [4ms]
2026-09-14 18:14:55.467 [info] > git check-ignore -v -z --stdin [2ms]
2026-09-14 18:14:56.388 [info] > git check-ignore -v -z --stdin [2ms]
2026-09-14 18:14:57.352 [info] > git check-ignore -v -z --stdin [1ms]
2026-09-14 18:14:58.229 [info] > git config --get commit.template [6ms]
2026-09-14 18:14:58.230 [info] > git for-each-ref --format=%(refname)%00%(upstream:short)%00%(objectname)%00%(upstream:track)%00%(upstream:remotename)%00%(upstream:remoteref) refs/heads/main refs/remotes/main [1ms]
2026-09-14 18:14:58.244 [info] > git for-each-ref --sort -committerdate --format %(refname)%00%(objectname)%00%(*objectname) [2ms]
2026-09-14 18:14:58.247 [info] > git status -z -uall [10ms]
2026-09-14 18:14:58.284 [info] > git check-ignore -v -z --stdin [1ms]
2026-09-14 18:14:58.565 [info] > git check-ignore -v -z --stdin [2ms]
2026-09-14 18:14:58.928 [info] > git check-ignore -v -z --stdin [2ms]
2026-09-14 18:15:03.040 [info] > git check-ignore -v -z --stdin [3ms]
2026-09-14 18:15:03.290 [info] > git config --get commit.template [23ms]
2026-09-14 18:15:03.300 [info] > git for-each-ref --format=%(refname)%00%(upstream:short)%00%(objectname)%00%(upstream:track)%00%(upstream:remotename)%00%(upstream:remoteref) refs/heads/main refs/remotes/main [3ms]
2026-09-14 18:15:03.314 [info] > git for-each-ref --sort -committerdate --format %(refname)%00%(objectname)%00%(*objectname) [2ms]
2026-09-14 18:15:03.317 [info] > git status -z -uall [9ms]
2026-09-14 18:15:03.408 [info] > git check-ignore -v -z --stdin [2ms]
2026-09-14 18:15:03.639 [info] > git check-ignore -v -z --stdin [3ms]
2026-09-14 18:15:04.787 [info] > git check-ignore -v -z --stdin [4ms]
2026-09-14 18:15:05.699 [info] > git check-ignore -v -z --stdin [2ms]
2026-09-14 18:15:06.953 [info] > git check-ignore -v -z --stdin [3ms]
2026-09-14 18:15:08.331 [info] > git config --get commit.template [1ms]
2026-09-14 18:15:08.338 [info] > git for-each-ref --format=%(refname)%00%(upstream:short)%00%(objectname)%00%(upstream:track)%00%(upstream:remotename)%00%(upstream:remoteref) refs/heads/main refs/remotes/main [2ms]
2026-09-14 18:15:08.352 [info] > git for-each-ref --sort -committerdate --format %(refname)%00%(objectname)%00%(*objectname) [2ms]
2026-09-14 18:15:08.356 [info] > git status -z -uall [12ms]
2026-09-14 18:15:08.673 [info] > git check-ignore -v -z --stdin [3ms]
2026-09-14 18:15:10.184 [info] > git check-ignore -v -z --stdin [2ms]
2026-09-14 18:15:11.056 [info] > git check-ignore -v -z --stdin [2ms]
2026-09-14 18:15:12.086 [info] > git check-ignore -v -z --stdin [3ms]
2026-09-14 18:15:12.936 [info] > git check-ignore -v -z --stdin [2ms]
2026-09-14 18:15:13.373 [info] > git config --get commit.template [6ms]
2026-09-14 18:15:13.375 [info] > git for-each-ref --format=%(refname)%00%(upstream:short)%00%(objectname)%00%(upstream:track)%00%(upstream:remotename)%00%(upstream:remoteref) refs/heads/main refs/remotes/main [2ms]
2026-09-14 18:15:13.386 [info] > git for-each-ref --sort -committerdate --format %(refname)%00%(objectname)%00%(*objectname) [2ms]
2026-09-14 18:15:13.389 [info] > git status -z -uall [9ms]
2026-09-14 18:15:13.706 [info] > git check-ignore -v -z --stdin [2ms]
2026-09-14 18:15:18.406 [info] > git config --get commit.template [6ms]
2026-09-14 18:15:18.407 [info] > git for-each-ref --format=%(refname)%00%(upstream:short)%00%(objectname)%00%(upstream:track)%00%(upstream:remotename)%00%(upstream:remoteref) refs/heads/main refs/remotes/main [2ms]
2026-09-14 18:15:18.418 [info] > git for-each-ref --sort -committerdate --format %(refname)%00%(objectname)%00%(*objectname) [2ms]
2026-09-14 18:15:18.422 [info] > git status -z -uall [10ms]
2026-09-14 18:15:18.744 [info] > git check-ignore -v -z --stdin [1ms]
2026-09-14 18:18:38.206 [info] > git ls-files --stage -- Python/django/SOA/OrientationApp/templates/Orientation.html [14ms]
2026-09-14 18:18:38.272 [info] > git config --get commit.template [70ms]
2026-09-14 18:18:38.278 [info] > git cat-file -s 7c830640c20b165015425eb197334fdc56cb13d7 [48ms]
2026-09-14 18:18:38.281 [info] > git for-each-ref --format=%(refname)%00%(upstream:short)%00%(objectname)%00%(upstream:track)%00%(upstream:remotename)%00%(upstream:remoteref) refs/heads/main refs/remotes/main [37ms]
2026-09-14 18:18:38.352 [info] > git status -z -uall [56ms]
2026-09-14 18:18:38.354 [info] > git for-each-ref --sort -committerdate --format %(refname)%00%(objectname)%00%(*objectname) [4ms]
2026-09-14 18:18:38.422 [info] > git blame --root --incremental 59bb390d17f2ac1a38e9c58ee6cc23cc7ab28b68 -- Python/django/SOA/OrientationApp/templates/Orientation.html [42ms]
2026-09-14 18:18:38.425 [info] > git show --textconv :Python/django/SOA/OrientationApp/templates/Orientation.html [4ms]
2026-09-14 18:18:38.425 [info] > git merge-base refs/heads/main refs/remotes/origin/main [32ms]
2026-09-14 18:18:38.437 [info] > git diff --raw --numstat --diff-filter=ADMR -z --find-renames=50% b5fe8c5cac4c8927894bc2d9795512a91ca0da35...refs/remotes/origin/main -- [4ms]
2026-09-14 18:18:38.841 [info] > git check-ignore -v -z --stdin [3ms]
2026-09-14 19:04:12.430 [info] > git config --get commit.template [6ms]
2026-09-14 19:04:12.479 [info] > git ls-files --stage -- Python/django/SOA/OrientationApp/templates/Orientation.html [33ms]
2026-09-14 19:04:12.495 [info] > git for-each-ref --format=%(refname)%00%(upstream:short)%00%(objectname)%00%(upstream:track)%00%(upstream:remotename)%00%(upstream:remoteref) refs/heads/main refs/remotes/main [23ms]
2026-09-14 19:04:12.540 [info] > git status -z -uall [20ms]
2026-09-14 19:04:12.541 [info] > git for-each-ref --sort -committerdate --format %(refname)%00%(objectname)%00%(*objectname) [6ms]
2026-09-14 19:04:12.586 [info] > git cat-file -s 7c830640c20b165015425eb197334fdc56cb13d7 [91ms]
2026-09-14 19:04:12.594 [info] > git merge-base refs/heads/main refs/remotes/origin/main [9ms]
2026-09-14 19:04:12.626 [info] > git diff --raw --numstat --diff-filter=ADMR -z --find-renames=50% 59bb390d17f2ac1a38e9c58ee6cc23cc7ab28b68...refs/remotes/origin/main -- [16ms]
2026-09-14 19:04:12.629 [info] > git show --textconv :Python/django/SOA/OrientationApp/templates/Orientation.html [4ms]
2026-09-14 19:04:17.619 [info] > git config --get commit.template [9ms]
2026-09-14 19:04:17.621 [info] > git for-each-ref --format=%(refname)%00%(upstream:short)%00%(objectname)%00%(upstream:track)%00%(upstream:remotename)%00%(upstream:remoteref) refs/heads/main refs/remotes/main [4ms]
2026-09-14 19:04:17.651 [info] > git for-each-ref --sort -committerdate --format %(refname)%00%(objectname)%00%(*objectname) [2ms]
2026-09-14 19:04:17.654 [info] > git status -z -uall [26ms]
2026-09-14 19:05:03.202 [info] > git check-ignore -v -z --stdin [1ms]
2026-09-14 19:05:03.438 [info] > git check-ignore -v -z --stdin [2ms]
2026-09-14 19:05:03.850 [info] > git check-ignore -v -z --stdin [2ms]
2026-09-14 19:05:05.767 [info] > git config --get commit.template [24ms]
2026-09-14 19:05:05.772 [info] > git for-each-ref --format=%(refname)%00%(upstream:short)%00%(objectname)%00%(upstream:track)%00%(upstream:remotename)%00%(upstream:remoteref) refs/heads/main refs/remotes/main [6ms]
2026-09-14 19:05:05.802 [info] > git for-each-ref --sort -committerdate --format %(refname)%00%(objectname)%00%(*objectname) [4ms]
2026-09-14 19:05:05.802 [info] > git status -z -uall [15ms]
2026-09-14 19:05:06.122 [info] > git check-ignore -v -z --stdin [2ms]
2026-09-14 19:05:07.826 [info] > git check-ignore -v -z --stdin [2ms]
2026-09-14 19:05:09.253 [info] > git check-ignore -v -z --stdin [2ms]
2026-09-14 19:05:10.076 [info] > git check-ignore -v -z --stdin [1ms]
2026-09-14 19:05:10.832 [info] > git config --get commit.template [9ms]
2026-09-14 19:05:10.834 [info] > git for-each-ref --format=%(refname)%00%(upstream:short)%00%(objectname)%00%(upstream:track)%00%(upstream:remotename)%00%(upstream:remoteref) refs/heads/main refs/remotes/main [2ms]
2026-09-14 19:05:10.850 [info] > git for-each-ref --sort -committerdate --format %(refname)%00%(objectname)%00%(*objectname) [2ms]
2026-09-14 19:05:10.853 [info] > git status -z -uall [12ms]
2026-09-14 19:05:15.885 [info] > git config --get commit.template [15ms]
2026-09-14 19:05:15.888 [info] > git for-each-ref --format=%(refname)%00%(upstream:short)%00%(objectname)%00%(upstream:track)%00%(upstream:remotename)%00%(upstream:remoteref) refs/heads/main refs/remotes/main [4ms]
2026-09-14 19:05:15.929 [info] > git status -z -uall [16ms]
2026-09-14 19:05:15.929 [info] > git for-each-ref --sort -committerdate --format %(refname)%00%(objectname)%00%(*objectname) [3ms]
2026-09-14 19:05:49.505 [info] > git check-ignore -v -z --stdin [3ms]
2026-09-14 19:05:49.556 [info] > git show --textconv :Python/django/SOA/OrientationApp/views.py [16ms]
2026-09-14 19:05:49.562 [info] > git ls-files --stage -- Python/django/SOA/OrientationApp/views.py [7ms]
2026-09-14 19:05:49.589 [info] > git cat-file -s 8ba7ed57eec4a2ea88c883c45b6d4bff8a8ea55b [10ms]
2026-09-14 19:05:49.678 [info] > git blame --root --incremental 59bb390d17f2ac1a38e9c58ee6cc23cc7ab28b68 -- Python/django/SOA/OrientationApp/views.py [3ms]
2026-09-14 19:06:02.131 [info] > git check-ignore -v -z --stdin [2ms]
2026-09-14 19:06:02.173 [info] > git show --textconv :Python/django/SOA/OrientationApp/templates/Orientation.html [0ms]
2026-09-14 19:06:02.214 [info] > git ls-files --stage -- Python/django/SOA/OrientationApp/templates/Orientation.html [3ms]
2026-09-14 19:06:02.243 [info] > git cat-file -s 7c830640c20b165015425eb197334fdc56cb13d7 [3ms]
2026-09-14 19:06:10.525 [info] > git check-ignore -v -z --stdin [1ms]
2026-09-14 19:06:11.104 [info] > git check-ignore -v -z --stdin [2ms]
2026-09-14 19:06:11.880 [info] > git check-ignore -v -z --stdin [2ms]
2026-09-14 19:06:12.781 [info] > git check-ignore -v -z --stdin [4ms]
2026-09-14 19:06:13.177 [info] > git check-ignore -v -z --stdin [2ms]
2026-09-14 19:06:13.538 [info] > git check-ignore -v -z --stdin [2ms]
2026-09-14 19:06:13.861 [info] > git check-ignore -v -z --stdin [2ms]
2026-09-14 19:06:14.186 [info] > git check-ignore -v -z --stdin [2ms]
2026-09-14 19:06:14.505 [info] > git check-ignore -v -z --stdin [2ms]
2026-09-14 19:06:16.604 [info] > git config --get commit.template [8ms]
2026-09-14 19:06:16.606 [info] > git for-each-ref --format=%(refname)%00%(upstream:short)%00%(objectname)%00%(upstream:track)%00%(upstream:remotename)%00%(upstream:remoteref) refs/heads/main refs/remotes/main [2ms]
2026-09-14 19:06:16.633 [info] > git status -z -uall [18ms]
2026-09-14 19:06:16.635 [info] > git for-each-ref --sort -committerdate --format %(refname)%00%(objectname)%00%(*objectname) [9ms]
2026-09-14 19:06:29.725 [info] > git check-ignore -v -z --stdin [2ms]
2026-09-14 19:06:29.823 [info] > git show --textconv :Python/django/SOA/OrientationApp/views.py [15ms]
2026-09-14 19:06:29.833 [info] > git ls-files --stage -- Python/django/SOA/OrientationApp/views.py [11ms]
2026-09-14 19:06:29.846 [info] > git cat-file -s 8ba7ed57eec4a2ea88c883c45b6d4bff8a8ea55b [0ms]
2026-09-14 19:06:39.015 [info] > git check-ignore -v -z --stdin [18ms]
2026-09-14 19:06:39.049 [info] > git show --textconv :Python/django/SOA/OrientationApp/templates/Orientation.html [11ms]
2026-09-14 19:06:39.053 [info] > git ls-files --stage -- Python/django/SOA/OrientationApp/templates/Orientation.html [5ms]
2026-09-14 19:06:39.062 [info] > git cat-file -s 7c830640c20b165015425eb197334fdc56cb13d7 [2ms]
2026-09-14 19:06:42.224 [info] > git check-ignore -v -z --stdin [3ms]
2026-09-14 19:06:42.560 [info] > git check-ignore -v -z --stdin [2ms]
2026-09-14 19:06:44.653 [info] > git config --get commit.template [11ms]
2026-09-14 19:06:44.655 [info] > git for-each-ref --format=%(refname)%00%(upstream:short)%00%(objectname)%00%(upstream:track)%00%(upstream:remotename)%00%(upstream:remoteref) refs/heads/main refs/remotes/main [3ms]
2026-09-14 19:06:44.677 [info] > git for-each-ref --sort -committerdate --format %(refname)%00%(objectname)%00%(*objectname) [2ms]
2026-09-14 19:06:44.680 [info] > git status -z -uall [13ms]
2026-09-14 19:07:06.282 [info] > git config --get commit.template [10ms]
2026-09-14 19:07:06.284 [info] > git for-each-ref --format=%(refname)%00%(upstream:short)%00%(objectname)%00%(upstream:track)%00%(upstream:remotename)%00%(upstream:remoteref) refs/heads/main refs/remotes/main [3ms]
2026-09-14 19:07:06.314 [info] > git for-each-ref --sort -committerdate --format %(refname)%00%(objectname)%00%(*objectname) [1ms]
2026-09-14 19:07:06.321 [info] > git status -z -uall [20ms]
2026-09-14 19:07:06.372 [info] > git check-ignore -v -z --stdin [3ms]
2026-09-14 19:07:06.675 [info] > git check-ignore -v -z --stdin [4ms]
2026-09-14 19:07:11.351 [info] > git config --get commit.template [4ms]
2026-09-14 19:07:11.366 [info] > git for-each-ref --format=%(refname)%00%(upstream:short)%00%(objectname)%00%(upstream:track)%00%(upstream:remotename)%00%(upstream:remoteref) refs/heads/main refs/remotes/main [4ms]
2026-09-14 19:07:11.401 [info] > git status -z -uall [15ms]
2026-09-14 19:07:11.401 [info] > git for-each-ref --sort -committerdate --format %(refname)%00%(objectname)%00%(*objectname) [3ms]
2026-09-14 19:07:11.729 [info] > git check-ignore -v -z --stdin [1ms]
2026-09-14 19:07:16.432 [info] > git config --get commit.template [10ms]
2026-09-14 19:07:16.433 [info] > git for-each-ref --format=%(refname)%00%(upstream:short)%00%(objectname)%00%(upstream:track)%00%(upstream:remotename)%00%(upstream:remoteref) refs/heads/main refs/remotes/main [2ms]
2026-09-14 19:07:16.452 [info] > git for-each-ref --sort -committerdate --format %(refname)%00%(objectname)%00%(*objectname) [3ms]
2026-09-14 19:07:16.453 [info] > git status -z -uall [12ms]
2026-09-14 19:07:16.774 [info] > git check-ignore -v -z --stdin [3ms]
