2026-09-14 17:36:50.490 [info] Reading sessions from keychain...
2026-09-14 17:36:50.490 [info] Getting sessions for all scopes...
2026-09-14 17:36:51.185 [info] Got stored sessions!
2026-09-14 17:36:51.186 [info] Got 1 verified sessions.
2026-09-14 17:36:51.186 [info] Got 1 sessions for ...
2026-09-14 17:36:51.190 [info] Getting sessions for all scopes...
2026-09-14 17:36:51.190 [info] Got 1 sessions for ...
2026-09-14 17:36:51.775 [info] Getting sessions for all scopes...
2026-09-14 17:36:51.776 [info] Got 1 sessions for ...
2026-09-14 17:36:56.996 [info] Getting sessions for all scopes...
2026-09-14 17:36:56.996 [info] Got 1 sessions for ...
2026-09-14 17:36:57.040 [info] Getting sessions for read:user,user:email...
2026-09-14 17:36:57.040 [info] Got 0 sessions for read:user,user:email...
2026-09-14 17:36:57.502 [info] Getting sessions for all scopes...
2026-09-14 17:36:57.502 [info] Got 1 sessions for ...
2026-09-14 17:36:57.678 [info] Getting sessions for all scopes...
2026-09-14 17:36:57.678 [info] Got 1 sessions for ...
2026-09-14 17:36:57.678 [info] Getting sessions for all scopes...
2026-09-14 17:36:57.678 [info] Got 1 sessions for ...
2026-09-14 17:36:59.340 [info] Getting sessions for all scopes...
2026-09-14 17:36:59.341 [info] Got 1 sessions for ...
2026-09-14 17:36:59.714 [info] Getting sessions for all scopes...
2026-09-14 17:36:59.714 [info] Got 1 sessions for ...
2026-09-14 17:36:59.725 [info] Getting sessions for repo...
2026-09-14 17:36:59.725 [info] Got 0 sessions for repo...
2026-09-14 17:37:00.008 [info] Getting sessions for all scopes...
2026-09-14 17:37:00.008 [info] Got 1 sessions for ...
2026-09-14 17:37:00.078 [info] Getting sessions for read:user,repo,user:email,workflow...
2026-09-14 17:37:00.078 [info] Got 1 sessions for read:user,repo,user:email,workflow...
2026-09-14 17:37:01.474 [info] Getting sessions for read:user,repo,user:email,workflow...
2026-09-14 17:37:01.474 [info] Got 1 sessions for read:user,repo,user:email,workflow...
2026-09-14 17:37:01.882 [info] Getting sessions for all scopes...
2026-09-14 17:37:01.882 [info] Got 1 sessions for ...
2026-09-14 17:37:01.945 [info] Getting sessions for read:user,repo,user:email,workflow...
2026-09-14 17:37:01.945 [info] Got 1 sessions for read:user,repo,user:email,workflow...
2026-09-14 17:37:02.776 [info] Getting sessions for all scopes...
2026-09-14 17:37:02.776 [info] Got 1 sessions for ...
2026-09-14 17:37:02.777 [info] Getting sessions for all scopes...
2026-09-14 17:37:02.777 [info] Got 1 sessions for ...
2026-09-14 17:37:03.111 [info] Getting sessions for read:user,repo,user:email,workflow...
2026-09-14 17:37:03.112 [info] Got 1 sessions for read:user,repo,user:email,workflow...
2026-09-14 17:37:03.736 [info] Getting sessions for all scopes...
2026-09-14 17:37:03.736 [info] Got 1 sessions for ...
2026-09-14 17:37:03.767 [info] Getting sessions for all scopes...
2026-09-14 17:37:03.767 [info] Got 1 sessions for ...
2026-09-14 17:37:03.877 [info] Getting sessions for read:user,repo,user:email,workflow...
2026-09-14 17:37:03.877 [info] Got 1 sessions for read:user,repo,user:email,workflow...
2026-09-14 17:37:04.760 [info] Getting sessions for all scopes...
2026-09-14 17:37:04.760 [info] Got 1 sessions for ...
2026-09-14 17:37:04.762 [info] Getting sessions for all scopes...
2026-09-14 17:37:04.762 [info] Got 1 sessions for ...
2026-09-14 17:37:04.768 [info] Getting sessions for read:user,repo,user:email,workflow...
2026-09-14 17:37:04.768 [info] Got 1 sessions for read:user,repo,user:email,workflow...
2026-09-14 17:37:05.568 [info] Getting sessions for all scopes...
2026-09-14 17:37:05.568 [info] Got 1 sessions for ...
2026-09-14 17:37:05.571 [info] Getting sessions for read:user,repo,user:email,workflow...
2026-09-14 17:37:05.571 [info] Got 1 sessions for read:user,repo,user:email,workflow...
2026-09-14 17:38:08.647 [info] Getting sessions for all scopes...
2026-09-14 17:38:08.648 [info] Got 1 sessions for ...
2026-09-14 17:38:08.648 [info] Getting sessions for all scopes...
2026-09-14 17:38:08.648 [info] Got 1 sessions for ...
2026-09-14 17:38:08.661 [info] Getting sessions for read:user,repo,user:email,workflow...
2026-09-14 17:38:08.661 [info] Got 1 sessions for read:user,repo,user:email,workflow...
2026-09-14 17:38:09.071 [info] Getting sessions for all scopes...
2026-09-14 17:38:09.071 [info] Got 1 sessions for ...
2026-09-14 17:38:09.074 [info] Getting sessions for read:user,repo,user:email,workflow...
2026-09-14 17:38:09.074 [info] Got 1 sessions for read:user,repo,user:email,workflow...
2026-09-14 17:38:09.687 [info] Getting sessions for all scopes...
2026-09-14 17:38:09.687 [info] Got 1 sessions for ...
2026-09-14 17:38:09.690 [info] Getting sessions for read:user,repo,user:email,workflow...
2026-09-14 17:38:09.690 [info] Got 1 sessions for read:user,repo,user:email,workflow...
2026-09-14 17:38:57.063 [info] Getting sessions for all scopes...
2026-09-14 17:38:57.063 [info] Got 1 sessions for ...
2026-09-14 17:38:57.372 [info] Getting sessions for read:user,repo,user:email,workflow...
2026-09-14 17:38:57.372 [info] Got 1 sessions for read:user,repo,user:email,workflow...
2026-09-14 17:38:58.609 [info] Getting sessions for all scopes...
2026-09-14 17:38:58.609 [info] Got 1 sessions for ...
2026-09-14 17:38:58.632 [info] Getting sessions for read:user,repo,user:email,workflow...
2026-09-14 17:38:58.632 [info] Got 1 sessions for read:user,repo,user:email,workflow...
2026-09-14 17:39:58.612 [info] Getting sessions for all scopes...
2026-09-14 17:39:58.612 [info] Got 1 sessions for ...
2026-09-14 17:39:58.615 [info] Getting sessions for read:user,repo,user:email,workflow...
2026-09-14 17:39:58.615 [info] Got 1 sessions for read:user,repo,user:email,workflow...
2026-09-14 17:40:04.706 [info] Getting sessions for all scopes...
2026-09-14 17:40:04.706 [info] Got 1 sessions for ...
2026-09-14 17:40:04.710 [info] Getting sessions for read:user,repo,user:email,workflow...
2026-09-14 17:40:04.710 [info] Got 1 sessions for read:user,repo,user:email,workflow...
2026-09-14 17:59:42.031 [info] Getting sessions for all scopes...
2026-09-14 17:59:42.031 [info] Got 1 sessions for ...
2026-09-14 17:59:42.032 [info] Getting sessions for all scopes...
2026-09-14 17:59:42.032 [info] Got 1 sessions for ...
2026-09-14 17:59:42.041 [info] Getting sessions for read:user,repo,user:email,workflow...
2026-09-14 17:59:42.041 [info] Got 1 sessions for read:user,repo,user:email,workflow...
2026-09-14 17:59:42.480 [info] Getting sessions for all scopes...
2026-09-14 17:59:42.480 [info] Got 1 sessions for ...
2026-09-14 17:59:42.486 [info] Getting sessions for read:user,repo,user:email,workflow...
2026-09-14 17:59:42.486 [info] Got 1 sessions for read:user,repo,user:email,workflow...
2026-09-14 17:59:43.131 [info] Getting sessions for all scopes...
2026-09-14 17:59:43.131 [info] Got 1 sessions for ...
2026-09-14 17:59:43.135 [info] Getting sessions for read:user,repo,user:email,workflow...
2026-09-14 17:59:43.135 [info] Got 1 sessions for read:user,repo,user:email,workflow...
2026-09-14 18:00:43.095 [info] Getting sessions for all scopes...
2026-09-14 18:00:43.095 [info] Got 1 sessions for ...
2026-09-14 18:00:43.098 [info] Getting sessions for read:user,repo,user:email,workflow...
2026-09-14 18:00:43.098 [info] Got 1 sessions for read:user,repo,user:email,workflow...
2026-09-14 18:00:44.219 [info] Getting sessions for all scopes...
2026-09-14 18:00:44.219 [info] Got 1 sessions for ...
2026-09-14 18:00:44.221 [info] Getting sessions for read:user,repo,user:email,workflow...
2026-09-14 18:00:44.221 [info] Got 1 sessions for read:user,repo,user:email,workflow...
2026-09-14 18:01:44.222 [info] Getting sessions for all scopes...
2026-09-14 18:01:44.222 [info] Got 1 sessions for ...
2026-09-14 18:01:44.225 [info] Getting sessions for read:user,repo,user:email,workflow...
2026-09-14 18:01:44.225 [info] Got 1 sessions for read:user,repo,user:email,workflow...
2026-09-14 18:01:45.219 [info] Getting sessions for all scopes...
2026-09-14 18:01:45.219 [info] Got 1 sessions for ...
2026-09-14 18:01:45.223 [info] Getting sessions for read:user,repo,user:email,workflow...
2026-09-14 18:01:45.223 [info] Got 1 sessions for read:user,repo,user:email,workflow...
2026-09-14 18:03:13.724 [info] Getting sessions for all scopes...
2026-09-14 18:03:13.724 [info] Got 1 sessions for ...
2026-09-14 18:03:13.727 [info] Getting sessions for read:user,repo,user:email,workflow...
2026-09-14 18:03:13.727 [info] Got 1 sessions for read:user,repo,user:email,workflow...
2026-09-14 18:03:14.712 [info] Getting sessions for all scopes...
2026-09-14 18:03:14.712 [info] Got 1 sessions for ...
2026-09-14 18:03:14.716 [info] Getting sessions for read:user,repo,user:email,workflow...
2026-09-14 18:03:14.716 [info] Got 1 sessions for read:user,repo,user:email,workflow...
2026-09-14 18:04:14.706 [info] Getting sessions for all scopes...
2026-09-14 18:04:14.706 [info] Got 1 sessions for ...
2026-09-14 18:04:14.708 [info] Getting sessions for read:user,repo,user:email,workflow...
2026-09-14 18:04:14.708 [info] Got 1 sessions for read:user,repo,user:email,workflow...
2026-09-14 18:04:15.739 [info] Getting sessions for all scopes...
2026-09-14 18:04:15.739 [info] Got 1 sessions for ...
2026-09-14 18:04:15.753 [info] Getting sessions for read:user,repo,user:email,workflow...
2026-09-14 18:04:15.753 [info] Got 1 sessions for read:user,repo,user:email,workflow...
2026-09-14 18:06:20.245 [info] Getting sessions for all scopes...
2026-09-14 18:06:20.245 [info] Got 1 sessions for ...
2026-09-14 18:06:20.249 [info] Getting sessions for read:user,repo,user:email,workflow...
2026-09-14 18:06:20.250 [info] Got 1 sessions for read:user,repo,user:email,workflow...
2026-09-14 18:06:21.325 [info] Getting sessions for all scopes...
2026-09-14 18:06:21.325 [info] Got 1 sessions for ...
2026-09-14 18:06:21.328 [info] Getting sessions for read:user,repo,user:email,workflow...
2026-09-14 18:06:21.329 [info] Got 1 sessions for read:user,repo,user:email,workflow...
2026-09-14 18:07:21.328 [info] Getting sessions for all scopes...
2026-09-14 18:07:21.328 [info] Got 1 sessions for ...
2026-09-14 18:07:21.333 [info] Getting sessions for read:user,repo,user:email,workflow...
2026-09-14 18:07:21.334 [info] Got 1 sessions for read:user,repo,user:email,workflow...
2026-09-14 18:07:22.667 [info] Getting sessions for all scopes...
2026-09-14 18:07:22.667 [info] Got 1 sessions for ...
2026-09-14 18:07:22.671 [info] Getting sessions for read:user,repo,user:email,workflow...
2026-09-14 18:07:22.671 [info] Got 1 sessions for read:user,repo,user:email,workflow...
2026-09-14 18:08:22.663 [info] Getting sessions for all scopes...
2026-09-14 18:08:22.663 [info] Got 1 sessions for ...
2026-09-14 18:08:22.669 [info] Getting sessions for read:user,repo,user:email,workflow...
2026-09-14 18:08:22.669 [info] Got 1 sessions for read:user,repo,user:email,workflow...
2026-09-14 18:08:28.713 [info] Getting sessions for all scopes...
2026-09-14 18:08:28.713 [info] Got 1 sessions for ...
2026-09-14 18:08:28.717 [info] Getting sessions for read:user,repo,user:email,workflow...
2026-09-14 18:08:28.717 [info] Got 1 sessions for read:user,repo,user:email,workflow...
2026-09-14 18:09:28.727 [info] Getting sessions for all scopes...
2026-09-14 18:09:28.727 [info] Got 1 sessions for ...
2026-09-14 18:09:28.737 [info] Getting sessions for read:user,repo,user:email,workflow...
2026-09-14 18:09:28.737 [info] Got 1 sessions for read:user,repo,user:email,workflow...
2026-09-14 18:09:29.761 [info] Getting sessions for all scopes...
2026-09-14 18:09:29.761 [info] Got 1 sessions for ...
2026-09-14 18:09:29.764 [info] Getting sessions for read:user,repo,user:email,workflow...
2026-09-14 18:09:29.764 [info] Got 1 sessions for read:user,repo,user:email,workflow...
2026-09-14 18:09:42.022 [info] Getting sessions for all scopes...
2026-09-14 18:09:42.022 [info] Got 1 sessions for ...
2026-09-14 18:09:42.024 [info] Getting sessions for read:user,repo,user:email,workflow...
2026-09-14 18:09:42.024 [info] Got 1 sessions for read:user,repo,user:email,workflow...
2026-09-14 18:09:42.331 [info] Getting sessions for all scopes...
2026-09-14 18:09:42.331 [info] Got 1 sessions for ...
2026-09-14 18:09:42.334 [info] Getting sessions for read:user,repo,user:email,workflow...
2026-09-14 18:09:42.334 [info] Got 1 sessions for read:user,repo,user:email,workflow...
2026-09-14 18:10:29.750 [info] Getting sessions for all scopes...
2026-09-14 18:10:29.750 [info] Got 1 sessions for ...
2026-09-14 18:10:29.752 [info] Getting sessions for read:user,repo,user:email,workflow...
2026-09-14 18:10:29.752 [info] Got 1 sessions for read:user,repo,user:email,workflow...
2026-09-14 18:10:31.021 [info] Getting sessions for all scopes...
2026-09-14 18:10:31.021 [info] Got 1 sessions for ...
2026-09-14 18:10:31.023 [info] Getting sessions for read:user,repo,user:email,workflow...
2026-09-14 18:10:31.023 [info] Got 1 sessions for read:user,repo,user:email,workflow...
2026-09-14 18:11:31.033 [info] Getting sessions for all scopes...
2026-09-14 18:11:31.033 [info] Got 1 sessions for ...
2026-09-14 18:11:31.038 [info] Getting sessions for read:user,repo,user:email,workflow...
2026-09-14 18:11:31.038 [info] Got 1 sessions for read:user,repo,user:email,workflow...
2026-09-14 18:11:32.147 [info] Getting sessions for all scopes...
2026-09-14 18:11:32.147 [info] Got 1 sessions for ...
2026-09-14 18:11:32.172 [info] Getting sessions for read:user,repo,user:email,workflow...
2026-09-14 18:11:32.172 [info] Got 1 sessions for read:user,repo,user:email,workflow...
2026-09-14 18:12:32.154 [info] Getting sessions for all scopes...
2026-09-14 18:12:32.154 [info] Got 1 sessions for ...
2026-09-14 18:12:32.167 [info] Getting sessions for read:user,repo,user:email,workflow...
2026-09-14 18:12:32.167 [info] Got 1 sessions for read:user,repo,user:email,workflow...
2026-09-14 18:12:33.228 [info] Getting sessions for all scopes...
2026-09-14 18:12:33.229 [info] Got 1 sessions for ...
2026-09-14 18:12:33.231 [info] Getting sessions for read:user,repo,user:email,workflow...
2026-09-14 18:12:33.231 [info] Got 1 sessions for read:user,repo,user:email,workflow...
2026-09-14 18:13:33.236 [info] Getting sessions for all scopes...
2026-09-14 18:13:33.236 [info] Got 1 sessions for ...
2026-09-14 18:13:33.239 [info] Getting sessions for read:user,repo,user:email,workflow...
2026-09-14 18:13:33.239 [info] Got 1 sessions for read:user,repo,user:email,workflow...
2026-09-14 18:13:34.441 [info] Getting sessions for all scopes...
2026-09-14 18:13:34.441 [info] Got 1 sessions for ...
2026-09-14 18:13:34.444 [info] Getting sessions for read:user,repo,user:email,workflow...
2026-09-14 18:13:34.444 [info] Got 1 sessions for read:user,repo,user:email,workflow...
2026-09-14 18:14:34.442 [info] Getting sessions for all scopes...
2026-09-14 18:14:34.442 [info] Got 1 sessions for ...
2026-09-14 18:14:34.444 [info] Getting sessions for read:user,repo,user:email,workflow...
2026-09-14 18:14:34.444 [info] Got 1 sessions for read:user,repo,user:email,workflow...
2026-09-14 18:14:35.434 [info] Getting sessions for all scopes...
2026-09-14 18:14:35.434 [info] Got 1 sessions for ...
2026-09-14 18:14:35.436 [info] Getting sessions for read:user,repo,user:email,workflow...
2026-09-14 18:14:35.436 [info] Got 1 sessions for read:user,repo,user:email,workflow...
2026-09-14 18:18:38.396 [info] Getting sessions for all scopes...
2026-09-14 18:18:38.396 [info] Got 1 sessions for ...
2026-09-14 18:18:38.488 [info] Getting sessions for all scopes...
2026-09-14 18:18:38.488 [info] Got 1 sessions for ...
2026-09-14 19:04:12.536 [info] Getting sessions for all scopes...
2026-09-14 19:04:12.536 [info] Got 1 sessions for ...
2026-09-14 19:04:12.586 [info] Getting sessions for all scopes...
2026-09-14 19:04:12.586 [info] Got 1 sessions for ...
2026-09-14 19:04:14.455 [info] Getting sessions for read:user,user:email...
2026-09-14 19:04:14.455 [info] Got 0 sessions for read:user,user:email...
2026-09-14 19:04:14.456 [info] Getting sessions for all scopes...
2026-09-14 19:04:14.456 [info] Got 1 sessions for ...
2026-09-14 19:04:14.457 [info] Getting sessions for repo...
2026-09-14 19:04:14.457 [info] Got 0 sessions for repo...
2026-09-14 19:04:14.458 [info] Getting sessions for all scopes...
2026-09-14 19:04:14.458 [info] Got 1 sessions for ...
2026-09-14 19:05:01.824 [info] Getting sessions for all scopes...
2026-09-14 19:05:01.824 [info] Got 1 sessions for ...
2026-09-14 19:05:01.834 [info] Getting sessions for all scopes...
2026-09-14 19:05:01.834 [info] Got 1 sessions for ...
2026-09-14 19:05:01.847 [info] Getting sessions for read:user,repo,user:email,workflow...
2026-09-14 19:05:01.847 [info] Got 1 sessions for read:user,repo,user:email,workflow...
2026-09-14 19:05:02.480 [info] Getting sessions for all scopes...
2026-09-14 19:05:02.480 [info] Got 1 sessions for ...
2026-09-14 19:05:02.482 [info] Getting sessions for read:user,repo,user:email,workflow...
2026-09-14 19:05:02.482 [info] Got 1 sessions for read:user,repo,user:email,workflow...
2026-09-14 19:05:02.884 [info] Getting sessions for all scopes...
2026-09-14 19:05:02.884 [info] Got 1 sessions for ...
2026-09-14 19:05:02.889 [info] Getting sessions for read:user,repo,user:email,workflow...
2026-09-14 19:05:02.889 [info] Got 1 sessions for read:user,repo,user:email,workflow...
2026-09-14 19:06:02.886 [info] Getting sessions for all scopes...
2026-09-14 19:06:02.886 [info] Got 1 sessions for ...
2026-09-14 19:06:02.890 [info] Getting sessions for read:user,repo,user:email,workflow...
2026-09-14 19:06:02.890 [info] Got 1 sessions for read:user,repo,user:email,workflow...
2026-09-14 19:06:03.894 [info] Getting sessions for all scopes...
2026-09-14 19:06:03.894 [info] Got 1 sessions for ...
2026-09-14 19:06:03.898 [info] Getting sessions for read:user,repo,user:email,workflow...
2026-09-14 19:06:03.898 [info] Got 1 sessions for read:user,repo,user:email,workflow...
2026-09-14 19:07:03.892 [info] Getting sessions for all scopes...
2026-09-14 19:07:03.892 [info] Got 1 sessions for ...
2026-09-14 19:07:03.894 [info] Getting sessions for read:user,repo,user:email,workflow...
2026-09-14 19:07:03.894 [info] Got 1 sessions for read:user,repo,user:email,workflow...
2026-09-14 19:07:04.940 [info] Getting sessions for all scopes...
2026-09-14 19:07:04.940 [info] Got 1 sessions for ...
2026-09-14 19:07:04.943 [info] Getting sessions for read:user,repo,user:email,workflow...
2026-09-14 19:07:04.943 [info] Got 1 sessions for read:user,repo,user:email,workflow...
2026-09-14 19:07:48.678 [info] Getting sessions for all scopes...
2026-09-14 19:07:48.678 [info] Got 1 sessions for ...
2026-09-14 19:07:48.680 [info] Getting sessions for read:user,repo,user:email,workflow...
2026-09-14 19:07:48.680 [info] Got 1 sessions for read:user,repo,user:email,workflow...
