2026-09-13 11:32:36.729 [info] Reading sessions from keychain...
2026-09-13 11:32:36.729 [info] Getting sessions for all scopes...
2026-09-13 11:32:37.061 [info] Got stored sessions!
2026-09-13 11:32:37.061 [info] Got 1 verified sessions.
2026-09-13 11:32:37.062 [info] Got 1 sessions for ...
2026-09-13 11:32:37.063 [info] Getting sessions for all scopes...
2026-09-13 11:32:37.063 [info] Got 1 sessions for ...
2026-09-13 11:32:37.441 [info] Getting sessions for all scopes...
2026-09-13 11:32:37.441 [info] Got 1 sessions for ...
2026-09-13 11:32:41.125 [info] Getting sessions for all scopes...
2026-09-13 11:32:41.125 [info] Got 1 sessions for ...
2026-09-13 11:32:41.140 [info] Getting sessions for read:user,user:email...
2026-09-13 11:32:41.140 [info] Got 0 sessions for read:user,user:email...
2026-09-13 11:32:41.254 [info] Getting sessions for read:user,repo,user:email,workflow...
2026-09-13 11:32:41.254 [info] Got 1 sessions for read:user,repo,user:email,workflow...
2026-09-13 11:32:41.399 [info] Getting sessions for all scopes...
2026-09-13 11:32:41.399 [info] Got 1 sessions for ...
2026-09-13 11:32:41.440 [info] Getting sessions for all scopes...
2026-09-13 11:32:41.440 [info] Got 1 sessions for ...
2026-09-13 11:32:41.440 [info] Getting sessions for all scopes...
2026-09-13 11:32:41.440 [info] Got 1 sessions for ...
2026-09-13 11:32:42.184 [info] Getting sessions for all scopes...
2026-09-13 11:32:42.184 [info] Got 1 sessions for ...
2026-09-13 11:32:42.393 [info] Getting sessions for read:user,repo,user:email,workflow...
2026-09-13 11:32:42.393 [info] Got 1 sessions for read:user,repo,user:email,workflow...
2026-09-13 11:32:42.981 [info] Getting sessions for all scopes...
2026-09-13 11:32:42.981 [info] Got 1 sessions for ...
2026-09-13 11:32:42.981 [info] Getting sessions for all scopes...
2026-09-13 11:32:42.981 [info] Got 1 sessions for ...
2026-09-13 11:32:43.055 [info] Getting sessions for read:user,repo,user:email,workflow...
2026-09-13 11:32:43.055 [info] Got 1 sessions for read:user,repo,user:email,workflow...
2026-09-13 11:32:43.136 [info] Getting sessions for all scopes...
2026-09-13 11:32:43.136 [info] Got 1 sessions for ...
2026-09-13 11:32:43.264 [info] Getting sessions for repo...
2026-09-13 11:32:43.264 [info] Got 0 sessions for repo...
2026-09-13 11:32:43.317 [info] Getting sessions for all scopes...
2026-09-13 11:32:43.317 [info] Got 1 sessions for ...
2026-09-13 11:32:43.465 [info] Getting sessions for all scopes...
2026-09-13 11:32:43.465 [info] Got 1 sessions for ...
2026-09-13 11:32:43.515 [info] Getting sessions for read:user,repo,user:email,workflow...
2026-09-13 11:32:43.516 [info] Got 1 sessions for read:user,repo,user:email,workflow...
2026-09-13 11:32:43.858 [info] Getting sessions for all scopes...
2026-09-13 11:32:43.858 [info] Got 1 sessions for ...
2026-09-13 11:32:43.858 [info] Getting sessions for all scopes...
2026-09-13 11:32:43.858 [info] Got 1 sessions for ...
2026-09-13 11:32:43.878 [info] Getting sessions for read:user,repo,user:email,workflow...
2026-09-13 11:32:43.878 [info] Got 1 sessions for read:user,repo,user:email,workflow...
2026-09-13 11:32:44.669 [info] Getting sessions for all scopes...
2026-09-13 11:32:44.669 [info] Got 1 sessions for ...
2026-09-13 11:32:44.670 [info] Getting sessions for all scopes...
2026-09-13 11:32:44.670 [info] Got 1 sessions for ...
2026-09-13 11:32:44.681 [info] Getting sessions for read:user,repo,user:email,workflow...
2026-09-13 11:32:44.681 [info] Got 1 sessions for read:user,repo,user:email,workflow...
2026-09-13 11:32:45.510 [info] Getting sessions for all scopes...
2026-09-13 11:32:45.510 [info] Got 1 sessions for ...
2026-09-13 11:32:45.516 [info] Getting sessions for read:user,repo,user:email,workflow...
2026-09-13 11:32:45.516 [info] Got 1 sessions for read:user,repo,user:email,workflow...
2026-09-13 11:33:39.348 [info] Getting sessions for all scopes...
2026-09-13 11:33:39.348 [info] Got 1 sessions for ...
2026-09-13 11:33:39.388 [info] Getting sessions for read:user,repo,user:email,workflow...
2026-09-13 11:33:39.388 [info] Got 1 sessions for read:user,repo,user:email,workflow...
2026-09-13 11:33:44.660 [info] Getting sessions for all scopes...
2026-09-13 11:33:44.660 [info] Got 1 sessions for ...
2026-09-13 11:33:44.663 [info] Getting sessions for read:user,repo,user:email,workflow...
2026-09-13 11:33:44.663 [info] Got 1 sessions for read:user,repo,user:email,workflow...
2026-09-13 11:33:45.730 [info] Getting sessions for all scopes...
2026-09-13 11:33:45.730 [info] Got 1 sessions for ...
2026-09-13 11:33:45.737 [info] Getting sessions for read:user,repo,user:email,workflow...
2026-09-13 11:33:45.737 [info] Got 1 sessions for read:user,repo,user:email,workflow...
2026-09-13 11:34:45.726 [info] Getting sessions for all scopes...
2026-09-13 11:34:45.726 [info] Got 1 sessions for ...
2026-09-13 11:34:45.730 [info] Getting sessions for read:user,repo,user:email,workflow...
2026-09-13 11:34:45.730 [info] Got 1 sessions for read:user,repo,user:email,workflow...
2026-09-13 11:34:46.829 [info] Getting sessions for all scopes...
2026-09-13 11:34:46.829 [info] Got 1 sessions for ...
2026-09-13 11:34:46.831 [info] Getting sessions for read:user,repo,user:email,workflow...
2026-09-13 11:34:46.831 [info] Got 1 sessions for read:user,repo,user:email,workflow...
2026-09-13 11:35:46.070 [info] Getting sessions for all scopes...
2026-09-13 11:35:46.070 [info] Got 1 sessions for ...
2026-09-13 11:35:46.070 [info] Getting sessions for all scopes...
2026-09-13 11:35:46.070 [info] Got 1 sessions for ...
2026-09-13 11:35:46.077 [info] Getting sessions for read:user,repo,user:email,workflow...
2026-09-13 11:35:46.077 [info] Got 1 sessions for read:user,repo,user:email,workflow...
2026-09-13 11:35:46.472 [info] Getting sessions for all scopes...
2026-09-13 11:35:46.472 [info] Got 1 sessions for ...
2026-09-13 11:35:46.474 [info] Getting sessions for read:user,repo,user:email,workflow...
2026-09-13 11:35:46.474 [info] Got 1 sessions for read:user,repo,user:email,workflow...
2026-09-13 11:35:47.110 [info] Getting sessions for all scopes...
2026-09-13 11:35:47.110 [info] Got 1 sessions for ...
2026-09-13 11:35:47.113 [info] Getting sessions for read:user,repo,user:email,workflow...
2026-09-13 11:35:47.113 [info] Got 1 sessions for read:user,repo,user:email,workflow...
2026-09-13 11:36:47.118 [info] Getting sessions for all scopes...
2026-09-13 11:36:47.118 [info] Got 1 sessions for ...
2026-09-13 11:36:47.122 [info] Getting sessions for read:user,repo,user:email,workflow...
2026-09-13 11:36:47.122 [info] Got 1 sessions for read:user,repo,user:email,workflow...
2026-09-13 11:36:48.212 [info] Getting sessions for all scopes...
2026-09-13 11:36:48.212 [info] Got 1 sessions for ...
2026-09-13 11:36:48.221 [info] Getting sessions for read:user,repo,user:email,workflow...
2026-09-13 11:36:48.221 [info] Got 1 sessions for read:user,repo,user:email,workflow...
2026-09-13 11:37:48.205 [info] Getting sessions for all scopes...
2026-09-13 11:37:48.205 [info] Got 1 sessions for ...
2026-09-13 11:37:48.208 [info] Getting sessions for read:user,repo,user:email,workflow...
2026-09-13 11:37:48.208 [info] Got 1 sessions for read:user,repo,user:email,workflow...
2026-09-13 11:37:49.492 [info] Getting sessions for all scopes...
2026-09-13 11:37:49.492 [info] Got 1 sessions for ...
2026-09-13 11:37:49.495 [info] Getting sessions for read:user,repo,user:email,workflow...
2026-09-13 11:37:49.495 [info] Got 1 sessions for read:user,repo,user:email,workflow...
2026-09-13 11:38:49.483 [info] Getting sessions for all scopes...
2026-09-13 11:38:49.483 [info] Got 1 sessions for ...
2026-09-13 11:38:49.485 [info] Getting sessions for read:user,repo,user:email,workflow...
2026-09-13 11:38:49.485 [info] Got 1 sessions for read:user,repo,user:email,workflow...
2026-09-13 11:38:50.494 [info] Getting sessions for all scopes...
2026-09-13 11:38:50.494 [info] Got 1 sessions for ...
2026-09-13 11:38:50.497 [info] Getting sessions for read:user,repo,user:email,workflow...
2026-09-13 11:38:50.497 [info] Got 1 sessions for read:user,repo,user:email,workflow...
2026-09-13 11:39:50.494 [info] Getting sessions for all scopes...
2026-09-13 11:39:50.494 [info] Got 1 sessions for ...
2026-09-13 11:39:50.496 [info] Getting sessions for read:user,repo,user:email,workflow...
2026-09-13 11:39:50.496 [info] Got 1 sessions for read:user,repo,user:email,workflow...
2026-09-13 11:39:51.529 [info] Getting sessions for all scopes...
2026-09-13 11:39:51.529 [info] Got 1 sessions for ...
2026-09-13 11:39:51.532 [info] Getting sessions for read:user,repo,user:email,workflow...
2026-09-13 11:39:51.532 [info] Got 1 sessions for read:user,repo,user:email,workflow...
2026-09-13 11:40:51.539 [info] Getting sessions for all scopes...
2026-09-13 11:40:51.539 [info] Got 1 sessions for ...
2026-09-13 11:40:51.543 [info] Getting sessions for read:user,repo,user:email,workflow...
2026-09-13 11:40:51.543 [info] Got 1 sessions for read:user,repo,user:email,workflow...
2026-09-13 11:40:52.604 [info] Getting sessions for all scopes...
2026-09-13 11:40:52.604 [info] Got 1 sessions for ...
2026-09-13 11:40:52.607 [info] Getting sessions for read:user,repo,user:email,workflow...
2026-09-13 11:40:52.607 [info] Got 1 sessions for read:user,repo,user:email,workflow...
2026-09-13 11:41:52.608 [info] Getting sessions for all scopes...
2026-09-13 11:41:52.608 [info] Got 1 sessions for ...
2026-09-13 11:41:52.610 [info] Getting sessions for read:user,repo,user:email,workflow...
2026-09-13 11:41:52.610 [info] Got 1 sessions for read:user,repo,user:email,workflow...
2026-09-13 11:41:53.659 [info] Getting sessions for all scopes...
2026-09-13 11:41:53.659 [info] Got 1 sessions for ...
2026-09-13 11:41:53.661 [info] Getting sessions for read:user,repo,user:email,workflow...
2026-09-13 11:41:53.661 [info] Got 1 sessions for read:user,repo,user:email,workflow...
2026-09-13 11:42:53.661 [info] Getting sessions for all scopes...
2026-09-13 11:42:53.661 [info] Got 1 sessions for ...
2026-09-13 11:42:53.663 [info] Getting sessions for read:user,repo,user:email,workflow...
2026-09-13 11:42:53.663 [info] Got 1 sessions for read:user,repo,user:email,workflow...
2026-09-13 11:42:54.744 [info] Getting sessions for all scopes...
2026-09-13 11:42:54.744 [info] Got 1 sessions for ...
2026-09-13 11:42:54.747 [info] Getting sessions for read:user,repo,user:email,workflow...
2026-09-13 11:42:54.747 [info] Got 1 sessions for read:user,repo,user:email,workflow...
2026-09-13 11:44:08.094 [info] Getting sessions for all scopes...
2026-09-13 11:44:08.094 [info] Got 1 sessions for ...
2026-09-13 11:44:08.117 [info] Getting sessions for read:user,repo,user:email,workflow...
2026-09-13 11:44:08.117 [info] Got 1 sessions for read:user,repo,user:email,workflow...
2026-09-13 11:44:09.249 [info] Getting sessions for all scopes...
2026-09-13 11:44:09.249 [info] Got 1 sessions for ...
2026-09-13 11:44:09.250 [info] Getting sessions for read:user,repo,user:email,workflow...
2026-09-13 11:44:09.250 [info] Got 1 sessions for read:user,repo,user:email,workflow...
2026-09-13 11:45:09.247 [info] Getting sessions for all scopes...
2026-09-13 11:45:09.247 [info] Got 1 sessions for ...
2026-09-13 11:45:09.250 [info] Getting sessions for read:user,repo,user:email,workflow...
2026-09-13 11:45:09.250 [info] Got 1 sessions for read:user,repo,user:email,workflow...
2026-09-13 11:45:10.812 [info] Getting sessions for all scopes...
2026-09-13 11:45:10.812 [info] Got 1 sessions for ...
2026-09-13 11:45:10.847 [info] Getting sessions for read:user,repo,user:email,workflow...
2026-09-13 11:45:10.848 [info] Got 1 sessions for read:user,repo,user:email,workflow...
2026-09-13 11:45:46.050 [info] Getting sessions for all scopes...
2026-09-13 11:45:46.050 [info] Got 1 sessions for ...
2026-09-13 11:45:46.052 [info] Getting sessions for read:user,repo,user:email,workflow...
2026-09-13 11:45:46.052 [info] Got 1 sessions for read:user,repo,user:email,workflow...
2026-09-13 11:45:46.478 [info] Getting sessions for all scopes...
2026-09-13 11:45:46.478 [info] Got 1 sessions for ...
2026-09-13 11:45:46.481 [info] Getting sessions for read:user,repo,user:email,workflow...
2026-09-13 11:45:46.481 [info] Got 1 sessions for read:user,repo,user:email,workflow...
2026-09-13 11:46:10.558 [info] Getting sessions for all scopes...
2026-09-13 11:46:10.558 [info] Got 1 sessions for ...
2026-09-13 11:46:10.561 [info] Getting sessions for read:user,repo,user:email,workflow...
2026-09-13 11:46:10.561 [info] Got 1 sessions for read:user,repo,user:email,workflow...
2026-09-13 11:46:11.505 [info] Getting sessions for all scopes...
2026-09-13 11:46:11.505 [info] Got 1 sessions for ...
2026-09-13 11:46:11.508 [info] Getting sessions for read:user,repo,user:email,workflow...
2026-09-13 11:46:11.508 [info] Got 1 sessions for read:user,repo,user:email,workflow...
2026-09-13 11:47:11.507 [info] Getting sessions for all scopes...
2026-09-13 11:47:11.507 [info] Got 1 sessions for ...
2026-09-13 11:47:11.511 [info] Getting sessions for read:user,repo,user:email,workflow...
2026-09-13 11:47:11.511 [info] Got 1 sessions for read:user,repo,user:email,workflow...
2026-09-13 11:47:12.581 [info] Getting sessions for all scopes...
2026-09-13 11:47:12.581 [info] Got 1 sessions for ...
2026-09-13 11:47:12.585 [info] Getting sessions for read:user,repo,user:email,workflow...
2026-09-13 11:47:12.585 [info] Got 1 sessions for read:user,repo,user:email,workflow...
2026-09-13 12:10:04.572 [info] Getting sessions for all scopes...
2026-09-13 12:10:04.572 [info] Got 1 sessions for ...
2026-09-13 12:10:04.573 [info] Getting sessions for all scopes...
2026-09-13 12:10:04.573 [info] Got 1 sessions for ...
2026-09-13 12:10:04.575 [info] Getting sessions for read:user,repo,user:email,workflow...
2026-09-13 12:10:04.575 [info] Got 1 sessions for read:user,repo,user:email,workflow...
2026-09-13 12:10:05.002 [info] Getting sessions for all scopes...
2026-09-13 12:10:05.002 [info] Got 1 sessions for ...
2026-09-13 12:10:05.006 [info] Getting sessions for read:user,repo,user:email,workflow...
2026-09-13 12:10:05.006 [info] Got 1 sessions for read:user,repo,user:email,workflow...
2026-09-13 12:10:05.588 [info] Getting sessions for all scopes...
2026-09-13 12:10:05.588 [info] Got 1 sessions for ...
2026-09-13 12:10:05.591 [info] Getting sessions for read:user,repo,user:email,workflow...
2026-09-13 12:10:05.591 [info] Got 1 sessions for read:user,repo,user:email,workflow...
2026-09-13 12:11:05.589 [info] Getting sessions for all scopes...
2026-09-13 12:11:05.589 [info] Got 1 sessions for ...
2026-09-13 12:11:05.593 [info] Getting sessions for read:user,repo,user:email,workflow...
2026-09-13 12:11:05.593 [info] Got 1 sessions for read:user,repo,user:email,workflow...
2026-09-13 12:11:06.674 [info] Getting sessions for all scopes...
2026-09-13 12:11:06.674 [info] Got 1 sessions for ...
2026-09-13 12:11:06.675 [info] Getting sessions for read:user,repo,user:email,workflow...
2026-09-13 12:11:06.675 [info] Got 1 sessions for read:user,repo,user:email,workflow...
2026-09-13 12:16:07.519 [info] Getting sessions for all scopes...
2026-09-13 12:16:07.519 [info] Got 1 sessions for ...
2026-09-13 12:16:07.521 [info] Getting sessions for all scopes...
2026-09-13 12:16:07.521 [info] Got 1 sessions for ...
2026-09-13 12:16:08.402 [info] Getting sessions for all scopes...
2026-09-13 12:16:08.402 [info] Got 1 sessions for ...
2026-09-13 12:16:08.405 [info] Getting sessions for read:user,repo,user:email,workflow...
2026-09-13 12:16:08.405 [info] Got 1 sessions for read:user,repo,user:email,workflow...
2026-09-13 12:16:09.895 [info] Getting sessions for all scopes...
2026-09-13 12:16:09.895 [info] Got 1 sessions for ...
2026-09-13 12:16:09.897 [info] Getting sessions for read:user,repo,user:email,workflow...
2026-09-13 12:16:09.897 [info] Got 1 sessions for read:user,repo,user:email,workflow...
2026-09-13 12:17:16.514 [info] Getting sessions for all scopes...
2026-09-13 12:17:16.514 [info] Got 1 sessions for ...
2026-09-13 12:17:16.570 [info] Getting sessions for read:user,repo,user:email,workflow...
2026-09-13 12:17:16.570 [info] Got 1 sessions for read:user,repo,user:email,workflow...
2026-09-13 12:17:16.666 [info] Getting sessions for all scopes...
2026-09-13 12:17:16.666 [info] Got 1 sessions for ...
2026-09-13 12:17:16.695 [info] Getting sessions for all scopes...
2026-09-13 12:17:16.695 [info] Got 1 sessions for ...
2026-09-13 12:17:17.717 [info] Getting sessions for all scopes...
2026-09-13 12:17:17.717 [info] Got 1 sessions for ...
2026-09-13 12:17:17.725 [info] Getting sessions for read:user,repo,user:email,workflow...
2026-09-13 12:17:17.725 [info] Got 1 sessions for read:user,repo,user:email,workflow...
2026-09-13 12:19:27.570 [info] Getting sessions for all scopes...
2026-09-13 12:19:27.570 [info] Got 1 sessions for ...
2026-09-13 12:19:27.581 [info] Getting sessions for read:user,repo,user:email,workflow...
2026-09-13 12:19:27.581 [info] Got 1 sessions for read:user,repo,user:email,workflow...
2026-09-13 12:19:27.658 [info] Getting sessions for all scopes...
2026-09-13 12:19:27.658 [info] Got 1 sessions for ...
2026-09-13 12:19:27.659 [info] Getting sessions for all scopes...
2026-09-13 12:19:27.659 [info] Got 1 sessions for ...
2026-09-13 12:19:28.721 [info] Getting sessions for all scopes...
2026-09-13 12:19:28.721 [info] Got 1 sessions for ...
2026-09-13 12:19:28.723 [info] Getting sessions for read:user,repo,user:email,workflow...
2026-09-13 12:19:28.723 [info] Got 1 sessions for read:user,repo,user:email,workflow...
2026-09-13 12:20:04.569 [info] Getting sessions for all scopes...
2026-09-13 12:20:04.569 [info] Got 1 sessions for ...
2026-09-13 12:20:04.571 [info] Getting sessions for read:user,repo,user:email,workflow...
2026-09-13 12:20:04.572 [info] Got 1 sessions for read:user,repo,user:email,workflow...
2026-09-13 12:20:04.980 [info] Getting sessions for all scopes...
2026-09-13 12:20:04.980 [info] Got 1 sessions for ...
2026-09-13 12:20:04.982 [info] Getting sessions for read:user,repo,user:email,workflow...
2026-09-13 12:20:04.982 [info] Got 1 sessions for read:user,repo,user:email,workflow...
2026-09-13 12:20:29.435 [info] Getting sessions for all scopes...
2026-09-13 12:20:29.435 [info] Got 1 sessions for ...
2026-09-13 12:20:29.438 [info] Getting sessions for all scopes...
2026-09-13 12:20:29.438 [info] Got 1 sessions for ...
2026-09-13 12:20:32.822 [info] Getting sessions for all scopes...
2026-09-13 12:20:32.822 [info] Got 1 sessions for ...
2026-09-13 12:20:32.827 [info] Getting sessions for read:user,repo,user:email,workflow...
2026-09-13 12:20:32.827 [info] Got 1 sessions for read:user,repo,user:email,workflow...
2026-09-13 12:20:33.693 [info] Getting sessions for all scopes...
2026-09-13 12:20:33.693 [info] Got 1 sessions for ...
2026-09-13 12:20:33.696 [info] Getting sessions for read:user,repo,user:email,workflow...
2026-09-13 12:20:33.696 [info] Got 1 sessions for read:user,repo,user:email,workflow...
2026-09-13 12:21:33.720 [info] Getting sessions for all scopes...
2026-09-13 12:21:33.720 [info] Got 1 sessions for ...
2026-09-13 12:21:33.729 [info] Getting sessions for read:user,repo,user:email,workflow...
2026-09-13 12:21:33.729 [info] Got 1 sessions for read:user,repo,user:email,workflow...
2026-09-13 12:21:34.823 [info] Getting sessions for all scopes...
2026-09-13 12:21:34.823 [info] Got 1 sessions for ...
2026-09-13 12:21:34.824 [info] Getting sessions for read:user,repo,user:email,workflow...
2026-09-13 12:21:34.824 [info] Got 1 sessions for read:user,repo,user:email,workflow...
2026-09-13 12:22:34.781 [info] Getting sessions for all scopes...
2026-09-13 12:22:34.781 [info] Got 1 sessions for ...
2026-09-13 12:22:34.784 [info] Getting sessions for read:user,repo,user:email,workflow...
2026-09-13 12:22:34.784 [info] Got 1 sessions for read:user,repo,user:email,workflow...
2026-09-13 12:22:35.807 [info] Getting sessions for all scopes...
2026-09-13 12:22:35.807 [info] Got 1 sessions for ...
2026-09-13 12:22:35.809 [info] Getting sessions for read:user,repo,user:email,workflow...
2026-09-13 12:22:35.809 [info] Got 1 sessions for read:user,repo,user:email,workflow...
2026-09-13 12:23:35.857 [info] Getting sessions for all scopes...
2026-09-13 12:23:35.857 [info] Got 1 sessions for ...
2026-09-13 12:23:35.867 [info] Getting sessions for read:user,repo,user:email,workflow...
2026-09-13 12:23:35.867 [info] Got 1 sessions for read:user,repo,user:email,workflow...
2026-09-13 12:23:37.036 [info] Getting sessions for all scopes...
2026-09-13 12:23:37.037 [info] Got 1 sessions for ...
2026-09-13 12:23:37.050 [info] Getting sessions for read:user,repo,user:email,workflow...
2026-09-13 12:23:37.050 [info] Got 1 sessions for read:user,repo,user:email,workflow...
2026-09-13 12:24:37.036 [info] Getting sessions for all scopes...
2026-09-13 12:24:37.036 [info] Got 1 sessions for ...
2026-09-13 12:24:37.038 [info] Getting sessions for read:user,repo,user:email,workflow...
2026-09-13 12:24:37.038 [info] Got 1 sessions for read:user,repo,user:email,workflow...
2026-09-13 12:24:38.329 [info] Getting sessions for all scopes...
2026-09-13 12:24:38.329 [info] Got 1 sessions for ...
2026-09-13 12:24:38.332 [info] Getting sessions for read:user,repo,user:email,workflow...
2026-09-13 12:24:38.332 [info] Got 1 sessions for read:user,repo,user:email,workflow...
2026-09-13 12:25:56.180 [info] Getting sessions for all scopes...
2026-09-13 12:25:56.180 [info] Got 1 sessions for ...
2026-09-13 12:25:56.183 [info] Getting sessions for read:user,repo,user:email,workflow...
2026-09-13 12:25:56.183 [info] Got 1 sessions for read:user,repo,user:email,workflow...
2026-09-13 12:25:57.197 [info] Getting sessions for all scopes...
2026-09-13 12:25:57.197 [info] Got 1 sessions for ...
2026-09-13 12:25:57.203 [info] Getting sessions for read:user,repo,user:email,workflow...
2026-09-13 12:25:57.203 [info] Got 1 sessions for read:user,repo,user:email,workflow...
2026-09-13 12:27:17.143 [info] Getting sessions for all scopes...
2026-09-13 12:27:17.143 [info] Got 1 sessions for ...
2026-09-13 12:27:17.160 [info] Getting sessions for all scopes...
2026-09-13 12:27:17.161 [info] Got 1 sessions for ...
2026-09-13 12:27:18.487 [info] Getting sessions for all scopes...
2026-09-13 12:27:18.487 [info] Got 1 sessions for ...
2026-09-13 12:27:18.490 [info] Getting sessions for read:user,repo,user:email,workflow...
2026-09-13 12:27:18.490 [info] Got 1 sessions for read:user,repo,user:email,workflow...
2026-09-13 12:27:19.881 [info] Getting sessions for all scopes...
2026-09-13 12:27:19.881 [info] Got 1 sessions for ...
2026-09-13 12:27:19.883 [info] Getting sessions for read:user,repo,user:email,workflow...
2026-09-13 12:27:19.883 [info] Got 1 sessions for read:user,repo,user:email,workflow...
2026-09-13 12:27:57.811 [info] Getting sessions for all scopes...
2026-09-13 12:27:57.811 [info] Got 1 sessions for ...
2026-09-13 12:27:57.853 [info] Getting sessions for read:user,repo,user:email,workflow...
2026-09-13 12:27:57.853 [info] Got 1 sessions for read:user,repo,user:email,workflow...
2026-09-13 12:27:57.967 [info] Getting sessions for all scopes...
2026-09-13 12:27:57.967 [info] Got 1 sessions for ...
2026-09-13 12:27:57.969 [info] Getting sessions for all scopes...
2026-09-13 12:27:57.969 [info] Got 1 sessions for ...
2026-09-13 12:27:58.947 [info] Getting sessions for all scopes...
2026-09-13 12:27:58.947 [info] Got 1 sessions for ...
2026-09-13 12:27:58.949 [info] Getting sessions for read:user,repo,user:email,workflow...
2026-09-13 12:27:58.949 [info] Got 1 sessions for read:user,repo,user:email,workflow...
2026-09-13 12:28:58.947 [info] Getting sessions for all scopes...
2026-09-13 12:28:58.947 [info] Got 1 sessions for ...
2026-09-13 12:28:58.950 [info] Getting sessions for read:user,repo,user:email,workflow...
2026-09-13 12:28:58.950 [info] Got 1 sessions for read:user,repo,user:email,workflow...
2026-09-13 12:28:59.991 [info] Getting sessions for all scopes...
2026-09-13 12:28:59.991 [info] Got 1 sessions for ...
2026-09-13 12:28:59.994 [info] Getting sessions for read:user,repo,user:email,workflow...
2026-09-13 12:28:59.994 [info] Got 1 sessions for read:user,repo,user:email,workflow...
2026-09-13 12:29:59.990 [info] Getting sessions for all scopes...
2026-09-13 12:29:59.990 [info] Got 1 sessions for ...
2026-09-13 12:29:59.992 [info] Getting sessions for read:user,repo,user:email,workflow...
2026-09-13 12:29:59.992 [info] Got 1 sessions for read:user,repo,user:email,workflow...
2026-09-13 12:30:01.148 [info] Getting sessions for all scopes...
2026-09-13 12:30:01.148 [info] Got 1 sessions for ...
2026-09-13 12:30:01.150 [info] Getting sessions for read:user,repo,user:email,workflow...
2026-09-13 12:30:01.150 [info] Got 1 sessions for read:user,repo,user:email,workflow...
2026-09-13 12:30:04.568 [info] Getting sessions for all scopes...
2026-09-13 12:30:04.568 [info] Got 1 sessions for ...
2026-09-13 12:30:04.570 [info] Getting sessions for read:user,repo,user:email,workflow...
2026-09-13 12:30:04.570 [info] Got 1 sessions for read:user,repo,user:email,workflow...
2026-09-13 12:30:04.831 [info] Getting sessions for all scopes...
2026-09-13 12:30:04.831 [info] Got 1 sessions for ...
2026-09-13 12:30:04.833 [info] Getting sessions for read:user,repo,user:email,workflow...
2026-09-13 12:30:04.833 [info] Got 1 sessions for read:user,repo,user:email,workflow...
2026-09-13 12:31:01.146 [info] Getting sessions for all scopes...
2026-09-13 12:31:01.146 [info] Got 1 sessions for ...
2026-09-13 12:31:01.150 [info] Getting sessions for read:user,repo,user:email,workflow...
2026-09-13 12:31:01.150 [info] Got 1 sessions for read:user,repo,user:email,workflow...
2026-09-13 12:31:02.252 [info] Getting sessions for all scopes...
2026-09-13 12:31:02.252 [info] Got 1 sessions for ...
2026-09-13 12:31:02.254 [info] Getting sessions for read:user,repo,user:email,workflow...
2026-09-13 12:31:02.254 [info] Got 1 sessions for read:user,repo,user:email,workflow...
2026-09-13 12:32:02.254 [info] Getting sessions for all scopes...
2026-09-13 12:32:02.254 [info] Got 1 sessions for ...
2026-09-13 12:32:02.257 [info] Getting sessions for read:user,repo,user:email,workflow...
2026-09-13 12:32:02.257 [info] Got 1 sessions for read:user,repo,user:email,workflow...
2026-09-13 12:32:03.475 [info] Getting sessions for all scopes...
2026-09-13 12:32:03.475 [info] Got 1 sessions for ...
2026-09-13 12:32:03.477 [info] Getting sessions for read:user,repo,user:email,workflow...
2026-09-13 12:32:03.477 [info] Got 1 sessions for read:user,repo,user:email,workflow...
2026-09-13 12:33:08.191 [info] Getting sessions for all scopes...
2026-09-13 12:33:08.192 [info] Got 1 sessions for ...
2026-09-13 12:33:08.194 [info] Getting sessions for read:user,repo,user:email,workflow...
2026-09-13 12:33:08.194 [info] Got 1 sessions for read:user,repo,user:email,workflow...
2026-09-13 12:33:09.238 [info] Getting sessions for all scopes...
2026-09-13 12:33:09.238 [info] Got 1 sessions for ...
2026-09-13 12:33:09.242 [info] Getting sessions for read:user,repo,user:email,workflow...
2026-09-13 12:33:09.242 [info] Got 1 sessions for read:user,repo,user:email,workflow...
2026-09-13 12:34:09.232 [info] Getting sessions for all scopes...
2026-09-13 12:34:09.232 [info] Got 1 sessions for ...
2026-09-13 12:34:09.236 [info] Getting sessions for read:user,repo,user:email,workflow...
2026-09-13 12:34:09.236 [info] Got 1 sessions for read:user,repo,user:email,workflow...
2026-09-13 12:34:10.672 [info] Getting sessions for all scopes...
2026-09-13 12:34:10.672 [info] Got 1 sessions for ...
2026-09-13 12:34:10.674 [info] Getting sessions for read:user,repo,user:email,workflow...
2026-09-13 12:34:10.674 [info] Got 1 sessions for read:user,repo,user:email,workflow...
2026-09-13 12:36:30.583 [info] Getting sessions for all scopes...
2026-09-13 12:36:30.583 [info] Got 1 sessions for ...
2026-09-13 12:36:30.591 [info] Getting sessions for read:user,repo,user:email,workflow...
2026-09-13 12:36:30.591 [info] Got 1 sessions for read:user,repo,user:email,workflow...
2026-09-13 12:36:32.780 [info] Getting sessions for all scopes...
2026-09-13 12:36:32.780 [info] Got 1 sessions for ...
2026-09-13 12:36:32.782 [info] Getting sessions for read:user,repo,user:email,workflow...
2026-09-13 12:36:32.782 [info] Got 1 sessions for read:user,repo,user:email,workflow...
2026-09-13 12:37:32.779 [info] Getting sessions for all scopes...
2026-09-13 12:37:32.779 [info] Got 1 sessions for ...
2026-09-13 12:37:32.782 [info] Getting sessions for read:user,repo,user:email,workflow...
2026-09-13 12:37:32.782 [info] Got 1 sessions for read:user,repo,user:email,workflow...
2026-09-13 12:37:34.022 [info] Getting sessions for all scopes...
2026-09-13 12:37:34.022 [info] Got 1 sessions for ...
2026-09-13 12:37:34.025 [info] Getting sessions for read:user,repo,user:email,workflow...
2026-09-13 12:37:34.025 [info] Got 1 sessions for read:user,repo,user:email,workflow...
2026-09-13 12:39:38.519 [info] Getting sessions for all scopes...
2026-09-13 12:39:38.519 [info] Got 1 sessions for ...
2026-09-13 12:39:38.522 [info] Getting sessions for read:user,repo,user:email,workflow...
2026-09-13 12:39:38.522 [info] Got 1 sessions for read:user,repo,user:email,workflow...
2026-09-13 12:39:39.637 [info] Getting sessions for all scopes...
2026-09-13 12:39:39.637 [info] Got 1 sessions for ...
2026-09-13 12:39:39.639 [info] Getting sessions for read:user,repo,user:email,workflow...
2026-09-13 12:39:39.639 [info] Got 1 sessions for read:user,repo,user:email,workflow...
2026-09-13 12:40:04.605 [info] Getting sessions for all scopes...
2026-09-13 12:40:04.605 [info] Got 1 sessions for ...
2026-09-13 12:40:04.620 [info] Getting sessions for read:user,repo,user:email,workflow...
2026-09-13 12:40:04.620 [info] Got 1 sessions for read:user,repo,user:email,workflow...
2026-09-13 12:40:04.887 [info] Getting sessions for all scopes...
2026-09-13 12:40:04.887 [info] Got 1 sessions for ...
2026-09-13 12:40:04.903 [info] Getting sessions for read:user,repo,user:email,workflow...
2026-09-13 12:40:04.903 [info] Got 1 sessions for read:user,repo,user:email,workflow...
2026-09-13 12:40:39.633 [info] Getting sessions for all scopes...
2026-09-13 12:40:39.633 [info] Got 1 sessions for ...
2026-09-13 12:40:39.635 [info] Getting sessions for read:user,repo,user:email,workflow...
2026-09-13 12:40:39.635 [info] Got 1 sessions for read:user,repo,user:email,workflow...
2026-09-13 12:40:40.804 [info] Getting sessions for all scopes...
2026-09-13 12:40:40.804 [info] Got 1 sessions for ...
2026-09-13 12:40:40.806 [info] Getting sessions for read:user,repo,user:email,workflow...
2026-09-13 12:40:40.806 [info] Got 1 sessions for read:user,repo,user:email,workflow...
2026-09-13 12:41:40.800 [info] Getting sessions for all scopes...
2026-09-13 12:41:40.800 [info] Got 1 sessions for ...
2026-09-13 12:41:40.803 [info] Getting sessions for read:user,repo,user:email,workflow...
2026-09-13 12:41:40.803 [info] Got 1 sessions for read:user,repo,user:email,workflow...
2026-09-13 12:41:42.054 [info] Getting sessions for all scopes...
2026-09-13 12:41:42.054 [info] Got 1 sessions for ...
2026-09-13 12:41:42.057 [info] Getting sessions for read:user,repo,user:email,workflow...
2026-09-13 12:41:42.057 [info] Got 1 sessions for read:user,repo,user:email,workflow...
2026-09-13 12:46:16.560 [info] Getting sessions for all scopes...
2026-09-13 12:46:16.560 [info] Got 1 sessions for ...
2026-09-13 12:46:16.569 [info] Getting sessions for read:user,repo,user:email,workflow...
2026-09-13 12:46:16.569 [info] Got 1 sessions for read:user,repo,user:email,workflow...
2026-09-13 12:46:17.625 [info] Getting sessions for all scopes...
2026-09-13 12:46:17.625 [info] Got 1 sessions for ...
2026-09-13 12:46:17.629 [info] Getting sessions for read:user,repo,user:email,workflow...
2026-09-13 12:46:17.629 [info] Got 1 sessions for read:user,repo,user:email,workflow...
2026-09-13 12:47:17.621 [info] Getting sessions for all scopes...
2026-09-13 12:47:17.621 [info] Got 1 sessions for ...
2026-09-13 12:47:17.623 [info] Getting sessions for read:user,repo,user:email,workflow...
2026-09-13 12:47:17.623 [info] Got 1 sessions for read:user,repo,user:email,workflow...
2026-09-13 12:47:18.750 [info] Getting sessions for all scopes...
2026-09-13 12:47:18.750 [info] Got 1 sessions for ...
2026-09-13 12:47:18.753 [info] Getting sessions for read:user,repo,user:email,workflow...
2026-09-13 12:47:18.753 [info] Got 1 sessions for read:user,repo,user:email,workflow...
2026-09-13 12:48:18.917 [info] Getting sessions for all scopes...
2026-09-13 12:48:18.917 [info] Got 1 sessions for ...
2026-09-13 12:48:18.924 [info] Getting sessions for read:user,repo,user:email,workflow...
2026-09-13 12:48:18.924 [info] Got 1 sessions for read:user,repo,user:email,workflow...
2026-09-13 12:48:20.706 [info] Getting sessions for all scopes...
2026-09-13 12:48:20.706 [info] Got 1 sessions for ...
2026-09-13 12:48:20.710 [info] Getting sessions for read:user,repo,user:email,workflow...
2026-09-13 12:48:20.710 [info] Got 1 sessions for read:user,repo,user:email,workflow...
2026-09-13 12:49:20.704 [info] Getting sessions for all scopes...
2026-09-13 12:49:20.704 [info] Got 1 sessions for ...
2026-09-13 12:49:20.706 [info] Getting sessions for read:user,repo,user:email,workflow...
2026-09-13 12:49:20.706 [info] Got 1 sessions for read:user,repo,user:email,workflow...
2026-09-13 12:49:21.889 [info] Getting sessions for all scopes...
2026-09-13 12:49:21.889 [info] Got 1 sessions for ...
2026-09-13 12:49:21.893 [info] Getting sessions for read:user,repo,user:email,workflow...
2026-09-13 12:49:21.893 [info] Got 1 sessions for read:user,repo,user:email,workflow...
2026-09-13 12:49:32.925 [info] Getting sessions for all scopes...
2026-09-13 12:49:32.925 [info] Got 1 sessions for ...
2026-09-13 12:49:32.934 [info] Getting sessions for read:user,repo,user:email,workflow...
2026-09-13 12:49:32.935 [info] Got 1 sessions for read:user,repo,user:email,workflow...
2026-09-13 12:49:33.724 [info] Getting sessions for all scopes...
2026-09-13 12:49:33.724 [info] Got 1 sessions for ...
2026-09-13 12:49:33.726 [info] Getting sessions for read:user,repo,user:email,workflow...
2026-09-13 12:49:33.726 [info] Got 1 sessions for read:user,repo,user:email,workflow...
2026-09-13 12:49:43.835 [info] Getting sessions for all scopes...
2026-09-13 12:49:43.835 [info] Got 1 sessions for ...
2026-09-13 12:49:43.857 [info] Getting sessions for read:user,repo,user:email,workflow...
2026-09-13 12:49:43.857 [info] Got 1 sessions for read:user,repo,user:email,workflow...
2026-09-13 12:49:43.880 [info] Getting sessions for all scopes...
2026-09-13 12:49:43.880 [info] Got 1 sessions for ...
2026-09-13 12:49:43.970 [info] Getting sessions for all scopes...
2026-09-13 12:49:43.970 [info] Got 1 sessions for ...
2026-09-13 12:49:44.677 [info] Getting sessions for all scopes...
2026-09-13 12:49:44.677 [info] Got 1 sessions for ...
2026-09-13 12:49:44.679 [info] Getting sessions for read:user,repo,user:email,workflow...
2026-09-13 12:49:44.679 [info] Got 1 sessions for read:user,repo,user:email,workflow...
2026-09-13 12:49:44.971 [info] Getting sessions for all scopes...
2026-09-13 12:49:44.971 [info] Got 1 sessions for ...
2026-09-13 12:49:45.046 [info] Getting sessions for read:user,repo,user:email,workflow...
2026-09-13 12:49:45.046 [info] Got 1 sessions for read:user,repo,user:email,workflow...
2026-09-13 12:49:45.861 [info] Getting sessions for all scopes...
2026-09-13 12:49:45.861 [info] Got 1 sessions for ...
2026-09-13 12:49:45.864 [info] Getting sessions for read:user,repo,user:email,workflow...
2026-09-13 12:49:45.864 [info] Got 1 sessions for read:user,repo,user:email,workflow...
2026-09-13 12:49:45.899 [info] Getting sessions for read:user,user:email...
2026-09-13 12:49:45.899 [info] Got 0 sessions for read:user,user:email...
2026-09-13 12:49:45.900 [info] Getting sessions for all scopes...
2026-09-13 12:49:45.900 [info] Got 1 sessions for ...
2026-09-13 12:49:45.901 [info] Getting sessions for all scopes...
2026-09-13 12:49:45.901 [info] Got 1 sessions for ...
2026-09-13 12:49:45.901 [info] Getting sessions for all scopes...
2026-09-13 12:49:45.901 [info] Got 1 sessions for ...
2026-09-13 12:49:45.902 [info] Getting sessions for repo...
2026-09-13 12:49:45.902 [info] Got 0 sessions for repo...
2026-09-13 12:49:45.903 [info] Getting sessions for all scopes...
2026-09-13 12:49:45.903 [info] Got 1 sessions for ...
2026-09-13 12:49:58.983 [info] Getting sessions for all scopes...
2026-09-13 12:49:58.983 [info] Got 1 sessions for ...
2026-09-13 12:49:58.992 [info] Getting sessions for read:user,repo,user:email,workflow...
2026-09-13 12:49:58.993 [info] Got 1 sessions for read:user,repo,user:email,workflow...
2026-09-13 12:49:59.012 [info] Getting sessions for all scopes...
2026-09-13 12:49:59.012 [info] Got 1 sessions for ...
2026-09-13 12:49:59.013 [info] Getting sessions for all scopes...
2026-09-13 12:49:59.013 [info] Got 1 sessions for ...
2026-09-13 12:49:59.754 [info] Getting sessions for all scopes...
2026-09-13 12:49:59.754 [info] Got 1 sessions for ...
2026-09-13 12:49:59.757 [info] Getting sessions for read:user,repo,user:email,workflow...
2026-09-13 12:49:59.757 [info] Got 1 sessions for read:user,repo,user:email,workflow...
2026-09-13 12:50:04.570 [info] Getting sessions for all scopes...
2026-09-13 12:50:04.570 [info] Got 1 sessions for ...
2026-09-13 12:50:04.573 [info] Getting sessions for read:user,repo,user:email,workflow...
2026-09-13 12:50:04.573 [info] Got 1 sessions for read:user,repo,user:email,workflow...
2026-09-13 12:50:04.859 [info] Getting sessions for all scopes...
2026-09-13 12:50:04.860 [info] Got 1 sessions for ...
2026-09-13 12:50:04.865 [info] Getting sessions for read:user,repo,user:email,workflow...
2026-09-13 12:50:04.865 [info] Got 1 sessions for read:user,repo,user:email,workflow...
2026-09-13 12:50:59.754 [info] Getting sessions for all scopes...
2026-09-13 12:50:59.754 [info] Got 1 sessions for ...
2026-09-13 12:50:59.764 [info] Getting sessions for read:user,repo,user:email,workflow...
2026-09-13 12:50:59.764 [info] Got 1 sessions for read:user,repo,user:email,workflow...
2026-09-13 12:51:01.280 [info] Getting sessions for all scopes...
2026-09-13 12:51:01.280 [info] Got 1 sessions for ...
2026-09-13 12:51:01.282 [info] Getting sessions for read:user,repo,user:email,workflow...
2026-09-13 12:51:01.282 [info] Got 1 sessions for read:user,repo,user:email,workflow...
2026-09-13 12:51:23.774 [info] Getting sessions for all scopes...
2026-09-13 12:51:23.774 [info] Got 1 sessions for ...
2026-09-13 12:51:23.775 [info] Getting sessions for read:user,repo,user:email,workflow...
2026-09-13 12:51:23.775 [info] Got 1 sessions for read:user,repo,user:email,workflow...
2026-09-13 12:51:24.727 [info] Getting sessions for all scopes...
2026-09-13 12:51:24.727 [info] Got 1 sessions for ...
2026-09-13 12:51:24.729 [info] Getting sessions for read:user,repo,user:email,workflow...
2026-09-13 12:51:24.729 [info] Got 1 sessions for read:user,repo,user:email,workflow...
2026-09-13 12:52:23.049 [info] Getting sessions for all scopes...
2026-09-13 12:52:23.049 [info] Got 1 sessions for ...
2026-09-13 12:52:23.106 [info] Getting sessions for read:user,repo,user:email,workflow...
2026-09-13 12:52:23.106 [info] Got 1 sessions for read:user,repo,user:email,workflow...
2026-09-13 12:52:23.110 [info] Getting sessions for all scopes...
2026-09-13 12:52:23.110 [info] Got 1 sessions for ...
2026-09-13 12:52:23.146 [info] Getting sessions for all scopes...
2026-09-13 12:52:23.146 [info] Got 1 sessions for ...
2026-09-13 12:52:26.084 [info] Getting sessions for all scopes...
2026-09-13 12:52:26.084 [info] Got 1 sessions for ...
2026-09-13 12:52:26.087 [info] Getting sessions for read:user,repo,user:email,workflow...
2026-09-13 12:52:26.087 [info] Got 1 sessions for read:user,repo,user:email,workflow...
2026-09-13 12:52:37.918 [info] Getting sessions for all scopes...
2026-09-13 12:52:37.918 [info] Got 1 sessions for ...
2026-09-13 12:52:37.947 [info] Getting sessions for read:user,repo,user:email,workflow...
2026-09-13 12:52:37.947 [info] Got 1 sessions for read:user,repo,user:email,workflow...
2026-09-13 12:52:39.571 [info] Getting sessions for all scopes...
2026-09-13 12:52:39.572 [info] Got 1 sessions for ...
2026-09-13 12:52:39.573 [info] Getting sessions for read:user,repo,user:email,workflow...
2026-09-13 12:52:39.573 [info] Got 1 sessions for read:user,repo,user:email,workflow...
2026-09-13 12:53:39.571 [info] Getting sessions for all scopes...
2026-09-13 12:53:39.571 [info] Got 1 sessions for ...
2026-09-13 12:53:39.574 [info] Getting sessions for read:user,repo,user:email,workflow...
2026-09-13 12:53:39.574 [info] Got 1 sessions for read:user,repo,user:email,workflow...
2026-09-13 12:53:45.707 [info] Getting sessions for all scopes...
2026-09-13 12:53:45.707 [info] Got 1 sessions for ...
2026-09-13 12:53:45.709 [info] Getting sessions for read:user,repo,user:email,workflow...
2026-09-13 12:53:45.709 [info] Got 1 sessions for read:user,repo,user:email,workflow...
2026-09-13 12:54:07.469 [info] Getting sessions for all scopes...
2026-09-13 12:54:07.469 [info] Got 1 sessions for ...
2026-09-13 12:54:07.470 [info] Getting sessions for all scopes...
2026-09-13 12:54:07.470 [info] Got 1 sessions for ...
2026-09-13 12:54:07.487 [info] Getting sessions for all scopes...
2026-09-13 12:54:07.487 [info] Got 1 sessions for ...
2026-09-13 12:54:07.578 [info] Getting sessions for read:user,repo,user:email,workflow...
2026-09-13 12:54:07.578 [info] Got 1 sessions for read:user,repo,user:email,workflow...
2026-09-13 12:54:08.707 [info] Getting sessions for all scopes...
2026-09-13 12:54:08.708 [info] Got 1 sessions for ...
2026-09-13 12:54:08.710 [info] Getting sessions for read:user,repo,user:email,workflow...
2026-09-13 12:54:08.710 [info] Got 1 sessions for read:user,repo,user:email,workflow...
2026-09-13 12:55:08.710 [info] Getting sessions for all scopes...
2026-09-13 12:55:08.710 [info] Got 1 sessions for ...
2026-09-13 12:55:08.712 [info] Getting sessions for read:user,repo,user:email,workflow...
2026-09-13 12:55:08.712 [info] Got 1 sessions for read:user,repo,user:email,workflow...
2026-09-13 12:55:10.114 [info] Getting sessions for all scopes...
2026-09-13 12:55:10.115 [info] Got 1 sessions for ...
2026-09-13 12:55:10.117 [info] Getting sessions for read:user,repo,user:email,workflow...
2026-09-13 12:55:10.117 [info] Got 1 sessions for read:user,repo,user:email,workflow...
2026-09-13 12:56:10.290 [info] Getting sessions for all scopes...
2026-09-13 12:56:10.290 [info] Got 1 sessions for ...
2026-09-13 12:56:10.304 [info] Getting sessions for read:user,repo,user:email,workflow...
2026-09-13 12:56:10.304 [info] Got 1 sessions for read:user,repo,user:email,workflow...
2026-09-13 12:56:13.492 [info] Getting sessions for all scopes...
2026-09-13 12:56:13.492 [info] Got 1 sessions for ...
2026-09-13 12:56:13.494 [info] Getting sessions for read:user,repo,user:email,workflow...
2026-09-13 12:56:13.494 [info] Got 1 sessions for read:user,repo,user:email,workflow...
2026-09-13 12:56:37.593 [info] Getting sessions for all scopes...
2026-09-13 12:56:37.593 [info] Got 1 sessions for ...
2026-09-13 12:56:37.609 [info] Getting sessions for read:user,repo,user:email,workflow...
2026-09-13 12:56:37.609 [info] Got 1 sessions for read:user,repo,user:email,workflow...
2026-09-13 12:56:37.680 [info] Getting sessions for all scopes...
2026-09-13 12:56:37.680 [info] Got 1 sessions for ...
2026-09-13 12:56:37.684 [info] Getting sessions for all scopes...
2026-09-13 12:56:37.684 [info] Got 1 sessions for ...
2026-09-13 12:56:41.289 [info] Getting sessions for all scopes...
2026-09-13 12:56:41.289 [info] Got 1 sessions for ...
2026-09-13 12:56:41.293 [info] Getting sessions for read:user,repo,user:email,workflow...
2026-09-13 12:56:41.293 [info] Got 1 sessions for read:user,repo,user:email,workflow...
2026-09-13 12:58:39.796 [info] Getting sessions for all scopes...
2026-09-13 12:58:39.796 [info] Got 1 sessions for ...
2026-09-13 12:58:39.817 [info] Getting sessions for all scopes...
2026-09-13 12:58:39.817 [info] Got 1 sessions for ...
2026-09-13 12:58:42.496 [info] Getting sessions for all scopes...
2026-09-13 12:58:42.496 [info] Got 1 sessions for ...
2026-09-13 12:58:42.498 [info] Getting sessions for read:user,repo,user:email,workflow...
2026-09-13 12:58:42.498 [info] Got 1 sessions for read:user,repo,user:email,workflow...
2026-09-13 12:58:43.545 [info] Getting sessions for all scopes...
2026-09-13 12:58:43.545 [info] Got 1 sessions for ...
2026-09-13 12:58:43.548 [info] Getting sessions for read:user,repo,user:email,workflow...
2026-09-13 12:58:43.548 [info] Got 1 sessions for read:user,repo,user:email,workflow...
2026-09-13 12:59:43.546 [info] Getting sessions for all scopes...
2026-09-13 12:59:43.546 [info] Got 1 sessions for ...
2026-09-13 12:59:43.548 [info] Getting sessions for read:user,repo,user:email,workflow...
2026-09-13 12:59:43.548 [info] Got 1 sessions for read:user,repo,user:email,workflow...
2026-09-13 12:59:44.635 [info] Getting sessions for all scopes...
2026-09-13 12:59:44.635 [info] Got 1 sessions for ...
2026-09-13 12:59:44.638 [info] Getting sessions for read:user,repo,user:email,workflow...
2026-09-13 12:59:44.638 [info] Got 1 sessions for read:user,repo,user:email,workflow...
2026-09-13 13:03:09.791 [info] Getting sessions for all scopes...
2026-09-13 13:03:09.791 [info] Got 1 sessions for ...
2026-09-13 13:03:09.791 [info] Getting sessions for all scopes...
2026-09-13 13:03:09.791 [info] Got 1 sessions for ...
2026-09-13 13:03:09.794 [info] Getting sessions for read:user,repo,user:email,workflow...
2026-09-13 13:03:09.794 [info] Got 1 sessions for read:user,repo,user:email,workflow...
2026-09-13 13:03:10.315 [info] Getting sessions for all scopes...
2026-09-13 13:03:10.315 [info] Got 1 sessions for ...
2026-09-13 13:03:10.317 [info] Getting sessions for read:user,repo,user:email,workflow...
2026-09-13 13:03:10.317 [info] Got 1 sessions for read:user,repo,user:email,workflow...
