2026-09-19 16:59:21.715 [info] Reading sessions from keychain...
2026-09-19 16:59:21.715 [info] Getting sessions for all scopes...
2026-09-19 16:59:22.483 [info] Got stored sessions!
2026-09-19 16:59:22.483 [info] Got 1 verified sessions.
2026-09-19 16:59:22.484 [info] Got 1 sessions for all scopes...
2026-09-19 16:59:22.485 [info] Getting sessions for all scopes...
2026-09-19 16:59:22.485 [info] Got 1 sessions for all scopes...
2026-09-19 16:59:22.485 [info] Getting sessions for all scopes...
2026-09-19 16:59:22.485 [info] Got 1 sessions for all scopes...
2026-09-19 16:59:22.486 [info] Getting sessions for all scopes...
2026-09-19 16:59:22.486 [info] Got 1 sessions for all scopes...
2026-09-19 16:59:22.486 [info] Getting sessions for all scopes...
2026-09-19 16:59:22.487 [info] Got 1 sessions for all scopes...
2026-09-19 16:59:22.487 [info] Getting sessions for all scopes...
2026-09-19 16:59:22.487 [info] Got 1 sessions for all scopes...
2026-09-19 16:59:22.840 [info] Getting sessions for read:user,user:email...
2026-09-19 16:59:22.840 [info] Got 0 sessions for read:user,user:email...
2026-09-19 16:59:22.988 [info] Getting sessions for all scopes...
2026-09-19 16:59:22.988 [info] Got 1 sessions for all scopes...
2026-09-19 16:59:23.225 [info] Getting sessions for all scopes...
2026-09-19 16:59:23.225 [info] Got 1 sessions for all scopes...
2026-09-19 16:59:23.665 [info] Getting sessions for read:user,user:email...
2026-09-19 16:59:23.665 [info] Got 0 sessions for read:user,user:email...
2026-09-19 16:59:23.665 [info] Getting sessions for read:user,user:email...
2026-09-19 16:59:23.665 [info] Got 0 sessions for read:user,user:email...
2026-09-19 16:59:23.665 [info] Getting sessions for read:user,user:email...
2026-09-19 16:59:23.666 [info] Got 0 sessions for read:user,user:email...
2026-09-19 16:59:23.666 [info] Getting sessions for read:user,user:email...
2026-09-19 16:59:23.666 [info] Got 0 sessions for read:user,user:email...
2026-09-19 16:59:23.996 [info] Getting sessions for all scopes...
2026-09-19 16:59:23.996 [info] Got 1 sessions for all scopes...
2026-09-19 16:59:24.000 [info] Getting sessions for all scopes...
2026-09-19 16:59:24.000 [info] Got 1 sessions for all scopes...
2026-09-19 16:59:24.000 [info] Getting sessions for all scopes...
2026-09-19 16:59:24.000 [info] Got 1 sessions for all scopes...
2026-09-19 16:59:24.001 [info] Getting sessions for all scopes...
2026-09-19 16:59:24.001 [info] Got 1 sessions for all scopes...
2026-09-19 16:59:24.759 [info] Getting sessions for read:user,repo,user:email,workflow...
2026-09-19 16:59:24.759 [info] Got 1 sessions for read:user,repo,user:email,workflow...
2026-09-19 16:59:29.277 [info] Getting sessions for repo...
2026-09-19 16:59:29.277 [info] Got 0 sessions for repo...
2026-09-19 16:59:29.278 [info] Getting sessions for repo...
2026-09-19 16:59:29.278 [info] Got 0 sessions for repo...
2026-09-19 16:59:29.278 [info] Getting sessions for repo...
2026-09-19 16:59:29.278 [info] Got 0 sessions for repo...
2026-09-19 16:59:29.278 [info] Getting sessions for repo...
2026-09-19 16:59:29.278 [info] Got 0 sessions for repo...
2026-09-19 16:59:29.279 [info] Getting sessions for repo...
2026-09-19 16:59:29.279 [info] Got 0 sessions for repo...
2026-09-19 16:59:29.863 [info] Getting sessions for all scopes...
2026-09-19 16:59:29.864 [info] Got 1 sessions for all scopes...
2026-09-19 16:59:29.891 [info] Getting sessions for all scopes...
2026-09-19 16:59:29.891 [info] Got 1 sessions for all scopes...
2026-09-19 16:59:29.891 [info] Getting sessions for all scopes...
2026-09-19 16:59:29.891 [info] Got 1 sessions for all scopes...
2026-09-19 16:59:29.892 [info] Getting sessions for all scopes...
2026-09-19 16:59:29.892 [info] Got 1 sessions for all scopes...
2026-09-19 16:59:29.892 [info] Getting sessions for all scopes...
2026-09-19 16:59:29.892 [info] Got 1 sessions for all scopes...
2026-09-19 16:59:29.892 [info] Getting sessions for all scopes...
2026-09-19 16:59:29.892 [info] Got 1 sessions for all scopes...
2026-09-19 16:59:30.637 [info] Getting sessions for all scopes...
2026-09-19 16:59:30.637 [info] Got 1 sessions for all scopes...
2026-09-19 16:59:30.637 [info] Getting sessions for all scopes...
2026-09-19 16:59:30.637 [info] Got 1 sessions for all scopes...
2026-09-19 16:59:31.836 [info] Getting sessions for all scopes...
2026-09-19 16:59:31.837 [info] Got 1 sessions for all scopes...
2026-09-19 16:59:32.112 [info] Getting sessions for read:user,repo,user:email,workflow...
2026-09-19 16:59:32.112 [info] Got 1 sessions for read:user,repo,user:email,workflow...
2026-09-19 16:59:33.475 [info] Getting sessions for all scopes...
2026-09-19 16:59:33.475 [info] Got 1 sessions for all scopes...
2026-09-19 16:59:33.578 [info] Getting sessions for read:user,user:email...
2026-09-19 16:59:33.579 [info] Got 0 sessions for read:user,user:email...
2026-09-19 16:59:33.588 [info] Getting sessions for all scopes...
2026-09-19 16:59:33.588 [info] Got 1 sessions for all scopes...
2026-09-19 16:59:33.602 [info] Getting sessions for read:user,repo,user:email,workflow...
2026-09-19 16:59:33.602 [info] Got 1 sessions for read:user,repo,user:email,workflow...
2026-09-19 16:59:33.609 [info] Getting sessions for repo...
2026-09-19 16:59:33.609 [info] Got 0 sessions for repo...
2026-09-19 16:59:33.638 [info] Getting sessions for all scopes...
2026-09-19 16:59:33.638 [info] Got 1 sessions for all scopes...
2026-09-19 16:59:34.340 [info] Getting sessions for all scopes...
2026-09-19 16:59:34.340 [info] Got 1 sessions for all scopes...
2026-09-19 16:59:34.341 [info] Getting sessions for all scopes...
2026-09-19 16:59:34.341 [info] Got 1 sessions for all scopes...
2026-09-19 16:59:34.350 [info] Getting sessions for read:user,repo,user:email,workflow...
2026-09-19 16:59:34.350 [info] Got 1 sessions for read:user,repo,user:email,workflow...
2026-09-19 16:59:34.816 [info] Getting sessions for all scopes...
2026-09-19 16:59:34.817 [info] Got 1 sessions for all scopes...
2026-09-19 16:59:34.827 [info] Getting sessions for read:user,repo,user:email,workflow...
2026-09-19 16:59:34.827 [info] Got 1 sessions for read:user,repo,user:email,workflow...
2026-09-19 16:59:35.119 [info] Getting sessions for all scopes...
2026-09-19 16:59:35.119 [info] Got 1 sessions for all scopes...
2026-09-19 16:59:35.127 [info] Getting sessions for read:user,repo,user:email,workflow...
2026-09-19 16:59:35.128 [info] Got 1 sessions for read:user,repo,user:email,workflow...
2026-09-19 16:59:35.262 [info] Getting sessions for all scopes...
2026-09-19 16:59:35.262 [info] Got 1 sessions for all scopes...
2026-09-19 16:59:35.265 [info] Getting sessions for all scopes...
2026-09-19 16:59:35.265 [info] Got 1 sessions for all scopes...
2026-09-19 16:59:35.275 [info] Getting sessions for read:user,repo,user:email,workflow...
2026-09-19 16:59:35.275 [info] Got 1 sessions for read:user,repo,user:email,workflow...
2026-09-19 16:59:36.127 [info] Getting sessions for all scopes...
2026-09-19 16:59:36.128 [info] Got 1 sessions for all scopes...
2026-09-19 16:59:36.131 [info] Getting sessions for read:user,repo,user:email,workflow...
2026-09-19 16:59:36.131 [info] Got 1 sessions for read:user,repo,user:email,workflow...
2026-09-19 16:59:37.139 [info] Getting sessions for all scopes...
2026-09-19 16:59:37.139 [info] Got 1 sessions for all scopes...
2026-09-19 16:59:37.145 [info] Getting sessions for read:user,repo,user:email,workflow...
2026-09-19 16:59:37.145 [info] Got 1 sessions for read:user,repo,user:email,workflow...
2026-09-19 17:00:38.058 [info] Getting sessions for all scopes...
2026-09-19 17:00:38.058 [info] Got 1 sessions for all scopes...
2026-09-19 17:00:38.157 [info] Getting sessions for all scopes...
2026-09-19 17:00:38.157 [info] Got 1 sessions for all scopes...
2026-09-19 17:00:38.157 [info] Getting sessions for read:user,repo,user:email,workflow...
2026-09-19 17:00:38.157 [info] Got 1 sessions for read:user,repo,user:email,workflow...
2026-09-19 17:00:38.160 [info] Getting sessions for all scopes...
2026-09-19 17:00:38.160 [info] Got 1 sessions for all scopes...
2026-09-19 17:00:45.839 [info] Getting sessions for all scopes...
2026-09-19 17:00:45.839 [info] Got 1 sessions for all scopes...
2026-09-19 17:00:45.843 [info] Getting sessions for read:user,repo,user:email,workflow...
2026-09-19 17:00:45.843 [info] Got 1 sessions for read:user,repo,user:email,workflow...
2026-09-19 17:01:03.467 [info] Getting sessions for all scopes...
2026-09-19 17:01:03.467 [info] Got 1 sessions for all scopes...
2026-09-19 17:01:03.574 [info] Getting sessions for all scopes...
2026-09-19 17:01:03.574 [info] Got 1 sessions for all scopes...
2026-09-19 17:01:03.582 [info] Getting sessions for read:user,repo,user:email,workflow...
2026-09-19 17:01:03.582 [info] Got 1 sessions for read:user,repo,user:email,workflow...
2026-09-19 17:01:03.622 [info] Getting sessions for all scopes...
2026-09-19 17:01:03.622 [info] Got 1 sessions for all scopes...
2026-09-19 17:01:04.504 [info] Getting sessions for all scopes...
2026-09-19 17:01:04.505 [info] Got 1 sessions for all scopes...
2026-09-19 17:01:04.512 [info] Getting sessions for read:user,repo,user:email,workflow...
2026-09-19 17:01:04.512 [info] Got 1 sessions for read:user,repo,user:email,workflow...
2026-09-19 17:01:26.007 [info] Getting sessions for all scopes...
2026-09-19 17:01:26.007 [info] Got 1 sessions for all scopes...
2026-09-19 17:01:26.081 [info] Getting sessions for all scopes...
2026-09-19 17:01:26.081 [info] Got 1 sessions for all scopes...
2026-09-19 17:01:26.174 [info] Getting sessions for all scopes...
2026-09-19 17:01:26.174 [info] Got 1 sessions for all scopes...
2026-09-19 17:01:26.175 [info] Getting sessions for read:user,repo,user:email,workflow...
2026-09-19 17:01:26.175 [info] Got 1 sessions for read:user,repo,user:email,workflow...
2026-09-19 17:01:27.146 [info] Getting sessions for all scopes...
2026-09-19 17:01:27.146 [info] Got 1 sessions for all scopes...
2026-09-19 17:01:27.155 [info] Getting sessions for read:user,repo,user:email,workflow...
2026-09-19 17:01:27.155 [info] Got 1 sessions for read:user,repo,user:email,workflow...
2026-09-19 17:02:08.619 [info] Getting sessions for all scopes...
2026-09-19 17:02:08.620 [info] Got 1 sessions for all scopes...
2026-09-19 17:02:08.801 [info] Getting sessions for all scopes...
2026-09-19 17:02:08.801 [info] Got 1 sessions for all scopes...
2026-09-19 17:02:08.954 [info] Getting sessions for all scopes...
2026-09-19 17:02:08.954 [info] Got 1 sessions for all scopes...
2026-09-19 17:02:08.994 [info] Getting sessions for read:user,repo,user:email,workflow...
2026-09-19 17:02:08.994 [info] Got 1 sessions for read:user,repo,user:email,workflow...
2026-09-19 17:02:10.245 [info] Getting sessions for all scopes...
2026-09-19 17:02:10.246 [info] Got 1 sessions for all scopes...
2026-09-19 17:02:10.248 [info] Getting sessions for read:user,repo,user:email,workflow...
2026-09-19 17:02:10.248 [info] Got 1 sessions for read:user,repo,user:email,workflow...
2026-09-19 17:02:29.200 [info] Getting sessions for all scopes...
2026-09-19 17:02:29.200 [info] Got 1 sessions for all scopes...
2026-09-19 17:02:29.296 [info] Getting sessions for all scopes...
2026-09-19 17:02:29.296 [info] Got 1 sessions for all scopes...
2026-09-19 17:02:29.300 [info] Getting sessions for all scopes...
2026-09-19 17:02:29.300 [info] Got 1 sessions for all scopes...
2026-09-19 17:02:29.635 [info] Getting sessions for read:user,repo,user:email,workflow...
2026-09-19 17:02:29.635 [info] Got 1 sessions for read:user,repo,user:email,workflow...
2026-09-19 17:02:30.682 [info] Getting sessions for all scopes...
2026-09-19 17:02:30.682 [info] Got 1 sessions for all scopes...
2026-09-19 17:02:30.688 [info] Getting sessions for read:user,repo,user:email,workflow...
2026-09-19 17:02:30.690 [info] Got 1 sessions for read:user,repo,user:email,workflow...
2026-09-19 17:03:53.863 [info] Getting sessions for all scopes...
2026-09-19 17:03:53.863 [info] Got 1 sessions for all scopes...
2026-09-19 17:03:53.865 [info] Getting sessions for all scopes...
2026-09-19 17:03:53.865 [info] Got 1 sessions for all scopes...
2026-09-19 17:03:55.801 [info] Getting sessions for all scopes...
2026-09-19 17:03:55.801 [info] Got 1 sessions for all scopes...
2026-09-19 17:03:55.802 [info] Getting sessions for all scopes...
2026-09-19 17:03:55.802 [info] Got 1 sessions for all scopes...
2026-09-19 17:03:55.812 [info] Getting sessions for read:user,repo,user:email,workflow...
2026-09-19 17:03:55.812 [info] Got 1 sessions for read:user,repo,user:email,workflow...
2026-09-19 17:03:56.316 [info] Getting sessions for all scopes...
2026-09-19 17:03:56.316 [info] Got 1 sessions for all scopes...
2026-09-19 17:03:56.337 [info] Getting sessions for read:user,repo,user:email,workflow...
2026-09-19 17:03:56.337 [info] Got 1 sessions for read:user,repo,user:email,workflow...
2026-09-19 17:03:57.387 [info] Getting sessions for all scopes...
2026-09-19 17:03:57.387 [info] Got 1 sessions for all scopes...
2026-09-19 17:03:57.398 [info] Getting sessions for read:user,repo,user:email,workflow...
2026-09-19 17:03:57.398 [info] Got 1 sessions for read:user,repo,user:email,workflow...
2026-09-19 17:08:05.794 [info] Getting sessions for all scopes...
2026-09-19 17:08:05.794 [info] Got 1 sessions for all scopes...
2026-09-19 17:08:05.804 [info] Getting sessions for all scopes...
2026-09-19 17:08:05.804 [info] Got 1 sessions for all scopes...
2026-09-19 17:08:10.981 [info] Getting sessions for all scopes...
2026-09-19 17:08:10.981 [info] Got 1 sessions for all scopes...
2026-09-19 17:08:11.015 [info] Getting sessions for read:user,repo,user:email,workflow...
2026-09-19 17:08:11.015 [info] Got 1 sessions for read:user,repo,user:email,workflow...
2026-09-19 17:08:12.368 [info] Getting sessions for all scopes...
2026-09-19 17:08:12.368 [info] Got 1 sessions for all scopes...
2026-09-19 17:08:12.372 [info] Getting sessions for read:user,repo,user:email,workflow...
2026-09-19 17:08:12.372 [info] Got 1 sessions for read:user,repo,user:email,workflow...
2026-09-19 17:09:12.345 [info] Getting sessions for all scopes...
2026-09-19 17:09:12.345 [info] Got 1 sessions for all scopes...
2026-09-19 17:09:12.348 [info] Getting sessions for read:user,repo,user:email,workflow...
2026-09-19 17:09:12.348 [info] Got 1 sessions for read:user,repo,user:email,workflow...
2026-09-19 17:09:14.080 [info] Getting sessions for all scopes...
2026-09-19 17:09:14.080 [info] Got 1 sessions for all scopes...
2026-09-19 17:09:14.083 [info] Getting sessions for read:user,repo,user:email,workflow...
2026-09-19 17:09:14.083 [info] Got 1 sessions for read:user,repo,user:email,workflow...
2026-09-19 17:13:43.597 [info] Getting sessions for all scopes...
2026-09-19 17:13:43.597 [info] Got 1 sessions for all scopes...
2026-09-19 17:13:43.623 [info] Getting sessions for all scopes...
2026-09-19 17:13:43.623 [info] Got 1 sessions for all scopes...
2026-09-19 17:13:46.118 [info] Getting sessions for all scopes...
2026-09-19 17:13:46.118 [info] Got 1 sessions for all scopes...
2026-09-19 17:13:46.123 [info] Getting sessions for read:user,repo,user:email,workflow...
2026-09-19 17:13:46.123 [info] Got 1 sessions for read:user,repo,user:email,workflow...
2026-09-19 17:13:47.534 [info] Getting sessions for all scopes...
2026-09-19 17:13:47.534 [info] Got 1 sessions for all scopes...
2026-09-19 17:13:47.537 [info] Getting sessions for read:user,repo,user:email,workflow...
2026-09-19 17:13:47.537 [info] Got 1 sessions for read:user,repo,user:email,workflow...
2026-09-19 17:13:55.865 [info] Getting sessions for all scopes...
2026-09-19 17:13:55.867 [info] Got 1 sessions for all scopes...
2026-09-19 17:13:55.890 [info] Getting sessions for read:user,repo,user:email,workflow...
2026-09-19 17:13:55.890 [info] Got 1 sessions for read:user,repo,user:email,workflow...
2026-09-19 17:13:56.198 [info] Getting sessions for all scopes...
2026-09-19 17:13:56.198 [info] Got 1 sessions for all scopes...
2026-09-19 17:13:56.219 [info] Getting sessions for read:user,repo,user:email,workflow...
2026-09-19 17:13:56.219 [info] Got 1 sessions for read:user,repo,user:email,workflow...
2026-09-19 17:14:17.761 [info] Getting sessions for all scopes...
2026-09-19 17:14:17.761 [info] Got 1 sessions for all scopes...
2026-09-19 17:14:17.768 [info] Getting sessions for all scopes...
2026-09-19 17:14:17.768 [info] Got 1 sessions for all scopes...
2026-09-19 17:14:17.769 [info] Getting sessions for all scopes...
2026-09-19 17:14:17.769 [info] Got 1 sessions for all scopes...
2026-09-19 17:14:17.771 [info] Getting sessions for read:user,repo,user:email,workflow...
2026-09-19 17:14:17.771 [info] Got 1 sessions for read:user,repo,user:email,workflow...
2026-09-19 17:14:19.591 [info] Getting sessions for all scopes...
2026-09-19 17:14:19.591 [info] Got 1 sessions for all scopes...
2026-09-19 17:14:19.606 [info] Getting sessions for read:user,repo,user:email,workflow...
2026-09-19 17:14:19.606 [info] Got 1 sessions for read:user,repo,user:email,workflow...
2026-09-19 17:14:42.697 [info] Getting sessions for all scopes...
2026-09-19 17:14:42.698 [info] Got 1 sessions for all scopes...
2026-09-19 17:14:42.927 [info] Getting sessions for all scopes...
2026-09-19 17:14:42.927 [info] Got 1 sessions for all scopes...
2026-09-19 17:14:42.949 [info] Getting sessions for all scopes...
2026-09-19 17:14:42.949 [info] Got 1 sessions for all scopes...
2026-09-19 17:14:42.954 [info] Getting sessions for read:user,repo,user:email,workflow...
2026-09-19 17:14:42.954 [info] Got 1 sessions for read:user,repo,user:email,workflow...
2026-09-19 17:14:43.886 [info] Getting sessions for all scopes...
2026-09-19 17:14:43.886 [info] Got 1 sessions for all scopes...
2026-09-19 17:14:43.888 [info] Getting sessions for read:user,repo,user:email,workflow...
2026-09-19 17:14:43.889 [info] Got 1 sessions for read:user,repo,user:email,workflow...
2026-09-19 17:15:26.154 [info] Getting sessions for all scopes...
2026-09-19 17:15:26.155 [info] Got 1 sessions for all scopes...
2026-09-19 17:15:26.262 [info] Getting sessions for all scopes...
2026-09-19 17:15:26.262 [info] Got 1 sessions for all scopes...
2026-09-19 17:15:26.263 [info] Getting sessions for read:user,repo,user:email,workflow...
2026-09-19 17:15:26.263 [info] Got 1 sessions for read:user,repo,user:email,workflow...
2026-09-19 17:15:26.268 [info] Getting sessions for all scopes...
2026-09-19 17:15:26.269 [info] Got 1 sessions for all scopes...
2026-09-19 17:15:27.645 [info] Getting sessions for all scopes...
2026-09-19 17:15:27.645 [info] Got 1 sessions for all scopes...
2026-09-19 17:15:27.649 [info] Getting sessions for read:user,repo,user:email,workflow...
2026-09-19 17:15:27.649 [info] Got 1 sessions for read:user,repo,user:email,workflow...
2026-09-19 17:15:39.852 [info] Getting sessions for all scopes...
2026-09-19 17:15:39.852 [info] Got 1 sessions for all scopes...
2026-09-19 17:15:40.087 [info] Getting sessions for all scopes...
2026-09-19 17:15:40.087 [info] Got 1 sessions for all scopes...
2026-09-19 17:15:40.095 [info] Getting sessions for read:user,repo,user:email,workflow...
2026-09-19 17:15:40.095 [info] Got 1 sessions for read:user,repo,user:email,workflow...
2026-09-19 17:15:40.101 [info] Getting sessions for all scopes...
2026-09-19 17:15:40.101 [info] Got 1 sessions for all scopes...
2026-09-19 17:15:41.278 [info] Getting sessions for all scopes...
2026-09-19 17:15:41.278 [info] Got 1 sessions for all scopes...
2026-09-19 17:15:41.297 [info] Getting sessions for read:user,repo,user:email,workflow...
2026-09-19 17:15:41.298 [info] Got 1 sessions for read:user,repo,user:email,workflow...
2026-09-19 17:15:46.380 [info] Getting sessions for all scopes...
2026-09-19 17:15:46.381 [info] Got 1 sessions for all scopes...
2026-09-19 17:15:46.381 [info] Getting sessions for all scopes...
2026-09-19 17:15:46.381 [info] Got 1 sessions for all scopes...
2026-09-19 17:15:46.386 [info] Getting sessions for all scopes...
2026-09-19 17:15:46.386 [info] Got 1 sessions for all scopes...
2026-09-19 17:15:46.403 [info] Getting sessions for read:user,repo,user:email,workflow...
2026-09-19 17:15:46.403 [info] Got 1 sessions for read:user,repo,user:email,workflow...
2026-09-19 17:15:47.405 [info] Getting sessions for all scopes...
2026-09-19 17:15:47.405 [info] Got 1 sessions for all scopes...
2026-09-19 17:15:47.408 [info] Getting sessions for read:user,repo,user:email,workflow...
2026-09-19 17:15:47.408 [info] Got 1 sessions for read:user,repo,user:email,workflow...
2026-09-19 17:16:47.430 [info] Getting sessions for all scopes...
2026-09-19 17:16:47.430 [info] Got 1 sessions for all scopes...
2026-09-19 17:16:47.437 [info] Getting sessions for read:user,repo,user:email,workflow...
2026-09-19 17:16:47.437 [info] Got 1 sessions for read:user,repo,user:email,workflow...
2026-09-19 17:16:48.706 [info] Getting sessions for all scopes...
2026-09-19 17:16:48.706 [info] Got 1 sessions for all scopes...
2026-09-19 17:16:48.719 [info] Getting sessions for read:user,repo,user:email,workflow...
2026-09-19 17:16:48.719 [info] Got 1 sessions for read:user,repo,user:email,workflow...
2026-09-19 17:17:48.667 [info] Getting sessions for all scopes...
2026-09-19 17:17:48.667 [info] Got 1 sessions for all scopes...
2026-09-19 17:17:48.672 [info] Getting sessions for read:user,repo,user:email,workflow...
2026-09-19 17:17:48.672 [info] Got 1 sessions for read:user,repo,user:email,workflow...
2026-09-19 17:17:49.885 [info] Getting sessions for all scopes...
2026-09-19 17:17:49.885 [info] Got 1 sessions for all scopes...
2026-09-19 17:17:49.888 [info] Getting sessions for read:user,repo,user:email,workflow...
2026-09-19 17:17:49.888 [info] Got 1 sessions for read:user,repo,user:email,workflow...
2026-09-19 17:18:30.193 [info] Getting sessions for all scopes...
2026-09-19 17:18:30.193 [info] Got 1 sessions for all scopes...
2026-09-19 17:18:30.278 [info] Getting sessions for read:user,repo,user:email,workflow...
2026-09-19 17:18:30.278 [info] Got 1 sessions for read:user,repo,user:email,workflow...
2026-09-19 17:18:30.279 [info] Getting sessions for all scopes...
2026-09-19 17:18:30.279 [info] Got 1 sessions for all scopes...
2026-09-19 17:18:30.287 [info] Getting sessions for all scopes...
2026-09-19 17:18:30.287 [info] Got 1 sessions for all scopes...
2026-09-19 17:18:31.460 [info] Getting sessions for all scopes...
2026-09-19 17:18:31.460 [info] Got 1 sessions for all scopes...
2026-09-19 17:18:31.463 [info] Getting sessions for read:user,repo,user:email,workflow...
2026-09-19 17:18:31.463 [info] Got 1 sessions for read:user,repo,user:email,workflow...
2026-09-19 17:19:18.793 [info] Getting sessions for all scopes...
2026-09-19 17:19:18.793 [info] Got 1 sessions for all scopes...
2026-09-19 17:19:18.806 [info] Getting sessions for read:user,repo,user:email,workflow...
2026-09-19 17:19:18.806 [info] Got 1 sessions for read:user,repo,user:email,workflow...
2026-09-19 17:19:18.885 [info] Getting sessions for all scopes...
2026-09-19 17:19:18.885 [info] Got 1 sessions for all scopes...
2026-09-19 17:19:18.901 [info] Getting sessions for all scopes...
2026-09-19 17:19:18.901 [info] Got 1 sessions for all scopes...
2026-09-19 17:19:20.108 [info] Getting sessions for all scopes...
2026-09-19 17:19:20.108 [info] Got 1 sessions for all scopes...
2026-09-19 17:19:20.115 [info] Getting sessions for read:user,repo,user:email,workflow...
2026-09-19 17:19:20.115 [info] Got 1 sessions for read:user,repo,user:email,workflow...
2026-09-19 17:19:27.658 [info] Getting sessions for all scopes...
2026-09-19 17:19:27.658 [info] Got 1 sessions for all scopes...
2026-09-19 17:19:27.673 [info] Getting sessions for read:user,repo,user:email,workflow...
2026-09-19 17:19:27.673 [info] Got 1 sessions for read:user,repo,user:email,workflow...
2026-09-19 17:19:27.733 [info] Getting sessions for all scopes...
2026-09-19 17:19:27.733 [info] Got 1 sessions for all scopes...
2026-09-19 17:19:27.735 [info] Getting sessions for all scopes...
2026-09-19 17:19:27.735 [info] Got 1 sessions for all scopes...
2026-09-19 17:19:28.538 [info] Getting sessions for all scopes...
2026-09-19 17:19:28.539 [info] Got 1 sessions for all scopes...
2026-09-19 17:19:28.542 [info] Getting sessions for read:user,repo,user:email,workflow...
2026-09-19 17:19:28.542 [info] Got 1 sessions for read:user,repo,user:email,workflow...
2026-09-19 17:20:18.139 [info] Getting sessions for all scopes...
2026-09-19 17:20:18.139 [info] Got 1 sessions for all scopes...
2026-09-19 17:20:18.151 [info] Getting sessions for read:user,repo,user:email,workflow...
2026-09-19 17:20:18.151 [info] Got 1 sessions for read:user,repo,user:email,workflow...
2026-09-19 17:20:18.208 [info] Getting sessions for all scopes...
2026-09-19 17:20:18.208 [info] Got 1 sessions for all scopes...
2026-09-19 17:20:18.209 [info] Getting sessions for all scopes...
2026-09-19 17:20:18.209 [info] Got 1 sessions for all scopes...
2026-09-19 17:20:19.669 [info] Getting sessions for all scopes...
2026-09-19 17:20:19.669 [info] Got 1 sessions for all scopes...
2026-09-19 17:20:19.671 [info] Getting sessions for read:user,repo,user:email,workflow...
2026-09-19 17:20:19.671 [info] Got 1 sessions for read:user,repo,user:email,workflow...
2026-09-19 17:21:19.613 [info] Getting sessions for all scopes...
2026-09-19 17:21:19.613 [info] Got 1 sessions for all scopes...
2026-09-19 17:21:19.619 [info] Getting sessions for read:user,repo,user:email,workflow...
2026-09-19 17:21:19.619 [info] Got 1 sessions for read:user,repo,user:email,workflow...
2026-09-19 17:21:20.850 [info] Getting sessions for all scopes...
2026-09-19 17:21:20.850 [info] Got 1 sessions for all scopes...
2026-09-19 17:21:20.854 [info] Getting sessions for read:user,repo,user:email,workflow...
2026-09-19 17:21:20.854 [info] Got 1 sessions for read:user,repo,user:email,workflow...
2026-09-19 17:22:20.841 [info] Getting sessions for all scopes...
2026-09-19 17:22:20.841 [info] Got 1 sessions for all scopes...
2026-09-19 17:22:20.844 [info] Getting sessions for read:user,repo,user:email,workflow...
2026-09-19 17:22:20.845 [info] Got 1 sessions for read:user,repo,user:email,workflow...
2026-09-19 17:22:21.968 [info] Getting sessions for all scopes...
2026-09-19 17:22:21.968 [info] Got 1 sessions for all scopes...
2026-09-19 17:22:21.971 [info] Getting sessions for read:user,repo,user:email,workflow...
2026-09-19 17:22:21.971 [info] Got 1 sessions for read:user,repo,user:email,workflow...
2026-09-19 17:23:21.847 [info] Getting sessions for all scopes...
2026-09-19 17:23:21.847 [info] Got 1 sessions for all scopes...
2026-09-19 17:23:21.851 [info] Getting sessions for all scopes...
2026-09-19 17:23:21.852 [info] Got 1 sessions for all scopes...
2026-09-19 17:23:21.906 [info] Getting sessions for all scopes...
2026-09-19 17:23:21.907 [info] Got 1 sessions for all scopes...
2026-09-19 17:23:21.945 [info] Getting sessions for read:user,repo,user:email,workflow...
2026-09-19 17:23:21.945 [info] Got 1 sessions for read:user,repo,user:email,workflow...
2026-09-19 17:23:23.173 [info] Getting sessions for all scopes...
2026-09-19 17:23:23.173 [info] Got 1 sessions for all scopes...
2026-09-19 17:23:23.175 [info] Getting sessions for read:user,repo,user:email,workflow...
2026-09-19 17:23:23.176 [info] Got 1 sessions for read:user,repo,user:email,workflow...
2026-09-19 17:23:56.984 [info] Getting sessions for all scopes...
2026-09-19 17:23:56.984 [info] Got 1 sessions for all scopes...
2026-09-19 17:23:56.992 [info] Getting sessions for read:user,repo,user:email,workflow...
2026-09-19 17:23:56.992 [info] Got 1 sessions for read:user,repo,user:email,workflow...
2026-09-19 17:23:57.500 [info] Getting sessions for all scopes...
2026-09-19 17:23:57.501 [info] Got 1 sessions for all scopes...
2026-09-19 17:23:57.503 [info] Getting sessions for read:user,repo,user:email,workflow...
2026-09-19 17:23:57.503 [info] Got 1 sessions for read:user,repo,user:email,workflow...
2026-09-19 17:24:05.192 [info] Getting sessions for all scopes...
2026-09-19 17:24:05.192 [info] Got 1 sessions for all scopes...
2026-09-19 17:24:05.216 [info] Getting sessions for read:user,repo,user:email,workflow...
2026-09-19 17:24:05.216 [info] Got 1 sessions for read:user,repo,user:email,workflow...
2026-09-19 17:24:05.305 [info] Getting sessions for all scopes...
2026-09-19 17:24:05.305 [info] Got 1 sessions for all scopes...
2026-09-19 17:24:05.309 [info] Getting sessions for all scopes...
2026-09-19 17:24:05.309 [info] Got 1 sessions for all scopes...
2026-09-19 17:24:06.300 [info] Getting sessions for all scopes...
2026-09-19 17:24:06.300 [info] Got 1 sessions for all scopes...
2026-09-19 17:24:06.303 [info] Getting sessions for read:user,repo,user:email,workflow...
2026-09-19 17:24:06.303 [info] Got 1 sessions for read:user,repo,user:email,workflow...
2026-09-19 17:24:41.198 [info] Getting sessions for all scopes...
2026-09-19 17:24:41.198 [info] Got 1 sessions for all scopes...
2026-09-19 17:24:41.202 [info] Getting sessions for all scopes...
2026-09-19 17:24:41.203 [info] Got 1 sessions for all scopes...
2026-09-19 17:24:41.275 [info] Getting sessions for all scopes...
2026-09-19 17:24:41.275 [info] Got 1 sessions for all scopes...
2026-09-19 17:24:41.315 [info] Getting sessions for read:user,repo,user:email,workflow...
2026-09-19 17:24:41.315 [info] Got 1 sessions for read:user,repo,user:email,workflow...
2026-09-19 17:24:42.477 [info] Getting sessions for all scopes...
2026-09-19 17:24:42.477 [info] Got 1 sessions for all scopes...
2026-09-19 17:24:42.482 [info] Getting sessions for read:user,repo,user:email,workflow...
2026-09-19 17:24:42.482 [info] Got 1 sessions for read:user,repo,user:email,workflow...
2026-09-19 17:25:26.353 [info] Getting sessions for all scopes...
2026-09-19 17:25:26.353 [info] Got 1 sessions for all scopes...
2026-09-19 17:25:26.396 [info] Getting sessions for all scopes...
2026-09-19 17:25:26.396 [info] Got 1 sessions for all scopes...
2026-09-19 17:25:26.404 [info] Getting sessions for all scopes...
2026-09-19 17:25:26.404 [info] Got 1 sessions for all scopes...
2026-09-19 17:25:26.431 [info] Getting sessions for read:user,repo,user:email,workflow...
2026-09-19 17:25:26.431 [info] Got 1 sessions for read:user,repo,user:email,workflow...
2026-09-19 17:25:33.064 [info] Getting sessions for all scopes...
2026-09-19 17:25:33.064 [info] Got 1 sessions for all scopes...
2026-09-19 17:25:33.071 [info] Getting sessions for read:user,repo,user:email,workflow...
2026-09-19 17:25:33.071 [info] Got 1 sessions for read:user,repo,user:email,workflow...
2026-09-19 17:25:59.739 [info] Getting sessions for all scopes...
2026-09-19 17:25:59.739 [info] Got 1 sessions for all scopes...
2026-09-19 17:25:59.762 [info] Getting sessions for read:user,repo,user:email,workflow...
2026-09-19 17:25:59.762 [info] Got 1 sessions for read:user,repo,user:email,workflow...
2026-09-19 17:25:59.837 [info] Getting sessions for all scopes...
2026-09-19 17:25:59.838 [info] Got 1 sessions for all scopes...
2026-09-19 17:25:59.860 [info] Getting sessions for all scopes...
2026-09-19 17:25:59.860 [info] Got 1 sessions for all scopes...
2026-09-19 17:26:00.908 [info] Getting sessions for all scopes...
2026-09-19 17:26:00.908 [info] Got 1 sessions for all scopes...
2026-09-19 17:26:00.912 [info] Getting sessions for read:user,repo,user:email,workflow...
2026-09-19 17:26:00.912 [info] Got 1 sessions for read:user,repo,user:email,workflow...
2026-09-19 17:26:18.614 [info] Getting sessions for all scopes...
2026-09-19 17:26:18.615 [info] Got 1 sessions for all scopes...
2026-09-19 17:26:18.615 [info] Getting sessions for all scopes...
2026-09-19 17:26:18.615 [info] Got 1 sessions for all scopes...
2026-09-19 17:26:18.666 [info] Getting sessions for all scopes...
2026-09-19 17:26:18.667 [info] Got 1 sessions for all scopes...
2026-09-19 17:26:18.714 [info] Getting sessions for read:user,repo,user:email,workflow...
2026-09-19 17:26:18.715 [info] Got 1 sessions for read:user,repo,user:email,workflow...
2026-09-19 17:26:19.773 [info] Getting sessions for all scopes...
2026-09-19 17:26:19.773 [info] Got 1 sessions for all scopes...
2026-09-19 17:26:19.777 [info] Getting sessions for read:user,repo,user:email,workflow...
2026-09-19 17:26:19.778 [info] Got 1 sessions for read:user,repo,user:email,workflow...
2026-09-19 17:29:07.272 [info] Getting sessions for all scopes...
2026-09-19 17:29:07.272 [info] Got 1 sessions for all scopes...
2026-09-19 17:29:07.303 [info] Getting sessions for all scopes...
2026-09-19 17:29:07.303 [info] Got 1 sessions for all scopes...
2026-09-19 17:30:34.192 [info] Getting sessions for all scopes...
2026-09-19 17:30:34.192 [info] Got 1 sessions for all scopes...
2026-09-19 17:30:34.198 [info] Getting sessions for all scopes...
2026-09-19 17:30:34.198 [info] Got 1 sessions for all scopes...
2026-09-19 17:30:42.030 [info] Getting sessions for all scopes...
2026-09-19 17:30:42.031 [info] Got 1 sessions for all scopes...
2026-09-19 17:30:42.059 [info] Getting sessions for read:user,repo,user:email,workflow...
2026-09-19 17:30:42.059 [info] Got 1 sessions for read:user,repo,user:email,workflow...
2026-09-19 17:30:43.321 [info] Getting sessions for all scopes...
2026-09-19 17:30:43.321 [info] Got 1 sessions for all scopes...
2026-09-19 17:30:43.326 [info] Getting sessions for read:user,repo,user:email,workflow...
2026-09-19 17:30:43.326 [info] Got 1 sessions for read:user,repo,user:email,workflow...
2026-09-19 17:31:43.348 [info] Getting sessions for all scopes...
2026-09-19 17:31:43.348 [info] Got 1 sessions for all scopes...
2026-09-19 17:31:43.422 [info] Getting sessions for read:user,repo,user:email,workflow...
2026-09-19 17:31:43.422 [info] Got 1 sessions for read:user,repo,user:email,workflow...
2026-09-19 17:31:44.658 [info] Getting sessions for all scopes...
2026-09-19 17:31:44.658 [info] Got 1 sessions for all scopes...
2026-09-19 17:31:44.661 [info] Getting sessions for read:user,repo,user:email,workflow...
2026-09-19 17:31:44.661 [info] Got 1 sessions for read:user,repo,user:email,workflow...
2026-09-19 17:32:44.669 [info] Getting sessions for all scopes...
2026-09-19 17:32:44.669 [info] Got 1 sessions for all scopes...
2026-09-19 17:32:44.673 [info] Getting sessions for read:user,repo,user:email,workflow...
2026-09-19 17:32:44.674 [info] Got 1 sessions for read:user,repo,user:email,workflow...
2026-09-19 17:32:46.022 [info] Getting sessions for all scopes...
2026-09-19 17:32:46.022 [info] Got 1 sessions for all scopes...
2026-09-19 17:32:46.026 [info] Getting sessions for read:user,repo,user:email,workflow...
2026-09-19 17:32:46.026 [info] Got 1 sessions for read:user,repo,user:email,workflow...
2026-09-19 17:33:37.441 [info] Getting sessions for all scopes...
2026-09-19 17:33:37.441 [info] Got 1 sessions for all scopes...
2026-09-19 17:33:37.447 [info] Getting sessions for read:user,repo,user:email,workflow...
2026-09-19 17:33:37.447 [info] Got 1 sessions for read:user,repo,user:email,workflow...
2026-09-19 17:33:37.517 [info] Getting sessions for all scopes...
2026-09-19 17:33:37.517 [info] Got 1 sessions for all scopes...
2026-09-19 17:33:37.522 [info] Getting sessions for all scopes...
2026-09-19 17:33:37.522 [info] Got 1 sessions for all scopes...
2026-09-19 17:33:38.637 [info] Getting sessions for all scopes...
2026-09-19 17:33:38.637 [info] Got 1 sessions for all scopes...
2026-09-19 17:33:38.640 [info] Getting sessions for read:user,repo,user:email,workflow...
2026-09-19 17:33:38.641 [info] Got 1 sessions for read:user,repo,user:email,workflow...
2026-09-19 17:33:58.915 [info] Getting sessions for all scopes...
2026-09-19 17:33:58.915 [info] Got 1 sessions for all scopes...
2026-09-19 17:33:59.055 [info] Getting sessions for read:user,repo,user:email,workflow...
2026-09-19 17:33:59.055 [info] Got 1 sessions for read:user,repo,user:email,workflow...
2026-09-19 17:33:59.440 [info] Getting sessions for all scopes...
2026-09-19 17:33:59.448 [info] Got 1 sessions for all scopes...
2026-09-19 17:33:59.474 [info] Getting sessions for read:user,repo,user:email,workflow...
2026-09-19 17:33:59.475 [info] Got 1 sessions for read:user,repo,user:email,workflow...
2026-09-19 17:34:38.641 [info] Getting sessions for all scopes...
2026-09-19 17:34:38.641 [info] Got 1 sessions for all scopes...
2026-09-19 17:34:38.645 [info] Getting sessions for read:user,repo,user:email,workflow...
2026-09-19 17:34:38.646 [info] Got 1 sessions for read:user,repo,user:email,workflow...
2026-09-19 17:34:39.728 [info] Getting sessions for all scopes...
2026-09-19 17:34:39.728 [info] Got 1 sessions for all scopes...
2026-09-19 17:34:39.732 [info] Getting sessions for read:user,repo,user:email,workflow...
2026-09-19 17:34:39.732 [info] Got 1 sessions for read:user,repo,user:email,workflow...
2026-09-19 17:35:36.996 [info] Getting sessions for all scopes...
2026-09-19 17:35:36.997 [info] Got 1 sessions for all scopes...
2026-09-19 17:35:37.012 [info] Getting sessions for read:user,repo,user:email,workflow...
2026-09-19 17:35:37.012 [info] Got 1 sessions for read:user,repo,user:email,workflow...
2026-09-19 17:35:37.143 [info] Getting sessions for all scopes...
2026-09-19 17:35:37.144 [info] Got 1 sessions for all scopes...
2026-09-19 17:35:37.171 [info] Getting sessions for all scopes...
2026-09-19 17:35:37.171 [info] Got 1 sessions for all scopes...
2026-09-19 17:35:43.181 [info] Getting sessions for all scopes...
2026-09-19 17:35:43.181 [info] Got 1 sessions for all scopes...
2026-09-19 17:35:43.184 [info] Getting sessions for read:user,repo,user:email,workflow...
2026-09-19 17:35:43.184 [info] Got 1 sessions for read:user,repo,user:email,workflow...
2026-09-19 17:36:43.151 [info] Getting sessions for all scopes...
2026-09-19 17:36:43.151 [info] Got 1 sessions for all scopes...
2026-09-19 17:36:43.156 [info] Getting sessions for read:user,repo,user:email,workflow...
2026-09-19 17:36:43.156 [info] Got 1 sessions for read:user,repo,user:email,workflow...
2026-09-19 17:36:44.312 [info] Getting sessions for all scopes...
2026-09-19 17:36:44.312 [info] Got 1 sessions for all scopes...
2026-09-19 17:36:44.314 [info] Getting sessions for read:user,repo,user:email,workflow...
2026-09-19 17:36:44.314 [info] Got 1 sessions for read:user,repo,user:email,workflow...
2026-09-19 17:37:44.313 [info] Getting sessions for all scopes...
2026-09-19 17:37:44.313 [info] Got 1 sessions for all scopes...
2026-09-19 17:37:44.316 [info] Getting sessions for read:user,repo,user:email,workflow...
2026-09-19 17:37:44.316 [info] Got 1 sessions for read:user,repo,user:email,workflow...
2026-09-19 17:37:45.428 [info] Getting sessions for all scopes...
2026-09-19 17:37:45.428 [info] Got 1 sessions for all scopes...
2026-09-19 17:37:45.431 [info] Getting sessions for read:user,repo,user:email,workflow...
2026-09-19 17:37:45.431 [info] Got 1 sessions for read:user,repo,user:email,workflow...
2026-09-19 17:38:45.427 [info] Getting sessions for all scopes...
2026-09-19 17:38:45.427 [info] Got 1 sessions for all scopes...
2026-09-19 17:38:45.429 [info] Getting sessions for read:user,repo,user:email,workflow...
2026-09-19 17:38:45.429 [info] Got 1 sessions for read:user,repo,user:email,workflow...
2026-09-19 17:38:46.756 [info] Getting sessions for all scopes...
2026-09-19 17:38:46.756 [info] Got 1 sessions for all scopes...
2026-09-19 17:38:46.761 [info] Getting sessions for read:user,repo,user:email,workflow...
2026-09-19 17:38:46.761 [info] Got 1 sessions for read:user,repo,user:email,workflow...
2026-09-19 17:39:46.760 [info] Getting sessions for all scopes...
2026-09-19 17:39:46.760 [info] Got 1 sessions for all scopes...
2026-09-19 17:39:46.763 [info] Getting sessions for read:user,repo,user:email,workflow...
2026-09-19 17:39:46.763 [info] Got 1 sessions for read:user,repo,user:email,workflow...
2026-09-19 17:39:47.893 [info] Getting sessions for all scopes...
2026-09-19 17:39:47.893 [info] Got 1 sessions for all scopes...
2026-09-19 17:39:47.905 [info] Getting sessions for read:user,repo,user:email,workflow...
2026-09-19 17:39:47.905 [info] Got 1 sessions for read:user,repo,user:email,workflow...
2026-09-19 17:40:29.773 [info] Getting sessions for all scopes...
2026-09-19 17:40:29.773 [info] Got 1 sessions for all scopes...
2026-09-19 17:40:29.778 [info] Getting sessions for read:user,repo,user:email,workflow...
2026-09-19 17:40:29.778 [info] Got 1 sessions for read:user,repo,user:email,workflow...
2026-09-19 17:40:29.945 [info] Getting sessions for all scopes...
2026-09-19 17:40:29.945 [info] Got 1 sessions for all scopes...
2026-09-19 17:40:30.013 [info] Getting sessions for all scopes...
2026-09-19 17:40:30.014 [info] Got 1 sessions for all scopes...
2026-09-19 17:40:30.999 [info] Getting sessions for all scopes...
2026-09-19 17:40:30.999 [info] Got 1 sessions for all scopes...
2026-09-19 17:40:31.002 [info] Getting sessions for read:user,repo,user:email,workflow...
2026-09-19 17:40:31.002 [info] Got 1 sessions for read:user,repo,user:email,workflow...
2026-09-19 17:41:01.311 [info] Getting sessions for all scopes...
2026-09-19 17:41:01.311 [info] Got 1 sessions for all scopes...
2026-09-19 17:41:01.340 [info] Getting sessions for all scopes...
2026-09-19 17:41:01.340 [info] Got 1 sessions for all scopes...
2026-09-19 17:41:01.394 [info] Getting sessions for all scopes...
2026-09-19 17:41:01.394 [info] Got 1 sessions for all scopes...
2026-09-19 17:41:01.417 [info] Getting sessions for read:user,repo,user:email,workflow...
2026-09-19 17:41:01.418 [info] Got 1 sessions for read:user,repo,user:email,workflow...
2026-09-19 17:41:02.590 [info] Getting sessions for all scopes...
2026-09-19 17:41:02.590 [info] Got 1 sessions for all scopes...
2026-09-19 17:41:02.598 [info] Getting sessions for read:user,repo,user:email,workflow...
2026-09-19 17:41:02.598 [info] Got 1 sessions for read:user,repo,user:email,workflow...
2026-09-19 17:41:20.201 [info] Getting sessions for all scopes...
2026-09-19 17:41:20.201 [info] Got 1 sessions for all scopes...
2026-09-19 17:41:20.243 [info] Getting sessions for all scopes...
2026-09-19 17:41:20.243 [info] Got 1 sessions for all scopes...
2026-09-19 17:41:20.243 [info] Getting sessions for read:user,repo,user:email,workflow...
2026-09-19 17:41:20.243 [info] Got 1 sessions for read:user,repo,user:email,workflow...
2026-09-19 17:41:20.248 [info] Getting sessions for all scopes...
2026-09-19 17:41:20.248 [info] Got 1 sessions for all scopes...
2026-09-19 17:41:26.405 [info] Getting sessions for all scopes...
2026-09-19 17:41:26.405 [info] Got 1 sessions for all scopes...
2026-09-19 17:41:26.410 [info] Getting sessions for read:user,repo,user:email,workflow...
2026-09-19 17:41:26.410 [info] Got 1 sessions for read:user,repo,user:email,workflow...
2026-09-19 17:42:12.598 [info] Getting sessions for all scopes...
2026-09-19 17:42:12.599 [info] Got 1 sessions for all scopes...
2026-09-19 17:42:12.638 [info] Getting sessions for read:user,repo,user:email,workflow...
2026-09-19 17:42:12.638 [info] Got 1 sessions for read:user,repo,user:email,workflow...
2026-09-19 17:42:12.688 [info] Getting sessions for all scopes...
2026-09-19 17:42:12.688 [info] Got 1 sessions for all scopes...
2026-09-19 17:42:12.693 [info] Getting sessions for all scopes...
2026-09-19 17:42:12.693 [info] Got 1 sessions for all scopes...
2026-09-19 17:42:13.837 [info] Getting sessions for all scopes...
2026-09-19 17:42:13.837 [info] Got 1 sessions for all scopes...
2026-09-19 17:42:13.840 [info] Getting sessions for read:user,repo,user:email,workflow...
2026-09-19 17:42:13.841 [info] Got 1 sessions for read:user,repo,user:email,workflow...
2026-09-19 17:44:41.773 [info] Getting sessions for all scopes...
2026-09-19 17:44:41.773 [info] Got 1 sessions for all scopes...
2026-09-19 17:44:41.776 [info] Getting sessions for all scopes...
2026-09-19 17:44:41.776 [info] Got 1 sessions for all scopes...
2026-09-19 17:44:42.768 [info] Getting sessions for all scopes...
2026-09-19 17:44:42.768 [info] Got 1 sessions for all scopes...
2026-09-19 17:44:42.768 [info] Getting sessions for all scopes...
2026-09-19 17:44:42.768 [info] Got 1 sessions for all scopes...
2026-09-19 17:44:42.775 [info] Getting sessions for read:user,repo,user:email,workflow...
2026-09-19 17:44:42.775 [info] Got 1 sessions for read:user,repo,user:email,workflow...
2026-09-19 17:44:48.268 [info] Getting sessions for all scopes...
2026-09-19 17:44:48.268 [info] Got 1 sessions for all scopes...
2026-09-19 17:44:48.274 [info] Getting sessions for read:user,repo,user:email,workflow...
2026-09-19 17:44:48.275 [info] Got 1 sessions for read:user,repo,user:email,workflow...
2026-09-19 17:44:48.944 [info] Getting sessions for all scopes...
2026-09-19 17:44:48.944 [info] Got 1 sessions for all scopes...
2026-09-19 17:44:48.965 [info] Getting sessions for read:user,repo,user:email,workflow...
2026-09-19 17:44:48.966 [info] Got 1 sessions for read:user,repo,user:email,workflow...
2026-09-19 17:44:51.876 [info] Getting sessions for all scopes...
2026-09-19 17:44:51.876 [info] Got 1 sessions for all scopes...
2026-09-19 17:44:52.065 [info] Getting sessions for all scopes...
2026-09-19 17:44:52.065 [info] Got 1 sessions for all scopes...
2026-09-19 17:44:52.103 [info] Getting sessions for all scopes...
2026-09-19 17:44:52.103 [info] Got 1 sessions for all scopes...
2026-09-19 17:44:52.128 [info] Getting sessions for read:user,repo,user:email,workflow...
2026-09-19 17:44:52.129 [info] Got 1 sessions for read:user,repo,user:email,workflow...
2026-09-19 17:44:53.052 [info] Getting sessions for all scopes...
2026-09-19 17:44:53.052 [info] Got 1 sessions for all scopes...
2026-09-19 17:44:53.055 [info] Getting sessions for read:user,repo,user:email,workflow...
2026-09-19 17:44:53.055 [info] Got 1 sessions for read:user,repo,user:email,workflow...
2026-09-19 17:45:17.148 [info] Getting sessions for all scopes...
2026-09-19 17:45:17.148 [info] Got 1 sessions for all scopes...
2026-09-19 17:45:17.270 [info] Getting sessions for all scopes...
2026-09-19 17:45:17.270 [info] Got 1 sessions for all scopes...
2026-09-19 17:45:17.272 [info] Getting sessions for all scopes...
2026-09-19 17:45:17.272 [info] Got 1 sessions for all scopes...
2026-09-19 17:45:17.276 [info] Getting sessions for read:user,repo,user:email,workflow...
2026-09-19 17:45:17.276 [info] Got 1 sessions for read:user,repo,user:email,workflow...
2026-09-19 17:45:18.137 [info] Getting sessions for all scopes...
2026-09-19 17:45:18.137 [info] Got 1 sessions for all scopes...
2026-09-19 17:45:18.141 [info] Getting sessions for read:user,repo,user:email,workflow...
2026-09-19 17:45:18.141 [info] Got 1 sessions for read:user,repo,user:email,workflow...
2026-09-19 17:45:29.039 [info] Getting sessions for all scopes...
2026-09-19 17:45:29.040 [info] Got 1 sessions for all scopes...
2026-09-19 17:45:29.079 [info] Getting sessions for read:user,repo,user:email,workflow...
2026-09-19 17:45:29.080 [info] Got 1 sessions for read:user,repo,user:email,workflow...
2026-09-19 17:45:29.123 [info] Getting sessions for all scopes...
2026-09-19 17:45:29.123 [info] Got 1 sessions for all scopes...
2026-09-19 17:45:29.128 [info] Getting sessions for all scopes...
2026-09-19 17:45:29.128 [info] Got 1 sessions for all scopes...
2026-09-19 17:45:30.036 [info] Getting sessions for all scopes...
2026-09-19 17:45:30.036 [info] Got 1 sessions for all scopes...
2026-09-19 17:45:30.050 [info] Getting sessions for read:user,repo,user:email,workflow...
2026-09-19 17:45:30.050 [info] Got 1 sessions for read:user,repo,user:email,workflow...
2026-09-19 17:46:04.167 [info] Getting sessions for all scopes...
2026-09-19 17:46:04.167 [info] Got 1 sessions for all scopes...
2026-09-19 17:46:04.187 [info] Getting sessions for read:user,repo,user:email,workflow...
2026-09-19 17:46:04.187 [info] Got 1 sessions for read:user,repo,user:email,workflow...
2026-09-19 17:46:04.250 [info] Getting sessions for all scopes...
2026-09-19 17:46:04.250 [info] Got 1 sessions for all scopes...
2026-09-19 17:46:04.254 [info] Getting sessions for all scopes...
2026-09-19 17:46:04.254 [info] Got 1 sessions for all scopes...
2026-09-19 17:46:05.483 [info] Getting sessions for all scopes...
2026-09-19 17:46:05.483 [info] Got 1 sessions for all scopes...
2026-09-19 17:46:05.493 [info] Getting sessions for read:user,repo,user:email,workflow...
2026-09-19 17:46:05.494 [info] Got 1 sessions for read:user,repo,user:email,workflow...
2026-09-19 17:47:29.658 [info] Getting sessions for all scopes...
2026-09-19 17:47:29.658 [info] Got 1 sessions for all scopes...
2026-09-19 17:47:29.680 [info] Getting sessions for all scopes...
2026-09-19 17:47:29.680 [info] Got 1 sessions for all scopes...
2026-09-19 17:47:29.734 [info] Getting sessions for all scopes...
2026-09-19 17:47:29.734 [info] Got 1 sessions for all scopes...
2026-09-19 17:47:29.748 [info] Getting sessions for read:user,repo,user:email,workflow...
2026-09-19 17:47:29.749 [info] Got 1 sessions for read:user,repo,user:email,workflow...
2026-09-19 17:47:30.956 [info] Getting sessions for all scopes...
2026-09-19 17:47:30.956 [info] Got 1 sessions for all scopes...
2026-09-19 17:47:30.959 [info] Getting sessions for read:user,repo,user:email,workflow...
2026-09-19 17:47:30.959 [info] Got 1 sessions for read:user,repo,user:email,workflow...
2026-09-19 17:49:06.812 [info] Getting sessions for all scopes...
2026-09-19 17:49:06.813 [info] Got 1 sessions for all scopes...
2026-09-19 17:49:06.863 [info] Getting sessions for all scopes...
2026-09-19 17:49:06.863 [info] Got 1 sessions for all scopes...
2026-09-19 17:49:34.533 [info] Getting sessions for all scopes...
2026-09-19 17:49:34.533 [info] Got 1 sessions for all scopes...
2026-09-19 17:49:34.536 [info] Getting sessions for read:user,repo,user:email,workflow...
2026-09-19 17:49:34.536 [info] Got 1 sessions for read:user,repo,user:email,workflow...
2026-09-19 17:49:35.729 [info] Getting sessions for all scopes...
2026-09-19 17:49:35.730 [info] Got 1 sessions for all scopes...
2026-09-19 17:49:35.743 [info] Getting sessions for read:user,repo,user:email,workflow...
2026-09-19 17:49:35.743 [info] Got 1 sessions for read:user,repo,user:email,workflow...
2026-09-19 17:49:41.147 [info] Getting sessions for all scopes...
2026-09-19 17:49:41.147 [info] Got 1 sessions for all scopes...
2026-09-19 17:49:41.214 [info] Getting sessions for read:user,repo,user:email,workflow...
2026-09-19 17:49:41.214 [info] Got 1 sessions for read:user,repo,user:email,workflow...
2026-09-19 17:49:41.268 [info] Getting sessions for all scopes...
2026-09-19 17:49:41.268 [info] Got 1 sessions for all scopes...
2026-09-19 17:49:41.281 [info] Getting sessions for all scopes...
2026-09-19 17:49:41.281 [info] Got 1 sessions for all scopes...
2026-09-19 17:49:42.185 [info] Getting sessions for all scopes...
2026-09-19 17:49:42.185 [info] Got 1 sessions for all scopes...
2026-09-19 17:49:42.197 [info] Getting sessions for read:user,repo,user:email,workflow...
2026-09-19 17:49:42.197 [info] Got 1 sessions for read:user,repo,user:email,workflow...
2026-09-19 17:51:36.225 [info] Getting sessions for all scopes...
2026-09-19 17:51:36.225 [info] Got 1 sessions for all scopes...
2026-09-19 17:51:36.235 [info] Getting sessions for all scopes...
2026-09-19 17:51:36.236 [info] Got 1 sessions for all scopes...
2026-09-19 17:51:39.645 [info] Getting sessions for all scopes...
2026-09-19 17:51:39.646 [info] Got 1 sessions for all scopes...
2026-09-19 17:51:39.648 [info] Getting sessions for read:user,repo,user:email,workflow...
2026-09-19 17:51:39.648 [info] Got 1 sessions for read:user,repo,user:email,workflow...
2026-09-19 17:51:46.194 [info] Getting sessions for all scopes...
2026-09-19 17:51:46.194 [info] Got 1 sessions for all scopes...
2026-09-19 17:51:46.198 [info] Getting sessions for read:user,repo,user:email,workflow...
2026-09-19 17:51:46.198 [info] Got 1 sessions for read:user,repo,user:email,workflow...
2026-09-19 17:51:56.159 [info] Getting sessions for all scopes...
2026-09-19 17:51:56.159 [info] Got 1 sessions for all scopes...
2026-09-19 17:51:56.218 [info] Getting sessions for read:user,repo,user:email,workflow...
2026-09-19 17:51:56.218 [info] Got 1 sessions for read:user,repo,user:email,workflow...
2026-09-19 17:51:56.262 [info] Getting sessions for all scopes...
2026-09-19 17:51:56.262 [info] Got 1 sessions for all scopes...
2026-09-19 17:51:56.267 [info] Getting sessions for all scopes...
2026-09-19 17:51:56.267 [info] Got 1 sessions for all scopes...
2026-09-19 17:51:57.185 [info] Getting sessions for all scopes...
2026-09-19 17:51:57.185 [info] Got 1 sessions for all scopes...
2026-09-19 17:51:57.197 [info] Getting sessions for read:user,repo,user:email,workflow...
2026-09-19 17:51:57.197 [info] Got 1 sessions for read:user,repo,user:email,workflow...
2026-09-19 17:52:58.664 [info] Getting sessions for all scopes...
2026-09-19 17:52:58.664 [info] Got 1 sessions for all scopes...
2026-09-19 17:52:58.668 [info] Getting sessions for all scopes...
2026-09-19 17:52:58.668 [info] Got 1 sessions for all scopes...
2026-09-19 17:53:01.873 [info] Getting sessions for all scopes...
2026-09-19 17:53:01.873 [info] Got 1 sessions for all scopes...
2026-09-19 17:53:01.881 [info] Getting sessions for read:user,repo,user:email,workflow...
2026-09-19 17:53:01.881 [info] Got 1 sessions for read:user,repo,user:email,workflow...
2026-09-19 17:53:08.382 [info] Getting sessions for all scopes...
2026-09-19 17:53:08.382 [info] Got 1 sessions for all scopes...
2026-09-19 17:53:08.386 [info] Getting sessions for read:user,repo,user:email,workflow...
2026-09-19 17:53:08.386 [info] Got 1 sessions for read:user,repo,user:email,workflow...
2026-09-19 17:54:46.956 [info] Getting sessions for all scopes...
2026-09-19 17:54:46.956 [info] Got 1 sessions for all scopes...
2026-09-19 17:54:46.971 [info] Getting sessions for all scopes...
2026-09-19 17:54:46.971 [info] Got 1 sessions for all scopes...
2026-09-19 17:54:47.909 [info] Getting sessions for all scopes...
2026-09-19 17:54:47.909 [info] Got 1 sessions for all scopes...
2026-09-19 17:54:47.911 [info] Getting sessions for all scopes...
2026-09-19 17:54:47.911 [info] Got 1 sessions for all scopes...
2026-09-19 17:54:47.913 [info] Getting sessions for read:user,repo,user:email,workflow...
2026-09-19 17:54:47.913 [info] Got 1 sessions for read:user,repo,user:email,workflow...
2026-09-19 17:54:48.418 [info] Getting sessions for all scopes...
2026-09-19 17:54:48.418 [info] Got 1 sessions for all scopes...
2026-09-19 17:54:48.421 [info] Getting sessions for read:user,repo,user:email,workflow...
2026-09-19 17:54:48.421 [info] Got 1 sessions for read:user,repo,user:email,workflow...
2026-09-19 17:54:49.161 [info] Getting sessions for all scopes...
2026-09-19 17:54:49.161 [info] Got 1 sessions for all scopes...
2026-09-19 17:54:49.163 [info] Getting sessions for read:user,repo,user:email,workflow...
2026-09-19 17:54:49.163 [info] Got 1 sessions for read:user,repo,user:email,workflow...
2026-09-19 17:56:06.206 [info] Getting sessions for all scopes...
2026-09-19 17:56:06.206 [info] Got 1 sessions for all scopes...
2026-09-19 17:56:06.258 [info] Getting sessions for all scopes...
2026-09-19 17:56:06.259 [info] Got 1 sessions for all scopes...
2026-09-19 17:56:06.392 [info] Getting sessions for all scopes...
2026-09-19 17:56:06.392 [info] Got 1 sessions for all scopes...
2026-09-19 17:56:06.392 [info] Getting sessions for read:user,repo,user:email,workflow...
2026-09-19 17:56:06.392 [info] Got 1 sessions for read:user,repo,user:email,workflow...
2026-09-19 17:56:07.659 [info] Getting sessions for all scopes...
2026-09-19 17:56:07.659 [info] Got 1 sessions for all scopes...
2026-09-19 17:56:07.666 [info] Getting sessions for read:user,repo,user:email,workflow...
2026-09-19 17:56:07.666 [info] Got 1 sessions for read:user,repo,user:email,workflow...
2026-09-19 17:57:02.111 [info] Getting sessions for all scopes...
2026-09-19 17:57:02.111 [info] Got 1 sessions for all scopes...
2026-09-19 17:57:02.145 [info] Getting sessions for all scopes...
2026-09-19 17:57:02.145 [info] Got 1 sessions for all scopes...
2026-09-19 17:57:02.161 [info] Getting sessions for all scopes...
2026-09-19 17:57:02.162 [info] Got 1 sessions for all scopes...
2026-09-19 17:57:02.175 [info] Getting sessions for read:user,repo,user:email,workflow...
2026-09-19 17:57:02.175 [info] Got 1 sessions for read:user,repo,user:email,workflow...
2026-09-19 17:57:03.489 [info] Getting sessions for all scopes...
2026-09-19 17:57:03.489 [info] Got 1 sessions for all scopes...
2026-09-19 17:57:03.491 [info] Getting sessions for read:user,repo,user:email,workflow...
2026-09-19 17:57:03.491 [info] Got 1 sessions for read:user,repo,user:email,workflow...
2026-09-19 17:57:07.636 [info] Getting sessions for all scopes...
2026-09-19 17:57:07.636 [info] Got 1 sessions for all scopes...
2026-09-19 17:57:07.638 [info] Getting sessions for all scopes...
2026-09-19 17:57:07.638 [info] Got 1 sessions for all scopes...
2026-09-19 17:57:07.642 [info] Getting sessions for all scopes...
2026-09-19 17:57:07.642 [info] Got 1 sessions for all scopes...
2026-09-19 17:57:07.649 [info] Getting sessions for read:user,repo,user:email,workflow...
2026-09-19 17:57:07.649 [info] Got 1 sessions for read:user,repo,user:email,workflow...
2026-09-19 17:57:08.606 [info] Getting sessions for all scopes...
2026-09-19 17:57:08.606 [info] Got 1 sessions for all scopes...
2026-09-19 17:57:08.608 [info] Getting sessions for read:user,repo,user:email,workflow...
2026-09-19 17:57:08.608 [info] Got 1 sessions for read:user,repo,user:email,workflow...
2026-09-19 17:57:22.568 [info] Getting sessions for all scopes...
2026-09-19 17:57:22.568 [info] Got 1 sessions for all scopes...
2026-09-19 17:57:22.570 [info] Getting sessions for all scopes...
2026-09-19 17:57:22.570 [info] Got 1 sessions for all scopes...
2026-09-19 17:57:22.624 [info] Getting sessions for all scopes...
2026-09-19 17:57:22.624 [info] Got 1 sessions for all scopes...
2026-09-19 17:57:22.697 [info] Getting sessions for read:user,repo,user:email,workflow...
2026-09-19 17:57:22.697 [info] Got 1 sessions for read:user,repo,user:email,workflow...
2026-09-19 17:57:23.819 [info] Getting sessions for all scopes...
2026-09-19 17:57:23.819 [info] Got 1 sessions for all scopes...
2026-09-19 17:57:23.842 [info] Getting sessions for read:user,repo,user:email,workflow...
2026-09-19 17:57:23.843 [info] Got 1 sessions for read:user,repo,user:email,workflow...
2026-09-19 17:58:36.034 [info] Getting sessions for all scopes...
2026-09-19 17:58:36.034 [info] Got 1 sessions for all scopes...
2026-09-19 17:58:36.098 [info] Getting sessions for all scopes...
2026-09-19 17:58:36.098 [info] Got 1 sessions for all scopes...
2026-09-19 17:58:37.617 [info] Getting sessions for all scopes...
2026-09-19 17:58:37.618 [info] Got 1 sessions for all scopes...
2026-09-19 17:58:37.620 [info] Getting sessions for read:user,repo,user:email,workflow...
2026-09-19 17:58:37.620 [info] Got 1 sessions for read:user,repo,user:email,workflow...
