2026-09-14 17:37:00.908 [info] Name: yapf
2026-09-14 17:37:00.908 [info] Module: yapf
2026-09-14 17:37:00.908 [info] Python extension loading
2026-09-14 17:37:00.908 [info] Waiting for interpreter from python extension.
2026-09-14 17:37:00.908 [info] Python extension loaded
2026-09-14 17:37:00.908 [info] Server run command: /home/sadnane/Saad-Programming/saad-lab/bin/python /home/sadnane/.vscode-oss/extensions/eeyore.yapf-2026.1.108140646-universal/bundled/tool/lsp_server.py
2026-09-14 17:37:00.908 [info] Server: Start requested.
2026-09-14 17:37:01.864 [info] CWD Server: /home/sadnane/Saad-Programming
2026-09-14 17:37:01.878 [info] sys.path used to run Server:
   /home/sadnane/.vscode-oss/extensions/eeyore.yapf-2026.1.108140646-universal/bundled/libs
   /home/sadnane/.vscode-oss/extensions/eeyore.yapf-2026.1.108140646-universal/bundled/tool
   /usr/lib/python314.zip
   /usr/lib/python3.14
   /usr/lib/python3.14/lib-dynload
   /home/sadnane/Saad-Programming/saad-lab/lib/python3.14/site-packages
   /home/sadnane/.vscode-oss/extensions/eeyore.yapf-2026.1.108140646-universal/bundled/tool-libs
2026-09-14 17:37:01.882 [info] Settings used to run Server:
[
    {
        "cwd": "/home/sadnane/Saad-Programming",
        "workspace": "file:///home/sadnane/Saad-Programming",
        "args": [],
        "path": [],
        "interpreter": [
            "/home/sadnane/Saad-Programming/saad-lab/bin/python"
        ],
        "importStrategy": "fromEnvironment",
        "showNotifications": "off",
        "showDebugLog": false,
        "cellMagics": []
    }
]

2026-09-14 17:37:01.898 [info] Global settings:
{
    "cwd": "/home/sadnane",
    "workspace": "/home/sadnane",
    "args": [],
    "path": [],
    "interpreter": [],
    "importStrategy": "fromEnvironment",
    "showNotifications": "off",
    "showDebugLog": false,
    "cellMagics": []
}

