2026-09-25 14:59:32.107 [info] Reading sessions from keychain...
2026-09-25 14:59:32.107 [info] Getting sessions for all scopes...
2026-09-25 14:59:32.107 [info] Got stored sessions!
2026-09-25 14:59:32.107 [info] Got 1 verified sessions.
2026-09-25 14:59:32.107 [info] Got 1 sessions for all scopes...
2026-09-25 14:59:32.107 [info] Getting sessions for all scopes...
2026-09-25 14:59:32.107 [info] Got 1 sessions for all scopes...
2026-09-25 14:59:32.107 [info] Getting sessions for all scopes...
2026-09-25 14:59:32.107 [info] Got 1 sessions for all scopes...
2026-09-25 14:59:32.107 [info] Getting sessions for all scopes...
2026-09-25 14:59:32.107 [info] Got 1 sessions for all scopes...
2026-09-25 14:59:32.107 [info] Getting sessions for all scopes...
2026-09-25 14:59:32.107 [info] Got 1 sessions for all scopes...
2026-09-25 14:59:40.535 [info] Getting sessions for all scopes...
2026-09-25 14:59:40.535 [info] Got 1 sessions for all scopes...
2026-09-25 14:59:40.602 [info] Getting sessions for read:user,user:email...
2026-09-25 14:59:40.602 [info] Got 0 sessions for read:user,user:email...
2026-09-25 14:59:40.783 [info] Getting sessions for all scopes...
2026-09-25 14:59:40.783 [info] Got 1 sessions for all scopes...
2026-09-25 14:59:40.820 [info] Getting sessions for read:user,repo,user:email,workflow...
2026-09-25 14:59:40.821 [info] Got 1 sessions for read:user,repo,user:email,workflow...
2026-09-25 14:59:41.087 [info] Getting sessions for all scopes...
2026-09-25 14:59:41.088 [info] Got 1 sessions for all scopes...
2026-09-25 14:59:41.657 [info] Getting sessions for all scopes...
2026-09-25 14:59:41.657 [info] Got 1 sessions for all scopes...
2026-09-25 14:59:41.660 [info] Getting sessions for all scopes...
2026-09-25 14:59:41.660 [info] Got 1 sessions for all scopes...
2026-09-25 14:59:43.529 [info] Getting sessions for all scopes...
2026-09-25 14:59:43.530 [info] Got 1 sessions for all scopes...
2026-09-25 14:59:43.922 [info] Getting sessions for repo...
2026-09-25 14:59:43.922 [info] Got 0 sessions for repo...
2026-09-25 14:59:43.958 [info] Getting sessions for read:user,user:email...
2026-09-25 14:59:43.959 [info] Got 0 sessions for read:user,user:email...
2026-09-25 14:59:43.959 [info] Getting sessions for all scopes...
2026-09-25 14:59:43.959 [info] Got 1 sessions for all scopes...
2026-09-25 14:59:44.050 [info] Getting sessions for read:user,repo,user:email,workflow...
2026-09-25 14:59:44.050 [info] Got 1 sessions for read:user,repo,user:email,workflow...
2026-09-25 14:59:44.051 [info] Getting sessions for all scopes...
2026-09-25 14:59:44.051 [info] Got 1 sessions for all scopes...
2026-09-25 14:59:44.918 [info] Getting sessions for read:user,user:email...
2026-09-25 14:59:44.918 [info] Got 0 sessions for read:user,user:email...
2026-09-25 14:59:45.384 [info] Getting sessions for all scopes...
2026-09-25 14:59:45.384 [info] Got 1 sessions for all scopes...
2026-09-25 14:59:45.555 [info] Getting sessions for read:user,user:email...
2026-09-25 14:59:45.556 [info] Got 0 sessions for read:user,user:email...
2026-09-25 14:59:45.557 [info] Getting sessions for all scopes...
2026-09-25 14:59:45.557 [info] Got 1 sessions for all scopes...
2026-09-25 14:59:45.557 [info] Getting sessions for all scopes...
2026-09-25 14:59:45.557 [info] Got 1 sessions for all scopes...
2026-09-25 14:59:45.596 [info] Getting sessions for all scopes...
2026-09-25 14:59:45.596 [info] Got 1 sessions for all scopes...
2026-09-25 14:59:45.662 [info] Getting sessions for repo...
2026-09-25 14:59:45.663 [info] Got 0 sessions for repo...
2026-09-25 14:59:45.690 [info] Getting sessions for read:user,repo,user:email,workflow...
2026-09-25 14:59:45.690 [info] Got 1 sessions for read:user,repo,user:email,workflow...
2026-09-25 14:59:45.712 [info] Getting sessions for all scopes...
2026-09-25 14:59:45.712 [info] Got 1 sessions for all scopes...
2026-09-25 14:59:45.978 [info] Getting sessions for all scopes...
2026-09-25 14:59:45.978 [info] Got 1 sessions for all scopes...
2026-09-25 14:59:45.979 [info] Getting sessions for all scopes...
2026-09-25 14:59:45.979 [info] Got 1 sessions for all scopes...
2026-09-25 14:59:45.988 [info] Getting sessions for read:user,repo,user:email,workflow...
2026-09-25 14:59:45.988 [info] Got 1 sessions for read:user,repo,user:email,workflow...
2026-09-25 14:59:46.151 [info] Getting sessions for all scopes...
2026-09-25 14:59:46.151 [info] Got 1 sessions for all scopes...
2026-09-25 14:59:46.277 [info] Getting sessions for read:user,repo,user:email,workflow...
2026-09-25 14:59:46.277 [info] Got 1 sessions for read:user,repo,user:email,workflow...
2026-09-25 14:59:46.876 [info] Getting sessions for all scopes...
2026-09-25 14:59:46.876 [info] Got 1 sessions for all scopes...
2026-09-25 14:59:46.878 [info] Getting sessions for all scopes...
2026-09-25 14:59:46.878 [info] Got 1 sessions for all scopes...
2026-09-25 14:59:46.928 [info] Getting sessions for read:user,repo,user:email,workflow...
2026-09-25 14:59:46.929 [info] Got 1 sessions for read:user,repo,user:email,workflow...
2026-09-25 14:59:47.688 [info] Getting sessions for all scopes...
2026-09-25 14:59:47.688 [info] Got 1 sessions for all scopes...
2026-09-25 14:59:47.692 [info] Getting sessions for read:user,repo,user:email,workflow...
2026-09-25 14:59:47.692 [info] Got 1 sessions for read:user,repo,user:email,workflow...
2026-09-25 14:59:48.369 [info] Getting sessions for all scopes...
2026-09-25 14:59:48.369 [info] Got 1 sessions for all scopes...
2026-09-25 14:59:48.372 [info] Getting sessions for read:user,repo,user:email,workflow...
2026-09-25 14:59:48.372 [info] Got 1 sessions for read:user,repo,user:email,workflow...
2026-09-25 15:00:50.189 [info] Getting sessions for all scopes...
2026-09-25 15:00:50.190 [info] Got 1 sessions for all scopes...
2026-09-25 15:00:50.194 [info] Getting sessions for read:user,repo,user:email,workflow...
2026-09-25 15:00:50.194 [info] Got 1 sessions for read:user,repo,user:email,workflow...
2026-09-25 15:05:29.553 [info] Getting sessions for all scopes...
2026-09-25 15:05:29.553 [info] Got 1 sessions for all scopes...
2026-09-25 15:05:29.554 [info] Getting sessions for all scopes...
2026-09-25 15:05:29.554 [info] Got 1 sessions for all scopes...
2026-09-25 15:05:30.517 [info] Getting sessions for all scopes...
2026-09-25 15:05:30.517 [info] Got 1 sessions for all scopes...
2026-09-25 15:05:30.522 [info] Getting sessions for all scopes...
2026-09-25 15:05:30.522 [info] Got 1 sessions for all scopes...
2026-09-25 15:13:01.572 [info] Getting sessions for all scopes...
2026-09-25 15:13:01.572 [info] Got 1 sessions for all scopes...
2026-09-25 15:13:01.596 [info] Getting sessions for all scopes...
2026-09-25 15:13:01.597 [info] Got 1 sessions for all scopes...
2026-09-25 15:13:57.806 [info] Getting sessions for all scopes...
2026-09-25 15:13:57.806 [info] Got 1 sessions for all scopes...
2026-09-25 15:13:57.862 [info] Getting sessions for read:user,repo,user:email,workflow...
2026-09-25 15:13:57.863 [info] Got 1 sessions for read:user,repo,user:email,workflow...
2026-09-25 15:15:22.658 [info] Getting sessions for all scopes...
2026-09-25 15:15:22.661 [info] Got 1 sessions for all scopes...
2026-09-25 15:15:22.778 [info] Getting sessions for all scopes...
2026-09-25 15:15:22.778 [info] Got 1 sessions for all scopes...
2026-09-25 15:17:34.077 [info] Getting sessions for all scopes...
2026-09-25 15:17:34.078 [info] Got 1 sessions for all scopes...
2026-09-25 15:17:34.208 [info] Getting sessions for all scopes...
2026-09-25 15:17:34.208 [info] Got 1 sessions for all scopes...
2026-09-25 15:19:07.299 [info] Getting sessions for all scopes...
2026-09-25 15:19:07.299 [info] Got 1 sessions for all scopes...
2026-09-25 15:19:07.570 [info] Getting sessions for all scopes...
2026-09-25 15:19:07.570 [info] Got 1 sessions for all scopes...
2026-09-25 15:21:28.527 [info] Getting sessions for all scopes...
2026-09-25 15:21:28.527 [info] Got 1 sessions for all scopes...
2026-09-25 15:21:28.549 [info] Getting sessions for all scopes...
2026-09-25 15:21:28.549 [info] Got 1 sessions for all scopes...
2026-09-25 15:21:38.022 [info] Getting sessions for all scopes...
2026-09-25 15:21:38.023 [info] Got 1 sessions for all scopes...
2026-09-25 15:21:38.034 [info] Getting sessions for all scopes...
2026-09-25 15:21:38.034 [info] Got 1 sessions for all scopes...
2026-09-25 15:22:20.797 [info] Getting sessions for read:user,user:email...
2026-09-25 15:22:20.797 [info] Got 0 sessions for read:user,user:email...
2026-09-25 15:22:20.811 [info] Getting sessions for all scopes...
2026-09-25 15:22:20.812 [info] Got 1 sessions for all scopes...
2026-09-25 15:22:20.824 [info] Getting sessions for all scopes...
2026-09-25 15:22:20.824 [info] Got 1 sessions for all scopes...
2026-09-25 15:22:20.825 [info] Getting sessions for all scopes...
2026-09-25 15:22:20.826 [info] Got 1 sessions for all scopes...
2026-09-25 15:22:20.828 [info] Getting sessions for repo...
2026-09-25 15:22:20.829 [info] Got 0 sessions for repo...
2026-09-25 15:22:20.841 [info] Getting sessions for all scopes...
2026-09-25 15:22:20.841 [info] Got 1 sessions for all scopes...
2026-09-25 15:22:28.375 [info] Getting sessions for read:user,user:email...
2026-09-25 15:22:28.375 [info] Got 0 sessions for read:user,user:email...
2026-09-25 15:22:28.397 [info] Getting sessions for all scopes...
2026-09-25 15:22:28.398 [info] Got 1 sessions for all scopes...
2026-09-25 15:22:28.403 [info] Getting sessions for repo...
2026-09-25 15:22:28.403 [info] Got 0 sessions for repo...
2026-09-25 15:22:28.404 [info] Getting sessions for all scopes...
2026-09-25 15:22:28.404 [info] Got 1 sessions for all scopes...
2026-09-25 15:24:07.897 [info] Getting sessions for all scopes...
2026-09-25 15:24:07.900 [info] Got 1 sessions for all scopes...
2026-09-25 15:24:07.905 [info] Getting sessions for all scopes...
2026-09-25 15:24:07.906 [info] Got 1 sessions for all scopes...
2026-09-25 15:24:20.658 [info] Getting sessions for all scopes...
2026-09-25 15:24:20.658 [info] Got 1 sessions for all scopes...
2026-09-25 15:24:20.663 [info] Getting sessions for read:user,repo,user:email,workflow...
2026-09-25 15:24:20.663 [info] Got 1 sessions for read:user,repo,user:email,workflow...
2026-09-25 15:25:30.959 [info] Getting sessions for all scopes...
2026-09-25 15:25:30.959 [info] Got 1 sessions for all scopes...
2026-09-25 15:25:31.264 [info] Getting sessions for all scopes...
2026-09-25 15:25:31.264 [info] Got 1 sessions for all scopes...
2026-09-25 15:27:15.520 [info] Getting sessions for all scopes...
2026-09-25 15:27:15.520 [info] Got 1 sessions for all scopes...
2026-09-25 15:27:15.622 [info] Getting sessions for all scopes...
2026-09-25 15:27:15.622 [info] Got 1 sessions for all scopes...
2026-09-25 15:29:04.097 [info] Getting sessions for all scopes...
2026-09-25 15:29:04.097 [info] Got 1 sessions for all scopes...
2026-09-25 15:29:04.130 [info] Getting sessions for all scopes...
2026-09-25 15:29:04.131 [info] Got 1 sessions for all scopes...
2026-09-25 15:30:13.936 [info] Getting sessions for all scopes...
2026-09-25 15:30:13.936 [info] Got 1 sessions for all scopes...
2026-09-25 15:30:13.946 [info] Getting sessions for all scopes...
2026-09-25 15:30:13.946 [info] Got 1 sessions for all scopes...
2026-09-25 15:31:03.797 [info] Getting sessions for all scopes...
2026-09-25 15:31:03.797 [info] Got 1 sessions for all scopes...
2026-09-25 15:31:03.817 [info] Getting sessions for all scopes...
2026-09-25 15:31:03.817 [info] Got 1 sessions for all scopes...
2026-09-25 15:31:22.034 [info] Getting sessions for all scopes...
2026-09-25 15:31:22.034 [info] Got 1 sessions for all scopes...
2026-09-25 15:31:22.035 [info] Getting sessions for all scopes...
2026-09-25 15:31:22.035 [info] Got 1 sessions for all scopes...
2026-09-25 15:36:04.521 [info] Getting sessions for all scopes...
2026-09-25 15:36:04.521 [info] Got 1 sessions for all scopes...
2026-09-25 15:36:04.523 [info] Getting sessions for all scopes...
2026-09-25 15:36:04.523 [info] Got 1 sessions for all scopes...
2026-09-25 15:36:05.552 [info] Getting sessions for all scopes...
2026-09-25 15:36:05.552 [info] Got 1 sessions for all scopes...
2026-09-25 15:36:05.556 [info] Getting sessions for read:user,repo,user:email,workflow...
2026-09-25 15:36:05.556 [info] Got 1 sessions for read:user,repo,user:email,workflow...
2026-09-25 15:36:42.628 [info] Getting sessions for all scopes...
2026-09-25 15:36:42.628 [info] Got 1 sessions for all scopes...
2026-09-25 15:36:42.707 [info] Getting sessions for all scopes...
2026-09-25 15:36:42.707 [info] Got 1 sessions for all scopes...
