2026-09-26 10:04:02.944 [info] [main] Log level: Info
2026-09-26 10:04:02.945 [info] [main] Validating found git in: "git"
2026-09-26 10:04:02.945 [info] [main] Using git "2.55.0" from "git"
2026-09-26 10:04:02.945 [info] [Model][doInitialScan] Initial repository scan started
2026-09-26 10:04:02.945 [info] > git rev-parse --show-toplevel [10ms]
2026-09-26 10:04:02.945 [info] > git rev-parse --git-dir --git-common-dir --show-superproject-working-tree [8ms]
2026-09-26 10:04:03.630 [info] [Model][openRepository] Opened repository (path): /home/sadnane/Saad-Programming
2026-09-26 10:04:03.630 [info] [Model][openRepository] Opened repository (real path): /home/sadnane/Saad-Programming
2026-09-26 10:04:03.630 [info] [Model][openRepository] Opened repository (kind): repository
2026-09-26 10:04:03.656 [info] > git config --get --local core.virtualfilesystem [13ms]
2026-09-26 10:04:03.656 [warning] [Git][config] git config failed: Failed to execute git
2026-09-26 10:04:03.659 [info] > git config --get commit.template [12ms]
2026-09-26 10:04:03.668 [info] > git rev-parse --show-toplevel [13ms]
2026-09-26 10:04:03.684 [info] > git for-each-ref --format=%(refname)%00%(upstream:short)%00%(objectname)%00%(upstream:track)%00%(upstream:remotename)%00%(upstream:remoteref) refs/heads/main refs/remotes/main [18ms]
2026-09-26 10:04:03.686 [info] > git rev-parse --show-toplevel [6ms]
2026-09-26 10:04:03.721 [info] > git rev-parse --show-toplevel [26ms]
2026-09-26 10:04:03.737 [info] > git for-each-ref --sort -committerdate --format %(refname)%00%(objectname)%00%(*objectname) [21ms]
2026-09-26 10:04:03.743 [info] > git status -z -uall [37ms]
2026-09-26 10:04:03.784 [info] > git rev-parse --show-toplevel [49ms]
2026-09-26 10:04:03.820 [info] > git config --get commit.template [19ms]
2026-09-26 10:04:03.820 [info] > git for-each-ref --format=%(refname)%00%(upstream:short)%00%(objectname)%00%(upstream:track)%00%(upstream:remotename)%00%(upstream:remoteref) refs/heads/main refs/remotes/main [43ms]
2026-09-26 10:04:03.860 [info] > git config --get --local branch.main.vscode-merge-base [19ms]
2026-09-26 10:04:03.872 [info] > git rev-parse --git-dir --git-common-dir --show-superproject-working-tree [56ms]
2026-09-26 10:04:03.876 [info] > git for-each-ref --format=%(refname)%00%(upstream:short)%00%(objectname)%00%(upstream:track)%00%(upstream:remotename)%00%(upstream:remoteref) refs/heads/origin/main refs/remotes/origin/main [6ms]
2026-09-26 10:04:03.885 [info] > git for-each-ref --format=%(refname)%00%(upstream:short)%00%(objectname)%00%(upstream:track)%00%(upstream:remotename)%00%(upstream:remoteref) refs/heads/main refs/remotes/main [26ms]
2026-09-26 10:04:03.889 [info] > git merge-base refs/heads/main refs/remotes/origin/main [5ms]
2026-09-26 10:04:03.910 [info] > git diff --raw --numstat --diff-filter=ADMR -z --find-renames=50% 8a3ae241a348dbbc00c41665a6a3746a58cfa299...refs/remotes/origin/main -- [13ms]
2026-09-26 10:04:03.922 [info] > git for-each-ref --sort -committerdate --format %(refname)%00%(objectname)%00%(*objectname) [13ms]
2026-09-26 10:04:03.932 [info] > git status -z -uall [30ms]
2026-09-26 10:04:04.393 [info] [Model][openRepository] Opened repository (path): /home/sadnane/Saad-Programming/ble.sh
2026-09-26 10:04:04.393 [info] [Model][openRepository] Opened repository (real path): /home/sadnane/Saad-Programming/ble.sh
2026-09-26 10:04:04.393 [info] [Model][openRepository] Opened repository (kind): submodule
2026-09-26 10:04:04.444 [info] > git config --get commit.template [22ms]
2026-09-26 10:04:04.444 [info] > git config --get --local core.virtualfilesystem [32ms]
2026-09-26 10:04:04.444 [warning] [Git][config] git config failed: Failed to execute git
2026-09-26 10:04:04.448 [info] > git rev-parse --show-toplevel [9ms]
2026-09-26 10:04:04.488 [info] > git for-each-ref --format=%(refname)%00%(upstream:short)%00%(objectname)%00%(upstream:track)%00%(upstream:remotename)%00%(upstream:remoteref) refs/heads/master refs/remotes/master [27ms]
2026-09-26 10:04:04.500 [warning] [Git][revParse] Unable to read file: ENOENT: no such file or directory, open '/home/sadnane/Saad-Programming/ble.sh/.git/refs/remotes/origin/master'
2026-09-26 10:04:04.500 [info] > git rev-parse --show-toplevel [16ms]
2026-09-26 10:04:04.501 [info] [Model][doInitialScan] Initial repository scan completed - repositories (2), closed repositories (0), parent repositories (0), unsafe repositories (0)
2026-09-26 10:04:04.503 [info] > git rev-parse refs/remotes/origin/master [3ms]
2026-09-26 10:04:04.519 [info] > git for-each-ref --sort -committerdate --format %(refname)%00%(objectname)%00%(*objectname) [4ms]
2026-09-26 10:04:04.538 [info] > git status -z -uall [30ms]
2026-09-26 10:04:04.563 [info] > git for-each-ref --format=%(refname)%00%(upstream:short)%00%(objectname)%00%(upstream:track)%00%(upstream:remotename)%00%(upstream:remoteref) refs/heads/master refs/remotes/master [10ms]
2026-09-26 10:04:04.572 [info] > git config --get commit.template [10ms]
2026-09-26 10:04:04.585 [info] > git config --get --local branch.master.vscode-merge-base [14ms]
2026-09-26 10:04:04.594 [info] > git for-each-ref --format=%(refname)%00%(upstream:short)%00%(objectname)%00%(upstream:track)%00%(upstream:remotename)%00%(upstream:remoteref) refs/heads/master refs/remotes/master [13ms]
2026-09-26 10:04:04.600 [warning] [Git][revParse] Unable to read file: ENOENT: no such file or directory, open '/home/sadnane/Saad-Programming/ble.sh/.git/refs/remotes/origin/master'
2026-09-26 10:04:04.600 [info] > git for-each-ref --format=%(refname)%00%(upstream:short)%00%(objectname)%00%(upstream:track)%00%(upstream:remotename)%00%(upstream:remoteref) refs/heads/origin/master refs/remotes/origin/master [7ms]
2026-09-26 10:04:04.616 [info] > git rev-parse refs/remotes/origin/master [16ms]
2026-09-26 10:04:04.638 [info] > git status -z -uall [14ms]
2026-09-26 10:04:04.675 [info] > git for-each-ref --sort -committerdate --format %(refname)%00%(objectname)%00%(*objectname) [36ms]
2026-09-26 10:04:04.688 [info] > git merge-base refs/heads/master refs/remotes/origin/master [73ms]
2026-09-26 10:04:04.699 [info] > git diff --raw --numstat --diff-filter=ADMR -z --find-renames=50% 95ae551dd687a0c61227839dda43f52ac7ea6631...refs/remotes/origin/master -- [3ms]
2026-09-26 10:04:04.703 [info] > git merge-base refs/heads/master refs/remotes/origin/master [16ms]
2026-09-26 10:04:04.714 [info] > git diff --raw --numstat --diff-filter=ADMR -z --find-renames=50% 95ae551dd687a0c61227839dda43f52ac7ea6631...refs/remotes/origin/master -- [2ms]
2026-09-26 10:04:05.102 [info] > git check-ignore -v -z --stdin [108ms]
2026-09-26 10:04:05.103 [info] > git check-ignore -v -z --stdin [99ms]
2026-09-26 10:04:05.218 [info] > git check-ignore -v -z --stdin [13ms]
2026-09-26 10:04:05.233 [info] > git rev-parse --show-toplevel [15ms]
2026-09-26 10:04:05.254 [info] > git rev-parse --git-dir --git-common-dir --show-superproject-working-tree [10ms]
2026-09-26 10:04:05.320 [info] [Model][openRepository] Opened repository (path): /home/sadnane/Saad-Programming/ble.sh/contrib
2026-09-26 10:04:05.320 [info] [Model][openRepository] Opened repository (real path): /home/sadnane/Saad-Programming/ble.sh/contrib
2026-09-26 10:04:05.320 [info] [Model][openRepository] Opened repository (kind): submodule
2026-09-26 10:04:05.350 [info] > git show --textconv :OrientationApp/static/css/style.css [65ms]
2026-09-26 10:04:07.617 [info] > git config --get commit.template [2268ms]
2026-09-26 10:04:07.617 [info] > git config --get --local core.virtualfilesystem [2283ms]
2026-09-26 10:04:07.617 [warning] [Git][config] git config failed: Failed to execute git
2026-09-26 10:04:07.617 [info] > git ls-files --stage -- OrientationApp/static/css/style.css [2323ms]
2026-09-26 10:04:08.685 [info] > git check-ignore -v -z --stdin [332ms]
2026-09-26 10:04:08.688 [info] > git check-ignore -v -z --stdin [323ms]
2026-09-26 10:04:08.689 [info] > git cat-file -s 82f942f0f4129c3d503fd3e87bc45c7d8bf23dc7 [1052ms]
2026-09-26 10:04:09.022 [info] > git for-each-ref --format %(refname)%00%(objectname)%00%(*objectname) refs/tags [427ms]
2026-09-26 10:04:09.115 [info] > git status -z -uall [72ms]
2026-09-26 10:04:09.193 [info] > git for-each-ref --sort -committerdate --format %(refname)%00%(objectname)%00%(*objectname) [133ms]
2026-09-26 10:04:09.315 [info] > git check-ignore -v -z --stdin [124ms]
2026-09-26 10:04:09.349 [info] > git config --get commit.template [34ms]
2026-09-26 10:04:09.397 [info] > git blame --root --incremental 8a3ae241a348dbbc00c41665a6a3746a58cfa299 -- OrientationApp/static/css/style.css [23ms]
2026-09-26 10:04:09.798 [info] > git for-each-ref --format %(refname)%00%(objectname)%00%(*objectname) refs/tags [410ms]
2026-09-26 10:04:09.966 [info] > git status -z -uall [131ms]
2026-09-26 10:04:09.978 [info] > git for-each-ref --sort -committerdate --format %(refname)%00%(objectname)%00%(*objectname) [126ms]
2026-09-26 10:04:17.396 [info] > git check-ignore -v -z --stdin [2ms]
2026-09-26 10:04:19.130 [info] > git check-ignore -v -z --stdin [2ms]
2026-09-26 10:04:19.388 [info] > git config --get commit.template [13ms]
2026-09-26 10:04:19.390 [info] > git for-each-ref --format=%(refname)%00%(upstream:short)%00%(objectname)%00%(upstream:track)%00%(upstream:remotename)%00%(upstream:remoteref) refs/heads/main refs/remotes/main [3ms]
2026-09-26 10:04:19.414 [info] > git status -z -uall [12ms]
2026-09-26 10:04:19.416 [info] > git for-each-ref --sort -committerdate --format %(refname)%00%(objectname)%00%(*objectname) [1ms]
2026-09-26 10:04:19.742 [info] > git check-ignore -v -z --stdin [3ms]
2026-09-26 10:04:20.230 [info] > git check-ignore -v -z --stdin [2ms]
2026-09-26 10:04:20.645 [info] > git check-ignore -v -z --stdin [2ms]
2026-09-26 10:04:20.862 [info] > git check-ignore -v -z --stdin [2ms]
2026-09-26 10:04:21.291 [info] > git check-ignore -v -z --stdin [2ms]
2026-09-26 10:04:21.745 [info] > git check-ignore -v -z --stdin [7ms]
2026-09-26 10:04:24.445 [info] > git config --get commit.template [13ms]
2026-09-26 10:04:24.446 [info] > git for-each-ref --format=%(refname)%00%(upstream:short)%00%(objectname)%00%(upstream:track)%00%(upstream:remotename)%00%(upstream:remoteref) refs/heads/main refs/remotes/main [3ms]
2026-09-26 10:04:24.466 [info] > git for-each-ref --sort -committerdate --format %(refname)%00%(objectname)%00%(*objectname) [2ms]
2026-09-26 10:04:24.468 [info] > git status -z -uall [13ms]
2026-09-26 10:04:24.788 [info] > git check-ignore -v -z --stdin [1ms]
2026-09-26 10:04:30.813 [info] > git check-ignore -v -z --stdin [2ms]
2026-09-26 10:04:32.712 [info] > git config --get commit.template [2ms]
2026-09-26 10:04:32.727 [info] > git for-each-ref --format=%(refname)%00%(upstream:short)%00%(objectname)%00%(upstream:track)%00%(upstream:remotename)%00%(upstream:remoteref) refs/heads/main refs/remotes/main [2ms]
2026-09-26 10:04:32.766 [info] > git status -z -uall [21ms]
2026-09-26 10:04:32.767 [info] > git for-each-ref --sort -committerdate --format %(refname)%00%(objectname)%00%(*objectname) [6ms]
2026-09-26 10:04:33.085 [info] > git check-ignore -v -z --stdin [1ms]
2026-09-26 10:04:33.498 [info] > git check-ignore -v -z --stdin [1ms]
2026-09-26 10:04:37.795 [info] > git config --get commit.template [1ms]
2026-09-26 10:04:37.810 [info] > git for-each-ref --format=%(refname)%00%(upstream:short)%00%(objectname)%00%(upstream:track)%00%(upstream:remotename)%00%(upstream:remoteref) refs/heads/main refs/remotes/main [2ms]
2026-09-26 10:04:37.839 [info] > git status -z -uall [11ms]
2026-09-26 10:04:37.840 [info] > git for-each-ref --sort -committerdate --format %(refname)%00%(objectname)%00%(*objectname) [5ms]
2026-09-26 10:04:38.160 [info] > git check-ignore -v -z --stdin [2ms]
2026-09-26 10:04:47.114 [info] > git check-ignore -v -z --stdin [4ms]
2026-09-26 10:04:47.660 [info] > git check-ignore -v -z --stdin [2ms]
2026-09-26 10:04:49.564 [info] > git config --get commit.template [2ms]
2026-09-26 10:04:49.575 [info] > git for-each-ref --format=%(refname)%00%(upstream:short)%00%(objectname)%00%(upstream:track)%00%(upstream:remotename)%00%(upstream:remoteref) refs/heads/main refs/remotes/main [0ms]
2026-09-26 10:04:49.597 [info] > git for-each-ref --sort -committerdate --format %(refname)%00%(objectname)%00%(*objectname) [0ms]
2026-09-26 10:04:49.605 [info] > git status -z -uall [20ms]
2026-09-26 10:04:49.923 [info] > git check-ignore -v -z --stdin [2ms]
2026-09-26 10:04:52.557 [info] > git check-ignore -v -z --stdin [2ms]
2026-09-26 10:04:54.644 [info] > git config --get commit.template [19ms]
2026-09-26 10:04:54.651 [info] > git for-each-ref --format=%(refname)%00%(upstream:short)%00%(objectname)%00%(upstream:track)%00%(upstream:remotename)%00%(upstream:remoteref) refs/heads/main refs/remotes/main [8ms]
2026-09-26 10:04:54.678 [info] > git for-each-ref --sort -committerdate --format %(refname)%00%(objectname)%00%(*objectname) [3ms]
2026-09-26 10:04:54.679 [info] > git status -z -uall [13ms]
2026-09-26 10:04:54.998 [info] > git check-ignore -v -z --stdin [2ms]
2026-09-26 10:15:40.114 [info] > git config --get commit.template [9ms]
2026-09-26 10:15:40.114 [info] > git for-each-ref --format=%(refname)%00%(upstream:short)%00%(objectname)%00%(upstream:track)%00%(upstream:remotename)%00%(upstream:remoteref) refs/heads/main refs/remotes/main [2ms]
2026-09-26 10:15:40.125 [info] > git for-each-ref --sort -committerdate --format %(refname)%00%(objectname)%00%(*objectname) [2ms]
2026-09-26 10:15:40.127 [info] > git status -z -uall [8ms]
2026-09-26 10:15:40.439 [info] > git check-ignore -v -z --stdin [1ms]
2026-09-26 10:15:45.144 [info] > git config --get commit.template [1ms]
2026-09-26 10:15:45.151 [info] > git for-each-ref --format=%(refname)%00%(upstream:short)%00%(objectname)%00%(upstream:track)%00%(upstream:remotename)%00%(upstream:remoteref) refs/heads/main refs/remotes/main [2ms]
2026-09-26 10:15:45.163 [info] > git for-each-ref --sort -committerdate --format %(refname)%00%(objectname)%00%(*objectname) [2ms]
2026-09-26 10:15:45.167 [info] > git status -z -uall [11ms]
2026-09-26 10:15:45.483 [info] > git check-ignore -v -z --stdin [2ms]
2026-09-26 10:15:50.192 [info] > git config --get commit.template [1ms]
2026-09-26 10:15:50.211 [info] > git for-each-ref --format=%(refname)%00%(upstream:short)%00%(objectname)%00%(upstream:track)%00%(upstream:remotename)%00%(upstream:remoteref) refs/heads/main refs/remotes/main [3ms]
2026-09-26 10:15:50.246 [info] > git status -z -uall [19ms]
2026-09-26 10:15:50.248 [info] > git for-each-ref --sort -committerdate --format %(refname)%00%(objectname)%00%(*objectname) [2ms]
2026-09-26 10:15:50.567 [info] > git check-ignore -v -z --stdin [1ms]
2026-09-26 10:15:56.273 [info] > git config --get commit.template [7ms]
2026-09-26 10:15:56.274 [info] > git for-each-ref --format=%(refname)%00%(upstream:short)%00%(objectname)%00%(upstream:track)%00%(upstream:remotename)%00%(upstream:remoteref) refs/heads/main refs/remotes/main [2ms]
2026-09-26 10:15:56.291 [info] > git for-each-ref --sort -committerdate --format %(refname)%00%(objectname)%00%(*objectname) [2ms]
2026-09-26 10:15:56.293 [info] > git status -z -uall [11ms]
2026-09-26 10:15:56.608 [info] > git check-ignore -v -z --stdin [3ms]
2026-09-26 10:16:01.313 [info] > git config --get commit.template [6ms]
2026-09-26 10:16:01.314 [info] > git for-each-ref --format=%(refname)%00%(upstream:short)%00%(objectname)%00%(upstream:track)%00%(upstream:remotename)%00%(upstream:remoteref) refs/heads/main refs/remotes/main [2ms]
2026-09-26 10:16:01.329 [info] > git status -z -uall [8ms]
2026-09-26 10:16:01.330 [info] > git for-each-ref --sort -committerdate --format %(refname)%00%(objectname)%00%(*objectname) [3ms]
2026-09-26 10:16:01.645 [info] > git check-ignore -v -z --stdin [2ms]
2026-09-26 10:16:10.644 [info] > git config --get commit.template [2ms]
2026-09-26 10:16:10.656 [info] > git for-each-ref --format=%(refname)%00%(upstream:short)%00%(objectname)%00%(upstream:track)%00%(upstream:remotename)%00%(upstream:remoteref) refs/heads/main refs/remotes/main [2ms]
2026-09-26 10:16:10.697 [info] > git status -z -uall [24ms]
2026-09-26 10:16:10.699 [info] > git for-each-ref --sort -committerdate --format %(refname)%00%(objectname)%00%(*objectname) [9ms]
2026-09-26 10:16:11.037 [info] > git check-ignore -v -z --stdin [3ms]
2026-09-26 10:16:37.575 [info] > git check-ignore -v -z --stdin [2ms]
2026-09-26 10:16:37.714 [info] > git show --textconv :OrientationApp/templates/Orientation.html [19ms]
2026-09-26 10:16:37.737 [info] > git ls-files --stage -- OrientationApp/templates/Orientation.html [23ms]
2026-09-26 10:16:37.764 [info] > git cat-file -s 46c491d4c1d44094fa42084fec024d85fa121ea9 [12ms]
2026-09-26 10:16:37.936 [info] > git blame --root --incremental 8a3ae241a348dbbc00c41665a6a3746a58cfa299 -- OrientationApp/templates/Orientation.html [6ms]
2026-09-26 10:17:15.397 [info] > git check-ignore -v -z --stdin [1ms]
2026-09-26 10:17:15.682 [info] > git check-ignore -v -z --stdin [2ms]
2026-09-26 10:17:17.593 [info] > git config --get commit.template [6ms]
2026-09-26 10:17:17.594 [info] > git for-each-ref --format=%(refname)%00%(upstream:short)%00%(objectname)%00%(upstream:track)%00%(upstream:remotename)%00%(upstream:remoteref) refs/heads/main refs/remotes/main [2ms]
2026-09-26 10:17:17.614 [info] > git status -z -uall [12ms]
2026-09-26 10:17:17.615 [info] > git for-each-ref --sort -committerdate --format %(refname)%00%(objectname)%00%(*objectname) [3ms]
2026-09-26 10:17:17.929 [info] > git check-ignore -v -z --stdin [1ms]
2026-09-26 10:20:03.021 [info] > git check-ignore -v -z --stdin [2ms]
2026-09-26 10:20:03.060 [info] > git show --textconv :OrientationApp/static/css/style.css [17ms]
2026-09-26 10:20:03.062 [info] > git ls-files --stage -- OrientationApp/static/css/style.css [3ms]
2026-09-26 10:20:03.074 [info] > git cat-file -s 82f942f0f4129c3d503fd3e87bc45c7d8bf23dc7 [2ms]
2026-09-26 10:20:09.719 [info] > git check-ignore -v -z --stdin [26ms]
2026-09-26 10:20:09.831 [info] > git show --textconv :OrientationApp/views.py [8ms]
2026-09-26 10:20:09.832 [info] > git ls-files --stage -- OrientationApp/views.py [2ms]
2026-09-26 10:20:09.843 [info] > git cat-file -s 97100bb04ee6eec6324e6fb3fd5923060e58859b [1ms]
2026-09-26 10:20:09.893 [info] > git blame --root --incremental 8a3ae241a348dbbc00c41665a6a3746a58cfa299 -- OrientationApp/views.py [2ms]
2026-09-26 10:20:16.922 [info] > git check-ignore -v -z --stdin [6ms]
2026-09-26 10:20:16.975 [info] > git show --textconv :OrientationApp/models.py [22ms]
2026-09-26 10:20:16.976 [info] > git ls-files --stage -- OrientationApp/models.py [11ms]
2026-09-26 10:20:17.006 [info] > git cat-file -s 66e403c168595718977bc272f0d0b989d91ad143 [6ms]
2026-09-26 10:20:17.049 [info] > git blame --root --incremental 8a3ae241a348dbbc00c41665a6a3746a58cfa299 -- OrientationApp/models.py [5ms]
2026-09-26 10:20:23.325 [info] > git check-ignore -v -z --stdin [5ms]
2026-09-26 10:20:23.376 [info] > git show --textconv :OrientationApp/static/css/style.css [19ms]
2026-09-26 10:20:23.379 [info] > git ls-files --stage -- OrientationApp/static/css/style.css [4ms]
2026-09-26 10:20:23.398 [info] > git cat-file -s 82f942f0f4129c3d503fd3e87bc45c7d8bf23dc7 [2ms]
2026-09-26 10:20:25.119 [info] > git check-ignore -v -z --stdin [11ms]
2026-09-26 10:20:25.183 [info] > git show --textconv :OrientationApp/templates/Orientation.html [29ms]
2026-09-26 10:20:25.187 [info] > git ls-files --stage -- OrientationApp/templates/Orientation.html [5ms]
2026-09-26 10:20:25.224 [info] > git cat-file -s 46c491d4c1d44094fa42084fec024d85fa121ea9 [7ms]
2026-09-26 10:20:27.117 [info] > git check-ignore -v -z --stdin [2ms]
2026-09-26 10:20:27.148 [info] > git show --textconv :OrientationApp/views.py [0ms]
2026-09-26 10:20:27.167 [info] > git ls-files --stage -- OrientationApp/views.py [2ms]
2026-09-26 10:20:27.179 [info] > git cat-file -s 97100bb04ee6eec6324e6fb3fd5923060e58859b [2ms]
2026-09-26 10:31:38.642 [info] > git config --get commit.template [5ms]
