2026-09-20 00:11:20.073 [info] [main] Log level: Info
2026-09-20 00:11:20.073 [info] [main] Validating found git in: "git"
2026-09-20 00:11:20.073 [info] [main] Using git "2.55.0" from "git"
2026-09-20 00:11:20.073 [info] [Model][doInitialScan] Initial repository scan started
2026-09-20 00:11:20.073 [info] > git rev-parse --show-toplevel [8ms]
2026-09-20 00:11:20.073 [info] > git rev-parse --git-dir --git-common-dir --show-superproject-working-tree [15ms]
2026-09-20 00:11:20.288 [info] [Model][openRepository] Opened repository (path): /home/sadnane/Saad-Programming
2026-09-20 00:11:20.288 [info] [Model][openRepository] Opened repository (real path): /home/sadnane/Saad-Programming
2026-09-20 00:11:20.288 [info] [Model][openRepository] Opened repository (kind): repository
2026-09-20 00:11:20.333 [info] > git config --get --local core.virtualfilesystem [36ms]
2026-09-20 00:11:20.333 [warning] [Git][config] git config failed: Failed to execute git
2026-09-20 00:11:20.344 [info] > git config --get commit.template [28ms]
2026-09-20 00:11:20.361 [info] > git rev-parse --show-toplevel [28ms]
2026-09-20 00:11:20.393 [info] > git rev-parse --show-toplevel [16ms]
2026-09-20 00:11:20.423 [info] > git rev-parse --show-toplevel [7ms]
2026-09-20 00:11:20.437 [info] > git rev-parse --show-toplevel [3ms]
2026-09-20 00:11:20.469 [info] > git for-each-ref --format=%(refname)%00%(upstream:short)%00%(objectname)%00%(upstream:track)%00%(upstream:remotename)%00%(upstream:remoteref) refs/heads/main refs/remotes/main [109ms]
2026-09-20 00:11:20.473 [info] > git rev-parse --git-dir --git-common-dir --show-superproject-working-tree [17ms]
2026-09-20 00:11:20.529 [info] > git for-each-ref --sort -committerdate --format %(refname)%00%(objectname)%00%(*objectname) [12ms]
2026-09-20 00:11:20.915 [info] > git check-ignore -v -z --stdin [3ms]
2026-09-20 00:11:20.932 [info] [Model][openRepository] Opened repository (path): /home/sadnane/Saad-Programming/ble.sh
2026-09-20 00:11:20.932 [info] [Model][openRepository] Opened repository (real path): /home/sadnane/Saad-Programming/ble.sh
2026-09-20 00:11:20.932 [info] [Model][openRepository] Opened repository (kind): repository
2026-09-20 00:11:21.085 [info] > git config --get commit.template [90ms]
2026-09-20 00:11:21.092 [info] > git config --get --local core.virtualfilesystem [133ms]
2026-09-20 00:11:21.092 [warning] [Git][config] git config failed: Failed to execute git
2026-09-20 00:11:21.215 [info] > git rev-parse --show-toplevel [135ms]
2026-09-20 00:11:21.268 [info] > git status -z -uall [770ms]
2026-09-20 00:11:21.268 [info] > git check-ignore -v -z --stdin [63ms]
2026-09-20 00:11:21.370 [info] > git for-each-ref --format=%(refname)%00%(upstream:short)%00%(objectname)%00%(upstream:track)%00%(upstream:remotename)%00%(upstream:remoteref) refs/heads/master refs/remotes/master [214ms]
2026-09-20 00:11:21.385 [warning] [Git][revParse] Unable to read file: ENOENT: no such file or directory, open '/home/sadnane/Saad-Programming/ble.sh/.git/refs/remotes/origin/master'
2026-09-20 00:11:21.386 [info] > git rev-parse --show-toplevel [118ms]
2026-09-20 00:11:21.386 [info] [Model][doInitialScan] Initial repository scan completed - repositories (2), closed repositories (0), parent repositories (0), unsafe repositories (0)
2026-09-20 00:11:21.519 [info] > git show --textconv :OrientationApp/templates/Orientation.html [129ms]
2026-09-20 00:11:21.555 [info] > git config --get commit.template [36ms]
2026-09-20 00:11:21.555 [info] > git for-each-ref --format=%(refname)%00%(upstream:short)%00%(objectname)%00%(upstream:track)%00%(upstream:remotename)%00%(upstream:remoteref) refs/heads/main refs/remotes/main [68ms]
2026-09-20 00:11:21.571 [info] > git ls-files --stage -- OrientationApp/templates/Orientation.html [173ms]
2026-09-20 00:11:21.606 [info] > git rev-parse refs/remotes/origin/master [221ms]
2026-09-20 00:11:21.683 [info] > git status -z -uall [54ms]
2026-09-20 00:11:21.683 [info] > git check-ignore -v -z --stdin [17ms]
2026-09-20 00:11:21.687 [info] > git check-ignore -v -z --stdin [11ms]
2026-09-20 00:11:21.715 [info] > git for-each-ref --sort -committerdate --format %(refname)%00%(objectname)%00%(*objectname) [70ms]
2026-09-20 00:11:21.774 [info] > git cat-file -s fa33b7b86b712c0b4e070d233ea2a8b01e8bc897 [171ms]
2026-09-20 00:11:21.775 [info] > git config --get --local branch.main.vscode-merge-base [204ms]
2026-09-20 00:11:21.956 [info] > git config --get commit.template [33ms]
2026-09-20 00:11:21.957 [info] > git for-each-ref --format=%(refname)%00%(upstream:short)%00%(objectname)%00%(upstream:track)%00%(upstream:remotename)%00%(upstream:remoteref) refs/heads/origin/main refs/remotes/origin/main [160ms]
2026-09-20 00:11:21.980 [info] > git for-each-ref --format=%(refname)%00%(upstream:short)%00%(objectname)%00%(upstream:track)%00%(upstream:remotename)%00%(upstream:remoteref) refs/heads/master refs/remotes/master [217ms]
2026-09-20 00:11:21.992 [info] > git for-each-ref --format=%(refname)%00%(upstream:short)%00%(objectname)%00%(upstream:track)%00%(upstream:remotename)%00%(upstream:remoteref) refs/heads/main refs/remotes/main [288ms]
2026-09-20 00:11:22.025 [info] > git merge-base refs/heads/main refs/remotes/origin/main [45ms]
2026-09-20 00:11:22.056 [info] > git config --get --local branch.master.vscode-merge-base [65ms]
2026-09-20 00:11:22.083 [info] > git diff --raw --numstat --diff-filter=ADMR -z --find-renames=50% 90841d655b2c8e02c2bc01ace69fbba235d271b4...refs/remotes/origin/main -- [52ms]
2026-09-20 00:11:22.086 [info] > git for-each-ref --format=%(refname)%00%(upstream:short)%00%(objectname)%00%(upstream:track)%00%(upstream:remotename)%00%(upstream:remoteref) refs/heads/master refs/remotes/master [67ms]
2026-09-20 00:11:25.610 [warning] [Git][revParse] Unable to read file: ENOENT: no such file or directory, open '/home/sadnane/Saad-Programming/ble.sh/.git/refs/remotes/origin/master'
2026-09-20 00:11:25.612 [info] > git status -z -uall [3538ms]
2026-09-20 00:11:25.616 [info] > git for-each-ref --format=%(refname)%00%(upstream:short)%00%(objectname)%00%(upstream:track)%00%(upstream:remotename)%00%(upstream:remoteref) refs/heads/origin/master refs/remotes/origin/master [3549ms]
2026-09-20 00:11:26.842 [info] > git for-each-ref --sort -committerdate --format %(refname)%00%(objectname)%00%(*objectname) [4760ms]
2026-09-20 00:11:27.184 [info] > git merge-base refs/heads/master refs/remotes/origin/master [1560ms]
2026-09-20 00:11:27.196 [info] > git rev-parse refs/remotes/origin/master [1587ms]
2026-09-20 00:11:28.309 [info] > git check-ignore -v -z --stdin [1133ms]
2026-09-20 00:11:28.309 [info] > git status -z -uall [1099ms]
2026-09-20 00:11:28.312 [info] > git diff --raw --numstat --diff-filter=ADMR -z --find-renames=50% 95ae551dd687a0c61227839dda43f52ac7ea6631...refs/remotes/origin/master -- [1116ms]
2026-09-20 00:11:28.312 [info] > git rev-parse --show-toplevel [1491ms]
2026-09-20 00:11:28.387 [info] > git for-each-ref --sort -committerdate --format %(refname)%00%(objectname)%00%(*objectname) [1165ms]
2026-09-20 00:11:29.013 [info] > git rev-parse --git-dir --git-common-dir --show-superproject-working-tree [649ms]
2026-09-20 00:11:29.094 [info] > git check-ignore -v -z --stdin [127ms]
2026-09-20 00:11:29.097 [info] > git blame --root --incremental 90841d655b2c8e02c2bc01ace69fbba235d271b4 -- OrientationApp/templates/Orientation.html [665ms]
2026-09-20 00:11:29.221 [info] [Model][openRepository] Opened repository (path): /home/sadnane/Saad-Programming/ble.sh/contrib
2026-09-20 00:11:29.221 [info] [Model][openRepository] Opened repository (real path): /home/sadnane/Saad-Programming/ble.sh/contrib
2026-09-20 00:11:29.221 [info] [Model][openRepository] Opened repository (kind): submodule
2026-09-20 00:11:29.245 [info] > git config --get --local core.virtualfilesystem [15ms]
2026-09-20 00:11:29.245 [warning] [Git][config] git config failed: Failed to execute git
2026-09-20 00:11:29.256 [info] > git config --get commit.template [17ms]
2026-09-20 00:11:29.257 [info] > git for-each-ref --format %(refname)%00%(objectname)%00%(*objectname) refs/tags [2ms]
2026-09-20 00:11:29.319 [info] > git status -z -uall [54ms]
2026-09-20 00:11:29.360 [info] > git for-each-ref --sort -committerdate --format %(refname)%00%(objectname)%00%(*objectname) [57ms]
2026-09-20 00:11:29.537 [info] > git config --get commit.template [29ms]
2026-09-20 00:11:29.574 [info] > git for-each-ref --format %(refname)%00%(objectname)%00%(*objectname) refs/tags [7ms]
2026-09-20 00:11:29.615 [info] > git status -z -uall [23ms]
2026-09-20 00:11:29.618 [info] > git for-each-ref --sort -committerdate --format %(refname)%00%(objectname)%00%(*objectname) [4ms]
2026-09-20 00:11:29.660 [info] > git check-ignore -v -z --stdin [31ms]
2026-09-20 00:11:29.960 [info] > git config --get commit.template [11ms]
2026-09-20 00:11:29.992 [info] > git for-each-ref --format=%(refname)%00%(upstream:short)%00%(objectname)%00%(upstream:track)%00%(upstream:remotename)%00%(upstream:remoteref) refs/heads/main refs/remotes/main [10ms]
2026-09-20 00:11:30.084 [info] > git check-ignore -v -z --stdin [36ms]
2026-09-20 00:11:30.085 [info] > git check-ignore -v -z --stdin [19ms]
2026-09-20 00:11:30.085 [info] > git for-each-ref --sort -committerdate --format %(refname)%00%(objectname)%00%(*objectname) [59ms]
2026-09-20 00:11:30.090 [info] > git check-ignore -v -z --stdin [6ms]
2026-09-20 00:11:30.105 [info] > git status -z -uall [89ms]
2026-09-20 00:11:30.442 [info] > git check-ignore -v -z --stdin [2ms]
2026-09-20 00:11:35.129 [info] > git config --get commit.template [12ms]
2026-09-20 00:11:35.130 [info] > git for-each-ref --format=%(refname)%00%(upstream:short)%00%(objectname)%00%(upstream:track)%00%(upstream:remotename)%00%(upstream:remoteref) refs/heads/main refs/remotes/main [2ms]
2026-09-20 00:11:35.156 [info] > git for-each-ref --sort -committerdate --format %(refname)%00%(objectname)%00%(*objectname) [2ms]
2026-09-20 00:11:35.201 [info] > git status -z -uall [58ms]
2026-09-20 00:11:35.530 [info] > git check-ignore -v -z --stdin [3ms]
2026-09-20 00:11:42.219 [info] > git config --get commit.template [17ms]
2026-09-20 00:11:42.220 [info] > git for-each-ref --format=%(refname)%00%(upstream:short)%00%(objectname)%00%(upstream:track)%00%(upstream:remotename)%00%(upstream:remoteref) refs/heads/main refs/remotes/main [2ms]
2026-09-20 00:11:42.271 [info] > git for-each-ref --sort -committerdate --format %(refname)%00%(objectname)%00%(*objectname) [12ms]
2026-09-20 00:11:42.324 [info] > git status -z -uall [80ms]
2026-09-20 00:11:42.659 [info] > git check-ignore -v -z --stdin [4ms]
2026-09-20 00:23:36.430 [info] > git config --get commit.template [12ms]
2026-09-20 00:23:36.430 [info] > git for-each-ref --format=%(refname)%00%(upstream:short)%00%(objectname)%00%(upstream:track)%00%(upstream:remotename)%00%(upstream:remoteref) refs/heads/main refs/remotes/main [1ms]
2026-09-20 00:23:36.452 [info] > git for-each-ref --sort -committerdate --format %(refname)%00%(objectname)%00%(*objectname) [4ms]
2026-09-20 00:23:36.507 [info] > git status -z -uall [70ms]
2026-09-20 00:23:36.848 [info] > git check-ignore -v -z --stdin [6ms]
2026-09-20 00:24:08.576 [info] > git config --get commit.template [40ms]
2026-09-20 00:24:08.577 [info] > git for-each-ref --format=%(refname)%00%(upstream:short)%00%(objectname)%00%(upstream:track)%00%(upstream:remotename)%00%(upstream:remoteref) refs/heads/main refs/remotes/main [2ms]
2026-09-20 00:24:08.672 [info] > git status -z -uall [39ms]
2026-09-20 00:24:08.676 [info] > git for-each-ref --sort -committerdate --format %(refname)%00%(objectname)%00%(*objectname) [19ms]
2026-09-20 00:24:09.024 [info] > git check-ignore -v -z --stdin [15ms]
