2026-09-25 14:59:33.153 [info] [main] Log level: Info
2026-09-25 14:59:33.153 [info] [main] Validating found git in: "git"
2026-09-25 14:59:33.153 [info] [main] Using git "2.55.0" from "git"
2026-09-25 14:59:33.153 [info] [Model][doInitialScan] Initial repository scan started
2026-09-25 14:59:33.153 [info] > git rev-parse --show-toplevel [11ms]
2026-09-25 14:59:33.153 [info] > git rev-parse --git-dir --git-common-dir --show-superproject-working-tree [30ms]
2026-09-25 14:59:33.329 [info] [Model][openRepository] Opened repository (path): /home/sadnane/Saad-Programming
2026-09-25 14:59:33.329 [info] [Model][openRepository] Opened repository (real path): /home/sadnane/Saad-Programming
2026-09-25 14:59:33.329 [info] [Model][openRepository] Opened repository (kind): repository
2026-09-25 14:59:33.426 [info] > git config --get commit.template [53ms]
2026-09-25 14:59:33.426 [info] > git config --get --local core.virtualfilesystem [78ms]
2026-09-25 14:59:33.426 [warning] [Git][config] git config failed: Failed to execute git
2026-09-25 14:59:33.542 [info] > git rev-parse --show-toplevel [126ms]
2026-09-25 14:59:33.572 [info] > git for-each-ref --format=%(refname)%00%(upstream:short)%00%(objectname)%00%(upstream:track)%00%(upstream:remotename)%00%(upstream:remoteref) refs/heads/main refs/remotes/main [32ms]
2026-09-25 14:59:33.574 [info] > git rev-parse --show-toplevel [12ms]
2026-09-25 14:59:33.716 [info] > git rev-parse --show-toplevel [68ms]
2026-09-25 14:59:34.002 [info] > git status -z -uall [324ms]
2026-09-25 14:59:34.003 [info] > git for-each-ref --sort -committerdate --format %(refname)%00%(objectname)%00%(*objectname) [304ms]
2026-09-25 14:59:34.116 [info] > git check-ignore -v -z --stdin [83ms]
2026-09-25 14:59:39.832 [info] > git rev-parse --show-toplevel [5833ms]
2026-09-25 14:59:40.952 [info] > git check-ignore -v -z --stdin [1126ms]
2026-09-25 14:59:40.958 [info] > git config --get commit.template [1150ms]
2026-09-25 14:59:40.959 [info] > git for-each-ref --format=%(refname)%00%(upstream:short)%00%(objectname)%00%(upstream:track)%00%(upstream:remotename)%00%(upstream:remoteref) refs/heads/main refs/remotes/main [6783ms]
2026-09-25 14:59:43.603 [info] > git config --get --local branch.main.vscode-merge-base [2626ms]
2026-09-25 14:59:43.626 [info] > git rev-parse --git-dir --git-common-dir --show-superproject-working-tree [2702ms]
2026-09-25 14:59:43.972 [info] > git for-each-ref --format=%(refname)%00%(upstream:short)%00%(objectname)%00%(upstream:track)%00%(upstream:remotename)%00%(upstream:remoteref) refs/heads/origin/main refs/remotes/origin/main [348ms]
2026-09-25 14:59:43.999 [info] > git for-each-ref --format=%(refname)%00%(upstream:short)%00%(objectname)%00%(upstream:track)%00%(upstream:remotename)%00%(upstream:remoteref) refs/heads/main refs/remotes/main [411ms]
2026-09-25 14:59:44.174 [info] > git merge-base refs/heads/main refs/remotes/origin/main [180ms]
2026-09-25 14:59:44.210 [info] > git diff --raw --numstat --diff-filter=ADMR -z --find-renames=50% 8a3ae241a348dbbc00c41665a6a3746a58cfa299...refs/remotes/origin/main -- [24ms]
2026-09-25 14:59:44.344 [info] > git status -z -uall [109ms]
2026-09-25 14:59:44.399 [info] [Model][openRepository] Opened repository (path): /home/sadnane/Saad-Programming/ble.sh
2026-09-25 14:59:44.399 [info] [Model][openRepository] Opened repository (real path): /home/sadnane/Saad-Programming/ble.sh
2026-09-25 14:59:44.400 [info] [Model][openRepository] Opened repository (kind): submodule
2026-09-25 14:59:44.584 [info] > git config --get --local core.virtualfilesystem [152ms]
2026-09-25 14:59:44.586 [warning] [Git][config] git config failed: Failed to execute git
2026-09-25 14:59:44.591 [info] > git for-each-ref --sort -committerdate --format %(refname)%00%(objectname)%00%(*objectname) [337ms]
2026-09-25 14:59:44.902 [info] > git config --get commit.template [377ms]
2026-09-25 14:59:44.924 [info] > git rev-parse --show-toplevel [341ms]
2026-09-25 14:59:44.968 [info] > git for-each-ref --format=%(refname)%00%(upstream:short)%00%(objectname)%00%(upstream:track)%00%(upstream:remotename)%00%(upstream:remoteref) refs/heads/master refs/remotes/master [21ms]
2026-09-25 14:59:45.028 [warning] [Git][revParse] Unable to read file: ENOENT: no such file or directory, open '/home/sadnane/Saad-Programming/ble.sh/.git/refs/remotes/origin/master'
2026-09-25 14:59:45.062 [info] > git rev-parse refs/remotes/origin/master [35ms]
2026-09-25 14:59:45.132 [info] > git rev-parse --show-toplevel [166ms]
2026-09-25 14:59:45.133 [info] [Model][doInitialScan] Initial repository scan completed - repositories (2), closed repositories (0), parent repositories (0), unsafe repositories (0)
2026-09-25 14:59:45.343 [info] > git status -z -uall [244ms]
2026-09-25 14:59:45.343 [info] > git show --textconv :OrientationApp/views.py [170ms]
2026-09-25 14:59:45.396 [info] > git check-ignore -v -z --stdin [33ms]
2026-09-25 14:59:45.406 [info] > git ls-files --stage -- OrientationApp/views.py [203ms]
2026-09-25 14:59:45.428 [info] > git for-each-ref --sort -committerdate --format %(refname)%00%(objectname)%00%(*objectname) [295ms]
2026-09-25 14:59:45.576 [info] > git config --get commit.template [6ms]
2026-09-25 14:59:45.576 [info] > git for-each-ref --format=%(refname)%00%(upstream:short)%00%(objectname)%00%(upstream:track)%00%(upstream:remotename)%00%(upstream:remoteref) refs/heads/master refs/remotes/master [110ms]
2026-09-25 14:59:45.590 [info] > git cat-file -s 97100bb04ee6eec6324e6fb3fd5923060e58859b [165ms]
2026-09-25 14:59:45.614 [info] > git config --get --local branch.master.vscode-merge-base [25ms]
2026-09-25 14:59:45.664 [info] > git for-each-ref --format=%(refname)%00%(upstream:short)%00%(objectname)%00%(upstream:track)%00%(upstream:remotename)%00%(upstream:remoteref) refs/heads/origin/master refs/remotes/origin/master [19ms]
2026-09-25 14:59:45.689 [info] > git for-each-ref --format=%(refname)%00%(upstream:short)%00%(objectname)%00%(upstream:track)%00%(upstream:remotename)%00%(upstream:remoteref) refs/heads/master refs/remotes/master [76ms]
2026-09-25 14:59:45.712 [warning] [Git][revParse] Unable to read file: ENOENT: no such file or directory, open '/home/sadnane/Saad-Programming/ble.sh/.git/refs/remotes/origin/master'
2026-09-25 14:59:45.749 [info] > git rev-parse refs/remotes/origin/master [37ms]
2026-09-25 14:59:45.787 [info] > git merge-base refs/heads/master refs/remotes/origin/master [99ms]
2026-09-25 14:59:45.869 [info] > git check-ignore -v -z --stdin [121ms]
2026-09-25 14:59:45.869 [info] > git status -z -uall [105ms]
2026-09-25 14:59:45.881 [info] > git diff --raw --numstat --diff-filter=ADMR -z --find-renames=50% 95ae551dd687a0c61227839dda43f52ac7ea6631...refs/remotes/origin/master -- [75ms]
2026-09-25 14:59:45.898 [info] > git for-each-ref --sort -committerdate --format %(refname)%00%(objectname)%00%(*objectname) [111ms]
2026-09-25 14:59:46.115 [info] > git blame --root --incremental 8a3ae241a348dbbc00c41665a6a3746a58cfa299 -- OrientationApp/views.py [183ms]
2026-09-25 14:59:46.495 [info] > git rev-parse --show-toplevel [4ms]
2026-09-25 14:59:46.520 [info] > git rev-parse --git-dir --git-common-dir --show-superproject-working-tree [6ms]
2026-09-25 14:59:46.545 [info] [Model][openRepository] Opened repository (path): /home/sadnane/Saad-Programming/ble.sh/contrib
2026-09-25 14:59:46.545 [info] [Model][openRepository] Opened repository (real path): /home/sadnane/Saad-Programming/ble.sh/contrib
2026-09-25 14:59:46.545 [info] [Model][openRepository] Opened repository (kind): submodule
2026-09-25 14:59:46.597 [info] > git config --get --local core.virtualfilesystem [37ms]
2026-09-25 14:59:46.597 [warning] [Git][config] git config failed: Failed to execute git
2026-09-25 14:59:46.606 [info] > git config --get commit.template [14ms]
2026-09-25 14:59:46.626 [info] > git for-each-ref --format %(refname)%00%(objectname)%00%(*objectname) refs/tags [5ms]
2026-09-25 14:59:46.660 [info] > git status -z -uall [23ms]
2026-09-25 14:59:46.664 [info] > git for-each-ref --sort -committerdate --format %(refname)%00%(objectname)%00%(*objectname) [9ms]
2026-09-25 14:59:46.761 [info] > git config --get commit.template [3ms]
2026-09-25 14:59:46.791 [info] > git for-each-ref --format %(refname)%00%(objectname)%00%(*objectname) refs/tags [12ms]
2026-09-25 14:59:46.860 [info] > git status -z -uall [46ms]
2026-09-25 14:59:46.870 [info] > git for-each-ref --sort -committerdate --format %(refname)%00%(objectname)%00%(*objectname) [40ms]
2026-09-25 14:59:46.908 [info] > git check-ignore -v -z --stdin [3ms]
2026-09-25 14:59:47.171 [info] > git check-ignore -v -z --stdin [55ms]
2026-09-25 15:05:39.352 [info] > git check-ignore -v -z --stdin [70ms]
2026-09-25 15:05:39.353 [info] > git check-ignore -v -z --stdin [10ms]
2026-09-25 15:13:01.492 [info] > git config --get commit.template [20ms]
2026-09-25 15:13:01.496 [info] > git for-each-ref --format=%(refname)%00%(upstream:short)%00%(objectname)%00%(upstream:track)%00%(upstream:remotename)%00%(upstream:remoteref) refs/heads/main refs/remotes/main [7ms]
2026-09-25 15:13:01.573 [info] > git status -z -uall [48ms]
2026-09-25 15:13:01.575 [info] > git for-each-ref --sort -committerdate --format %(refname)%00%(objectname)%00%(*objectname) [2ms]
2026-09-25 15:13:02.094 [info] > git check-ignore -v -z --stdin [6ms]
2026-09-25 15:13:06.602 [info] > git config --get commit.template [8ms]
2026-09-25 15:13:06.646 [info] > git for-each-ref --format=%(refname)%00%(upstream:short)%00%(objectname)%00%(upstream:track)%00%(upstream:remotename)%00%(upstream:remoteref) refs/heads/main refs/remotes/main [29ms]
2026-09-25 15:13:06.722 [info] > git status -z -uall [31ms]
2026-09-25 15:13:06.727 [info] > git for-each-ref --sort -committerdate --format %(refname)%00%(objectname)%00%(*objectname) [12ms]
2026-09-25 15:13:07.088 [info] > git check-ignore -v -z --stdin [4ms]
2026-09-25 15:13:59.217 [info] > git check-ignore -v -z --stdin [5ms]
2026-09-25 15:13:59.632 [info] > git check-ignore -v -z --stdin [15ms]
2026-09-25 15:14:00.054 [info] > git check-ignore -v -z --stdin [4ms]
2026-09-25 15:15:22.461 [info] > git config --get commit.template [6ms]
2026-09-25 15:15:22.500 [info] > git for-each-ref --format=%(refname)%00%(upstream:short)%00%(objectname)%00%(upstream:track)%00%(upstream:remotename)%00%(upstream:remoteref) refs/heads/main refs/remotes/main [13ms]
2026-09-25 15:15:22.662 [info] > git status -z -uall [116ms]
2026-09-25 15:15:22.662 [info] > git for-each-ref --sort -committerdate --format %(refname)%00%(objectname)%00%(*objectname) [6ms]
2026-09-25 15:15:23.026 [info] > git check-ignore -v -z --stdin [4ms]
2026-09-25 15:15:27.709 [info] > git config --get commit.template [4ms]
2026-09-25 15:15:27.736 [info] > git for-each-ref --format=%(refname)%00%(upstream:short)%00%(objectname)%00%(upstream:track)%00%(upstream:remotename)%00%(upstream:remoteref) refs/heads/main refs/remotes/main [4ms]
2026-09-25 15:15:27.789 [info] > git status -z -uall [34ms]
2026-09-25 15:15:27.792 [info] > git for-each-ref --sort -committerdate --format %(refname)%00%(objectname)%00%(*objectname) [5ms]
2026-09-25 15:15:28.160 [info] > git check-ignore -v -z --stdin [22ms]
2026-09-25 15:15:36.426 [info] > git check-ignore -v -z --stdin [6ms]
2026-09-25 15:15:36.576 [info] > git show --textconv :OrientationApp/templates/Orientation.html [28ms]
2026-09-25 15:15:36.590 [info] > git ls-files --stage -- OrientationApp/templates/Orientation.html [13ms]
2026-09-25 15:15:36.638 [info] > git cat-file -s 46c491d4c1d44094fa42084fec024d85fa121ea9 [11ms]
2026-09-25 15:15:37.092 [info] > git blame --root --incremental 8a3ae241a348dbbc00c41665a6a3746a58cfa299 -- OrientationApp/templates/Orientation.html [20ms]
2026-09-25 15:15:55.222 [info] > git check-ignore -v -z --stdin [1ms]
2026-09-25 15:15:55.935 [info] > git check-ignore -v -z --stdin [3ms]
2026-09-25 15:15:56.601 [info] > git check-ignore -v -z --stdin [2ms]
2026-09-25 15:15:58.061 [info] > git config --get commit.template [4ms]
2026-09-25 15:15:58.086 [info] > git for-each-ref --format=%(refname)%00%(upstream:short)%00%(objectname)%00%(upstream:track)%00%(upstream:remotename)%00%(upstream:remoteref) refs/heads/main refs/remotes/main [5ms]
2026-09-25 15:15:58.124 [info] > git status -z -uall [25ms]
2026-09-25 15:15:58.135 [info] > git for-each-ref --sort -committerdate --format %(refname)%00%(objectname)%00%(*objectname) [11ms]
2026-09-25 15:15:58.551 [info] > git check-ignore -v -z --stdin [5ms]
2026-09-25 15:17:34.029 [info] > git config --get commit.template [30ms]
2026-09-25 15:17:34.029 [info] > git for-each-ref --format=%(refname)%00%(upstream:short)%00%(objectname)%00%(upstream:track)%00%(upstream:remotename)%00%(upstream:remoteref) refs/heads/main refs/remotes/main [8ms]
2026-09-25 15:17:34.060 [info] > git for-each-ref --sort -committerdate --format %(refname)%00%(objectname)%00%(*objectname) [1ms]
2026-09-25 15:17:34.067 [info] > git status -z -uall [23ms]
2026-09-25 15:17:34.496 [info] > git check-ignore -v -z --stdin [7ms]
2026-09-25 15:17:39.111 [info] > git config --get commit.template [16ms]
2026-09-25 15:17:39.113 [info] > git for-each-ref --format=%(refname)%00%(upstream:short)%00%(objectname)%00%(upstream:track)%00%(upstream:remotename)%00%(upstream:remoteref) refs/heads/main refs/remotes/main [3ms]
2026-09-25 15:17:39.138 [info] > git status -z -uall [13ms]
2026-09-25 15:17:39.140 [info] > git for-each-ref --sort -committerdate --format %(refname)%00%(objectname)%00%(*objectname) [7ms]
2026-09-25 15:17:39.483 [info] > git check-ignore -v -z --stdin [4ms]
2026-09-25 15:17:50.833 [info] > git check-ignore -v -z --stdin [2ms]
2026-09-25 15:17:51.926 [info] > git check-ignore -v -z --stdin [3ms]
2026-09-25 15:17:54.425 [info] > git check-ignore -v -z --stdin [25ms]
2026-09-25 15:17:54.525 [info] > git show --textconv :OrientationApp/static/css/style.css [32ms]
2026-09-25 15:17:54.535 [info] > git ls-files --stage -- OrientationApp/static/css/style.css [12ms]
2026-09-25 15:17:54.576 [info] > git cat-file -s 82f942f0f4129c3d503fd3e87bc45c7d8bf23dc7 [12ms]
2026-09-25 15:18:07.804 [info] > git check-ignore -v -z --stdin [22ms]
2026-09-25 15:18:07.860 [info] > git show --textconv :OrientationApp/templates/Orientation.html [24ms]
2026-09-25 15:18:07.866 [info] > git ls-files --stage -- OrientationApp/templates/Orientation.html [7ms]
2026-09-25 15:18:07.893 [info] > git cat-file -s 46c491d4c1d44094fa42084fec024d85fa121ea9 [5ms]
2026-09-25 15:18:23.607 [info] > git check-ignore -v -z --stdin [5ms]
2026-09-25 15:18:24.478 [info] > git check-ignore -v -z --stdin [5ms]
2026-09-25 15:18:24.677 [info] > git check-ignore -v -z --stdin [11ms]
2026-09-25 15:18:25.252 [info] > git check-ignore -v -z --stdin [3ms]
2026-09-25 15:18:26.534 [info] > git check-ignore -v -z --stdin [8ms]
2026-09-25 15:18:27.168 [info] > git config --get commit.template [4ms]
2026-09-25 15:18:27.197 [info] > git for-each-ref --format=%(refname)%00%(upstream:short)%00%(objectname)%00%(upstream:track)%00%(upstream:remotename)%00%(upstream:remoteref) refs/heads/main refs/remotes/main [7ms]
2026-09-25 15:18:27.242 [info] > git status -z -uall [21ms]
2026-09-25 15:18:27.245 [info] > git for-each-ref --sort -committerdate --format %(refname)%00%(objectname)%00%(*objectname) [4ms]
2026-09-25 15:18:27.591 [info] > git check-ignore -v -z --stdin [3ms]
2026-09-25 15:18:28.665 [info] > git check-ignore -v -z --stdin [4ms]
2026-09-25 15:18:29.739 [info] > git check-ignore -v -z --stdin [2ms]
2026-09-25 15:18:30.030 [info] > git check-ignore -v -z --stdin [3ms]
2026-09-25 15:18:32.281 [info] > git config --get commit.template [16ms]
2026-09-25 15:18:32.282 [info] > git for-each-ref --format=%(refname)%00%(upstream:short)%00%(objectname)%00%(upstream:track)%00%(upstream:remotename)%00%(upstream:remoteref) refs/heads/main refs/remotes/main [2ms]
2026-09-25 15:18:32.353 [info] > git status -z -uall [49ms]
2026-09-25 15:18:32.359 [info] > git for-each-ref --sort -committerdate --format %(refname)%00%(objectname)%00%(*objectname) [7ms]
2026-09-25 15:18:32.721 [info] > git check-ignore -v -z --stdin [5ms]
2026-09-25 15:19:07.207 [info] > git config --get commit.template [19ms]
2026-09-25 15:19:07.215 [info] > git for-each-ref --format=%(refname)%00%(upstream:short)%00%(objectname)%00%(upstream:track)%00%(upstream:remotename)%00%(upstream:remoteref) refs/heads/main refs/remotes/main [9ms]
2026-09-25 15:19:07.295 [info] > git status -z -uall [52ms]
2026-09-25 15:19:07.303 [info] > git for-each-ref --sort -committerdate --format %(refname)%00%(objectname)%00%(*objectname) [23ms]
2026-09-25 15:19:07.802 [info] > git check-ignore -v -z --stdin [2ms]
2026-09-25 15:21:28.367 [info] > git config --get commit.template [21ms]
2026-09-25 15:21:28.415 [info] > git for-each-ref --format=%(refname)%00%(upstream:short)%00%(objectname)%00%(upstream:track)%00%(upstream:remotename)%00%(upstream:remoteref) refs/heads/main refs/remotes/main [7ms]
2026-09-25 15:21:28.498 [info] > git for-each-ref --sort -committerdate --format %(refname)%00%(objectname)%00%(*objectname) [7ms]
2026-09-25 15:21:28.508 [info] > git status -z -uall [66ms]
2026-09-25 15:21:29.007 [info] > git check-ignore -v -z --stdin [10ms]
2026-09-25 15:21:33.562 [info] > git config --get commit.template [4ms]
2026-09-25 15:21:33.593 [info] > git for-each-ref --format=%(refname)%00%(upstream:short)%00%(objectname)%00%(upstream:track)%00%(upstream:remotename)%00%(upstream:remoteref) refs/heads/main refs/remotes/main [6ms]
2026-09-25 15:21:33.641 [info] > git for-each-ref --sort -committerdate --format %(refname)%00%(objectname)%00%(*objectname) [6ms]
2026-09-25 15:21:33.644 [info] > git status -z -uall [34ms]
2026-09-25 15:21:33.976 [info] > git check-ignore -v -z --stdin [8ms]
2026-09-25 15:21:51.447 [info] > git check-ignore -v -z --stdin [6ms]
2026-09-25 15:21:51.848 [info] > git check-ignore -v -z --stdin [2ms]
2026-09-25 15:21:52.338 [info] > git check-ignore -v -z --stdin [5ms]
2026-09-25 15:21:52.770 [info] > git check-ignore -v -z --stdin [6ms]
2026-09-25 15:21:53.200 [info] > git check-ignore -v -z --stdin [4ms]
2026-09-25 15:21:55.129 [info] > git config --get commit.template [26ms]
2026-09-25 15:21:55.134 [info] > git for-each-ref --format=%(refname)%00%(upstream:short)%00%(objectname)%00%(upstream:track)%00%(upstream:remotename)%00%(upstream:remoteref) refs/heads/main refs/remotes/main [6ms]
2026-09-25 15:21:55.185 [info] > git status -z -uall [24ms]
2026-09-25 15:21:55.193 [info] > git for-each-ref --sort -committerdate --format %(refname)%00%(objectname)%00%(*objectname) [12ms]
2026-09-25 15:21:55.549 [info] > git check-ignore -v -z --stdin [5ms]
2026-09-25 15:22:03.748 [info] > git check-ignore -v -z --stdin [7ms]
2026-09-25 15:22:05.101 [info] > git check-ignore -v -z --stdin [8ms]
2026-09-25 15:22:05.720 [info] > git config --get commit.template [8ms]
2026-09-25 15:22:05.757 [info] > git for-each-ref --format=%(refname)%00%(upstream:short)%00%(objectname)%00%(upstream:track)%00%(upstream:remotename)%00%(upstream:remoteref) refs/heads/main refs/remotes/main [9ms]
2026-09-25 15:22:05.819 [info] > git status -z -uall [29ms]
2026-09-25 15:22:05.824 [info] > git for-each-ref --sort -committerdate --format %(refname)%00%(objectname)%00%(*objectname) [5ms]
2026-09-25 15:22:06.168 [info] > git check-ignore -v -z --stdin [4ms]
2026-09-25 15:22:17.153 [info] > git config --get commit.template [31ms]
2026-09-25 15:22:17.154 [info] > git for-each-ref --format=%(refname)%00%(upstream:short)%00%(objectname)%00%(upstream:track)%00%(upstream:remotename)%00%(upstream:remoteref) refs/heads/main refs/remotes/main [2ms]
2026-09-25 15:22:17.246 [info] > git status -z -uall [27ms]
2026-09-25 15:22:17.252 [info] > git for-each-ref --sort -committerdate --format %(refname)%00%(objectname)%00%(*objectname) [14ms]
2026-09-25 15:22:17.860 [info] > git check-ignore -v -z --stdin [5ms]
2026-09-25 15:24:23.905 [info] > git check-ignore -v -z --stdin [6ms]
2026-09-25 15:24:24.825 [info] > git check-ignore -v -z --stdin [1ms]
2026-09-25 15:24:26.119 [info] > git check-ignore -v -z --stdin [8ms]
2026-09-25 15:24:26.739 [info] > git config --get commit.template [3ms]
2026-09-25 15:24:26.789 [info] > git for-each-ref --format=%(refname)%00%(upstream:short)%00%(objectname)%00%(upstream:track)%00%(upstream:remotename)%00%(upstream:remoteref) refs/heads/main refs/remotes/main [7ms]
2026-09-25 15:24:26.841 [info] > git status -z -uall [22ms]
2026-09-25 15:24:26.842 [info] > git for-each-ref --sort -committerdate --format %(refname)%00%(objectname)%00%(*objectname) [3ms]
2026-09-25 15:24:27.205 [info] > git check-ignore -v -z --stdin [8ms]
2026-09-25 15:24:28.343 [info] > git check-ignore -v -z --stdin [2ms]
2026-09-25 15:24:28.707 [info] > git check-ignore -v -z --stdin [2ms]
2026-09-25 15:24:29.413 [info] > git check-ignore -v -z --stdin [2ms]
2026-09-25 15:24:31.889 [info] > git config --get commit.template [22ms]
2026-09-25 15:24:31.891 [info] > git for-each-ref --format=%(refname)%00%(upstream:short)%00%(objectname)%00%(upstream:track)%00%(upstream:remotename)%00%(upstream:remoteref) refs/heads/main refs/remotes/main [11ms]
2026-09-25 15:24:31.924 [info] > git status -z -uall [19ms]
2026-09-25 15:24:31.925 [info] > git for-each-ref --sort -committerdate --format %(refname)%00%(objectname)%00%(*objectname) [5ms]
2026-09-25 15:24:32.329 [info] > git check-ignore -v -z --stdin [3ms]
2026-09-25 15:24:32.712 [info] > git check-ignore -v -z --stdin [4ms]
2026-09-25 15:24:33.438 [info] > git check-ignore -v -z --stdin [7ms]
2026-09-25 15:24:35.045 [info] > git check-ignore -v -z --stdin [4ms]
2026-09-25 15:24:36.952 [info] > git config --get commit.template [2ms]
2026-09-25 15:24:36.967 [info] > git for-each-ref --format=%(refname)%00%(upstream:short)%00%(objectname)%00%(upstream:track)%00%(upstream:remotename)%00%(upstream:remoteref) refs/heads/main refs/remotes/main [4ms]
2026-09-25 15:24:36.995 [info] > git status -z -uall [15ms]
2026-09-25 15:24:36.996 [info] > git for-each-ref --sort -committerdate --format %(refname)%00%(objectname)%00%(*objectname) [3ms]
2026-09-25 15:24:37.322 [info] > git check-ignore -v -z --stdin [2ms]
2026-09-25 15:24:39.164 [info] > git check-ignore -v -z --stdin [8ms]
2026-09-25 15:24:39.286 [info] > git check-ignore -v -z --stdin [22ms]
2026-09-25 15:24:40.749 [info] > git check-ignore -v -z --stdin [12ms]
2026-09-25 15:24:41.590 [info] > git check-ignore -v -z --stdin [4ms]
2026-09-25 15:24:42.036 [info] > git check-ignore -v -z --stdin [38ms]
2026-09-25 15:24:42.040 [info] > git config --get commit.template [3ms]
2026-09-25 15:24:42.063 [info] > git for-each-ref --format=%(refname)%00%(upstream:short)%00%(objectname)%00%(upstream:track)%00%(upstream:remotename)%00%(upstream:remoteref) refs/heads/main refs/remotes/main [4ms]
2026-09-25 15:24:42.127 [info] > git status -z -uall [39ms]
2026-09-25 15:24:42.128 [info] > git for-each-ref --sort -committerdate --format %(refname)%00%(objectname)%00%(*objectname) [7ms]
2026-09-25 15:24:42.490 [info] > git check-ignore -v -z --stdin [5ms]
2026-09-25 15:24:42.899 [info] > git check-ignore -v -z --stdin [3ms]
2026-09-25 15:24:44.301 [info] > git check-ignore -v -z --stdin [4ms]
2026-09-25 15:24:44.574 [info] > git check-ignore -v -z --stdin [7ms]
2026-09-25 15:24:45.976 [info] > git check-ignore -v -z --stdin [3ms]
2026-09-25 15:24:46.512 [info] > git check-ignore -v -z --stdin [4ms]
2026-09-25 15:24:46.845 [info] > git check-ignore -v -z --stdin [2ms]
2026-09-25 15:24:47.172 [info] > git config --get commit.template [20ms]
2026-09-25 15:24:47.175 [info] > git for-each-ref --format=%(refname)%00%(upstream:short)%00%(objectname)%00%(upstream:track)%00%(upstream:remotename)%00%(upstream:remoteref) refs/heads/main refs/remotes/main [3ms]
2026-09-25 15:24:47.212 [info] > git for-each-ref --sort -committerdate --format %(refname)%00%(objectname)%00%(*objectname) [4ms]
2026-09-25 15:24:47.215 [info] > git status -z -uall [20ms]
2026-09-25 15:24:47.546 [info] > git check-ignore -v -z --stdin [4ms]
2026-09-25 15:24:50.867 [info] > git check-ignore -v -z --stdin [3ms]
2026-09-25 15:24:52.274 [info] > git config --get commit.template [36ms]
2026-09-25 15:24:52.275 [info] > git for-each-ref --format=%(refname)%00%(upstream:short)%00%(objectname)%00%(upstream:track)%00%(upstream:remotename)%00%(upstream:remoteref) refs/heads/main refs/remotes/main [10ms]
2026-09-25 15:24:52.352 [info] > git for-each-ref --sort -committerdate --format %(refname)%00%(objectname)%00%(*objectname) [5ms]
2026-09-25 15:24:52.365 [info] > git status -z -uall [39ms]
2026-09-25 15:24:52.696 [info] > git check-ignore -v -z --stdin [3ms]
2026-09-25 15:24:54.735 [info] > git check-ignore -v -z --stdin [6ms]
2026-09-25 15:24:55.280 [info] > git check-ignore -v -z --stdin [5ms]
2026-09-25 15:24:55.488 [info] > git check-ignore -v -z --stdin [5ms]
2026-09-25 15:24:57.431 [info] > git config --get commit.template [4ms]
2026-09-25 15:24:57.469 [info] > git for-each-ref --format=%(refname)%00%(upstream:short)%00%(objectname)%00%(upstream:track)%00%(upstream:remotename)%00%(upstream:remoteref) refs/heads/main refs/remotes/main [6ms]
2026-09-25 15:24:57.545 [info] > git status -z -uall [52ms]
2026-09-25 15:24:57.546 [info] > git for-each-ref --sort -committerdate --format %(refname)%00%(objectname)%00%(*objectname) [2ms]
2026-09-25 15:24:57.605 [info] > git check-ignore -v -z --stdin [11ms]
2026-09-25 15:24:57.867 [info] > git check-ignore -v -z --stdin [2ms]
2026-09-25 15:24:58.967 [info] > git check-ignore -v -z --stdin [5ms]
2026-09-25 15:25:02.570 [info] > git config --get commit.template [3ms]
2026-09-25 15:25:02.601 [info] > git for-each-ref --format=%(refname)%00%(upstream:short)%00%(objectname)%00%(upstream:track)%00%(upstream:remotename)%00%(upstream:remoteref) refs/heads/main refs/remotes/main [13ms]
2026-09-25 15:25:02.666 [info] > git status -z -uall [26ms]
2026-09-25 15:25:02.667 [info] > git for-each-ref --sort -committerdate --format %(refname)%00%(objectname)%00%(*objectname) [5ms]
2026-09-25 15:25:03.007 [info] > git check-ignore -v -z --stdin [3ms]
2026-09-25 15:25:03.493 [info] > git check-ignore -v -z --stdin [13ms]
2026-09-25 15:25:04.029 [info] > git check-ignore -v -z --stdin [2ms]
2026-09-25 15:25:07.733 [info] > git config --get commit.template [36ms]
2026-09-25 15:25:07.737 [info] > git for-each-ref --format=%(refname)%00%(upstream:short)%00%(objectname)%00%(upstream:track)%00%(upstream:remotename)%00%(upstream:remoteref) refs/heads/main refs/remotes/main [11ms]
2026-09-25 15:25:07.795 [info] > git status -z -uall [28ms]
2026-09-25 15:25:07.797 [info] > git for-each-ref --sort -committerdate --format %(refname)%00%(objectname)%00%(*objectname) [6ms]
2026-09-25 15:25:08.153 [info] > git check-ignore -v -z --stdin [19ms]
2026-09-25 15:25:14.320 [info] > git check-ignore -v -z --stdin [5ms]
2026-09-25 15:25:14.744 [info] > git check-ignore -v -z --stdin [5ms]
2026-09-25 15:25:15.780 [info] > git check-ignore -v -z --stdin [2ms]
2026-09-25 15:25:17.710 [info] > git config --get commit.template [3ms]
2026-09-25 15:25:17.727 [info] > git for-each-ref --format=%(refname)%00%(upstream:short)%00%(objectname)%00%(upstream:track)%00%(upstream:remotename)%00%(upstream:remoteref) refs/heads/main refs/remotes/main [4ms]
2026-09-25 15:25:17.758 [info] > git status -z -uall [17ms]
2026-09-25 15:25:17.759 [info] > git for-each-ref --sort -committerdate --format %(refname)%00%(objectname)%00%(*objectname) [3ms]
2026-09-25 15:25:18.692 [info] > git check-ignore -v -z --stdin [4ms]
2026-09-25 15:25:21.077 [info] > git check-ignore -v -z --stdin [6ms]
2026-09-25 15:25:30.609 [info] > git config --get commit.template [17ms]
2026-09-25 15:25:30.645 [info] > git for-each-ref --format=%(refname)%00%(upstream:short)%00%(objectname)%00%(upstream:track)%00%(upstream:remotename)%00%(upstream:remoteref) refs/heads/main refs/remotes/main [13ms]
2026-09-25 15:25:30.786 [info] > git for-each-ref --sort -committerdate --format %(refname)%00%(objectname)%00%(*objectname) [12ms]
2026-09-25 15:25:30.797 [info] > git status -z -uall [113ms]
2026-09-25 15:25:31.445 [info] > git check-ignore -v -z --stdin [2ms]
2026-09-25 15:25:39.559 [info] > git check-ignore -v -z --stdin [8ms]
2026-09-25 15:25:40.288 [info] > git check-ignore -v -z --stdin [4ms]
2026-09-25 15:25:41.074 [info] > git check-ignore -v -z --stdin [9ms]
2026-09-25 15:25:43.097 [info] > git config --get commit.template [3ms]
2026-09-25 15:25:43.121 [info] > git for-each-ref --format=%(refname)%00%(upstream:short)%00%(objectname)%00%(upstream:track)%00%(upstream:remotename)%00%(upstream:remoteref) refs/heads/main refs/remotes/main [5ms]
2026-09-25 15:25:43.156 [info] > git for-each-ref --sort -committerdate --format %(refname)%00%(objectname)%00%(*objectname) [6ms]
2026-09-25 15:25:43.156 [info] > git status -z -uall [18ms]
2026-09-25 15:25:43.479 [info] > git check-ignore -v -z --stdin [3ms]
2026-09-25 15:25:46.192 [info] > git check-ignore -v -z --stdin [12ms]
2026-09-25 15:27:15.385 [info] > git config --get commit.template [20ms]
2026-09-25 15:27:15.418 [info] > git for-each-ref --format=%(refname)%00%(upstream:short)%00%(objectname)%00%(upstream:track)%00%(upstream:remotename)%00%(upstream:remoteref) refs/heads/main refs/remotes/main [8ms]
2026-09-25 15:27:15.511 [info] > git status -z -uall [29ms]
2026-09-25 15:27:15.514 [info] > git for-each-ref --sort -committerdate --format %(refname)%00%(objectname)%00%(*objectname) [19ms]
2026-09-25 15:27:16.064 [info] > git check-ignore -v -z --stdin [12ms]
2026-09-25 15:30:22.322 [info] > git check-ignore -v -z --stdin [3ms]
2026-09-25 15:30:22.391 [info] > git show --textconv :OrientationApp/static/css/style.css [10ms]
2026-09-25 15:30:22.392 [info] > git ls-files --stage -- OrientationApp/static/css/style.css [2ms]
2026-09-25 15:30:22.402 [info] > git cat-file -s 82f942f0f4129c3d503fd3e87bc45c7d8bf23dc7 [3ms]
2026-09-25 15:30:39.200 [info] > git blame --root --incremental 8a3ae241a348dbbc00c41665a6a3746a58cfa299 -- OrientationApp/static/css/style.css [4ms]
2026-09-25 15:30:43.858 [info] > git check-ignore -v -z --stdin [2ms]
2026-09-25 15:30:44.569 [info] > git check-ignore -v -z --stdin [4ms]
2026-09-25 15:30:46.456 [info] > git config --get commit.template [3ms]
2026-09-25 15:30:46.466 [info] > git for-each-ref --format=%(refname)%00%(upstream:short)%00%(objectname)%00%(upstream:track)%00%(upstream:remotename)%00%(upstream:remoteref) refs/heads/main refs/remotes/main [4ms]
2026-09-25 15:30:46.484 [info] > git for-each-ref --sort -committerdate --format %(refname)%00%(objectname)%00%(*objectname) [2ms]
2026-09-25 15:30:46.487 [info] > git status -z -uall [10ms]
2026-09-25 15:30:46.826 [info] > git check-ignore -v -z --stdin [3ms]
2026-09-25 15:30:47.964 [info] > git check-ignore -v -z --stdin [3ms]
2026-09-25 15:30:48.186 [info] > git check-ignore -v -z --stdin [4ms]
2026-09-25 15:30:48.476 [info] > git check-ignore -v -z --stdin [3ms]
2026-09-25 15:30:48.950 [info] > git check-ignore -v -z --stdin [2ms]
2026-09-25 15:30:49.214 [info] > git check-ignore -v -z --stdin [2ms]
2026-09-25 15:30:49.438 [info] > git check-ignore -v -z --stdin [3ms]
2026-09-25 15:30:49.714 [info] > git check-ignore -v -z --stdin [2ms]
2026-09-25 15:30:52.177 [info] > git config --get commit.template [16ms]
2026-09-25 15:30:52.177 [info] > git for-each-ref --format=%(refname)%00%(upstream:short)%00%(objectname)%00%(upstream:track)%00%(upstream:remotename)%00%(upstream:remoteref) refs/heads/main refs/remotes/main [3ms]
2026-09-25 15:30:52.209 [info] > git status -z -uall [16ms]
2026-09-25 15:30:52.211 [info] > git for-each-ref --sort -committerdate --format %(refname)%00%(objectname)%00%(*objectname) [3ms]
2026-09-25 15:30:52.529 [info] > git check-ignore -v -z --stdin [2ms]
2026-09-25 15:31:23.966 [info] > git check-ignore -v -z --stdin [7ms]
2026-09-25 15:31:24.066 [info] > git show --textconv :OrientationApp/templates/Orientation.html [22ms]
2026-09-25 15:31:24.072 [info] > git ls-files --stage -- OrientationApp/templates/Orientation.html [7ms]
2026-09-25 15:31:24.088 [info] > git cat-file -s 46c491d4c1d44094fa42084fec024d85fa121ea9 [0ms]
2026-09-25 15:36:07.639 [info] > git check-ignore -v -z --stdin [34ms]
2026-09-25 15:36:07.687 [info] > git show --textconv :OrientationApp/static/css/style.css [26ms]
2026-09-25 15:36:07.693 [info] > git ls-files --stage -- OrientationApp/static/css/style.css [7ms]
2026-09-25 15:36:07.720 [info] > git cat-file -s 82f942f0f4129c3d503fd3e87bc45c7d8bf23dc7 [2ms]
2026-09-25 15:36:09.281 [info] > git check-ignore -v -z --stdin [2ms]
2026-09-25 15:36:11.177 [info] > git config --get commit.template [2ms]
2026-09-25 15:36:11.187 [info] > git for-each-ref --format=%(refname)%00%(upstream:short)%00%(objectname)%00%(upstream:track)%00%(upstream:remotename)%00%(upstream:remoteref) refs/heads/main refs/remotes/main [3ms]
2026-09-25 15:36:11.228 [info] > git status -z -uall [26ms]
2026-09-25 15:36:11.228 [info] > git for-each-ref --sort -committerdate --format %(refname)%00%(objectname)%00%(*objectname) [4ms]
2026-09-25 15:36:11.577 [info] > git check-ignore -v -z --stdin [3ms]
2026-09-25 15:36:12.993 [info] > git check-ignore -v -z --stdin [3ms]
2026-09-25 15:36:42.546 [info] > git config --get commit.template [12ms]
2026-09-25 15:36:42.549 [info] > git for-each-ref --format=%(refname)%00%(upstream:short)%00%(objectname)%00%(upstream:track)%00%(upstream:remotename)%00%(upstream:remoteref) refs/heads/main refs/remotes/main [3ms]
2026-09-25 15:36:42.583 [info] > git for-each-ref --sort -committerdate --format %(refname)%00%(objectname)%00%(*objectname) [4ms]
2026-09-25 15:36:42.585 [info] > git status -z -uall [26ms]
2026-09-25 15:36:42.927 [info] > git check-ignore -v -z --stdin [3ms]
