2026-09-21 21:50:18.799 [info] Reading sessions from keychain...
2026-09-21 21:50:18.799 [info] Getting sessions for all scopes...
2026-09-21 21:50:19.946 [info] Got stored sessions!
2026-09-21 21:50:19.948 [info] Got 1 verified sessions.
2026-09-21 21:50:19.948 [info] Got 1 sessions for all scopes...
2026-09-21 21:50:19.949 [info] Getting sessions for all scopes...
2026-09-21 21:50:19.949 [info] Got 1 sessions for all scopes...
2026-09-21 21:50:19.949 [info] Getting sessions for all scopes...
2026-09-21 21:50:19.949 [info] Got 1 sessions for all scopes...
2026-09-21 21:50:19.949 [info] Getting sessions for all scopes...
2026-09-21 21:50:19.950 [info] Got 1 sessions for all scopes...
2026-09-21 21:50:20.316 [info] Getting sessions for all scopes...
2026-09-21 21:50:20.316 [info] Got 1 sessions for all scopes...
2026-09-21 21:50:25.514 [info] Getting sessions for all scopes...
2026-09-21 21:50:25.514 [info] Got 1 sessions for all scopes...
2026-09-21 21:50:26.069 [info] Getting sessions for all scopes...
2026-09-21 21:50:26.070 [info] Got 1 sessions for all scopes...
2026-09-21 21:50:26.070 [info] Getting sessions for all scopes...
2026-09-21 21:50:26.070 [info] Got 1 sessions for all scopes...
2026-09-21 21:50:26.070 [info] Getting sessions for all scopes...
2026-09-21 21:50:26.071 [info] Got 1 sessions for all scopes...
2026-09-21 21:50:26.379 [info] Getting sessions for all scopes...
2026-09-21 21:50:26.379 [info] Got 1 sessions for all scopes...
2026-09-21 21:50:26.461 [info] Getting sessions for all scopes...
2026-09-21 21:50:26.461 [info] Got 1 sessions for all scopes...
2026-09-21 21:50:26.473 [info] Getting sessions for read:user,repo,user:email,workflow...
2026-09-21 21:50:26.474 [info] Got 1 sessions for read:user,repo,user:email,workflow...
2026-09-21 21:50:26.479 [info] Getting sessions for read:user,user:email...
2026-09-21 21:50:26.479 [info] Got 0 sessions for read:user,user:email...
2026-09-21 21:50:26.860 [info] Getting sessions for all scopes...
2026-09-21 21:50:26.860 [info] Got 1 sessions for all scopes...
2026-09-21 21:50:27.521 [info] Getting sessions for read:user,repo,user:email,workflow...
2026-09-21 21:50:27.521 [info] Got 1 sessions for read:user,repo,user:email,workflow...
2026-09-21 21:50:30.080 [info] Getting sessions for repo...
2026-09-21 21:50:30.080 [info] Got 0 sessions for repo...
2026-09-21 21:50:30.196 [info] Getting sessions for all scopes...
2026-09-21 21:50:30.196 [info] Got 1 sessions for all scopes...
2026-09-21 21:50:30.196 [info] Getting sessions for all scopes...
2026-09-21 21:50:30.196 [info] Got 1 sessions for all scopes...
2026-09-21 21:50:30.199 [info] Getting sessions for all scopes...
2026-09-21 21:50:30.199 [info] Got 1 sessions for all scopes...
2026-09-21 21:50:30.200 [info] Getting sessions for read:user,user:email...
2026-09-21 21:50:30.200 [info] Got 0 sessions for read:user,user:email...
2026-09-21 21:50:30.497 [info] Getting sessions for all scopes...
2026-09-21 21:50:30.497 [info] Got 1 sessions for all scopes...
2026-09-21 21:50:30.593 [info] Getting sessions for repo...
2026-09-21 21:50:30.593 [info] Got 0 sessions for repo...
2026-09-21 21:50:31.367 [info] Getting sessions for read:user,repo,user:email,workflow...
2026-09-21 21:50:31.367 [info] Got 1 sessions for read:user,repo,user:email,workflow...
2026-09-21 21:50:31.367 [info] Getting sessions for all scopes...
2026-09-21 21:50:31.367 [info] Got 1 sessions for all scopes...
2026-09-21 21:50:32.229 [info] Getting sessions for all scopes...
2026-09-21 21:50:32.230 [info] Got 1 sessions for all scopes...
2026-09-21 21:50:32.512 [info] Getting sessions for read:user,repo,user:email,workflow...
2026-09-21 21:50:32.512 [info] Got 1 sessions for read:user,repo,user:email,workflow...
2026-09-21 21:50:32.512 [info] Getting sessions for all scopes...
2026-09-21 21:50:32.512 [info] Got 1 sessions for all scopes...
2026-09-21 21:50:32.638 [info] Getting sessions for read:user,repo,user:email,workflow...
2026-09-21 21:50:32.638 [info] Got 1 sessions for read:user,repo,user:email,workflow...
2026-09-21 21:50:33.914 [info] Getting sessions for all scopes...
2026-09-21 21:50:33.914 [info] Got 1 sessions for all scopes...
2026-09-21 21:50:33.915 [info] Getting sessions for all scopes...
2026-09-21 21:50:33.915 [info] Got 1 sessions for all scopes...
2026-09-21 21:50:33.947 [info] Getting sessions for read:user,repo,user:email,workflow...
2026-09-21 21:50:33.947 [info] Got 1 sessions for read:user,repo,user:email,workflow...
2026-09-21 21:50:34.403 [info] Getting sessions for all scopes...
2026-09-21 21:50:34.403 [info] Got 1 sessions for all scopes...
2026-09-21 21:50:34.416 [info] Getting sessions for read:user,repo,user:email,workflow...
2026-09-21 21:50:34.416 [info] Got 1 sessions for read:user,repo,user:email,workflow...
2026-09-21 21:50:34.805 [info] Getting sessions for all scopes...
2026-09-21 21:50:34.805 [info] Got 1 sessions for all scopes...
2026-09-21 21:50:34.827 [info] Getting sessions for read:user,repo,user:email,workflow...
2026-09-21 21:50:34.827 [info] Got 1 sessions for read:user,repo,user:email,workflow...
2026-09-21 21:50:36.016 [info] Getting sessions for all scopes...
2026-09-21 21:50:36.016 [info] Got 1 sessions for all scopes...
2026-09-21 21:50:36.267 [info] Getting sessions for all scopes...
2026-09-21 21:50:36.267 [info] Got 1 sessions for all scopes...
2026-09-21 21:50:36.275 [info] Getting sessions for read:user,repo,user:email,workflow...
2026-09-21 21:50:36.275 [info] Got 1 sessions for read:user,repo,user:email,workflow...
2026-09-21 21:50:40.713 [info] Getting sessions for all scopes...
2026-09-21 21:50:40.713 [info] Got 1 sessions for all scopes...
2026-09-21 21:50:40.713 [info] Getting sessions for all scopes...
2026-09-21 21:50:40.713 [info] Got 1 sessions for all scopes...
2026-09-21 21:50:40.719 [info] Getting sessions for read:user,repo,user:email,workflow...
2026-09-21 21:50:40.719 [info] Got 1 sessions for read:user,repo,user:email,workflow...
2026-09-21 21:50:45.470 [info] Getting sessions for all scopes...
2026-09-21 21:50:45.471 [info] Got 1 sessions for all scopes...
2026-09-21 21:50:45.475 [info] Getting sessions for read:user,repo,user:email,workflow...
2026-09-21 21:50:45.475 [info] Got 1 sessions for read:user,repo,user:email,workflow...
2026-09-21 21:51:40.689 [info] Getting sessions for all scopes...
2026-09-21 21:51:40.689 [info] Got 1 sessions for all scopes...
2026-09-21 21:51:40.715 [info] Getting sessions for read:user,repo,user:email,workflow...
2026-09-21 21:51:40.715 [info] Got 1 sessions for read:user,repo,user:email,workflow...
2026-09-21 21:51:44.287 [info] Getting sessions for all scopes...
2026-09-21 21:51:44.287 [info] Got 1 sessions for all scopes...
2026-09-21 21:51:44.291 [info] Getting sessions for read:user,repo,user:email,workflow...
2026-09-21 21:51:44.291 [info] Got 1 sessions for read:user,repo,user:email,workflow...
2026-09-21 21:52:44.263 [info] Getting sessions for all scopes...
2026-09-21 21:52:44.263 [info] Got 1 sessions for all scopes...
2026-09-21 21:52:44.265 [info] Getting sessions for read:user,repo,user:email,workflow...
2026-09-21 21:52:44.265 [info] Got 1 sessions for read:user,repo,user:email,workflow...
2026-09-21 21:52:50.900 [info] Getting sessions for all scopes...
2026-09-21 21:52:50.900 [info] Got 1 sessions for all scopes...
2026-09-21 21:52:50.927 [info] Getting sessions for read:user,repo,user:email,workflow...
2026-09-21 21:52:50.927 [info] Got 1 sessions for read:user,repo,user:email,workflow...
2026-09-21 21:53:50.845 [info] Getting sessions for all scopes...
2026-09-21 21:53:50.845 [info] Got 1 sessions for all scopes...
2026-09-21 21:53:50.854 [info] Getting sessions for read:user,repo,user:email,workflow...
2026-09-21 21:53:50.854 [info] Got 1 sessions for read:user,repo,user:email,workflow...
2026-09-21 21:53:52.159 [info] Getting sessions for all scopes...
2026-09-21 21:53:52.159 [info] Got 1 sessions for all scopes...
2026-09-21 21:53:52.169 [info] Getting sessions for read:user,repo,user:email,workflow...
2026-09-21 21:53:52.169 [info] Got 1 sessions for read:user,repo,user:email,workflow...
2026-09-21 21:55:09.444 [info] Getting sessions for all scopes...
2026-09-21 21:55:09.444 [info] Got 1 sessions for all scopes...
2026-09-21 21:55:09.445 [info] Getting sessions for all scopes...
2026-09-21 21:55:09.445 [info] Got 1 sessions for all scopes...
2026-09-21 21:55:09.461 [info] Getting sessions for read:user,repo,user:email,workflow...
2026-09-21 21:55:09.461 [info] Got 1 sessions for read:user,repo,user:email,workflow...
2026-09-21 21:55:09.921 [info] Getting sessions for all scopes...
2026-09-21 21:55:09.921 [info] Got 1 sessions for all scopes...
2026-09-21 21:55:09.927 [info] Getting sessions for read:user,repo,user:email,workflow...
2026-09-21 21:55:09.927 [info] Got 1 sessions for read:user,repo,user:email,workflow...
2026-09-21 21:55:10.953 [info] Getting sessions for all scopes...
2026-09-21 21:55:10.953 [info] Got 1 sessions for all scopes...
2026-09-21 21:55:10.972 [info] Getting sessions for read:user,repo,user:email,workflow...
2026-09-21 21:55:10.972 [info] Got 1 sessions for read:user,repo,user:email,workflow...
2026-09-21 21:59:12.239 [info] Getting sessions for all scopes...
2026-09-21 21:59:12.239 [info] Got 1 sessions for all scopes...
2026-09-21 21:59:12.259 [info] Getting sessions for all scopes...
2026-09-21 21:59:12.259 [info] Got 1 sessions for all scopes...
2026-09-21 21:59:15.756 [info] Getting sessions for all scopes...
2026-09-21 21:59:15.756 [info] Got 1 sessions for all scopes...
2026-09-21 21:59:16.201 [info] Getting sessions for read:user,repo,user:email,workflow...
2026-09-21 21:59:16.201 [info] Got 1 sessions for read:user,repo,user:email,workflow...
2026-09-21 21:59:17.634 [info] Getting sessions for all scopes...
2026-09-21 21:59:17.634 [info] Got 1 sessions for all scopes...
2026-09-21 21:59:17.639 [info] Getting sessions for read:user,repo,user:email,workflow...
2026-09-21 21:59:17.639 [info] Got 1 sessions for read:user,repo,user:email,workflow...
2026-09-21 22:00:17.632 [info] Getting sessions for all scopes...
2026-09-21 22:00:17.632 [info] Got 1 sessions for all scopes...
2026-09-21 22:00:17.640 [info] Getting sessions for read:user,repo,user:email,workflow...
2026-09-21 22:00:17.640 [info] Got 1 sessions for read:user,repo,user:email,workflow...
2026-09-21 22:00:19.097 [info] Getting sessions for all scopes...
2026-09-21 22:00:19.097 [info] Got 1 sessions for all scopes...
2026-09-21 22:00:19.114 [info] Getting sessions for read:user,repo,user:email,workflow...
2026-09-21 22:00:19.115 [info] Got 1 sessions for read:user,repo,user:email,workflow...
2026-09-21 22:00:50.480 [info] Getting sessions for all scopes...
2026-09-21 22:00:50.480 [info] Got 1 sessions for all scopes...
2026-09-21 22:00:50.497 [info] Getting sessions for read:user,repo,user:email,workflow...
2026-09-21 22:00:50.497 [info] Got 1 sessions for read:user,repo,user:email,workflow...
2026-09-21 22:00:50.575 [info] Getting sessions for all scopes...
2026-09-21 22:00:50.576 [info] Got 1 sessions for all scopes...
2026-09-21 22:00:50.697 [info] Getting sessions for all scopes...
2026-09-21 22:00:50.697 [info] Got 1 sessions for all scopes...
2026-09-21 22:00:51.760 [info] Getting sessions for all scopes...
2026-09-21 22:00:51.761 [info] Got 1 sessions for all scopes...
2026-09-21 22:00:51.793 [info] Getting sessions for read:user,repo,user:email,workflow...
2026-09-21 22:00:51.793 [info] Got 1 sessions for read:user,repo,user:email,workflow...
2026-09-21 22:02:10.570 [info] Getting sessions for all scopes...
2026-09-21 22:02:10.570 [info] Got 1 sessions for all scopes...
2026-09-21 22:02:10.578 [info] Getting sessions for read:user,repo,user:email,workflow...
2026-09-21 22:02:10.578 [info] Got 1 sessions for read:user,repo,user:email,workflow...
2026-09-21 22:02:12.002 [info] Getting sessions for all scopes...
2026-09-21 22:02:12.002 [info] Got 1 sessions for all scopes...
2026-09-21 22:02:12.031 [info] Getting sessions for read:user,repo,user:email,workflow...
2026-09-21 22:02:12.032 [info] Got 1 sessions for read:user,repo,user:email,workflow...
2026-09-21 22:03:11.945 [info] Getting sessions for all scopes...
2026-09-21 22:03:11.945 [info] Got 1 sessions for all scopes...
2026-09-21 22:03:11.956 [info] Getting sessions for read:user,repo,user:email,workflow...
2026-09-21 22:03:11.956 [info] Got 1 sessions for read:user,repo,user:email,workflow...
2026-09-21 22:03:13.259 [info] Getting sessions for all scopes...
2026-09-21 22:03:13.259 [info] Got 1 sessions for all scopes...
2026-09-21 22:03:13.262 [info] Getting sessions for read:user,repo,user:email,workflow...
2026-09-21 22:03:13.262 [info] Got 1 sessions for read:user,repo,user:email,workflow...
2026-09-21 22:05:20.251 [info] Getting sessions for all scopes...
2026-09-21 22:05:20.251 [info] Got 1 sessions for all scopes...
2026-09-21 22:05:20.254 [info] Getting sessions for all scopes...
2026-09-21 22:05:20.254 [info] Got 1 sessions for all scopes...
2026-09-21 22:05:20.508 [info] Getting sessions for read:user,repo,user:email,workflow...
2026-09-21 22:05:20.508 [info] Got 1 sessions for read:user,repo,user:email,workflow...
2026-09-21 22:05:21.189 [info] Getting sessions for all scopes...
2026-09-21 22:05:21.190 [info] Got 1 sessions for all scopes...
2026-09-21 22:05:21.191 [info] Getting sessions for read:user,repo,user:email,workflow...
2026-09-21 22:05:21.191 [info] Got 1 sessions for read:user,repo,user:email,workflow...
2026-09-21 22:05:22.174 [info] Getting sessions for all scopes...
2026-09-21 22:05:22.174 [info] Got 1 sessions for all scopes...
2026-09-21 22:05:22.182 [info] Getting sessions for read:user,repo,user:email,workflow...
2026-09-21 22:05:22.182 [info] Got 1 sessions for read:user,repo,user:email,workflow...
2026-09-21 22:06:22.174 [info] Getting sessions for all scopes...
2026-09-21 22:06:22.174 [info] Got 1 sessions for all scopes...
2026-09-21 22:06:22.202 [info] Getting sessions for read:user,repo,user:email,workflow...
2026-09-21 22:06:22.202 [info] Got 1 sessions for read:user,repo,user:email,workflow...
2026-09-21 22:06:24.176 [info] Getting sessions for all scopes...
2026-09-21 22:06:24.176 [info] Got 1 sessions for all scopes...
2026-09-21 22:06:24.181 [info] Getting sessions for read:user,repo,user:email,workflow...
2026-09-21 22:06:24.181 [info] Got 1 sessions for read:user,repo,user:email,workflow...
2026-09-21 22:06:41.611 [info] Getting sessions for all scopes...
2026-09-21 22:06:41.611 [info] Got 1 sessions for all scopes...
2026-09-21 22:06:41.895 [info] Getting sessions for read:user,repo,user:email,workflow...
2026-09-21 22:06:41.895 [info] Got 1 sessions for read:user,repo,user:email,workflow...
2026-09-21 22:06:43.119 [info] Getting sessions for all scopes...
2026-09-21 22:06:43.119 [info] Got 1 sessions for all scopes...
2026-09-21 22:06:43.126 [info] Getting sessions for read:user,repo,user:email,workflow...
2026-09-21 22:06:43.126 [info] Got 1 sessions for read:user,repo,user:email,workflow...
2026-09-21 22:07:53.176 [info] Getting sessions for all scopes...
2026-09-21 22:07:53.176 [info] Got 1 sessions for all scopes...
2026-09-21 22:07:53.284 [info] Getting sessions for all scopes...
2026-09-21 22:07:53.284 [info] Got 1 sessions for all scopes...
2026-09-21 22:07:53.291 [info] Getting sessions for all scopes...
2026-09-21 22:07:53.291 [info] Got 1 sessions for all scopes...
2026-09-21 22:07:53.399 [info] Getting sessions for read:user,repo,user:email,workflow...
2026-09-21 22:07:53.399 [info] Got 1 sessions for read:user,repo,user:email,workflow...
2026-09-21 22:07:54.881 [info] Getting sessions for all scopes...
2026-09-21 22:07:54.881 [info] Got 1 sessions for all scopes...
2026-09-21 22:07:55.010 [info] Getting sessions for read:user,repo,user:email,workflow...
2026-09-21 22:07:55.010 [info] Got 1 sessions for read:user,repo,user:email,workflow...
2026-09-21 22:09:02.251 [info] Getting sessions for all scopes...
2026-09-21 22:09:02.251 [info] Got 1 sessions for all scopes...
2026-09-21 22:09:02.272 [info] Getting sessions for read:user,repo,user:email,workflow...
2026-09-21 22:09:02.272 [info] Got 1 sessions for read:user,repo,user:email,workflow...
2026-09-21 22:09:03.573 [info] Getting sessions for all scopes...
2026-09-21 22:09:03.573 [info] Got 1 sessions for all scopes...
2026-09-21 22:09:03.579 [info] Getting sessions for read:user,repo,user:email,workflow...
2026-09-21 22:09:03.579 [info] Got 1 sessions for read:user,repo,user:email,workflow...
2026-09-21 22:10:03.574 [info] Getting sessions for all scopes...
2026-09-21 22:10:03.574 [info] Got 1 sessions for all scopes...
2026-09-21 22:10:03.580 [info] Getting sessions for read:user,repo,user:email,workflow...
2026-09-21 22:10:03.580 [info] Got 1 sessions for read:user,repo,user:email,workflow...
2026-09-21 22:10:04.813 [info] Getting sessions for all scopes...
2026-09-21 22:10:04.813 [info] Got 1 sessions for all scopes...
2026-09-21 22:10:04.815 [info] Getting sessions for read:user,repo,user:email,workflow...
2026-09-21 22:10:04.815 [info] Got 1 sessions for read:user,repo,user:email,workflow...
2026-09-21 22:11:04.477 [info] Getting sessions for all scopes...
2026-09-21 22:11:04.477 [info] Got 1 sessions for all scopes...
2026-09-21 22:11:04.481 [info] Getting sessions for read:user,repo,user:email,workflow...
2026-09-21 22:11:04.481 [info] Got 1 sessions for read:user,repo,user:email,workflow...
2026-09-21 22:11:05.642 [info] Getting sessions for all scopes...
2026-09-21 22:11:05.643 [info] Got 1 sessions for all scopes...
2026-09-21 22:11:05.651 [info] Getting sessions for read:user,repo,user:email,workflow...
2026-09-21 22:11:05.651 [info] Got 1 sessions for read:user,repo,user:email,workflow...
2026-09-21 22:12:12.124 [info] Getting sessions for all scopes...
2026-09-21 22:12:12.124 [info] Got 1 sessions for all scopes...
2026-09-21 22:12:12.136 [info] Getting sessions for read:user,repo,user:email,workflow...
2026-09-21 22:12:12.136 [info] Got 1 sessions for read:user,repo,user:email,workflow...
2026-09-21 22:12:12.285 [info] Getting sessions for all scopes...
2026-09-21 22:12:12.285 [info] Got 1 sessions for all scopes...
2026-09-21 22:12:12.289 [info] Getting sessions for all scopes...
2026-09-21 22:12:12.289 [info] Got 1 sessions for all scopes...
2026-09-21 22:12:13.431 [info] Getting sessions for all scopes...
2026-09-21 22:12:13.431 [info] Got 1 sessions for all scopes...
2026-09-21 22:12:13.440 [info] Getting sessions for read:user,repo,user:email,workflow...
2026-09-21 22:12:13.440 [info] Got 1 sessions for read:user,repo,user:email,workflow...
2026-09-21 22:13:57.557 [info] Getting sessions for all scopes...
2026-09-21 22:13:57.557 [info] Got 1 sessions for all scopes...
2026-09-21 22:13:57.817 [info] Getting sessions for all scopes...
2026-09-21 22:13:57.817 [info] Got 1 sessions for all scopes...
2026-09-21 22:13:58.469 [info] Getting sessions for all scopes...
2026-09-21 22:13:58.469 [info] Got 1 sessions for all scopes...
2026-09-21 22:13:58.481 [info] Getting sessions for read:user,repo,user:email,workflow...
2026-09-21 22:13:58.481 [info] Got 1 sessions for read:user,repo,user:email,workflow...
2026-09-21 22:14:00.225 [info] Getting sessions for all scopes...
2026-09-21 22:14:00.225 [info] Got 1 sessions for all scopes...
2026-09-21 22:14:00.254 [info] Getting sessions for read:user,repo,user:email,workflow...
2026-09-21 22:14:00.255 [info] Got 1 sessions for read:user,repo,user:email,workflow...
2026-09-21 22:15:19.798 [info] Getting sessions for all scopes...
2026-09-21 22:15:19.798 [info] Got 1 sessions for all scopes...
2026-09-21 22:15:19.802 [info] Getting sessions for read:user,repo,user:email,workflow...
2026-09-21 22:15:19.802 [info] Got 1 sessions for read:user,repo,user:email,workflow...
2026-09-21 22:15:20.317 [info] Getting sessions for all scopes...
2026-09-21 22:15:20.317 [info] Got 1 sessions for all scopes...
2026-09-21 22:15:20.319 [info] Getting sessions for read:user,repo,user:email,workflow...
2026-09-21 22:15:20.319 [info] Got 1 sessions for read:user,repo,user:email,workflow...
2026-09-21 22:17:18.441 [info] Getting sessions for all scopes...
2026-09-21 22:17:18.441 [info] Got 1 sessions for all scopes...
2026-09-21 22:17:18.444 [info] Getting sessions for all scopes...
2026-09-21 22:17:18.444 [info] Got 1 sessions for all scopes...
2026-09-21 22:17:21.853 [info] Getting sessions for all scopes...
2026-09-21 22:17:21.853 [info] Got 1 sessions for all scopes...
2026-09-21 22:17:21.944 [info] Getting sessions for read:user,repo,user:email,workflow...
2026-09-21 22:17:21.944 [info] Got 1 sessions for read:user,repo,user:email,workflow...
2026-09-21 22:17:23.629 [info] Getting sessions for all scopes...
2026-09-21 22:17:23.629 [info] Got 1 sessions for all scopes...
2026-09-21 22:17:23.681 [info] Getting sessions for read:user,repo,user:email,workflow...
2026-09-21 22:17:23.681 [info] Got 1 sessions for read:user,repo,user:email,workflow...
2026-09-22 17:35:30.801 [info] Getting sessions for all scopes...
2026-09-22 17:35:30.801 [info] Got 1 sessions for all scopes...
2026-09-22 17:35:30.804 [info] Getting sessions for read:user,repo,user:email,workflow...
2026-09-22 17:35:30.804 [info] Got 1 sessions for read:user,repo,user:email,workflow...
2026-09-22 17:35:32.127 [info] Getting sessions for all scopes...
2026-09-22 17:35:32.127 [info] Got 1 sessions for all scopes...
2026-09-22 17:35:32.133 [info] Getting sessions for read:user,repo,user:email,workflow...
2026-09-22 17:35:32.133 [info] Got 1 sessions for read:user,repo,user:email,workflow...
2026-09-22 17:35:39.183 [info] Getting sessions for all scopes...
2026-09-22 17:35:39.183 [info] Got 1 sessions for all scopes...
2026-09-22 17:35:39.223 [info] Getting sessions for read:user,repo,user:email,workflow...
2026-09-22 17:35:39.223 [info] Got 1 sessions for read:user,repo,user:email,workflow...
2026-09-22 17:35:39.276 [info] Getting sessions for all scopes...
2026-09-22 17:35:39.276 [info] Got 1 sessions for all scopes...
2026-09-22 17:35:39.282 [info] Getting sessions for all scopes...
2026-09-22 17:35:39.282 [info] Got 1 sessions for all scopes...
2026-09-22 17:35:40.517 [info] Getting sessions for read:user,user:email...
2026-09-22 17:35:40.517 [info] Got 0 sessions for read:user,user:email...
2026-09-22 17:35:40.518 [info] Getting sessions for all scopes...
2026-09-22 17:35:40.518 [info] Got 1 sessions for all scopes...
2026-09-22 17:35:40.519 [info] Getting sessions for repo...
2026-09-22 17:35:40.519 [info] Got 0 sessions for repo...
2026-09-22 17:35:40.520 [info] Getting sessions for all scopes...
2026-09-22 17:35:40.520 [info] Got 1 sessions for all scopes...
2026-09-22 17:35:45.131 [info] Getting sessions for all scopes...
2026-09-22 17:35:45.131 [info] Got 1 sessions for all scopes...
2026-09-22 17:35:45.133 [info] Getting sessions for read:user,repo,user:email,workflow...
2026-09-22 17:35:45.133 [info] Got 1 sessions for read:user,repo,user:email,workflow...
2026-09-22 17:36:45.131 [info] Getting sessions for all scopes...
2026-09-22 17:36:45.131 [info] Got 1 sessions for all scopes...
2026-09-22 17:36:45.133 [info] Getting sessions for read:user,repo,user:email,workflow...
2026-09-22 17:36:45.133 [info] Got 1 sessions for read:user,repo,user:email,workflow...
2026-09-22 17:36:46.405 [info] Getting sessions for all scopes...
2026-09-22 17:36:46.405 [info] Got 1 sessions for all scopes...
2026-09-22 17:36:46.407 [info] Getting sessions for read:user,repo,user:email,workflow...
2026-09-22 17:36:46.407 [info] Got 1 sessions for read:user,repo,user:email,workflow...
2026-09-22 17:37:04.612 [info] Getting sessions for all scopes...
2026-09-22 17:37:04.613 [info] Got 1 sessions for all scopes...
2026-09-22 17:37:04.626 [info] Getting sessions for all scopes...
2026-09-22 17:37:04.626 [info] Got 1 sessions for all scopes...
2026-09-22 17:37:04.644 [info] Getting sessions for read:user,repo,user:email,workflow...
2026-09-22 17:37:04.644 [info] Got 1 sessions for read:user,repo,user:email,workflow...
2026-09-22 17:37:04.726 [info] Getting sessions for all scopes...
2026-09-22 17:37:04.726 [info] Got 1 sessions for all scopes...
2026-09-22 17:37:05.559 [info] Getting sessions for all scopes...
2026-09-22 17:37:05.559 [info] Got 1 sessions for all scopes...
2026-09-22 17:37:05.561 [info] Getting sessions for read:user,repo,user:email,workflow...
2026-09-22 17:37:05.561 [info] Got 1 sessions for read:user,repo,user:email,workflow...
2026-09-22 17:38:05.560 [info] Getting sessions for all scopes...
2026-09-22 17:38:05.560 [info] Got 1 sessions for all scopes...
2026-09-22 17:38:05.562 [info] Getting sessions for read:user,repo,user:email,workflow...
2026-09-22 17:38:05.562 [info] Got 1 sessions for read:user,repo,user:email,workflow...
2026-09-22 17:38:06.605 [info] Getting sessions for all scopes...
2026-09-22 17:38:06.605 [info] Got 1 sessions for all scopes...
2026-09-22 17:38:06.607 [info] Getting sessions for read:user,repo,user:email,workflow...
2026-09-22 17:38:06.607 [info] Got 1 sessions for read:user,repo,user:email,workflow...
2026-09-22 17:38:48.850 [info] Getting sessions for all scopes...
2026-09-22 17:38:48.850 [info] Got 1 sessions for all scopes...
2026-09-22 17:38:48.857 [info] Getting sessions for all scopes...
2026-09-22 17:38:48.857 [info] Got 1 sessions for all scopes...
2026-09-22 17:38:48.857 [info] Getting sessions for read:user,repo,user:email,workflow...
2026-09-22 17:38:48.857 [info] Got 1 sessions for read:user,repo,user:email,workflow...
2026-09-22 17:38:49.303 [info] Getting sessions for all scopes...
2026-09-22 17:38:49.304 [info] Got 1 sessions for all scopes...
2026-09-22 17:38:49.323 [info] Getting sessions for read:user,repo,user:email,workflow...
2026-09-22 17:38:49.323 [info] Got 1 sessions for read:user,repo,user:email,workflow...
2026-09-22 17:38:50.036 [info] Getting sessions for all scopes...
2026-09-22 17:38:50.036 [info] Got 1 sessions for all scopes...
2026-09-22 17:38:50.037 [info] Getting sessions for read:user,repo,user:email,workflow...
2026-09-22 17:38:50.037 [info] Got 1 sessions for read:user,repo,user:email,workflow...
2026-09-22 17:42:53.311 [info] Getting sessions for all scopes...
2026-09-22 17:42:53.311 [info] Got 1 sessions for all scopes...
2026-09-22 17:42:53.313 [info] Getting sessions for all scopes...
2026-09-22 17:42:53.313 [info] Got 1 sessions for all scopes...
2026-09-22 17:43:19.773 [info] Getting sessions for all scopes...
2026-09-22 17:43:19.773 [info] Got 1 sessions for all scopes...
2026-09-22 17:43:19.775 [info] Getting sessions for read:user,repo,user:email,workflow...
2026-09-22 17:43:19.775 [info] Got 1 sessions for read:user,repo,user:email,workflow...
2026-09-22 17:43:20.964 [info] Getting sessions for all scopes...
2026-09-22 17:43:20.964 [info] Got 1 sessions for all scopes...
2026-09-22 17:43:20.967 [info] Getting sessions for read:user,repo,user:email,workflow...
2026-09-22 17:43:20.967 [info] Got 1 sessions for read:user,repo,user:email,workflow...
2026-09-22 17:44:20.965 [info] Getting sessions for all scopes...
2026-09-22 17:44:20.965 [info] Got 1 sessions for all scopes...
2026-09-22 17:44:20.968 [info] Getting sessions for read:user,repo,user:email,workflow...
2026-09-22 17:44:20.968 [info] Got 1 sessions for read:user,repo,user:email,workflow...
2026-09-22 17:44:22.335 [info] Getting sessions for all scopes...
2026-09-22 17:44:22.335 [info] Got 1 sessions for all scopes...
2026-09-22 17:44:22.336 [info] Getting sessions for read:user,repo,user:email,workflow...
2026-09-22 17:44:22.336 [info] Got 1 sessions for read:user,repo,user:email,workflow...
2026-09-22 17:44:56.335 [info] Getting sessions for all scopes...
2026-09-22 17:44:56.335 [info] Got 1 sessions for all scopes...
2026-09-22 17:44:56.337 [info] Getting sessions for read:user,repo,user:email,workflow...
2026-09-22 17:44:56.337 [info] Got 1 sessions for read:user,repo,user:email,workflow...
2026-09-22 17:44:57.427 [info] Getting sessions for all scopes...
2026-09-22 17:44:57.428 [info] Got 1 sessions for all scopes...
2026-09-22 17:44:57.458 [info] Getting sessions for read:user,repo,user:email,workflow...
2026-09-22 17:44:57.458 [info] Got 1 sessions for read:user,repo,user:email,workflow...
2026-09-22 17:45:41.404 [info] Getting sessions for all scopes...
2026-09-22 17:45:41.405 [info] Got 1 sessions for all scopes...
2026-09-22 17:45:41.602 [info] Getting sessions for all scopes...
2026-09-22 17:45:41.602 [info] Got 1 sessions for all scopes...
2026-09-22 17:45:41.607 [info] Getting sessions for read:user,repo,user:email,workflow...
2026-09-22 17:45:41.607 [info] Got 1 sessions for read:user,repo,user:email,workflow...
2026-09-22 17:45:41.610 [info] Getting sessions for all scopes...
2026-09-22 17:45:41.610 [info] Got 1 sessions for all scopes...
2026-09-22 17:45:43.329 [info] Getting sessions for all scopes...
2026-09-22 17:45:43.329 [info] Got 1 sessions for all scopes...
2026-09-22 17:45:43.331 [info] Getting sessions for read:user,repo,user:email,workflow...
2026-09-22 17:45:43.331 [info] Got 1 sessions for read:user,repo,user:email,workflow...
2026-09-22 17:46:14.288 [info] Getting sessions for all scopes...
2026-09-22 17:46:14.289 [info] Got 1 sessions for all scopes...
2026-09-22 17:46:14.388 [info] Getting sessions for all scopes...
2026-09-22 17:46:14.388 [info] Got 1 sessions for all scopes...
2026-09-22 17:46:14.389 [info] Getting sessions for read:user,repo,user:email,workflow...
2026-09-22 17:46:14.389 [info] Got 1 sessions for read:user,repo,user:email,workflow...
2026-09-22 17:46:14.389 [info] Getting sessions for all scopes...
2026-09-22 17:46:14.389 [info] Got 1 sessions for all scopes...
2026-09-22 17:46:15.687 [info] Getting sessions for all scopes...
2026-09-22 17:46:15.687 [info] Got 1 sessions for all scopes...
2026-09-22 17:46:15.689 [info] Getting sessions for read:user,repo,user:email,workflow...
2026-09-22 17:46:15.689 [info] Got 1 sessions for read:user,repo,user:email,workflow...
2026-09-22 17:47:15.686 [info] Getting sessions for all scopes...
2026-09-22 17:47:15.686 [info] Got 1 sessions for all scopes...
2026-09-22 17:47:15.688 [info] Getting sessions for read:user,repo,user:email,workflow...
2026-09-22 17:47:15.688 [info] Got 1 sessions for read:user,repo,user:email,workflow...
2026-09-22 17:47:16.965 [info] Getting sessions for all scopes...
2026-09-22 17:47:16.965 [info] Got 1 sessions for all scopes...
2026-09-22 17:47:16.967 [info] Getting sessions for read:user,repo,user:email,workflow...
2026-09-22 17:47:16.967 [info] Got 1 sessions for read:user,repo,user:email,workflow...
2026-09-22 17:48:22.894 [info] Getting sessions for all scopes...
2026-09-22 17:48:22.894 [info] Got 1 sessions for all scopes...
2026-09-22 17:48:22.897 [info] Getting sessions for read:user,repo,user:email,workflow...
2026-09-22 17:48:22.897 [info] Got 1 sessions for read:user,repo,user:email,workflow...
2026-09-22 17:48:23.998 [info] Getting sessions for all scopes...
2026-09-22 17:48:23.998 [info] Got 1 sessions for all scopes...
2026-09-22 17:48:24.000 [info] Getting sessions for read:user,repo,user:email,workflow...
2026-09-22 17:48:24.000 [info] Got 1 sessions for read:user,repo,user:email,workflow...
2026-09-22 17:48:48.858 [info] Getting sessions for all scopes...
2026-09-22 17:48:48.858 [info] Got 1 sessions for all scopes...
2026-09-22 17:48:48.861 [info] Getting sessions for read:user,repo,user:email,workflow...
2026-09-22 17:48:48.861 [info] Got 1 sessions for read:user,repo,user:email,workflow...
2026-09-22 17:48:49.171 [info] Getting sessions for all scopes...
2026-09-22 17:48:49.172 [info] Got 1 sessions for all scopes...
2026-09-22 17:48:49.187 [info] Getting sessions for read:user,repo,user:email,workflow...
2026-09-22 17:48:49.187 [info] Got 1 sessions for read:user,repo,user:email,workflow...
2026-09-22 17:49:23.997 [info] Getting sessions for all scopes...
2026-09-22 17:49:23.997 [info] Got 1 sessions for all scopes...
2026-09-22 17:49:24.001 [info] Getting sessions for read:user,repo,user:email,workflow...
2026-09-22 17:49:24.001 [info] Got 1 sessions for read:user,repo,user:email,workflow...
2026-09-22 17:49:25.012 [info] Getting sessions for all scopes...
2026-09-22 17:49:25.013 [info] Got 1 sessions for all scopes...
2026-09-22 17:49:25.016 [info] Getting sessions for read:user,repo,user:email,workflow...
2026-09-22 17:49:25.016 [info] Got 1 sessions for read:user,repo,user:email,workflow...
2026-09-22 17:50:25.015 [info] Getting sessions for all scopes...
2026-09-22 17:50:25.015 [info] Got 1 sessions for all scopes...
2026-09-22 17:50:25.017 [info] Getting sessions for read:user,repo,user:email,workflow...
2026-09-22 17:50:25.017 [info] Got 1 sessions for read:user,repo,user:email,workflow...
2026-09-22 17:50:26.085 [info] Getting sessions for all scopes...
2026-09-22 17:50:26.085 [info] Got 1 sessions for all scopes...
2026-09-22 17:50:26.107 [info] Getting sessions for read:user,repo,user:email,workflow...
2026-09-22 17:50:26.107 [info] Got 1 sessions for read:user,repo,user:email,workflow...
2026-09-22 17:51:26.076 [info] Getting sessions for all scopes...
2026-09-22 17:51:26.076 [info] Got 1 sessions for all scopes...
2026-09-22 17:51:26.079 [info] Getting sessions for read:user,repo,user:email,workflow...
2026-09-22 17:51:26.079 [info] Got 1 sessions for read:user,repo,user:email,workflow...
2026-09-22 17:51:27.153 [info] Getting sessions for all scopes...
2026-09-22 17:51:27.153 [info] Got 1 sessions for all scopes...
2026-09-22 17:51:27.156 [info] Getting sessions for read:user,repo,user:email,workflow...
2026-09-22 17:51:27.156 [info] Got 1 sessions for read:user,repo,user:email,workflow...
2026-09-22 17:52:27.158 [info] Getting sessions for all scopes...
2026-09-22 17:52:27.158 [info] Got 1 sessions for all scopes...
2026-09-22 17:52:27.161 [info] Getting sessions for read:user,repo,user:email,workflow...
2026-09-22 17:52:27.161 [info] Got 1 sessions for read:user,repo,user:email,workflow...
2026-09-22 17:52:28.309 [info] Getting sessions for all scopes...
2026-09-22 17:52:28.309 [info] Got 1 sessions for all scopes...
2026-09-22 17:52:28.314 [info] Getting sessions for read:user,repo,user:email,workflow...
2026-09-22 17:52:28.314 [info] Got 1 sessions for read:user,repo,user:email,workflow...
2026-09-22 17:53:31.455 [info] Getting sessions for all scopes...
2026-09-22 17:53:31.455 [info] Got 1 sessions for all scopes...
2026-09-22 17:53:31.491 [info] Getting sessions for read:user,repo,user:email,workflow...
2026-09-22 17:53:31.491 [info] Got 1 sessions for read:user,repo,user:email,workflow...
2026-09-22 17:53:31.575 [info] Getting sessions for all scopes...
2026-09-22 17:53:31.575 [info] Got 1 sessions for all scopes...
2026-09-22 17:53:31.578 [info] Getting sessions for all scopes...
2026-09-22 17:53:31.578 [info] Got 1 sessions for all scopes...
2026-09-22 17:53:32.634 [info] Getting sessions for all scopes...
2026-09-22 17:53:32.634 [info] Got 1 sessions for all scopes...
2026-09-22 17:53:32.637 [info] Getting sessions for read:user,repo,user:email,workflow...
2026-09-22 17:53:32.637 [info] Got 1 sessions for read:user,repo,user:email,workflow...
2026-09-22 18:09:16.216 [info] Getting sessions for all scopes...
2026-09-22 18:09:16.216 [info] Got 1 sessions for all scopes...
2026-09-22 18:09:16.216 [info] Getting sessions for all scopes...
2026-09-22 18:09:16.216 [info] Got 1 sessions for all scopes...
2026-09-22 18:09:16.219 [info] Getting sessions for read:user,repo,user:email,workflow...
2026-09-22 18:09:16.219 [info] Got 1 sessions for read:user,repo,user:email,workflow...
2026-09-22 18:09:16.649 [info] Getting sessions for all scopes...
2026-09-22 18:09:16.649 [info] Got 1 sessions for all scopes...
2026-09-22 18:09:16.652 [info] Getting sessions for read:user,repo,user:email,workflow...
2026-09-22 18:09:16.652 [info] Got 1 sessions for read:user,repo,user:email,workflow...
2026-09-22 18:09:17.385 [info] Getting sessions for all scopes...
2026-09-22 18:09:17.385 [info] Got 1 sessions for all scopes...
2026-09-22 18:09:17.387 [info] Getting sessions for read:user,repo,user:email,workflow...
2026-09-22 18:09:17.387 [info] Got 1 sessions for read:user,repo,user:email,workflow...
2026-09-22 18:09:25.995 [info] Getting sessions for all scopes...
2026-09-22 18:09:25.995 [info] Got 1 sessions for all scopes...
2026-09-22 18:09:25.998 [info] Getting sessions for read:user,repo,user:email,workflow...
2026-09-22 18:09:25.998 [info] Got 1 sessions for read:user,repo,user:email,workflow...
2026-09-22 18:09:26.178 [info] Getting sessions for all scopes...
2026-09-22 18:09:26.178 [info] Got 1 sessions for all scopes...
2026-09-22 18:09:26.182 [info] Getting sessions for all scopes...
2026-09-22 18:09:26.182 [info] Got 1 sessions for all scopes...
2026-09-22 18:09:26.872 [info] Getting sessions for all scopes...
2026-09-22 18:09:26.872 [info] Got 1 sessions for all scopes...
2026-09-22 18:09:26.874 [info] Getting sessions for read:user,repo,user:email,workflow...
2026-09-22 18:09:26.874 [info] Got 1 sessions for read:user,repo,user:email,workflow...
2026-09-22 18:10:29.987 [info] Getting sessions for all scopes...
2026-09-22 18:10:29.987 [info] Got 1 sessions for all scopes...
2026-09-22 18:10:30.115 [info] Getting sessions for all scopes...
2026-09-22 18:10:30.115 [info] Got 1 sessions for all scopes...
2026-09-22 18:10:30.122 [info] Getting sessions for all scopes...
2026-09-22 18:10:30.122 [info] Got 1 sessions for all scopes...
2026-09-22 18:10:30.127 [info] Getting sessions for read:user,repo,user:email,workflow...
2026-09-22 18:10:30.128 [info] Got 1 sessions for read:user,repo,user:email,workflow...
2026-09-22 18:10:31.265 [info] Getting sessions for all scopes...
2026-09-22 18:10:31.265 [info] Got 1 sessions for all scopes...
2026-09-22 18:10:31.267 [info] Getting sessions for read:user,repo,user:email,workflow...
2026-09-22 18:10:31.267 [info] Got 1 sessions for read:user,repo,user:email,workflow...
2026-09-22 18:10:35.037 [info] Getting sessions for all scopes...
2026-09-22 18:10:35.037 [info] Got 1 sessions for all scopes...
2026-09-22 18:10:35.042 [info] Getting sessions for read:user,repo,user:email,workflow...
2026-09-22 18:10:35.042 [info] Got 1 sessions for read:user,repo,user:email,workflow...
2026-09-22 18:10:35.097 [info] Getting sessions for all scopes...
2026-09-22 18:10:35.098 [info] Got 1 sessions for all scopes...
2026-09-22 18:10:35.103 [info] Getting sessions for all scopes...
2026-09-22 18:10:35.103 [info] Got 1 sessions for all scopes...
2026-09-22 18:10:35.844 [info] Getting sessions for all scopes...
2026-09-22 18:10:35.844 [info] Got 1 sessions for all scopes...
2026-09-22 18:10:35.846 [info] Getting sessions for read:user,repo,user:email,workflow...
2026-09-22 18:10:35.846 [info] Got 1 sessions for read:user,repo,user:email,workflow...
2026-09-22 18:11:35.841 [info] Getting sessions for all scopes...
2026-09-22 18:11:35.841 [info] Got 1 sessions for all scopes...
2026-09-22 18:11:35.843 [info] Getting sessions for read:user,repo,user:email,workflow...
2026-09-22 18:11:35.844 [info] Got 1 sessions for read:user,repo,user:email,workflow...
2026-09-22 18:11:37.348 [info] Getting sessions for all scopes...
2026-09-22 18:11:37.348 [info] Got 1 sessions for all scopes...
2026-09-22 18:11:37.352 [info] Getting sessions for read:user,repo,user:email,workflow...
2026-09-22 18:11:37.352 [info] Got 1 sessions for read:user,repo,user:email,workflow...
2026-09-22 18:15:13.698 [info] Getting sessions for all scopes...
2026-09-22 18:15:13.698 [info] Got 1 sessions for all scopes...
2026-09-22 18:15:13.700 [info] Getting sessions for all scopes...
2026-09-22 18:15:13.700 [info] Got 1 sessions for all scopes...
2026-09-22 18:15:21.411 [info] Getting sessions for all scopes...
2026-09-22 18:15:21.411 [info] Got 1 sessions for all scopes...
2026-09-22 18:15:21.413 [info] Getting sessions for read:user,repo,user:email,workflow...
2026-09-22 18:15:21.413 [info] Got 1 sessions for read:user,repo,user:email,workflow...
2026-09-22 18:15:22.588 [info] Getting sessions for all scopes...
2026-09-22 18:15:22.588 [info] Got 1 sessions for all scopes...
2026-09-22 18:15:22.592 [info] Getting sessions for read:user,repo,user:email,workflow...
2026-09-22 18:15:22.592 [info] Got 1 sessions for read:user,repo,user:email,workflow...
2026-09-22 18:16:57.578 [info] Getting sessions for all scopes...
2026-09-22 18:16:57.578 [info] Got 1 sessions for all scopes...
2026-09-22 18:16:57.701 [info] Getting sessions for read:user,repo,user:email,workflow...
2026-09-22 18:16:57.701 [info] Got 1 sessions for read:user,repo,user:email,workflow...
2026-09-22 18:16:57.704 [info] Getting sessions for all scopes...
2026-09-22 18:16:57.704 [info] Got 1 sessions for all scopes...
2026-09-22 18:16:57.717 [info] Getting sessions for all scopes...
2026-09-22 18:16:57.717 [info] Got 1 sessions for all scopes...
2026-09-22 18:16:58.871 [info] Getting sessions for all scopes...
2026-09-22 18:16:58.871 [info] Got 1 sessions for all scopes...
2026-09-22 18:16:58.876 [info] Getting sessions for read:user,repo,user:email,workflow...
2026-09-22 18:16:58.876 [info] Got 1 sessions for read:user,repo,user:email,workflow...
2026-09-22 18:17:58.872 [info] Getting sessions for all scopes...
2026-09-22 18:17:58.872 [info] Got 1 sessions for all scopes...
2026-09-22 18:17:58.874 [info] Getting sessions for read:user,repo,user:email,workflow...
2026-09-22 18:17:58.874 [info] Got 1 sessions for read:user,repo,user:email,workflow...
2026-09-22 18:17:59.858 [info] Getting sessions for all scopes...
2026-09-22 18:17:59.858 [info] Got 1 sessions for all scopes...
2026-09-22 18:17:59.860 [info] Getting sessions for read:user,repo,user:email,workflow...
2026-09-22 18:17:59.860 [info] Got 1 sessions for read:user,repo,user:email,workflow...
2026-09-22 18:19:16.204 [info] Getting sessions for all scopes...
2026-09-22 18:19:16.204 [info] Got 1 sessions for all scopes...
2026-09-22 18:19:16.205 [info] Getting sessions for read:user,repo,user:email,workflow...
2026-09-22 18:19:16.205 [info] Got 1 sessions for read:user,repo,user:email,workflow...
2026-09-22 18:19:16.597 [info] Getting sessions for all scopes...
2026-09-22 18:19:16.597 [info] Got 1 sessions for all scopes...
2026-09-22 18:19:16.599 [info] Getting sessions for read:user,repo,user:email,workflow...
2026-09-22 18:19:16.599 [info] Got 1 sessions for read:user,repo,user:email,workflow...
2026-09-22 18:19:48.890 [info] Getting sessions for all scopes...
2026-09-22 18:19:48.892 [info] Got 1 sessions for all scopes...
2026-09-22 18:19:48.894 [info] Getting sessions for all scopes...
2026-09-22 18:19:48.894 [info] Got 1 sessions for all scopes...
2026-09-22 18:19:55.154 [info] Getting sessions for all scopes...
2026-09-22 18:19:55.154 [info] Got 1 sessions for all scopes...
2026-09-22 18:19:55.156 [info] Getting sessions for read:user,repo,user:email,workflow...
2026-09-22 18:19:55.156 [info] Got 1 sessions for read:user,repo,user:email,workflow...
2026-09-22 18:19:56.199 [info] Getting sessions for all scopes...
2026-09-22 18:19:56.199 [info] Got 1 sessions for all scopes...
2026-09-22 18:19:56.203 [info] Getting sessions for read:user,repo,user:email,workflow...
2026-09-22 18:19:56.203 [info] Got 1 sessions for read:user,repo,user:email,workflow...
2026-09-22 18:20:56.201 [info] Getting sessions for all scopes...
2026-09-22 18:20:56.201 [info] Got 1 sessions for all scopes...
2026-09-22 18:20:56.205 [info] Getting sessions for read:user,repo,user:email,workflow...
2026-09-22 18:20:56.205 [info] Got 1 sessions for read:user,repo,user:email,workflow...
2026-09-22 18:20:57.470 [info] Getting sessions for all scopes...
2026-09-22 18:20:57.470 [info] Got 1 sessions for all scopes...
2026-09-22 18:20:57.472 [info] Getting sessions for read:user,repo,user:email,workflow...
2026-09-22 18:20:57.472 [info] Got 1 sessions for read:user,repo,user:email,workflow...
2026-09-22 18:21:57.471 [info] Getting sessions for all scopes...
2026-09-22 18:21:57.471 [info] Got 1 sessions for all scopes...
2026-09-22 18:21:57.473 [info] Getting sessions for read:user,repo,user:email,workflow...
2026-09-22 18:21:57.473 [info] Got 1 sessions for read:user,repo,user:email,workflow...
2026-09-22 18:21:58.524 [info] Getting sessions for all scopes...
2026-09-22 18:21:58.524 [info] Got 1 sessions for all scopes...
2026-09-22 18:21:58.526 [info] Getting sessions for read:user,repo,user:email,workflow...
2026-09-22 18:21:58.526 [info] Got 1 sessions for read:user,repo,user:email,workflow...
2026-09-22 18:22:57.556 [info] Getting sessions for all scopes...
2026-09-22 18:22:57.556 [info] Got 1 sessions for all scopes...
2026-09-22 18:22:57.568 [info] Getting sessions for read:user,repo,user:email,workflow...
2026-09-22 18:22:57.568 [info] Got 1 sessions for read:user,repo,user:email,workflow...
2026-09-22 18:22:57.688 [info] Getting sessions for all scopes...
2026-09-22 18:22:57.689 [info] Got 1 sessions for all scopes...
2026-09-22 18:22:57.695 [info] Getting sessions for all scopes...
2026-09-22 18:22:57.695 [info] Got 1 sessions for all scopes...
2026-09-22 18:22:58.634 [info] Getting sessions for all scopes...
2026-09-22 18:22:58.634 [info] Got 1 sessions for all scopes...
2026-09-22 18:22:58.635 [info] Getting sessions for read:user,repo,user:email,workflow...
2026-09-22 18:22:58.635 [info] Got 1 sessions for read:user,repo,user:email,workflow...
2026-09-22 18:23:32.463 [info] Getting sessions for all scopes...
2026-09-22 18:23:32.463 [info] Got 1 sessions for all scopes...
2026-09-22 18:23:32.471 [info] Getting sessions for read:user,repo,user:email,workflow...
2026-09-22 18:23:32.471 [info] Got 1 sessions for read:user,repo,user:email,workflow...
2026-09-22 18:23:32.628 [info] Getting sessions for all scopes...
2026-09-22 18:23:32.628 [info] Got 1 sessions for all scopes...
2026-09-22 18:23:32.633 [info] Getting sessions for all scopes...
2026-09-22 18:23:32.633 [info] Got 1 sessions for all scopes...
2026-09-22 18:23:33.562 [info] Getting sessions for all scopes...
2026-09-22 18:23:33.562 [info] Got 1 sessions for all scopes...
2026-09-22 18:23:33.564 [info] Getting sessions for read:user,repo,user:email,workflow...
2026-09-22 18:23:33.564 [info] Got 1 sessions for read:user,repo,user:email,workflow...
2026-09-22 18:23:38.473 [info] Getting sessions for all scopes...
2026-09-22 18:23:38.473 [info] Got 1 sessions for all scopes...
2026-09-22 18:23:38.498 [info] Getting sessions for read:user,repo,user:email,workflow...
2026-09-22 18:23:38.499 [info] Got 1 sessions for read:user,repo,user:email,workflow...
2026-09-22 18:23:38.566 [info] Getting sessions for all scopes...
2026-09-22 18:23:38.566 [info] Got 1 sessions for all scopes...
2026-09-22 18:23:38.574 [info] Getting sessions for all scopes...
2026-09-22 18:23:38.574 [info] Got 1 sessions for all scopes...
2026-09-22 18:23:39.452 [info] Getting sessions for all scopes...
2026-09-22 18:23:39.452 [info] Got 1 sessions for all scopes...
2026-09-22 18:23:39.454 [info] Getting sessions for read:user,repo,user:email,workflow...
2026-09-22 18:23:39.454 [info] Got 1 sessions for read:user,repo,user:email,workflow...
2026-09-22 18:23:47.643 [info] Getting sessions for all scopes...
2026-09-22 18:23:47.643 [info] Got 1 sessions for all scopes...
2026-09-22 18:23:47.654 [info] Getting sessions for read:user,repo,user:email,workflow...
2026-09-22 18:23:47.654 [info] Got 1 sessions for read:user,repo,user:email,workflow...
2026-09-22 18:23:47.724 [info] Getting sessions for all scopes...
2026-09-22 18:23:47.724 [info] Got 1 sessions for all scopes...
2026-09-22 18:23:47.738 [info] Getting sessions for all scopes...
2026-09-22 18:23:47.738 [info] Got 1 sessions for all scopes...
2026-09-22 18:23:48.497 [info] Getting sessions for all scopes...
2026-09-22 18:23:48.497 [info] Got 1 sessions for all scopes...
2026-09-22 18:23:48.500 [info] Getting sessions for read:user,repo,user:email,workflow...
2026-09-22 18:23:48.500 [info] Got 1 sessions for read:user,repo,user:email,workflow...
2026-09-22 18:26:30.768 [info] Getting sessions for all scopes...
2026-09-22 18:26:30.768 [info] Got 1 sessions for all scopes...
2026-09-22 18:26:30.769 [info] Getting sessions for all scopes...
2026-09-22 18:26:30.769 [info] Got 1 sessions for all scopes...
2026-09-22 18:26:31.612 [info] Getting sessions for all scopes...
2026-09-22 18:26:31.613 [info] Got 1 sessions for all scopes...
2026-09-22 18:26:31.626 [info] Getting sessions for read:user,repo,user:email,workflow...
2026-09-22 18:26:31.626 [info] Got 1 sessions for read:user,repo,user:email,workflow...
2026-09-22 18:26:32.724 [info] Getting sessions for all scopes...
2026-09-22 18:26:32.724 [info] Got 1 sessions for all scopes...
2026-09-22 18:26:32.733 [info] Getting sessions for read:user,repo,user:email,workflow...
2026-09-22 18:26:32.733 [info] Got 1 sessions for read:user,repo,user:email,workflow...
2026-09-22 18:27:32.707 [info] Getting sessions for all scopes...
2026-09-22 18:27:32.707 [info] Got 1 sessions for all scopes...
2026-09-22 18:27:32.710 [info] Getting sessions for read:user,repo,user:email,workflow...
2026-09-22 18:27:32.710 [info] Got 1 sessions for read:user,repo,user:email,workflow...
2026-09-22 18:27:33.852 [info] Getting sessions for all scopes...
2026-09-22 18:27:33.852 [info] Got 1 sessions for all scopes...
2026-09-22 18:27:33.855 [info] Getting sessions for read:user,repo,user:email,workflow...
2026-09-22 18:27:33.855 [info] Got 1 sessions for read:user,repo,user:email,workflow...
2026-09-22 18:28:29.128 [info] Getting sessions for all scopes...
2026-09-22 18:28:29.128 [info] Got 1 sessions for all scopes...
2026-09-22 18:28:29.129 [info] Getting sessions for read:user,repo,user:email,workflow...
2026-09-22 18:28:29.129 [info] Got 1 sessions for read:user,repo,user:email,workflow...
2026-09-22 18:28:33.852 [info] Getting sessions for all scopes...
2026-09-22 18:28:33.852 [info] Got 1 sessions for all scopes...
2026-09-22 18:28:33.854 [info] Getting sessions for read:user,repo,user:email,workflow...
2026-09-22 18:28:33.855 [info] Got 1 sessions for read:user,repo,user:email,workflow...
2026-09-22 18:28:34.837 [info] Getting sessions for all scopes...
2026-09-22 18:28:34.837 [info] Got 1 sessions for all scopes...
2026-09-22 18:28:34.839 [info] Getting sessions for read:user,repo,user:email,workflow...
2026-09-22 18:28:34.839 [info] Got 1 sessions for read:user,repo,user:email,workflow...
2026-09-22 18:29:16.203 [info] Getting sessions for all scopes...
2026-09-22 18:29:16.203 [info] Got 1 sessions for all scopes...
2026-09-22 18:29:16.206 [info] Getting sessions for read:user,repo,user:email,workflow...
2026-09-22 18:29:16.207 [info] Got 1 sessions for read:user,repo,user:email,workflow...
2026-09-22 18:29:16.624 [info] Getting sessions for all scopes...
2026-09-22 18:29:16.624 [info] Got 1 sessions for all scopes...
2026-09-22 18:29:16.629 [info] Getting sessions for read:user,repo,user:email,workflow...
2026-09-22 18:29:16.629 [info] Got 1 sessions for read:user,repo,user:email,workflow...
2026-09-22 18:29:34.839 [info] Getting sessions for all scopes...
2026-09-22 18:29:34.840 [info] Got 1 sessions for all scopes...
2026-09-22 18:29:34.842 [info] Getting sessions for read:user,repo,user:email,workflow...
2026-09-22 18:29:34.842 [info] Got 1 sessions for read:user,repo,user:email,workflow...
2026-09-22 18:29:35.813 [info] Getting sessions for all scopes...
2026-09-22 18:29:35.813 [info] Got 1 sessions for all scopes...
2026-09-22 18:29:35.816 [info] Getting sessions for read:user,repo,user:email,workflow...
2026-09-22 18:29:35.816 [info] Got 1 sessions for read:user,repo,user:email,workflow...
2026-09-22 18:30:35.817 [info] Getting sessions for all scopes...
2026-09-22 18:30:35.817 [info] Got 1 sessions for all scopes...
2026-09-22 18:30:35.819 [info] Getting sessions for read:user,repo,user:email,workflow...
2026-09-22 18:30:35.819 [info] Got 1 sessions for read:user,repo,user:email,workflow...
2026-09-22 18:30:36.929 [info] Getting sessions for all scopes...
2026-09-22 18:30:36.929 [info] Got 1 sessions for all scopes...
2026-09-22 18:30:36.932 [info] Getting sessions for read:user,repo,user:email,workflow...
2026-09-22 18:30:36.932 [info] Got 1 sessions for read:user,repo,user:email,workflow...
2026-09-22 18:31:36.933 [info] Getting sessions for all scopes...
2026-09-22 18:31:36.933 [info] Got 1 sessions for all scopes...
2026-09-22 18:31:36.936 [info] Getting sessions for read:user,repo,user:email,workflow...
2026-09-22 18:31:36.936 [info] Got 1 sessions for read:user,repo,user:email,workflow...
2026-09-22 18:31:38.273 [info] Getting sessions for all scopes...
2026-09-22 18:31:38.273 [info] Got 1 sessions for all scopes...
2026-09-22 18:31:38.275 [info] Getting sessions for read:user,repo,user:email,workflow...
2026-09-22 18:31:38.275 [info] Got 1 sessions for read:user,repo,user:email,workflow...
2026-09-22 18:32:09.842 [info] Getting sessions for all scopes...
2026-09-22 18:32:09.842 [info] Got 1 sessions for all scopes...
2026-09-22 18:32:09.844 [info] Getting sessions for read:user,repo,user:email,workflow...
2026-09-22 18:32:09.844 [info] Got 1 sessions for read:user,repo,user:email,workflow...
2026-09-22 18:32:10.882 [info] Getting sessions for all scopes...
2026-09-22 18:32:10.882 [info] Got 1 sessions for all scopes...
2026-09-22 18:32:10.884 [info] Getting sessions for read:user,repo,user:email,workflow...
2026-09-22 18:32:10.884 [info] Got 1 sessions for read:user,repo,user:email,workflow...
2026-09-22 18:33:10.884 [info] Getting sessions for all scopes...
2026-09-22 18:33:10.884 [info] Got 1 sessions for all scopes...
2026-09-22 18:33:10.886 [info] Getting sessions for read:user,repo,user:email,workflow...
2026-09-22 18:33:10.886 [info] Got 1 sessions for read:user,repo,user:email,workflow...
2026-09-22 18:33:11.949 [info] Getting sessions for all scopes...
2026-09-22 18:33:11.949 [info] Got 1 sessions for all scopes...
2026-09-22 18:33:11.950 [info] Getting sessions for read:user,repo,user:email,workflow...
2026-09-22 18:33:11.950 [info] Got 1 sessions for read:user,repo,user:email,workflow...
2026-09-22 18:34:11.966 [info] Getting sessions for all scopes...
2026-09-22 18:34:11.966 [info] Got 1 sessions for all scopes...
2026-09-22 18:34:11.977 [info] Getting sessions for read:user,repo,user:email,workflow...
2026-09-22 18:34:11.978 [info] Got 1 sessions for read:user,repo,user:email,workflow...
2026-09-22 18:34:13.086 [info] Getting sessions for all scopes...
2026-09-22 18:34:13.086 [info] Got 1 sessions for all scopes...
2026-09-22 18:34:13.091 [info] Getting sessions for read:user,repo,user:email,workflow...
2026-09-22 18:34:13.091 [info] Got 1 sessions for read:user,repo,user:email,workflow...
2026-09-22 18:35:13.076 [info] Getting sessions for all scopes...
2026-09-22 18:35:13.076 [info] Got 1 sessions for all scopes...
2026-09-22 18:35:13.079 [info] Getting sessions for read:user,repo,user:email,workflow...
2026-09-22 18:35:13.079 [info] Got 1 sessions for read:user,repo,user:email,workflow...
2026-09-22 18:35:14.153 [info] Getting sessions for all scopes...
2026-09-22 18:35:14.153 [info] Got 1 sessions for all scopes...
2026-09-22 18:35:14.156 [info] Getting sessions for read:user,repo,user:email,workflow...
2026-09-22 18:35:14.156 [info] Got 1 sessions for read:user,repo,user:email,workflow...
2026-09-22 18:36:14.152 [info] Getting sessions for all scopes...
2026-09-22 18:36:14.152 [info] Got 1 sessions for all scopes...
2026-09-22 18:36:14.153 [info] Getting sessions for read:user,repo,user:email,workflow...
2026-09-22 18:36:14.153 [info] Got 1 sessions for read:user,repo,user:email,workflow...
2026-09-22 18:36:15.165 [info] Getting sessions for all scopes...
2026-09-22 18:36:15.165 [info] Got 1 sessions for all scopes...
2026-09-22 18:36:15.167 [info] Getting sessions for read:user,repo,user:email,workflow...
2026-09-22 18:36:15.167 [info] Got 1 sessions for read:user,repo,user:email,workflow...
2026-09-22 18:37:18.241 [info] Getting sessions for all scopes...
2026-09-22 18:37:18.241 [info] Got 1 sessions for all scopes...
2026-09-22 18:37:18.244 [info] Getting sessions for read:user,repo,user:email,workflow...
2026-09-22 18:37:18.244 [info] Got 1 sessions for read:user,repo,user:email,workflow...
2026-09-22 18:37:19.387 [info] Getting sessions for all scopes...
2026-09-22 18:37:19.387 [info] Got 1 sessions for all scopes...
2026-09-22 18:37:19.389 [info] Getting sessions for read:user,repo,user:email,workflow...
2026-09-22 18:37:19.389 [info] Got 1 sessions for read:user,repo,user:email,workflow...
2026-09-22 18:38:19.389 [info] Getting sessions for all scopes...
2026-09-22 18:38:19.389 [info] Got 1 sessions for all scopes...
2026-09-22 18:38:19.394 [info] Getting sessions for read:user,repo,user:email,workflow...
2026-09-22 18:38:19.394 [info] Got 1 sessions for read:user,repo,user:email,workflow...
2026-09-22 18:38:20.436 [info] Getting sessions for all scopes...
2026-09-22 18:38:20.436 [info] Got 1 sessions for all scopes...
2026-09-22 18:38:20.439 [info] Getting sessions for read:user,repo,user:email,workflow...
2026-09-22 18:38:20.439 [info] Got 1 sessions for read:user,repo,user:email,workflow...
2026-09-22 18:39:16.216 [info] Getting sessions for all scopes...
2026-09-22 18:39:16.216 [info] Got 1 sessions for all scopes...
2026-09-22 18:39:16.234 [info] Getting sessions for read:user,repo,user:email,workflow...
2026-09-22 18:39:16.234 [info] Got 1 sessions for read:user,repo,user:email,workflow...
2026-09-22 18:39:16.674 [info] Getting sessions for all scopes...
2026-09-22 18:39:16.674 [info] Got 1 sessions for all scopes...
2026-09-22 18:39:16.676 [info] Getting sessions for read:user,repo,user:email,workflow...
2026-09-22 18:39:16.676 [info] Got 1 sessions for read:user,repo,user:email,workflow...
2026-09-22 18:39:20.440 [info] Getting sessions for all scopes...
2026-09-22 18:39:20.440 [info] Got 1 sessions for all scopes...
2026-09-22 18:39:20.442 [info] Getting sessions for read:user,repo,user:email,workflow...
2026-09-22 18:39:20.442 [info] Got 1 sessions for read:user,repo,user:email,workflow...
2026-09-22 18:39:21.449 [info] Getting sessions for all scopes...
2026-09-22 18:39:21.449 [info] Got 1 sessions for all scopes...
2026-09-22 18:39:21.452 [info] Getting sessions for read:user,repo,user:email,workflow...
2026-09-22 18:39:21.452 [info] Got 1 sessions for read:user,repo,user:email,workflow...
2026-09-22 18:40:21.446 [info] Getting sessions for all scopes...
2026-09-22 18:40:21.446 [info] Got 1 sessions for all scopes...
2026-09-22 18:40:21.447 [info] Getting sessions for read:user,repo,user:email,workflow...
2026-09-22 18:40:21.447 [info] Got 1 sessions for read:user,repo,user:email,workflow...
2026-09-22 18:40:22.566 [info] Getting sessions for all scopes...
2026-09-22 18:40:22.566 [info] Got 1 sessions for all scopes...
2026-09-22 18:40:22.568 [info] Getting sessions for read:user,repo,user:email,workflow...
2026-09-22 18:40:22.568 [info] Got 1 sessions for read:user,repo,user:email,workflow...
2026-09-22 18:42:18.177 [info] Getting sessions for all scopes...
2026-09-22 18:42:18.177 [info] Got 1 sessions for all scopes...
2026-09-22 18:42:18.179 [info] Getting sessions for read:user,repo,user:email,workflow...
2026-09-22 18:42:18.179 [info] Got 1 sessions for read:user,repo,user:email,workflow...
2026-09-22 18:42:19.349 [info] Getting sessions for all scopes...
2026-09-22 18:42:19.349 [info] Got 1 sessions for all scopes...
2026-09-22 18:42:19.355 [info] Getting sessions for read:user,repo,user:email,workflow...
2026-09-22 18:42:19.355 [info] Got 1 sessions for read:user,repo,user:email,workflow...
2026-09-22 18:43:19.347 [info] Getting sessions for all scopes...
2026-09-22 18:43:19.347 [info] Got 1 sessions for all scopes...
2026-09-22 18:43:19.350 [info] Getting sessions for read:user,repo,user:email,workflow...
2026-09-22 18:43:19.351 [info] Got 1 sessions for read:user,repo,user:email,workflow...
2026-09-22 18:43:20.490 [info] Getting sessions for all scopes...
2026-09-22 18:43:20.490 [info] Got 1 sessions for all scopes...
2026-09-22 18:43:20.492 [info] Getting sessions for read:user,repo,user:email,workflow...
2026-09-22 18:43:20.492 [info] Got 1 sessions for read:user,repo,user:email,workflow...
2026-09-22 18:44:20.491 [info] Getting sessions for all scopes...
2026-09-22 18:44:20.491 [info] Got 1 sessions for all scopes...
2026-09-22 18:44:20.493 [info] Getting sessions for read:user,repo,user:email,workflow...
2026-09-22 18:44:20.493 [info] Got 1 sessions for read:user,repo,user:email,workflow...
2026-09-22 18:44:21.585 [info] Getting sessions for all scopes...
2026-09-22 18:44:21.585 [info] Got 1 sessions for all scopes...
2026-09-22 18:44:21.587 [info] Getting sessions for read:user,repo,user:email,workflow...
2026-09-22 18:44:21.587 [info] Got 1 sessions for read:user,repo,user:email,workflow...
2026-09-22 18:45:38.925 [info] Getting sessions for all scopes...
2026-09-22 18:45:38.925 [info] Got 1 sessions for all scopes...
2026-09-22 18:45:38.997 [info] Getting sessions for read:user,repo,user:email,workflow...
2026-09-22 18:45:38.998 [info] Got 1 sessions for read:user,repo,user:email,workflow...
2026-09-22 18:45:39.021 [info] Getting sessions for all scopes...
2026-09-22 18:45:39.021 [info] Got 1 sessions for all scopes...
2026-09-22 18:45:39.024 [info] Getting sessions for all scopes...
2026-09-22 18:45:39.024 [info] Got 1 sessions for all scopes...
2026-09-22 18:45:40.256 [info] Getting sessions for all scopes...
2026-09-22 18:45:40.256 [info] Got 1 sessions for all scopes...
2026-09-22 18:45:40.258 [info] Getting sessions for read:user,repo,user:email,workflow...
2026-09-22 18:45:40.258 [info] Got 1 sessions for read:user,repo,user:email,workflow...
2026-09-22 18:45:40.396 [info] Getting sessions for read:user,user:email...
2026-09-22 18:45:40.396 [info] Got 0 sessions for read:user,user:email...
2026-09-22 18:45:40.396 [info] Getting sessions for all scopes...
2026-09-22 18:45:40.396 [info] Got 1 sessions for all scopes...
2026-09-22 18:45:40.398 [info] Getting sessions for repo...
2026-09-22 18:45:40.398 [info] Got 0 sessions for repo...
2026-09-22 18:45:40.399 [info] Getting sessions for all scopes...
2026-09-22 18:45:40.399 [info] Got 1 sessions for all scopes...
2026-09-22 18:45:44.808 [info] Getting sessions for all scopes...
2026-09-22 18:45:44.808 [info] Got 1 sessions for all scopes...
2026-09-22 18:45:44.892 [info] Getting sessions for read:user,repo,user:email,workflow...
2026-09-22 18:45:44.892 [info] Got 1 sessions for read:user,repo,user:email,workflow...
2026-09-22 18:45:44.910 [info] Getting sessions for all scopes...
2026-09-22 18:45:44.910 [info] Got 1 sessions for all scopes...
2026-09-22 18:45:44.910 [info] Getting sessions for all scopes...
2026-09-22 18:45:44.910 [info] Got 1 sessions for all scopes...
2026-09-22 18:45:45.798 [info] Getting sessions for all scopes...
2026-09-22 18:45:45.799 [info] Got 1 sessions for all scopes...
2026-09-22 18:45:45.804 [info] Getting sessions for read:user,repo,user:email,workflow...
2026-09-22 18:45:45.804 [info] Got 1 sessions for read:user,repo,user:email,workflow...
2026-09-22 18:47:55.185 [info] Getting sessions for all scopes...
2026-09-22 18:47:55.185 [info] Got 1 sessions for all scopes...
2026-09-22 18:47:55.205 [info] Getting sessions for all scopes...
2026-09-22 18:47:55.205 [info] Got 1 sessions for all scopes...
2026-09-22 18:47:55.266 [info] Getting sessions for all scopes...
2026-09-22 18:47:55.266 [info] Got 1 sessions for all scopes...
2026-09-22 18:47:55.305 [info] Getting sessions for read:user,repo,user:email,workflow...
2026-09-22 18:47:55.305 [info] Got 1 sessions for read:user,repo,user:email,workflow...
2026-09-22 18:47:56.549 [info] Getting sessions for all scopes...
2026-09-22 18:47:56.549 [info] Got 1 sessions for all scopes...
2026-09-22 18:47:56.552 [info] Getting sessions for read:user,repo,user:email,workflow...
2026-09-22 18:47:56.552 [info] Got 1 sessions for read:user,repo,user:email,workflow...
2026-09-22 18:48:56.552 [info] Getting sessions for all scopes...
2026-09-22 18:48:56.552 [info] Got 1 sessions for all scopes...
2026-09-22 18:48:56.557 [info] Getting sessions for read:user,repo,user:email,workflow...
2026-09-22 18:48:56.557 [info] Got 1 sessions for read:user,repo,user:email,workflow...
2026-09-22 18:48:57.647 [info] Getting sessions for all scopes...
2026-09-22 18:48:57.648 [info] Got 1 sessions for all scopes...
2026-09-22 18:48:57.650 [info] Getting sessions for read:user,repo,user:email,workflow...
2026-09-22 18:48:57.650 [info] Got 1 sessions for read:user,repo,user:email,workflow...
2026-09-22 19:40:49.166 [info] Getting sessions for all scopes...
2026-09-22 19:40:49.167 [info] Got 1 sessions for all scopes...
2026-09-22 19:40:49.172 [info] Getting sessions for read:user,repo,user:email,workflow...
2026-09-22 19:40:49.172 [info] Got 1 sessions for read:user,repo,user:email,workflow...
2026-09-22 19:40:49.655 [info] Getting sessions for all scopes...
2026-09-22 19:40:49.655 [info] Got 1 sessions for all scopes...
2026-09-22 19:40:49.657 [info] Getting sessions for read:user,repo,user:email,workflow...
2026-09-22 19:40:49.657 [info] Got 1 sessions for read:user,repo,user:email,workflow...
2026-09-24 19:18:12.341 [info] Getting sessions for all scopes...
2026-09-24 19:18:12.342 [info] Got 1 sessions for all scopes...
2026-09-24 19:18:12.600 [info] Getting sessions for all scopes...
2026-09-24 19:18:12.600 [info] Got 1 sessions for all scopes...
2026-09-24 19:18:14.227 [info] Getting sessions for read:user,user:email...
2026-09-24 19:18:14.228 [info] Got 0 sessions for read:user,user:email...
2026-09-24 19:18:14.342 [info] Getting sessions for all scopes...
2026-09-24 19:18:14.342 [info] Got 1 sessions for all scopes...
2026-09-24 19:18:14.348 [info] Getting sessions for repo...
2026-09-24 19:18:14.348 [info] Got 0 sessions for repo...
2026-09-24 19:18:14.483 [info] Getting sessions for all scopes...
2026-09-24 19:18:14.483 [info] Got 1 sessions for all scopes...
2026-09-24 19:19:03.789 [info] Getting sessions for all scopes...
2026-09-24 19:19:03.789 [info] Got 1 sessions for all scopes...
2026-09-24 19:19:04.209 [info] Getting sessions for all scopes...
2026-09-24 19:19:04.210 [info] Got 1 sessions for all scopes...
2026-09-24 19:19:06.320 [info] Getting sessions for all scopes...
2026-09-24 19:19:06.321 [info] Got 1 sessions for all scopes...
2026-09-24 19:19:06.346 [info] Getting sessions for all scopes...
2026-09-24 19:19:06.346 [info] Got 1 sessions for all scopes...
2026-09-24 19:19:06.357 [info] Getting sessions for read:user,repo,user:email,workflow...
2026-09-24 19:19:06.357 [info] Got 1 sessions for read:user,repo,user:email,workflow...
2026-09-24 19:19:08.341 [info] Getting sessions for all scopes...
2026-09-24 19:19:08.343 [info] Got 1 sessions for all scopes...
2026-09-24 19:19:08.389 [info] Getting sessions for read:user,repo,user:email,workflow...
2026-09-24 19:19:08.390 [info] Got 1 sessions for read:user,repo,user:email,workflow...
2026-09-24 19:19:36.347 [info] Getting sessions for all scopes...
2026-09-24 19:19:36.347 [info] Got 1 sessions for all scopes...
2026-09-24 19:19:36.357 [info] Getting sessions for all scopes...
2026-09-24 19:19:36.357 [info] Got 1 sessions for all scopes...
2026-09-24 19:20:10.751 [info] Getting sessions for all scopes...
2026-09-24 19:20:10.751 [info] Got 1 sessions for all scopes...
2026-09-24 19:20:10.783 [info] Getting sessions for all scopes...
2026-09-24 19:20:10.783 [info] Got 1 sessions for all scopes...
2026-09-24 19:20:17.092 [info] Getting sessions for all scopes...
2026-09-24 19:20:17.093 [info] Got 1 sessions for all scopes...
2026-09-24 19:20:17.139 [info] Getting sessions for all scopes...
2026-09-24 19:20:17.139 [info] Got 1 sessions for all scopes...
2026-09-24 19:23:58.411 [info] Getting sessions for all scopes...
2026-09-24 19:23:58.411 [info] Got 1 sessions for all scopes...
2026-09-24 19:23:58.422 [info] Getting sessions for all scopes...
2026-09-24 19:23:58.422 [info] Got 1 sessions for all scopes...
2026-09-24 19:25:26.897 [info] Getting sessions for all scopes...
2026-09-24 19:25:26.898 [info] Got 1 sessions for all scopes...
2026-09-24 19:25:26.899 [info] Getting sessions for all scopes...
2026-09-24 19:25:26.899 [info] Got 1 sessions for all scopes...
2026-09-24 19:27:41.322 [info] Getting sessions for all scopes...
2026-09-24 19:27:41.322 [info] Got 1 sessions for all scopes...
2026-09-24 19:27:41.327 [info] Getting sessions for all scopes...
2026-09-24 19:27:41.327 [info] Got 1 sessions for all scopes...
2026-09-24 19:28:02.336 [info] Getting sessions for all scopes...
2026-09-24 19:28:02.337 [info] Got 1 sessions for all scopes...
2026-09-24 19:28:02.361 [info] Getting sessions for all scopes...
2026-09-24 19:28:02.361 [info] Got 1 sessions for all scopes...
2026-09-24 19:28:21.297 [info] Getting sessions for all scopes...
2026-09-24 19:28:21.297 [info] Got 1 sessions for all scopes...
2026-09-24 19:28:21.303 [info] Getting sessions for all scopes...
2026-09-24 19:28:21.303 [info] Got 1 sessions for all scopes...
2026-09-24 19:28:27.300 [info] Getting sessions for all scopes...
2026-09-24 19:28:27.300 [info] Got 1 sessions for all scopes...
2026-09-24 19:28:27.307 [info] Getting sessions for all scopes...
2026-09-24 19:28:27.307 [info] Got 1 sessions for all scopes...
2026-09-24 19:28:35.276 [info] Getting sessions for all scopes...
2026-09-24 19:28:35.276 [info] Got 1 sessions for all scopes...
2026-09-24 19:28:35.278 [info] Getting sessions for all scopes...
2026-09-24 19:28:35.278 [info] Got 1 sessions for all scopes...
2026-09-24 19:29:06.216 [info] Getting sessions for all scopes...
2026-09-24 19:29:06.263 [info] Got 1 sessions for all scopes...
2026-09-24 19:29:06.282 [info] Getting sessions for read:user,repo,user:email,workflow...
2026-09-24 19:29:06.282 [info] Got 1 sessions for read:user,repo,user:email,workflow...
2026-09-24 19:29:11.169 [info] Getting sessions for all scopes...
2026-09-24 19:29:11.170 [info] Got 1 sessions for all scopes...
2026-09-24 19:29:11.213 [info] Getting sessions for all scopes...
2026-09-24 19:29:11.213 [info] Got 1 sessions for all scopes...
2026-09-24 19:30:00.322 [info] Getting sessions for all scopes...
2026-09-24 19:30:00.322 [info] Got 1 sessions for all scopes...
2026-09-24 19:30:00.348 [info] Getting sessions for all scopes...
2026-09-24 19:30:00.348 [info] Got 1 sessions for all scopes...
2026-09-24 19:33:51.459 [info] Getting sessions for all scopes...
2026-09-24 19:33:51.460 [info] Got 1 sessions for all scopes...
2026-09-24 19:33:51.686 [info] Getting sessions for all scopes...
2026-09-24 19:33:51.686 [info] Got 1 sessions for all scopes...
2026-09-24 19:34:33.270 [info] Getting sessions for all scopes...
2026-09-24 19:34:33.270 [info] Got 1 sessions for all scopes...
2026-09-24 19:34:33.317 [info] Getting sessions for all scopes...
2026-09-24 19:34:33.317 [info] Got 1 sessions for all scopes...
2026-09-24 19:42:18.569 [info] Getting sessions for all scopes...
2026-09-24 19:42:18.570 [info] Got 1 sessions for all scopes...
2026-09-24 19:42:18.621 [info] Getting sessions for all scopes...
2026-09-24 19:42:18.621 [info] Got 1 sessions for all scopes...
2026-09-24 19:42:49.310 [info] Getting sessions for all scopes...
2026-09-24 19:42:49.310 [info] Got 1 sessions for all scopes...
2026-09-24 19:42:49.312 [info] Getting sessions for read:user,repo,user:email,workflow...
2026-09-24 19:42:49.312 [info] Got 1 sessions for read:user,repo,user:email,workflow...
2026-09-24 19:44:40.400 [info] Getting sessions for all scopes...
2026-09-24 19:44:40.400 [info] Got 1 sessions for all scopes...
2026-09-24 19:44:40.408 [info] Getting sessions for all scopes...
2026-09-24 19:44:40.408 [info] Got 1 sessions for all scopes...
2026-09-24 19:44:45.946 [info] Getting sessions for all scopes...
2026-09-24 19:44:45.946 [info] Got 1 sessions for all scopes...
2026-09-24 19:44:45.959 [info] Getting sessions for all scopes...
2026-09-24 19:44:45.960 [info] Got 1 sessions for all scopes...
2026-09-24 19:46:39.205 [info] Getting sessions for all scopes...
2026-09-24 19:46:39.211 [info] Got 1 sessions for all scopes...
2026-09-24 19:46:39.213 [info] Getting sessions for all scopes...
2026-09-24 19:46:39.213 [info] Got 1 sessions for all scopes...
2026-09-24 19:47:21.270 [info] Getting sessions for all scopes...
2026-09-24 19:47:21.270 [info] Got 1 sessions for all scopes...
2026-09-24 19:47:21.569 [info] Getting sessions for all scopes...
2026-09-24 19:47:21.569 [info] Got 1 sessions for all scopes...
2026-09-24 19:54:46.716 [info] Getting sessions for all scopes...
2026-09-24 19:54:46.716 [info] Got 1 sessions for all scopes...
2026-09-24 19:54:46.761 [info] Getting sessions for all scopes...
2026-09-24 19:54:46.762 [info] Got 1 sessions for all scopes...
2026-09-24 19:54:56.661 [info] Getting sessions for all scopes...
2026-09-24 19:54:56.661 [info] Got 1 sessions for all scopes...
2026-09-24 19:54:56.663 [info] Getting sessions for read:user,repo,user:email,workflow...
2026-09-24 19:54:56.663 [info] Got 1 sessions for read:user,repo,user:email,workflow...
2026-09-24 20:09:39.240 [info] Getting sessions for all scopes...
2026-09-24 20:09:39.240 [info] Got 1 sessions for all scopes...
2026-09-24 20:09:39.242 [info] Getting sessions for all scopes...
2026-09-24 20:09:39.242 [info] Got 1 sessions for all scopes...
2026-09-24 20:09:39.689 [info] Getting sessions for all scopes...
2026-09-24 20:09:39.689 [info] Got 1 sessions for all scopes...
2026-09-24 20:09:39.692 [info] Getting sessions for read:user,repo,user:email,workflow...
2026-09-24 20:09:39.692 [info] Got 1 sessions for read:user,repo,user:email,workflow...
2026-09-24 20:10:04.989 [info] Getting sessions for all scopes...
2026-09-24 20:10:04.989 [info] Got 1 sessions for all scopes...
2026-09-24 20:10:05.009 [info] Getting sessions for all scopes...
2026-09-24 20:10:05.009 [info] Got 1 sessions for all scopes...
2026-09-24 20:10:11.814 [info] Getting sessions for all scopes...
2026-09-24 20:10:11.814 [info] Got 1 sessions for all scopes...
2026-09-24 20:10:11.816 [info] Getting sessions for all scopes...
2026-09-24 20:10:11.816 [info] Got 1 sessions for all scopes...
2026-09-24 20:10:25.897 [info] Getting sessions for all scopes...
2026-09-24 20:10:25.897 [info] Got 1 sessions for all scopes...
2026-09-24 20:10:25.898 [info] Getting sessions for all scopes...
2026-09-24 20:10:25.898 [info] Got 1 sessions for all scopes...
2026-09-24 20:10:35.297 [info] Getting sessions for all scopes...
2026-09-24 20:10:35.299 [info] Got 1 sessions for all scopes...
2026-09-24 20:10:35.300 [info] Getting sessions for all scopes...
2026-09-24 20:10:35.300 [info] Got 1 sessions for all scopes...
