2026-09-11 16:59:55.927 [info] Reading sessions from keychain...
2026-09-11 16:59:55.927 [info] Getting sessions for all scopes...
2026-09-11 16:59:56.172 [info] Got stored sessions!
2026-09-11 16:59:56.173 [info] Got 1 verified sessions.
2026-09-11 16:59:56.173 [info] Got 1 sessions for ...
2026-09-11 16:59:56.174 [info] Getting sessions for all scopes...
2026-09-11 16:59:56.174 [info] Got 1 sessions for ...
2026-09-11 16:59:56.176 [info] Getting sessions for all scopes...
2026-09-11 16:59:56.176 [info] Got 1 sessions for ...
2026-09-11 16:59:56.176 [info] Getting sessions for read:user,user:email...
2026-09-11 16:59:56.176 [info] Got 0 sessions for read:user,user:email...
2026-09-11 16:59:56.177 [info] Getting sessions for read:user,user:email...
2026-09-11 16:59:56.177 [info] Got 0 sessions for read:user,user:email...
2026-09-11 16:59:56.180 [info] Getting sessions for read:user,user:email...
2026-09-11 16:59:56.180 [info] Got 0 sessions for read:user,user:email...
2026-09-11 16:59:56.181 [info] Getting sessions for read:user,user:email...
2026-09-11 16:59:56.181 [info] Got 0 sessions for read:user,user:email...
2026-09-11 16:59:56.182 [info] Getting sessions for read:user,user:email...
2026-09-11 16:59:56.183 [info] Got 0 sessions for read:user,user:email...
2026-09-11 16:59:56.184 [info] Getting sessions for read:user,user:email...
2026-09-11 16:59:56.185 [info] Got 0 sessions for read:user,user:email...
2026-09-11 16:59:56.192 [info] Getting sessions for read:user,user:email...
2026-09-11 16:59:56.192 [info] Got 0 sessions for read:user,user:email...
2026-09-11 16:59:56.193 [info] Getting sessions for read:user,user:email...
2026-09-11 16:59:56.193 [info] Got 0 sessions for read:user,user:email...
2026-09-11 16:59:56.509 [info] Getting sessions for all scopes...
2026-09-11 16:59:56.509 [info] Got 1 sessions for ...
2026-09-11 16:59:56.510 [info] Getting sessions for all scopes...
2026-09-11 16:59:56.510 [info] Got 1 sessions for ...
2026-09-11 16:59:56.512 [info] Getting sessions for all scopes...
2026-09-11 16:59:56.512 [info] Got 1 sessions for ...
2026-09-11 16:59:56.527 [info] Getting sessions for all scopes...
2026-09-11 16:59:56.527 [info] Got 1 sessions for ...
2026-09-11 16:59:56.529 [info] Getting sessions for all scopes...
2026-09-11 16:59:56.529 [info] Got 1 sessions for ...
2026-09-11 16:59:56.539 [info] Getting sessions for all scopes...
2026-09-11 16:59:56.540 [info] Got 1 sessions for ...
2026-09-11 16:59:56.543 [info] Getting sessions for all scopes...
2026-09-11 16:59:56.543 [info] Got 1 sessions for ...
2026-09-11 16:59:56.545 [info] Getting sessions for all scopes...
2026-09-11 16:59:56.545 [info] Got 1 sessions for ...
2026-09-11 16:59:56.553 [info] Getting sessions for all scopes...
2026-09-11 16:59:56.553 [info] Got 1 sessions for ...
2026-09-11 17:00:02.800 [info] Getting sessions for repo...
2026-09-11 17:00:02.800 [info] Got 0 sessions for repo...
2026-09-11 17:00:02.800 [info] Getting sessions for repo...
2026-09-11 17:00:02.800 [info] Got 0 sessions for repo...
2026-09-11 17:00:02.800 [info] Getting sessions for repo...
2026-09-11 17:00:02.800 [info] Got 0 sessions for repo...
2026-09-11 17:00:02.800 [info] Getting sessions for repo...
2026-09-11 17:00:02.800 [info] Got 0 sessions for repo...
2026-09-11 17:00:02.801 [info] Getting sessions for repo...
2026-09-11 17:00:02.801 [info] Got 0 sessions for repo...
2026-09-11 17:00:02.801 [info] Getting sessions for repo...
2026-09-11 17:00:02.801 [info] Got 0 sessions for repo...
2026-09-11 17:00:02.801 [info] Getting sessions for repo...
2026-09-11 17:00:02.801 [info] Got 0 sessions for repo...
2026-09-11 17:00:02.801 [info] Getting sessions for repo...
2026-09-11 17:00:02.801 [info] Got 0 sessions for repo...
2026-09-11 17:00:03.068 [info] Getting sessions for all scopes...
2026-09-11 17:00:03.069 [info] Got 1 sessions for ...
2026-09-11 17:00:03.069 [info] Getting sessions for all scopes...
2026-09-11 17:00:03.069 [info] Got 1 sessions for ...
2026-09-11 17:00:03.069 [info] Getting sessions for all scopes...
2026-09-11 17:00:03.069 [info] Got 1 sessions for ...
2026-09-11 17:00:03.069 [info] Getting sessions for all scopes...
2026-09-11 17:00:03.069 [info] Got 1 sessions for ...
2026-09-11 17:00:03.070 [info] Getting sessions for all scopes...
2026-09-11 17:00:03.070 [info] Got 1 sessions for ...
2026-09-11 17:00:03.070 [info] Getting sessions for all scopes...
2026-09-11 17:00:03.070 [info] Got 1 sessions for ...
2026-09-11 17:00:03.071 [info] Getting sessions for all scopes...
2026-09-11 17:00:03.071 [info] Got 1 sessions for ...
2026-09-11 17:00:03.071 [info] Getting sessions for all scopes...
2026-09-11 17:00:03.071 [info] Got 1 sessions for ...
2026-09-11 17:00:03.073 [info] Getting sessions for all scopes...
2026-09-11 17:00:03.073 [info] Got 1 sessions for ...
2026-09-11 17:00:03.073 [info] Getting sessions for all scopes...
2026-09-11 17:00:03.073 [info] Got 1 sessions for ...
2026-09-11 17:00:04.381 [info] Getting sessions for all scopes...
2026-09-11 17:00:04.381 [info] Got 1 sessions for ...
2026-09-11 17:00:04.471 [info] Getting sessions for read:user,repo,user:email,workflow...
2026-09-11 17:00:04.471 [info] Got 1 sessions for read:user,repo,user:email,workflow...
2026-09-11 17:00:05.016 [info] Getting sessions for all scopes...
2026-09-11 17:00:05.016 [info] Got 1 sessions for ...
2026-09-11 17:00:05.021 [info] Getting sessions for read:user,repo,user:email,workflow...
2026-09-11 17:00:05.021 [info] Got 1 sessions for read:user,repo,user:email,workflow...
2026-09-11 17:00:05.564 [info] Getting sessions for all scopes...
2026-09-11 17:00:05.564 [info] Got 1 sessions for ...
2026-09-11 17:00:05.566 [info] Getting sessions for read:user,repo,user:email,workflow...
2026-09-11 17:00:05.567 [info] Got 1 sessions for read:user,repo,user:email,workflow...
2026-09-11 17:00:06.258 [info] Getting sessions for all scopes...
2026-09-11 17:00:06.258 [info] Got 1 sessions for ...
2026-09-11 17:00:06.259 [info] Getting sessions for all scopes...
2026-09-11 17:00:06.259 [info] Got 1 sessions for ...
2026-09-11 17:00:06.262 [info] Getting sessions for read:user,repo,user:email,workflow...
2026-09-11 17:00:06.262 [info] Got 1 sessions for read:user,repo,user:email,workflow...
2026-09-11 17:00:06.722 [info] Getting sessions for all scopes...
2026-09-11 17:00:06.722 [info] Got 1 sessions for ...
2026-09-11 17:00:06.725 [info] Getting sessions for read:user,repo,user:email,workflow...
2026-09-11 17:00:06.726 [info] Got 1 sessions for read:user,repo,user:email,workflow...
2026-09-11 17:00:07.447 [info] Getting sessions for all scopes...
2026-09-11 17:00:07.447 [info] Got 1 sessions for ...
2026-09-11 17:00:07.449 [info] Getting sessions for all scopes...
2026-09-11 17:00:07.449 [info] Got 1 sessions for ...
2026-09-11 17:00:07.453 [info] Getting sessions for read:user,repo,user:email,workflow...
2026-09-11 17:00:07.453 [info] Got 1 sessions for read:user,repo,user:email,workflow...
2026-09-11 17:00:08.292 [info] Getting sessions for all scopes...
2026-09-11 17:00:08.292 [info] Got 1 sessions for ...
2026-09-11 17:00:08.298 [info] Getting sessions for read:user,repo,user:email,workflow...
2026-09-11 17:00:08.308 [info] Got 1 sessions for read:user,repo,user:email,workflow...
2026-09-11 17:00:29.301 [info] Getting sessions for all scopes...
2026-09-11 17:00:29.301 [info] Got 1 sessions for ...
2026-09-11 17:00:29.305 [info] Getting sessions for read:user,repo,user:email,workflow...
2026-09-11 17:00:29.305 [info] Got 1 sessions for read:user,repo,user:email,workflow...
2026-09-11 17:00:29.619 [info] Getting sessions for all scopes...
2026-09-11 17:00:29.619 [info] Got 1 sessions for ...
2026-09-11 17:00:29.623 [info] Getting sessions for read:user,repo,user:email,workflow...
2026-09-11 17:00:29.623 [info] Got 1 sessions for read:user,repo,user:email,workflow...
2026-09-11 17:00:50.437 [info] Getting sessions for all scopes...
2026-09-11 17:00:50.437 [info] Got 1 sessions for ...
2026-09-11 17:00:50.447 [info] Getting sessions for read:user,repo,user:email,workflow...
2026-09-11 17:00:50.447 [info] Got 1 sessions for read:user,repo,user:email,workflow...
2026-09-11 17:00:50.535 [info] Getting sessions for all scopes...
2026-09-11 17:00:50.535 [info] Got 1 sessions for ...
2026-09-11 17:00:50.541 [info] Getting sessions for all scopes...
2026-09-11 17:00:50.542 [info] Got 1 sessions for ...
2026-09-11 17:00:50.872 [info] Getting sessions for all scopes...
2026-09-11 17:00:50.872 [info] Got 1 sessions for ...
2026-09-11 17:00:51.458 [info] Getting sessions for all scopes...
2026-09-11 17:00:51.458 [info] Got 1 sessions for ...
2026-09-11 17:00:51.461 [info] Getting sessions for read:user,repo,user:email,workflow...
2026-09-11 17:00:51.461 [info] Got 1 sessions for read:user,repo,user:email,workflow...
2026-09-11 17:00:56.832 [info] Getting sessions for all scopes...
2026-09-11 17:00:56.832 [info] Got 1 sessions for ...
2026-09-11 17:00:56.873 [info] Getting sessions for read:user,repo,user:email,workflow...
2026-09-11 17:00:56.873 [info] Got 1 sessions for read:user,repo,user:email,workflow...
2026-09-11 17:00:56.940 [info] Getting sessions for all scopes...
2026-09-11 17:00:56.940 [info] Got 1 sessions for ...
2026-09-11 17:00:56.941 [info] Getting sessions for all scopes...
2026-09-11 17:00:56.941 [info] Got 1 sessions for ...
2026-09-11 17:00:57.715 [info] Getting sessions for all scopes...
2026-09-11 17:00:57.715 [info] Got 1 sessions for ...
2026-09-11 17:00:57.721 [info] Getting sessions for read:user,repo,user:email,workflow...
2026-09-11 17:00:57.721 [info] Got 1 sessions for read:user,repo,user:email,workflow...
2026-09-11 17:01:09.599 [info] Reading sessions from keychain...
2026-09-11 17:01:09.599 [info] Getting sessions for all scopes...
2026-09-11 17:01:09.693 [info] Got stored sessions!
2026-09-11 17:01:09.694 [info] Got 1 verified sessions.
2026-09-11 17:01:09.695 [info] Got 1 sessions for ...
2026-09-11 17:01:09.695 [info] Getting sessions for all scopes...
2026-09-11 17:01:09.695 [info] Got 1 sessions for ...
2026-09-11 17:01:09.760 [info] Getting sessions for all scopes...
2026-09-11 17:01:09.760 [info] Got 1 sessions for ...
2026-09-11 17:01:13.878 [info] Getting sessions for all scopes...
2026-09-11 17:01:13.878 [info] Got 1 sessions for ...
2026-09-11 17:01:13.921 [info] Getting sessions for read:user,user:email...
2026-09-11 17:01:13.921 [info] Got 0 sessions for read:user,user:email...
2026-09-11 17:01:14.407 [info] Getting sessions for all scopes...
2026-09-11 17:01:14.407 [info] Got 1 sessions for ...
2026-09-11 17:01:14.421 [info] Getting sessions for all scopes...
2026-09-11 17:01:14.422 [info] Got 1 sessions for ...
2026-09-11 17:01:14.422 [info] Getting sessions for all scopes...
2026-09-11 17:01:14.422 [info] Got 1 sessions for ...
2026-09-11 17:01:14.558 [info] Getting sessions for all scopes...
2026-09-11 17:01:14.559 [info] Got 1 sessions for ...
2026-09-11 17:01:15.017 [info] Getting sessions for repo...
2026-09-11 17:01:15.018 [info] Got 0 sessions for repo...
2026-09-11 17:01:15.026 [info] Getting sessions for read:user,repo,user:email,workflow...
2026-09-11 17:01:15.026 [info] Got 1 sessions for read:user,repo,user:email,workflow...
2026-09-11 17:01:15.227 [info] Getting sessions for all scopes...
2026-09-11 17:01:15.227 [info] Got 1 sessions for ...
2026-09-11 17:01:16.064 [info] Getting sessions for read:user,repo,user:email,workflow...
2026-09-11 17:01:16.064 [info] Got 1 sessions for read:user,repo,user:email,workflow...
2026-09-11 17:01:16.308 [info] Getting sessions for all scopes...
2026-09-11 17:01:16.308 [info] Got 1 sessions for ...
2026-09-11 17:01:16.562 [info] Getting sessions for read:user,repo,user:email,workflow...
2026-09-11 17:01:16.563 [info] Got 1 sessions for read:user,repo,user:email,workflow...
2026-09-11 17:01:17.441 [info] Getting sessions for all scopes...
2026-09-11 17:01:17.441 [info] Got 1 sessions for ...
2026-09-11 17:01:17.441 [info] Getting sessions for all scopes...
2026-09-11 17:01:17.441 [info] Got 1 sessions for ...
2026-09-11 17:01:17.776 [info] Getting sessions for all scopes...
2026-09-11 17:01:17.776 [info] Got 1 sessions for ...
2026-09-11 17:01:17.948 [info] Getting sessions for read:user,repo,user:email,workflow...
2026-09-11 17:01:17.950 [info] Got 1 sessions for read:user,repo,user:email,workflow...
2026-09-11 17:01:18.638 [info] Getting sessions for all scopes...
2026-09-11 17:01:18.638 [info] Got 1 sessions for ...
2026-09-11 17:01:18.767 [info] Getting sessions for read:user,repo,user:email,workflow...
2026-09-11 17:01:18.767 [info] Got 1 sessions for read:user,repo,user:email,workflow...
2026-09-11 17:01:18.779 [info] Getting sessions for all scopes...
2026-09-11 17:01:18.779 [info] Got 1 sessions for ...
2026-09-11 17:01:18.979 [info] Getting sessions for all scopes...
2026-09-11 17:01:18.979 [info] Got 1 sessions for ...
2026-09-11 17:01:18.980 [info] Getting sessions for all scopes...
2026-09-11 17:01:18.980 [info] Got 1 sessions for ...
2026-09-11 17:01:19.017 [info] Getting sessions for read:user,repo,user:email,workflow...
2026-09-11 17:01:19.017 [info] Got 1 sessions for read:user,repo,user:email,workflow...
2026-09-11 17:01:19.906 [info] Getting sessions for all scopes...
2026-09-11 17:01:19.906 [info] Got 1 sessions for ...
2026-09-11 17:01:19.920 [info] Getting sessions for read:user,repo,user:email,workflow...
2026-09-11 17:01:19.920 [info] Got 1 sessions for read:user,repo,user:email,workflow...
2026-09-11 17:01:29.172 [info] Getting sessions for all scopes...
2026-09-11 17:01:29.172 [info] Got 1 sessions for ...
2026-09-11 17:01:29.186 [info] Getting sessions for read:user,repo,user:email,workflow...
2026-09-11 17:01:29.186 [info] Got 1 sessions for read:user,repo,user:email,workflow...
2026-09-11 17:01:29.281 [info] Getting sessions for all scopes...
2026-09-11 17:01:29.281 [info] Got 1 sessions for ...
2026-09-11 17:01:29.301 [info] Getting sessions for all scopes...
2026-09-11 17:01:29.301 [info] Got 1 sessions for ...
2026-09-11 17:01:30.016 [info] Getting sessions for all scopes...
2026-09-11 17:01:30.016 [info] Got 1 sessions for ...
2026-09-11 17:01:30.018 [info] Getting sessions for read:user,repo,user:email,workflow...
2026-09-11 17:01:30.018 [info] Got 1 sessions for read:user,repo,user:email,workflow...
2026-09-11 17:02:30.664 [info] Getting sessions for all scopes...
2026-09-11 17:02:30.664 [info] Got 1 sessions for ...
2026-09-11 17:02:30.665 [info] Getting sessions for all scopes...
2026-09-11 17:02:30.665 [info] Got 1 sessions for ...
2026-09-11 17:02:30.668 [info] Getting sessions for read:user,repo,user:email,workflow...
2026-09-11 17:02:30.668 [info] Got 1 sessions for read:user,repo,user:email,workflow...
2026-09-11 17:02:31.126 [info] Getting sessions for all scopes...
2026-09-11 17:02:31.126 [info] Got 1 sessions for ...
2026-09-11 17:02:31.144 [info] Getting sessions for read:user,repo,user:email,workflow...
2026-09-11 17:02:31.144 [info] Got 1 sessions for read:user,repo,user:email,workflow...
2026-09-11 17:02:31.757 [info] Getting sessions for all scopes...
2026-09-11 17:02:31.757 [info] Got 1 sessions for ...
2026-09-11 17:02:31.770 [info] Getting sessions for read:user,repo,user:email,workflow...
2026-09-11 17:02:31.770 [info] Got 1 sessions for read:user,repo,user:email,workflow...
2026-09-11 17:03:36.321 [info] Getting sessions for all scopes...
2026-09-11 17:03:36.321 [info] Got 1 sessions for ...
2026-09-11 17:03:36.325 [info] Getting sessions for read:user,repo,user:email,workflow...
2026-09-11 17:03:36.325 [info] Got 1 sessions for read:user,repo,user:email,workflow...
2026-09-11 17:03:37.516 [info] Getting sessions for all scopes...
2026-09-11 17:03:37.516 [info] Got 1 sessions for ...
2026-09-11 17:03:37.517 [info] Getting sessions for read:user,repo,user:email,workflow...
2026-09-11 17:03:37.517 [info] Got 1 sessions for read:user,repo,user:email,workflow...
2026-09-11 17:03:38.483 [info] Getting sessions for all scopes...
2026-09-11 17:03:38.483 [info] Got 1 sessions for ...
2026-09-11 17:03:38.494 [info] Getting sessions for read:user,repo,user:email,workflow...
2026-09-11 17:03:38.494 [info] Got 1 sessions for read:user,repo,user:email,workflow...
2026-09-11 17:03:38.583 [info] Getting sessions for all scopes...
2026-09-11 17:03:38.583 [info] Got 1 sessions for ...
2026-09-11 17:03:38.588 [info] Getting sessions for all scopes...
2026-09-11 17:03:38.588 [info] Got 1 sessions for ...
2026-09-11 17:03:39.386 [info] Getting sessions for all scopes...
2026-09-11 17:03:39.386 [info] Got 1 sessions for ...
2026-09-11 17:03:39.403 [info] Getting sessions for read:user,repo,user:email,workflow...
2026-09-11 17:03:39.403 [info] Got 1 sessions for read:user,repo,user:email,workflow...
2026-09-11 17:04:27.517 [info] Getting sessions for all scopes...
2026-09-11 17:04:27.517 [info] Got 1 sessions for ...
2026-09-11 17:04:27.583 [info] Getting sessions for all scopes...
2026-09-11 17:04:27.583 [info] Got 1 sessions for ...
2026-09-11 17:04:27.708 [info] Getting sessions for all scopes...
2026-09-11 17:04:27.708 [info] Got 1 sessions for ...
2026-09-11 17:04:27.825 [info] Getting sessions for read:user,repo,user:email,workflow...
2026-09-11 17:04:27.825 [info] Got 1 sessions for read:user,repo,user:email,workflow...
2026-09-11 17:04:29.023 [info] Getting sessions for all scopes...
2026-09-11 17:04:29.024 [info] Got 1 sessions for ...
2026-09-11 17:04:29.033 [info] Getting sessions for read:user,repo,user:email,workflow...
2026-09-11 17:04:29.033 [info] Got 1 sessions for read:user,repo,user:email,workflow...
2026-09-11 17:04:42.576 [info] Getting sessions for all scopes...
2026-09-11 17:04:42.576 [info] Got 1 sessions for ...
2026-09-11 17:04:42.599 [info] Getting sessions for read:user,repo,user:email,workflow...
2026-09-11 17:04:42.599 [info] Got 1 sessions for read:user,repo,user:email,workflow...
2026-09-11 17:04:42.659 [info] Getting sessions for all scopes...
2026-09-11 17:04:42.660 [info] Got 1 sessions for ...
2026-09-11 17:04:42.663 [info] Getting sessions for all scopes...
2026-09-11 17:04:42.663 [info] Got 1 sessions for ...
2026-09-11 17:04:43.416 [info] Getting sessions for all scopes...
2026-09-11 17:04:43.416 [info] Got 1 sessions for ...
2026-09-11 17:04:43.418 [info] Getting sessions for read:user,repo,user:email,workflow...
2026-09-11 17:04:43.418 [info] Got 1 sessions for read:user,repo,user:email,workflow...
2026-09-11 17:04:54.428 [info] Getting sessions for all scopes...
2026-09-11 17:04:54.428 [info] Got 1 sessions for ...
2026-09-11 17:04:54.486 [info] Getting sessions for read:user,repo,user:email,workflow...
2026-09-11 17:04:54.486 [info] Got 1 sessions for read:user,repo,user:email,workflow...
2026-09-11 17:04:54.543 [info] Getting sessions for all scopes...
2026-09-11 17:04:54.543 [info] Got 1 sessions for ...
2026-09-11 17:04:54.545 [info] Getting sessions for all scopes...
2026-09-11 17:04:54.545 [info] Got 1 sessions for ...
2026-09-11 17:04:55.674 [info] Getting sessions for all scopes...
2026-09-11 17:04:55.674 [info] Got 1 sessions for ...
2026-09-11 17:04:55.676 [info] Getting sessions for read:user,repo,user:email,workflow...
2026-09-11 17:04:55.676 [info] Got 1 sessions for read:user,repo,user:email,workflow...
2026-09-11 17:05:16.099 [info] Getting sessions for all scopes...
2026-09-11 17:05:16.099 [info] Got 1 sessions for ...
2026-09-11 17:05:16.107 [info] Getting sessions for read:user,repo,user:email,workflow...
2026-09-11 17:05:16.107 [info] Got 1 sessions for read:user,repo,user:email,workflow...
2026-09-11 17:05:16.144 [info] Getting sessions for all scopes...
2026-09-11 17:05:16.144 [info] Got 1 sessions for ...
2026-09-11 17:05:16.146 [info] Getting sessions for all scopes...
2026-09-11 17:05:16.146 [info] Got 1 sessions for ...
2026-09-11 17:05:17.015 [info] Getting sessions for all scopes...
2026-09-11 17:05:17.015 [info] Got 1 sessions for ...
2026-09-11 17:05:17.022 [info] Getting sessions for read:user,repo,user:email,workflow...
2026-09-11 17:05:17.022 [info] Got 1 sessions for read:user,repo,user:email,workflow...
2026-09-11 17:05:28.181 [info] Getting sessions for all scopes...
2026-09-11 17:05:28.181 [info] Got 1 sessions for ...
2026-09-11 17:05:28.272 [info] Getting sessions for read:user,repo,user:email,workflow...
2026-09-11 17:05:28.272 [info] Got 1 sessions for read:user,repo,user:email,workflow...
2026-09-11 17:05:28.273 [info] Getting sessions for all scopes...
2026-09-11 17:05:28.273 [info] Got 1 sessions for ...
2026-09-11 17:05:28.285 [info] Getting sessions for all scopes...
2026-09-11 17:05:28.285 [info] Got 1 sessions for ...
2026-09-11 17:05:29.182 [info] Getting sessions for all scopes...
2026-09-11 17:05:29.182 [info] Got 1 sessions for ...
2026-09-11 17:05:29.184 [info] Getting sessions for read:user,repo,user:email,workflow...
2026-09-11 17:05:29.184 [info] Got 1 sessions for read:user,repo,user:email,workflow...
2026-09-11 17:05:39.179 [info] Getting sessions for all scopes...
2026-09-11 17:05:39.179 [info] Got 1 sessions for ...
2026-09-11 17:05:39.191 [info] Getting sessions for read:user,repo,user:email,workflow...
2026-09-11 17:05:39.191 [info] Got 1 sessions for read:user,repo,user:email,workflow...
2026-09-11 17:05:39.334 [info] Getting sessions for all scopes...
2026-09-11 17:05:39.334 [info] Got 1 sessions for ...
2026-09-11 17:05:39.344 [info] Getting sessions for all scopes...
2026-09-11 17:05:39.344 [info] Got 1 sessions for ...
2026-09-11 17:05:40.085 [info] Getting sessions for all scopes...
2026-09-11 17:05:40.085 [info] Got 1 sessions for ...
2026-09-11 17:05:40.088 [info] Getting sessions for read:user,repo,user:email,workflow...
2026-09-11 17:05:40.088 [info] Got 1 sessions for read:user,repo,user:email,workflow...
2026-09-11 17:06:40.085 [info] Getting sessions for all scopes...
2026-09-11 17:06:40.085 [info] Got 1 sessions for ...
2026-09-11 17:06:40.088 [info] Getting sessions for read:user,repo,user:email,workflow...
2026-09-11 17:06:40.088 [info] Got 1 sessions for read:user,repo,user:email,workflow...
2026-09-11 17:06:41.301 [info] Getting sessions for all scopes...
2026-09-11 17:06:41.302 [info] Got 1 sessions for ...
2026-09-11 17:06:41.304 [info] Getting sessions for read:user,repo,user:email,workflow...
2026-09-11 17:06:41.304 [info] Got 1 sessions for read:user,repo,user:email,workflow...
2026-09-11 17:09:03.973 [info] Getting sessions for all scopes...
2026-09-11 17:09:03.973 [info] Got 1 sessions for ...
2026-09-11 17:09:04.351 [info] Getting sessions for read:user,repo,user:email,workflow...
2026-09-11 17:09:04.351 [info] Got 1 sessions for read:user,repo,user:email,workflow...
2026-09-11 17:09:05.714 [info] Getting sessions for all scopes...
2026-09-11 17:09:05.714 [info] Got 1 sessions for ...
2026-09-11 17:09:05.716 [info] Getting sessions for read:user,repo,user:email,workflow...
2026-09-11 17:09:05.716 [info] Got 1 sessions for read:user,repo,user:email,workflow...
2026-09-11 17:10:05.715 [info] Getting sessions for all scopes...
2026-09-11 17:10:05.715 [info] Got 1 sessions for ...
2026-09-11 17:10:05.718 [info] Getting sessions for read:user,repo,user:email,workflow...
2026-09-11 17:10:05.718 [info] Got 1 sessions for read:user,repo,user:email,workflow...
2026-09-11 17:10:06.790 [info] Getting sessions for all scopes...
2026-09-11 17:10:06.790 [info] Got 1 sessions for ...
2026-09-11 17:10:06.791 [info] Getting sessions for read:user,repo,user:email,workflow...
2026-09-11 17:10:06.791 [info] Got 1 sessions for read:user,repo,user:email,workflow...
2026-09-11 17:11:06.792 [info] Getting sessions for all scopes...
2026-09-11 17:11:06.792 [info] Got 1 sessions for ...
2026-09-11 17:11:06.794 [info] Getting sessions for read:user,repo,user:email,workflow...
2026-09-11 17:11:06.794 [info] Got 1 sessions for read:user,repo,user:email,workflow...
2026-09-11 17:11:07.979 [info] Getting sessions for all scopes...
2026-09-11 17:11:07.980 [info] Got 1 sessions for ...
2026-09-11 17:11:07.992 [info] Getting sessions for read:user,repo,user:email,workflow...
2026-09-11 17:11:07.992 [info] Got 1 sessions for read:user,repo,user:email,workflow...
2026-09-11 17:12:07.980 [info] Getting sessions for all scopes...
2026-09-11 17:12:07.980 [info] Got 1 sessions for ...
2026-09-11 17:12:07.981 [info] Getting sessions for read:user,repo,user:email,workflow...
2026-09-11 17:12:07.981 [info] Got 1 sessions for read:user,repo,user:email,workflow...
2026-09-11 17:12:09.047 [info] Getting sessions for all scopes...
2026-09-11 17:12:09.047 [info] Got 1 sessions for ...
2026-09-11 17:12:09.051 [info] Getting sessions for read:user,repo,user:email,workflow...
2026-09-11 17:12:09.051 [info] Got 1 sessions for read:user,repo,user:email,workflow...
2026-09-11 17:12:18.256 [info] Getting sessions for all scopes...
2026-09-11 17:12:18.256 [info] Got 1 sessions for ...
2026-09-11 17:12:18.267 [info] Getting sessions for read:user,repo,user:email,workflow...
2026-09-11 17:12:18.267 [info] Got 1 sessions for read:user,repo,user:email,workflow...
2026-09-11 17:12:19.234 [info] Getting sessions for all scopes...
2026-09-11 17:12:19.234 [info] Got 1 sessions for ...
2026-09-11 17:12:19.241 [info] Getting sessions for read:user,repo,user:email,workflow...
2026-09-11 17:12:19.241 [info] Got 1 sessions for read:user,repo,user:email,workflow...
2026-09-11 17:12:30.664 [info] Getting sessions for all scopes...
2026-09-11 17:12:30.664 [info] Got 1 sessions for ...
2026-09-11 17:12:30.666 [info] Getting sessions for read:user,repo,user:email,workflow...
2026-09-11 17:12:30.666 [info] Got 1 sessions for read:user,repo,user:email,workflow...
2026-09-11 17:12:30.992 [info] Getting sessions for all scopes...
2026-09-11 17:12:30.992 [info] Got 1 sessions for ...
2026-09-11 17:12:30.994 [info] Getting sessions for read:user,repo,user:email,workflow...
2026-09-11 17:12:30.994 [info] Got 1 sessions for read:user,repo,user:email,workflow...
2026-09-11 17:13:19.184 [info] Getting sessions for all scopes...
2026-09-11 17:13:19.184 [info] Got 1 sessions for ...
2026-09-11 17:13:19.186 [info] Getting sessions for read:user,repo,user:email,workflow...
2026-09-11 17:13:19.186 [info] Got 1 sessions for read:user,repo,user:email,workflow...
2026-09-11 17:13:20.260 [info] Getting sessions for all scopes...
2026-09-11 17:13:20.260 [info] Got 1 sessions for ...
2026-09-11 17:13:20.270 [info] Getting sessions for read:user,repo,user:email,workflow...
2026-09-11 17:13:20.270 [info] Got 1 sessions for read:user,repo,user:email,workflow...
2026-09-11 17:14:58.852 [info] Getting sessions for all scopes...
2026-09-11 17:14:58.853 [info] Got 1 sessions for ...
2026-09-11 17:14:58.864 [info] Getting sessions for read:user,repo,user:email,workflow...
2026-09-11 17:14:58.865 [info] Got 1 sessions for read:user,repo,user:email,workflow...
2026-09-11 17:14:59.002 [info] Getting sessions for all scopes...
2026-09-11 17:14:59.003 [info] Got 1 sessions for ...
2026-09-11 17:14:59.015 [info] Getting sessions for all scopes...
2026-09-11 17:14:59.015 [info] Got 1 sessions for ...
2026-09-11 17:14:59.944 [info] Getting sessions for all scopes...
2026-09-11 17:14:59.944 [info] Got 1 sessions for ...
2026-09-11 17:14:59.946 [info] Getting sessions for read:user,repo,user:email,workflow...
2026-09-11 17:14:59.946 [info] Got 1 sessions for read:user,repo,user:email,workflow...
2026-09-11 17:15:29.443 [info] Getting sessions for all scopes...
2026-09-11 17:15:29.444 [info] Got 1 sessions for ...
2026-09-11 17:15:29.446 [info] Getting sessions for read:user,repo,user:email,workflow...
2026-09-11 17:15:29.446 [info] Got 1 sessions for read:user,repo,user:email,workflow...
2026-09-11 17:15:30.469 [info] Getting sessions for all scopes...
2026-09-11 17:15:30.469 [info] Got 1 sessions for ...
2026-09-11 17:15:30.472 [info] Getting sessions for read:user,repo,user:email,workflow...
2026-09-11 17:15:30.472 [info] Got 1 sessions for read:user,repo,user:email,workflow...
2026-09-11 17:16:30.468 [info] Getting sessions for all scopes...
2026-09-11 17:16:30.468 [info] Got 1 sessions for ...
2026-09-11 17:16:30.470 [info] Getting sessions for read:user,repo,user:email,workflow...
2026-09-11 17:16:30.470 [info] Got 1 sessions for read:user,repo,user:email,workflow...
2026-09-11 17:16:31.922 [info] Getting sessions for all scopes...
2026-09-11 17:16:31.922 [info] Got 1 sessions for ...
2026-09-11 17:16:31.925 [info] Getting sessions for read:user,repo,user:email,workflow...
2026-09-11 17:16:31.925 [info] Got 1 sessions for read:user,repo,user:email,workflow...
2026-09-11 17:17:37.147 [info] Getting sessions for all scopes...
2026-09-11 17:17:37.147 [info] Got 1 sessions for ...
2026-09-11 17:17:37.153 [info] Getting sessions for read:user,repo,user:email,workflow...
2026-09-11 17:17:37.153 [info] Got 1 sessions for read:user,repo,user:email,workflow...
2026-09-11 17:17:38.343 [info] Getting sessions for all scopes...
2026-09-11 17:17:38.343 [info] Got 1 sessions for ...
2026-09-11 17:17:38.347 [info] Getting sessions for read:user,repo,user:email,workflow...
2026-09-11 17:17:38.347 [info] Got 1 sessions for read:user,repo,user:email,workflow...
2026-09-11 17:18:09.638 [info] Getting sessions for all scopes...
2026-09-11 17:18:09.638 [info] Got 1 sessions for ...
2026-09-11 17:18:09.721 [info] Getting sessions for read:user,repo,user:email,workflow...
2026-09-11 17:18:09.721 [info] Got 1 sessions for read:user,repo,user:email,workflow...
2026-09-11 17:18:09.726 [info] Getting sessions for all scopes...
2026-09-11 17:18:09.726 [info] Got 1 sessions for ...
2026-09-11 17:18:09.733 [info] Getting sessions for all scopes...
2026-09-11 17:18:09.733 [info] Got 1 sessions for ...
2026-09-11 17:18:10.765 [info] Getting sessions for all scopes...
2026-09-11 17:18:10.765 [info] Got 1 sessions for ...
2026-09-11 17:18:10.767 [info] Getting sessions for read:user,repo,user:email,workflow...
2026-09-11 17:18:10.767 [info] Got 1 sessions for read:user,repo,user:email,workflow...
2026-09-11 17:19:12.047 [info] Getting sessions for all scopes...
2026-09-11 17:19:12.047 [info] Got 1 sessions for ...
2026-09-11 17:19:12.147 [info] Getting sessions for read:user,repo,user:email,workflow...
2026-09-11 17:19:12.147 [info] Got 1 sessions for read:user,repo,user:email,workflow...
2026-09-11 17:19:12.203 [info] Getting sessions for all scopes...
2026-09-11 17:19:12.203 [info] Got 1 sessions for ...
2026-09-11 17:19:12.215 [info] Getting sessions for all scopes...
2026-09-11 17:19:12.215 [info] Got 1 sessions for ...
2026-09-11 17:19:13.291 [info] Getting sessions for all scopes...
2026-09-11 17:19:13.291 [info] Got 1 sessions for ...
2026-09-11 17:19:13.299 [info] Getting sessions for read:user,repo,user:email,workflow...
2026-09-11 17:19:13.299 [info] Got 1 sessions for read:user,repo,user:email,workflow...
2026-09-11 17:19:43.802 [info] Getting sessions for all scopes...
2026-09-11 17:19:43.802 [info] Got 1 sessions for ...
2026-09-11 17:19:43.811 [info] Getting sessions for read:user,repo,user:email,workflow...
2026-09-11 17:19:43.811 [info] Got 1 sessions for read:user,repo,user:email,workflow...
2026-09-11 17:19:44.882 [info] Getting sessions for all scopes...
2026-09-11 17:19:44.882 [info] Got 1 sessions for ...
2026-09-11 17:19:44.883 [info] Getting sessions for read:user,repo,user:email,workflow...
2026-09-11 17:19:44.883 [info] Got 1 sessions for read:user,repo,user:email,workflow...
2026-09-11 17:20:57.884 [info] Getting sessions for all scopes...
2026-09-11 17:20:57.884 [info] Got 1 sessions for ...
2026-09-11 17:20:57.889 [info] Getting sessions for read:user,repo,user:email,workflow...
2026-09-11 17:20:57.889 [info] Got 1 sessions for read:user,repo,user:email,workflow...
2026-09-11 17:20:57.983 [info] Getting sessions for all scopes...
2026-09-11 17:20:57.983 [info] Got 1 sessions for ...
2026-09-11 17:20:58.006 [info] Getting sessions for all scopes...
2026-09-11 17:20:58.006 [info] Got 1 sessions for ...
2026-09-11 17:20:59.087 [info] Getting sessions for all scopes...
2026-09-11 17:20:59.087 [info] Got 1 sessions for ...
2026-09-11 17:20:59.089 [info] Getting sessions for read:user,repo,user:email,workflow...
2026-09-11 17:20:59.089 [info] Got 1 sessions for read:user,repo,user:email,workflow...
2026-09-11 17:23:08.700 [info] Getting sessions for all scopes...
2026-09-11 17:23:08.701 [info] Got 1 sessions for ...
2026-09-11 17:23:08.943 [info] Getting sessions for all scopes...
2026-09-11 17:23:08.943 [info] Got 1 sessions for ...
2026-09-11 17:23:11.091 [info] Getting sessions for all scopes...
2026-09-11 17:23:11.091 [info] Got 1 sessions for ...
2026-09-11 17:23:11.093 [info] Getting sessions for read:user,repo,user:email,workflow...
2026-09-11 17:23:11.093 [info] Got 1 sessions for read:user,repo,user:email,workflow...
2026-09-11 17:23:11.094 [info] Getting sessions for all scopes...
2026-09-11 17:23:11.094 [info] Got 1 sessions for ...
2026-09-11 17:23:11.104 [info] Getting sessions for read:user,repo,user:email,workflow...
2026-09-11 17:23:11.104 [info] Got 1 sessions for read:user,repo,user:email,workflow...
2026-09-11 17:23:11.580 [info] Getting sessions for all scopes...
2026-09-11 17:23:11.580 [info] Got 1 sessions for ...
2026-09-11 17:23:11.582 [info] Getting sessions for read:user,repo,user:email,workflow...
2026-09-11 17:23:11.582 [info] Got 1 sessions for read:user,repo,user:email,workflow...
2026-09-11 17:23:12.150 [info] Getting sessions for all scopes...
2026-09-11 17:23:12.150 [info] Got 1 sessions for ...
2026-09-11 17:23:12.154 [info] Getting sessions for read:user,repo,user:email,workflow...
2026-09-11 17:23:12.154 [info] Got 1 sessions for read:user,repo,user:email,workflow...
2026-09-11 17:24:23.657 [info] Getting sessions for all scopes...
2026-09-11 17:24:23.657 [info] Got 1 sessions for ...
2026-09-11 17:24:23.669 [info] Getting sessions for all scopes...
2026-09-11 17:24:23.669 [info] Got 1 sessions for ...
2026-09-11 17:24:27.748 [info] Getting sessions for all scopes...
2026-09-11 17:24:27.748 [info] Got 1 sessions for ...
2026-09-11 17:24:27.750 [info] Getting sessions for read:user,repo,user:email,workflow...
2026-09-11 17:24:27.750 [info] Got 1 sessions for read:user,repo,user:email,workflow...
2026-09-11 17:24:28.920 [info] Getting sessions for all scopes...
2026-09-11 17:24:28.920 [info] Got 1 sessions for ...
2026-09-11 17:24:28.922 [info] Getting sessions for read:user,repo,user:email,workflow...
2026-09-11 17:24:28.922 [info] Got 1 sessions for read:user,repo,user:email,workflow...
2026-09-11 17:24:36.340 [info] Getting sessions for all scopes...
2026-09-11 17:24:36.340 [info] Got 1 sessions for ...
2026-09-11 17:24:36.350 [info] Getting sessions for read:user,repo,user:email,workflow...
2026-09-11 17:24:36.350 [info] Got 1 sessions for read:user,repo,user:email,workflow...
2026-09-11 17:24:36.411 [info] Getting sessions for all scopes...
2026-09-11 17:24:36.411 [info] Got 1 sessions for ...
2026-09-11 17:24:36.530 [info] Getting sessions for all scopes...
2026-09-11 17:24:36.530 [info] Got 1 sessions for ...
2026-09-11 17:24:37.181 [info] Getting sessions for all scopes...
2026-09-11 17:24:37.181 [info] Got 1 sessions for ...
2026-09-11 17:24:37.184 [info] Getting sessions for read:user,repo,user:email,workflow...
2026-09-11 17:24:37.184 [info] Got 1 sessions for read:user,repo,user:email,workflow...
2026-09-11 17:24:40.682 [info] Getting sessions for all scopes...
2026-09-11 17:24:40.682 [info] Got 1 sessions for ...
2026-09-11 17:24:40.697 [info] Getting sessions for read:user,repo,user:email,workflow...
2026-09-11 17:24:40.698 [info] Got 1 sessions for read:user,repo,user:email,workflow...
2026-09-11 17:24:40.781 [info] Getting sessions for all scopes...
2026-09-11 17:24:40.781 [info] Got 1 sessions for ...
2026-09-11 17:24:40.787 [info] Getting sessions for all scopes...
2026-09-11 17:24:40.787 [info] Got 1 sessions for ...
2026-09-11 17:24:41.692 [info] Getting sessions for all scopes...
2026-09-11 17:24:41.692 [info] Got 1 sessions for ...
2026-09-11 17:24:41.694 [info] Getting sessions for read:user,repo,user:email,workflow...
2026-09-11 17:24:41.694 [info] Got 1 sessions for read:user,repo,user:email,workflow...
2026-09-11 17:25:01.769 [info] Getting sessions for all scopes...
2026-09-11 17:25:01.769 [info] Got 1 sessions for ...
2026-09-11 17:25:01.831 [info] Getting sessions for all scopes...
2026-09-11 17:25:01.831 [info] Got 1 sessions for ...
2026-09-11 17:25:01.836 [info] Getting sessions for all scopes...
2026-09-11 17:25:01.836 [info] Got 1 sessions for ...
2026-09-11 17:25:01.837 [info] Getting sessions for read:user,repo,user:email,workflow...
2026-09-11 17:25:01.837 [info] Got 1 sessions for read:user,repo,user:email,workflow...
2026-09-11 17:25:07.647 [info] Getting sessions for all scopes...
2026-09-11 17:25:07.647 [info] Got 1 sessions for ...
2026-09-11 17:25:07.649 [info] Getting sessions for read:user,repo,user:email,workflow...
2026-09-11 17:25:07.649 [info] Got 1 sessions for read:user,repo,user:email,workflow...
2026-09-11 17:26:02.947 [info] Getting sessions for all scopes...
2026-09-11 17:26:02.947 [info] Got 1 sessions for ...
2026-09-11 17:26:02.953 [info] Getting sessions for read:user,repo,user:email,workflow...
2026-09-11 17:26:02.953 [info] Got 1 sessions for read:user,repo,user:email,workflow...
2026-09-11 17:26:03.043 [info] Getting sessions for all scopes...
2026-09-11 17:26:03.043 [info] Got 1 sessions for ...
2026-09-11 17:26:03.044 [info] Getting sessions for all scopes...
2026-09-11 17:26:03.044 [info] Got 1 sessions for ...
2026-09-11 17:26:04.244 [info] Getting sessions for all scopes...
2026-09-11 17:26:04.244 [info] Got 1 sessions for ...
2026-09-11 17:26:04.254 [info] Getting sessions for read:user,repo,user:email,workflow...
2026-09-11 17:26:04.254 [info] Got 1 sessions for read:user,repo,user:email,workflow...
2026-09-11 17:26:21.202 [info] Getting sessions for all scopes...
2026-09-11 17:26:21.202 [info] Got 1 sessions for ...
2026-09-11 17:26:21.214 [info] Getting sessions for all scopes...
2026-09-11 17:26:21.214 [info] Got 1 sessions for ...
2026-09-11 17:26:32.781 [info] Getting sessions for all scopes...
2026-09-11 17:26:32.781 [info] Got 1 sessions for ...
2026-09-11 17:26:32.783 [info] Getting sessions for read:user,repo,user:email,workflow...
2026-09-11 17:26:32.783 [info] Got 1 sessions for read:user,repo,user:email,workflow...
2026-09-11 17:26:33.684 [info] Getting sessions for all scopes...
2026-09-11 17:26:33.684 [info] Got 1 sessions for ...
2026-09-11 17:26:33.686 [info] Getting sessions for read:user,repo,user:email,workflow...
2026-09-11 17:26:33.686 [info] Got 1 sessions for read:user,repo,user:email,workflow...
2026-09-11 17:27:00.430 [info] Getting sessions for all scopes...
2026-09-11 17:27:00.430 [info] Got 1 sessions for ...
2026-09-11 17:27:00.468 [info] Getting sessions for read:user,repo,user:email,workflow...
2026-09-11 17:27:00.468 [info] Got 1 sessions for read:user,repo,user:email,workflow...
2026-09-11 17:27:00.502 [info] Getting sessions for all scopes...
2026-09-11 17:27:00.502 [info] Got 1 sessions for ...
2026-09-11 17:27:00.512 [info] Getting sessions for all scopes...
2026-09-11 17:27:00.512 [info] Got 1 sessions for ...
2026-09-11 17:27:01.285 [info] Getting sessions for all scopes...
2026-09-11 17:27:01.285 [info] Got 1 sessions for ...
2026-09-11 17:27:01.287 [info] Getting sessions for read:user,repo,user:email,workflow...
2026-09-11 17:27:01.287 [info] Got 1 sessions for read:user,repo,user:email,workflow...
2026-09-11 17:27:38.163 [info] Getting sessions for all scopes...
2026-09-11 17:27:38.163 [info] Got 1 sessions for ...
2026-09-11 17:27:38.182 [info] Getting sessions for read:user,repo,user:email,workflow...
2026-09-11 17:27:38.182 [info] Got 1 sessions for read:user,repo,user:email,workflow...
2026-09-11 17:27:38.298 [info] Getting sessions for all scopes...
2026-09-11 17:27:38.299 [info] Got 1 sessions for ...
2026-09-11 17:27:38.301 [info] Getting sessions for all scopes...
2026-09-11 17:27:38.301 [info] Got 1 sessions for ...
2026-09-11 17:27:39.547 [info] Getting sessions for all scopes...
2026-09-11 17:27:39.547 [info] Got 1 sessions for ...
2026-09-11 17:27:39.554 [info] Getting sessions for read:user,repo,user:email,workflow...
2026-09-11 17:27:39.554 [info] Got 1 sessions for read:user,repo,user:email,workflow...
2026-09-11 17:27:43.358 [info] Getting sessions for all scopes...
2026-09-11 17:27:43.358 [info] Got 1 sessions for ...
2026-09-11 17:27:43.378 [info] Getting sessions for read:user,repo,user:email,workflow...
2026-09-11 17:27:43.378 [info] Got 1 sessions for read:user,repo,user:email,workflow...
2026-09-11 17:27:43.517 [info] Getting sessions for all scopes...
2026-09-11 17:27:43.517 [info] Got 1 sessions for ...
2026-09-11 17:27:43.521 [info] Getting sessions for all scopes...
2026-09-11 17:27:43.521 [info] Got 1 sessions for ...
2026-09-11 17:27:44.194 [info] Getting sessions for all scopes...
2026-09-11 17:27:44.194 [info] Got 1 sessions for ...
2026-09-11 17:27:44.196 [info] Getting sessions for read:user,repo,user:email,workflow...
2026-09-11 17:27:44.196 [info] Got 1 sessions for read:user,repo,user:email,workflow...
2026-09-11 17:27:57.499 [info] Getting sessions for all scopes...
2026-09-11 17:27:57.499 [info] Got 1 sessions for ...
2026-09-11 17:27:57.592 [info] Getting sessions for read:user,repo,user:email,workflow...
2026-09-11 17:27:57.592 [info] Got 1 sessions for read:user,repo,user:email,workflow...
2026-09-11 17:27:57.596 [info] Getting sessions for all scopes...
2026-09-11 17:27:57.596 [info] Got 1 sessions for ...
2026-09-11 17:27:57.614 [info] Getting sessions for all scopes...
2026-09-11 17:27:57.614 [info] Got 1 sessions for ...
2026-09-11 17:27:58.604 [info] Getting sessions for all scopes...
2026-09-11 17:27:58.604 [info] Got 1 sessions for ...
2026-09-11 17:27:58.606 [info] Getting sessions for read:user,repo,user:email,workflow...
2026-09-11 17:27:58.606 [info] Got 1 sessions for read:user,repo,user:email,workflow...
2026-09-11 17:28:01.098 [info] Getting sessions for all scopes...
2026-09-11 17:28:01.098 [info] Got 1 sessions for ...
2026-09-11 17:28:01.107 [info] Getting sessions for read:user,repo,user:email,workflow...
2026-09-11 17:28:01.107 [info] Got 1 sessions for read:user,repo,user:email,workflow...
2026-09-11 17:28:01.196 [info] Getting sessions for all scopes...
2026-09-11 17:28:01.196 [info] Got 1 sessions for ...
2026-09-11 17:28:01.243 [info] Getting sessions for all scopes...
2026-09-11 17:28:01.244 [info] Got 1 sessions for ...
2026-09-11 17:28:03.273 [info] Getting sessions for all scopes...
2026-09-11 17:28:03.273 [info] Got 1 sessions for ...
2026-09-11 17:28:03.274 [info] Getting sessions for read:user,repo,user:email,workflow...
2026-09-11 17:28:03.274 [info] Got 1 sessions for read:user,repo,user:email,workflow...
2026-09-11 17:28:07.261 [info] Getting sessions for all scopes...
2026-09-11 17:28:07.261 [info] Got 1 sessions for ...
2026-09-11 17:28:07.298 [info] Getting sessions for read:user,repo,user:email,workflow...
2026-09-11 17:28:07.298 [info] Got 1 sessions for read:user,repo,user:email,workflow...
2026-09-11 17:28:07.409 [info] Getting sessions for all scopes...
2026-09-11 17:28:07.409 [info] Got 1 sessions for ...
2026-09-11 17:28:07.413 [info] Getting sessions for all scopes...
2026-09-11 17:28:07.413 [info] Got 1 sessions for ...
2026-09-11 17:28:08.102 [info] Getting sessions for all scopes...
2026-09-11 17:28:08.102 [info] Got 1 sessions for ...
2026-09-11 17:28:08.105 [info] Getting sessions for read:user,repo,user:email,workflow...
2026-09-11 17:28:08.105 [info] Got 1 sessions for read:user,repo,user:email,workflow...
2026-09-11 17:28:16.160 [info] Getting sessions for all scopes...
2026-09-11 17:28:16.160 [info] Got 1 sessions for ...
2026-09-11 17:28:16.160 [info] Getting sessions for all scopes...
2026-09-11 17:28:16.160 [info] Got 1 sessions for ...
2026-09-11 17:28:19.572 [info] Getting sessions for all scopes...
2026-09-11 17:28:19.572 [info] Got 1 sessions for ...
2026-09-11 17:28:19.653 [info] Getting sessions for all scopes...
2026-09-11 17:28:19.653 [info] Got 1 sessions for ...
2026-09-11 17:28:22.051 [info] Getting sessions for all scopes...
2026-09-11 17:28:22.051 [info] Got 1 sessions for ...
2026-09-11 17:28:22.056 [info] Getting sessions for read:user,repo,user:email,workflow...
2026-09-11 17:28:22.056 [info] Got 1 sessions for read:user,repo,user:email,workflow...
2026-09-11 17:28:22.888 [info] Getting sessions for all scopes...
2026-09-11 17:28:22.888 [info] Got 1 sessions for ...
2026-09-11 17:28:22.891 [info] Getting sessions for read:user,repo,user:email,workflow...
2026-09-11 17:28:22.891 [info] Got 1 sessions for read:user,repo,user:email,workflow...
2026-09-11 17:29:16.677 [info] Getting sessions for all scopes...
2026-09-11 17:29:16.677 [info] Got 1 sessions for ...
2026-09-11 17:29:16.680 [info] Getting sessions for read:user,repo,user:email,workflow...
2026-09-11 17:29:16.680 [info] Got 1 sessions for read:user,repo,user:email,workflow...
2026-09-11 17:29:16.774 [info] Getting sessions for all scopes...
2026-09-11 17:29:16.775 [info] Got 1 sessions for ...
2026-09-11 17:29:16.847 [info] Getting sessions for all scopes...
2026-09-11 17:29:16.847 [info] Got 1 sessions for ...
2026-09-11 17:29:17.989 [info] Getting sessions for all scopes...
2026-09-11 17:29:17.990 [info] Got 1 sessions for ...
2026-09-11 17:29:18.003 [info] Getting sessions for read:user,repo,user:email,workflow...
2026-09-11 17:29:18.003 [info] Got 1 sessions for read:user,repo,user:email,workflow...
2026-09-11 17:29:27.166 [info] Getting sessions for all scopes...
2026-09-11 17:29:27.166 [info] Got 1 sessions for ...
2026-09-11 17:29:27.187 [info] Getting sessions for read:user,repo,user:email,workflow...
2026-09-11 17:29:27.188 [info] Got 1 sessions for read:user,repo,user:email,workflow...
2026-09-11 17:29:27.262 [info] Getting sessions for all scopes...
2026-09-11 17:29:27.262 [info] Got 1 sessions for ...
2026-09-11 17:29:27.263 [info] Getting sessions for all scopes...
2026-09-11 17:29:27.263 [info] Got 1 sessions for ...
2026-09-11 17:29:28.940 [info] Getting sessions for all scopes...
2026-09-11 17:29:28.940 [info] Got 1 sessions for ...
2026-09-11 17:29:28.942 [info] Getting sessions for read:user,repo,user:email,workflow...
2026-09-11 17:29:28.942 [info] Got 1 sessions for read:user,repo,user:email,workflow...
2026-09-11 17:29:43.525 [info] Getting sessions for all scopes...
2026-09-11 17:29:43.525 [info] Got 1 sessions for ...
2026-09-11 17:29:43.541 [info] Getting sessions for read:user,repo,user:email,workflow...
2026-09-11 17:29:43.541 [info] Got 1 sessions for read:user,repo,user:email,workflow...
2026-09-11 17:29:43.670 [info] Getting sessions for all scopes...
2026-09-11 17:29:43.670 [info] Got 1 sessions for ...
2026-09-11 17:29:43.715 [info] Getting sessions for all scopes...
2026-09-11 17:29:43.715 [info] Got 1 sessions for ...
2026-09-11 17:29:44.423 [info] Getting sessions for all scopes...
2026-09-11 17:29:44.423 [info] Got 1 sessions for ...
2026-09-11 17:29:44.425 [info] Getting sessions for read:user,repo,user:email,workflow...
2026-09-11 17:29:44.425 [info] Got 1 sessions for read:user,repo,user:email,workflow...
2026-09-11 17:29:48.970 [info] Getting sessions for all scopes...
2026-09-11 17:29:48.976 [info] Got 1 sessions for ...
2026-09-11 17:29:49.158 [info] Getting sessions for all scopes...
2026-09-11 17:29:49.158 [info] Got 1 sessions for ...
2026-09-11 17:29:49.168 [info] Getting sessions for all scopes...
2026-09-11 17:29:49.168 [info] Got 1 sessions for ...
2026-09-11 17:29:49.174 [info] Getting sessions for read:user,repo,user:email,workflow...
2026-09-11 17:29:49.174 [info] Got 1 sessions for read:user,repo,user:email,workflow...
2026-09-11 17:29:50.221 [info] Getting sessions for all scopes...
2026-09-11 17:29:50.221 [info] Got 1 sessions for ...
2026-09-11 17:29:50.224 [info] Getting sessions for read:user,repo,user:email,workflow...
2026-09-11 17:29:50.224 [info] Got 1 sessions for read:user,repo,user:email,workflow...
2026-09-11 17:30:10.815 [info] Getting sessions for all scopes...
2026-09-11 17:30:10.815 [info] Got 1 sessions for ...
2026-09-11 17:30:10.830 [info] Getting sessions for read:user,repo,user:email,workflow...
2026-09-11 17:30:10.830 [info] Got 1 sessions for read:user,repo,user:email,workflow...
2026-09-11 17:30:10.915 [info] Getting sessions for all scopes...
2026-09-11 17:30:10.915 [info] Got 1 sessions for ...
2026-09-11 17:30:10.917 [info] Getting sessions for all scopes...
2026-09-11 17:30:10.917 [info] Got 1 sessions for ...
2026-09-11 17:30:11.624 [info] Getting sessions for all scopes...
2026-09-11 17:30:11.624 [info] Got 1 sessions for ...
2026-09-11 17:30:11.626 [info] Getting sessions for read:user,repo,user:email,workflow...
2026-09-11 17:30:11.626 [info] Got 1 sessions for read:user,repo,user:email,workflow...
2026-09-11 17:30:16.213 [info] Getting sessions for all scopes...
2026-09-11 17:30:16.213 [info] Got 1 sessions for ...
2026-09-11 17:30:16.235 [info] Getting sessions for read:user,repo,user:email,workflow...
2026-09-11 17:30:16.235 [info] Got 1 sessions for read:user,repo,user:email,workflow...
2026-09-11 17:30:16.312 [info] Getting sessions for all scopes...
2026-09-11 17:30:16.312 [info] Got 1 sessions for ...
2026-09-11 17:30:16.313 [info] Getting sessions for all scopes...
2026-09-11 17:30:16.313 [info] Got 1 sessions for ...
2026-09-11 17:30:17.034 [info] Getting sessions for all scopes...
2026-09-11 17:30:17.034 [info] Got 1 sessions for ...
2026-09-11 17:30:17.040 [info] Getting sessions for read:user,repo,user:email,workflow...
2026-09-11 17:30:17.040 [info] Got 1 sessions for read:user,repo,user:email,workflow...
2026-09-11 17:30:18.735 [info] Getting sessions for all scopes...
2026-09-11 17:30:18.735 [info] Got 1 sessions for ...
2026-09-11 17:30:18.747 [info] Getting sessions for read:user,repo,user:email,workflow...
2026-09-11 17:30:18.747 [info] Got 1 sessions for read:user,repo,user:email,workflow...
2026-09-11 17:30:18.817 [info] Getting sessions for all scopes...
2026-09-11 17:30:18.817 [info] Got 1 sessions for ...
2026-09-11 17:30:18.820 [info] Getting sessions for all scopes...
2026-09-11 17:30:18.820 [info] Got 1 sessions for ...
2026-09-11 17:30:19.543 [info] Getting sessions for all scopes...
2026-09-11 17:30:19.543 [info] Got 1 sessions for ...
2026-09-11 17:30:19.544 [info] Getting sessions for read:user,repo,user:email,workflow...
2026-09-11 17:30:19.544 [info] Got 1 sessions for read:user,repo,user:email,workflow...
2026-09-11 17:30:43.699 [info] Getting sessions for all scopes...
2026-09-11 17:30:43.699 [info] Got 1 sessions for ...
2026-09-11 17:30:43.756 [info] Getting sessions for all scopes...
2026-09-11 17:30:43.756 [info] Got 1 sessions for ...
2026-09-11 17:30:43.757 [info] Getting sessions for read:user,repo,user:email,workflow...
2026-09-11 17:30:43.757 [info] Got 1 sessions for read:user,repo,user:email,workflow...
2026-09-11 17:30:43.766 [info] Getting sessions for all scopes...
2026-09-11 17:30:43.766 [info] Got 1 sessions for ...
2026-09-11 17:30:44.855 [info] Getting sessions for all scopes...
2026-09-11 17:30:44.855 [info] Got 1 sessions for ...
2026-09-11 17:30:44.906 [info] Getting sessions for read:user,repo,user:email,workflow...
2026-09-11 17:30:44.906 [info] Got 1 sessions for read:user,repo,user:email,workflow...
2026-09-11 17:30:46.044 [info] Getting sessions for all scopes...
2026-09-11 17:30:46.045 [info] Got 1 sessions for ...
2026-09-11 17:30:46.047 [info] Getting sessions for read:user,repo,user:email,workflow...
2026-09-11 17:30:46.047 [info] Got 1 sessions for read:user,repo,user:email,workflow...
2026-09-11 17:30:46.220 [info] Getting sessions for all scopes...
2026-09-11 17:30:46.220 [info] Got 1 sessions for ...
2026-09-11 17:30:46.231 [info] Getting sessions for all scopes...
2026-09-11 17:30:46.231 [info] Got 1 sessions for ...
2026-09-11 17:30:47.043 [info] Getting sessions for all scopes...
2026-09-11 17:30:47.043 [info] Got 1 sessions for ...
2026-09-11 17:30:47.045 [info] Getting sessions for read:user,repo,user:email,workflow...
2026-09-11 17:30:47.045 [info] Got 1 sessions for read:user,repo,user:email,workflow...
2026-09-11 17:30:49.745 [info] Getting sessions for all scopes...
2026-09-11 17:30:49.745 [info] Got 1 sessions for ...
2026-09-11 17:30:49.914 [info] Getting sessions for all scopes...
2026-09-11 17:30:49.914 [info] Got 1 sessions for ...
2026-09-11 17:30:49.915 [info] Getting sessions for read:user,repo,user:email,workflow...
2026-09-11 17:30:49.915 [info] Got 1 sessions for read:user,repo,user:email,workflow...
2026-09-11 17:30:49.950 [info] Getting sessions for all scopes...
2026-09-11 17:30:49.950 [info] Got 1 sessions for ...
2026-09-11 17:30:50.754 [info] Getting sessions for all scopes...
2026-09-11 17:30:50.754 [info] Got 1 sessions for ...
2026-09-11 17:30:50.756 [info] Getting sessions for read:user,repo,user:email,workflow...
2026-09-11 17:30:50.756 [info] Got 1 sessions for read:user,repo,user:email,workflow...
2026-09-11 17:31:11.414 [info] Getting sessions for all scopes...
2026-09-11 17:31:11.414 [info] Got 1 sessions for ...
2026-09-11 17:31:11.534 [info] Getting sessions for all scopes...
2026-09-11 17:31:11.534 [info] Got 1 sessions for ...
2026-09-11 17:31:11.534 [info] Getting sessions for read:user,repo,user:email,workflow...
2026-09-11 17:31:11.534 [info] Got 1 sessions for read:user,repo,user:email,workflow...
2026-09-11 17:31:11.549 [info] Getting sessions for all scopes...
2026-09-11 17:31:11.549 [info] Got 1 sessions for ...
2026-09-11 17:31:12.437 [info] Getting sessions for all scopes...
2026-09-11 17:31:12.437 [info] Got 1 sessions for ...
2026-09-11 17:31:12.461 [info] Getting sessions for read:user,repo,user:email,workflow...
2026-09-11 17:31:12.461 [info] Got 1 sessions for read:user,repo,user:email,workflow...
2026-09-11 17:31:56.530 [info] Getting sessions for all scopes...
2026-09-11 17:31:56.530 [info] Got 1 sessions for ...
2026-09-11 17:31:56.537 [info] Getting sessions for read:user,repo,user:email,workflow...
2026-09-11 17:31:56.537 [info] Got 1 sessions for read:user,repo,user:email,workflow...
2026-09-11 17:31:56.595 [info] Getting sessions for all scopes...
2026-09-11 17:31:56.595 [info] Got 1 sessions for ...
2026-09-11 17:31:56.606 [info] Getting sessions for all scopes...
2026-09-11 17:31:56.606 [info] Got 1 sessions for ...
2026-09-11 17:31:57.641 [info] Getting sessions for all scopes...
2026-09-11 17:31:57.641 [info] Got 1 sessions for ...
2026-09-11 17:31:57.643 [info] Getting sessions for read:user,repo,user:email,workflow...
2026-09-11 17:31:57.643 [info] Got 1 sessions for read:user,repo,user:email,workflow...
2026-09-11 17:45:43.775 [info] Getting sessions for all scopes...
2026-09-11 17:45:43.775 [info] Got 1 sessions for ...
2026-09-11 17:45:43.778 [info] Getting sessions for all scopes...
2026-09-11 17:45:43.778 [info] Got 1 sessions for ...
2026-09-11 17:45:46.032 [info] Getting sessions for all scopes...
2026-09-11 17:45:46.032 [info] Got 1 sessions for ...
2026-09-11 17:45:46.032 [info] Getting sessions for all scopes...
2026-09-11 17:45:46.032 [info] Got 1 sessions for ...
2026-09-11 17:45:46.034 [info] Getting sessions for read:user,repo,user:email,workflow...
2026-09-11 17:45:46.035 [info] Got 1 sessions for read:user,repo,user:email,workflow...
2026-09-11 17:45:46.672 [info] Getting sessions for all scopes...
2026-09-11 17:45:46.672 [info] Got 1 sessions for ...
2026-09-11 17:45:46.690 [info] Getting sessions for read:user,repo,user:email,workflow...
2026-09-11 17:45:46.690 [info] Got 1 sessions for read:user,repo,user:email,workflow...
2026-09-11 17:45:47.571 [info] Getting sessions for all scopes...
2026-09-11 17:45:47.572 [info] Got 1 sessions for ...
2026-09-11 17:45:47.573 [info] Getting sessions for read:user,repo,user:email,workflow...
2026-09-11 17:45:47.573 [info] Got 1 sessions for read:user,repo,user:email,workflow...
2026-09-11 17:47:37.760 [info] Getting sessions for all scopes...
2026-09-11 17:47:37.760 [info] Got 1 sessions for ...
2026-09-11 17:47:37.766 [info] Getting sessions for all scopes...
2026-09-11 17:47:37.766 [info] Got 1 sessions for ...
2026-09-11 17:47:39.234 [info] Getting sessions for all scopes...
2026-09-11 17:47:39.234 [info] Got 1 sessions for ...
2026-09-11 17:47:39.237 [info] Getting sessions for read:user,repo,user:email,workflow...
2026-09-11 17:47:39.237 [info] Got 1 sessions for read:user,repo,user:email,workflow...
2026-09-11 17:47:40.257 [info] Getting sessions for all scopes...
2026-09-11 17:47:40.257 [info] Got 1 sessions for ...
2026-09-11 17:47:40.272 [info] Getting sessions for read:user,repo,user:email,workflow...
2026-09-11 17:47:40.273 [info] Got 1 sessions for read:user,repo,user:email,workflow...
2026-09-11 17:47:44.020 [info] Getting sessions for all scopes...
2026-09-11 17:47:44.020 [info] Got 1 sessions for ...
2026-09-11 17:47:44.105 [info] Getting sessions for all scopes...
2026-09-11 17:47:44.105 [info] Got 1 sessions for ...
2026-09-11 17:47:44.106 [info] Getting sessions for read:user,repo,user:email,workflow...
2026-09-11 17:47:44.106 [info] Got 1 sessions for read:user,repo,user:email,workflow...
2026-09-11 17:47:44.107 [info] Getting sessions for all scopes...
2026-09-11 17:47:44.107 [info] Got 1 sessions for ...
2026-09-11 17:47:44.903 [info] Getting sessions for all scopes...
2026-09-11 17:47:44.903 [info] Got 1 sessions for ...
2026-09-11 17:47:44.906 [info] Getting sessions for read:user,repo,user:email,workflow...
2026-09-11 17:47:44.906 [info] Got 1 sessions for read:user,repo,user:email,workflow...
2026-09-11 17:47:46.576 [info] Getting sessions for all scopes...
2026-09-11 17:47:46.576 [info] Got 1 sessions for ...
2026-09-11 17:47:46.589 [info] Getting sessions for read:user,repo,user:email,workflow...
2026-09-11 17:47:46.589 [info] Got 1 sessions for read:user,repo,user:email,workflow...
2026-09-11 17:47:46.702 [info] Getting sessions for all scopes...
2026-09-11 17:47:46.702 [info] Got 1 sessions for ...
2026-09-11 17:47:46.702 [info] Getting sessions for all scopes...
2026-09-11 17:47:46.702 [info] Got 1 sessions for ...
2026-09-11 17:47:47.794 [info] Getting sessions for all scopes...
2026-09-11 17:47:47.794 [info] Got 1 sessions for ...
2026-09-11 17:47:47.798 [info] Getting sessions for read:user,repo,user:email,workflow...
2026-09-11 17:47:47.798 [info] Got 1 sessions for read:user,repo,user:email,workflow...
2026-09-11 17:47:48.676 [info] Getting sessions for all scopes...
2026-09-11 17:47:48.676 [info] Got 1 sessions for ...
2026-09-11 17:47:48.687 [info] Getting sessions for read:user,repo,user:email,workflow...
2026-09-11 17:47:48.687 [info] Got 1 sessions for read:user,repo,user:email,workflow...
2026-09-11 17:47:48.824 [info] Getting sessions for all scopes...
2026-09-11 17:47:48.824 [info] Got 1 sessions for ...
2026-09-11 17:47:48.826 [info] Getting sessions for all scopes...
2026-09-11 17:47:48.826 [info] Got 1 sessions for ...
2026-09-11 17:47:49.453 [info] Getting sessions for all scopes...
2026-09-11 17:47:49.453 [info] Got 1 sessions for ...
2026-09-11 17:47:49.456 [info] Getting sessions for read:user,repo,user:email,workflow...
2026-09-11 17:47:49.456 [info] Got 1 sessions for read:user,repo,user:email,workflow...
2026-09-11 17:47:50.999 [info] Getting sessions for all scopes...
2026-09-11 17:47:50.999 [info] Got 1 sessions for ...
2026-09-11 17:47:51.018 [info] Getting sessions for read:user,repo,user:email,workflow...
2026-09-11 17:47:51.018 [info] Got 1 sessions for read:user,repo,user:email,workflow...
2026-09-11 17:47:51.061 [info] Getting sessions for all scopes...
2026-09-11 17:47:51.061 [info] Got 1 sessions for ...
2026-09-11 17:47:51.065 [info] Getting sessions for all scopes...
2026-09-11 17:47:51.065 [info] Got 1 sessions for ...
2026-09-11 17:47:51.900 [info] Getting sessions for all scopes...
2026-09-11 17:47:51.900 [info] Got 1 sessions for ...
2026-09-11 17:47:51.903 [info] Getting sessions for read:user,repo,user:email,workflow...
2026-09-11 17:47:51.903 [info] Got 1 sessions for read:user,repo,user:email,workflow...
2026-09-11 17:47:55.484 [info] Getting sessions for all scopes...
2026-09-11 17:47:55.484 [info] Got 1 sessions for ...
2026-09-11 17:47:55.486 [info] Getting sessions for read:user,repo,user:email,workflow...
2026-09-11 17:47:55.486 [info] Got 1 sessions for read:user,repo,user:email,workflow...
2026-09-11 17:47:55.630 [info] Getting sessions for all scopes...
2026-09-11 17:47:55.630 [info] Got 1 sessions for ...
2026-09-11 17:47:55.636 [info] Getting sessions for all scopes...
2026-09-11 17:47:55.636 [info] Got 1 sessions for ...
2026-09-11 17:47:56.267 [info] Getting sessions for all scopes...
2026-09-11 17:47:56.267 [info] Got 1 sessions for ...
2026-09-11 17:47:56.270 [info] Getting sessions for read:user,repo,user:email,workflow...
2026-09-11 17:47:56.270 [info] Got 1 sessions for read:user,repo,user:email,workflow...
2026-09-11 17:47:59.002 [info] Getting sessions for all scopes...
2026-09-11 17:47:59.002 [info] Got 1 sessions for ...
2026-09-11 17:47:59.014 [info] Getting sessions for read:user,repo,user:email,workflow...
2026-09-11 17:47:59.014 [info] Got 1 sessions for read:user,repo,user:email,workflow...
2026-09-11 17:47:59.182 [info] Getting sessions for all scopes...
2026-09-11 17:47:59.182 [info] Got 1 sessions for ...
2026-09-11 17:47:59.216 [info] Getting sessions for all scopes...
2026-09-11 17:47:59.216 [info] Got 1 sessions for ...
2026-09-11 17:48:00.146 [info] Getting sessions for all scopes...
2026-09-11 17:48:00.146 [info] Got 1 sessions for ...
2026-09-11 17:48:00.148 [info] Getting sessions for read:user,repo,user:email,workflow...
2026-09-11 17:48:00.148 [info] Got 1 sessions for read:user,repo,user:email,workflow...
2026-09-11 18:00:36.130 [info] Getting sessions for all scopes...
2026-09-11 18:00:36.130 [info] Got 1 sessions for ...
2026-09-11 18:00:36.131 [info] Getting sessions for all scopes...
2026-09-11 18:00:36.131 [info] Got 1 sessions for ...
2026-09-11 18:00:36.137 [info] Getting sessions for read:user,repo,user:email,workflow...
2026-09-11 18:00:36.137 [info] Got 1 sessions for read:user,repo,user:email,workflow...
2026-09-11 18:00:36.574 [info] Getting sessions for all scopes...
2026-09-11 18:00:36.575 [info] Got 1 sessions for ...
2026-09-11 18:00:36.579 [info] Getting sessions for read:user,repo,user:email,workflow...
2026-09-11 18:00:36.579 [info] Got 1 sessions for read:user,repo,user:email,workflow...
2026-09-11 18:00:37.186 [info] Getting sessions for all scopes...
2026-09-11 18:00:37.186 [info] Got 1 sessions for ...
2026-09-11 18:00:37.190 [info] Getting sessions for read:user,repo,user:email,workflow...
2026-09-11 18:00:37.190 [info] Got 1 sessions for read:user,repo,user:email,workflow...
2026-09-11 18:01:08.702 [info] Getting sessions for all scopes...
2026-09-11 18:01:08.702 [info] Got 1 sessions for ...
2026-09-11 18:01:08.740 [info] Getting sessions for read:user,repo,user:email,workflow...
2026-09-11 18:01:08.740 [info] Got 1 sessions for read:user,repo,user:email,workflow...
2026-09-11 18:01:08.820 [info] Getting sessions for all scopes...
2026-09-11 18:01:08.820 [info] Got 1 sessions for ...
2026-09-11 18:01:08.827 [info] Getting sessions for all scopes...
2026-09-11 18:01:08.827 [info] Got 1 sessions for ...
2026-09-11 18:01:09.866 [info] Getting sessions for all scopes...
2026-09-11 18:01:09.866 [info] Got 1 sessions for ...
2026-09-11 18:01:09.895 [info] Getting sessions for read:user,repo,user:email,workflow...
2026-09-11 18:01:09.895 [info] Got 1 sessions for read:user,repo,user:email,workflow...
2026-09-11 18:01:17.919 [info] Getting sessions for all scopes...
2026-09-11 18:01:17.919 [info] Got 1 sessions for ...
2026-09-11 18:01:17.973 [info] Getting sessions for read:user,repo,user:email,workflow...
2026-09-11 18:01:17.974 [info] Got 1 sessions for read:user,repo,user:email,workflow...
2026-09-11 18:01:18.120 [info] Getting sessions for all scopes...
2026-09-11 18:01:18.120 [info] Got 1 sessions for ...
2026-09-11 18:01:18.170 [info] Getting sessions for all scopes...
2026-09-11 18:01:18.170 [info] Got 1 sessions for ...
2026-09-11 18:01:18.855 [info] Getting sessions for all scopes...
2026-09-11 18:01:18.855 [info] Got 1 sessions for ...
2026-09-11 18:01:18.862 [info] Getting sessions for read:user,repo,user:email,workflow...
2026-09-11 18:01:18.862 [info] Got 1 sessions for read:user,repo,user:email,workflow...
2026-09-11 18:01:20.184 [info] Getting sessions for read:user,user:email...
2026-09-11 18:01:20.184 [info] Got 0 sessions for read:user,user:email...
2026-09-11 18:01:20.186 [info] Getting sessions for all scopes...
2026-09-11 18:01:20.186 [info] Got 1 sessions for ...
2026-09-11 18:01:20.186 [info] Getting sessions for repo...
2026-09-11 18:01:20.186 [info] Got 0 sessions for repo...
2026-09-11 18:01:20.187 [info] Getting sessions for all scopes...
2026-09-11 18:01:20.187 [info] Got 1 sessions for ...
2026-09-11 18:02:11.371 [info] Getting sessions for all scopes...
2026-09-11 18:02:11.371 [info] Got 1 sessions for ...
2026-09-11 18:02:11.411 [info] Getting sessions for all scopes...
2026-09-11 18:02:11.411 [info] Got 1 sessions for ...
2026-09-11 18:02:11.415 [info] Getting sessions for all scopes...
2026-09-11 18:02:11.415 [info] Got 1 sessions for ...
2026-09-11 18:02:11.447 [info] Getting sessions for read:user,repo,user:email,workflow...
2026-09-11 18:02:11.447 [info] Got 1 sessions for read:user,repo,user:email,workflow...
2026-09-11 18:02:12.782 [info] Getting sessions for all scopes...
2026-09-11 18:02:12.782 [info] Got 1 sessions for ...
2026-09-11 18:02:12.785 [info] Getting sessions for read:user,repo,user:email,workflow...
2026-09-11 18:02:12.785 [info] Got 1 sessions for read:user,repo,user:email,workflow...
2026-09-11 18:02:16.448 [info] Getting sessions for all scopes...
2026-09-11 18:02:16.448 [info] Got 1 sessions for ...
2026-09-11 18:02:16.456 [info] Getting sessions for read:user,repo,user:email,workflow...
2026-09-11 18:02:16.456 [info] Got 1 sessions for read:user,repo,user:email,workflow...
2026-09-11 18:02:16.643 [info] Getting sessions for all scopes...
2026-09-11 18:02:16.643 [info] Got 1 sessions for ...
2026-09-11 18:02:16.663 [info] Getting sessions for all scopes...
2026-09-11 18:02:16.663 [info] Got 1 sessions for ...
2026-09-11 18:02:17.371 [info] Getting sessions for all scopes...
2026-09-11 18:02:17.371 [info] Got 1 sessions for ...
2026-09-11 18:02:17.376 [info] Getting sessions for read:user,repo,user:email,workflow...
2026-09-11 18:02:17.376 [info] Got 1 sessions for read:user,repo,user:email,workflow...
2026-09-11 18:03:39.625 [info] Getting sessions for all scopes...
2026-09-11 18:03:39.625 [info] Got 1 sessions for ...
2026-09-11 18:03:39.631 [info] Getting sessions for read:user,repo,user:email,workflow...
2026-09-11 18:03:39.631 [info] Got 1 sessions for read:user,repo,user:email,workflow...
2026-09-11 18:03:40.781 [info] Getting sessions for all scopes...
2026-09-11 18:03:40.782 [info] Got 1 sessions for ...
2026-09-11 18:03:40.802 [info] Getting sessions for read:user,repo,user:email,workflow...
2026-09-11 18:03:40.802 [info] Got 1 sessions for read:user,repo,user:email,workflow...
2026-09-11 18:03:40.871 [info] Getting sessions for all scopes...
2026-09-11 18:03:40.871 [info] Got 1 sessions for ...
2026-09-11 18:03:40.908 [info] Getting sessions for read:user,repo,user:email,workflow...
2026-09-11 18:03:40.908 [info] Got 1 sessions for read:user,repo,user:email,workflow...
2026-09-11 18:03:41.121 [info] Getting sessions for all scopes...
2026-09-11 18:03:41.121 [info] Got 1 sessions for ...
2026-09-11 18:03:41.144 [info] Getting sessions for all scopes...
2026-09-11 18:03:41.144 [info] Got 1 sessions for ...
2026-09-11 18:03:42.090 [info] Getting sessions for all scopes...
2026-09-11 18:03:42.090 [info] Got 1 sessions for ...
2026-09-11 18:03:42.107 [info] Getting sessions for read:user,repo,user:email,workflow...
2026-09-11 18:03:42.107 [info] Got 1 sessions for read:user,repo,user:email,workflow...
2026-09-11 18:03:42.887 [info] Getting sessions for all scopes...
2026-09-11 18:03:42.887 [info] Got 1 sessions for ...
2026-09-11 18:03:42.933 [info] Getting sessions for read:user,repo,user:email,workflow...
2026-09-11 18:03:42.933 [info] Got 1 sessions for read:user,repo,user:email,workflow...
2026-09-11 18:03:42.978 [info] Getting sessions for all scopes...
2026-09-11 18:03:42.978 [info] Got 1 sessions for ...
2026-09-11 18:03:42.984 [info] Getting sessions for all scopes...
2026-09-11 18:03:42.984 [info] Got 1 sessions for ...
2026-09-11 18:03:43.953 [info] Getting sessions for all scopes...
2026-09-11 18:03:43.954 [info] Got 1 sessions for ...
2026-09-11 18:03:43.960 [info] Getting sessions for read:user,repo,user:email,workflow...
2026-09-11 18:03:43.961 [info] Got 1 sessions for read:user,repo,user:email,workflow...
2026-09-11 18:03:53.281 [info] Getting sessions for all scopes...
2026-09-11 18:03:53.281 [info] Got 1 sessions for ...
2026-09-11 18:03:53.295 [info] Getting sessions for read:user,repo,user:email,workflow...
2026-09-11 18:03:53.295 [info] Got 1 sessions for read:user,repo,user:email,workflow...
2026-09-11 18:03:53.391 [info] Getting sessions for all scopes...
2026-09-11 18:03:53.391 [info] Got 1 sessions for ...
2026-09-11 18:03:53.404 [info] Getting sessions for all scopes...
2026-09-11 18:03:53.404 [info] Got 1 sessions for ...
2026-09-11 18:03:54.294 [info] Getting sessions for all scopes...
2026-09-11 18:03:54.294 [info] Got 1 sessions for ...
2026-09-11 18:03:54.297 [info] Getting sessions for read:user,repo,user:email,workflow...
2026-09-11 18:03:54.297 [info] Got 1 sessions for read:user,repo,user:email,workflow...
2026-09-11 18:04:54.299 [info] Getting sessions for all scopes...
2026-09-11 18:04:54.299 [info] Got 1 sessions for ...
2026-09-11 18:04:54.303 [info] Getting sessions for read:user,repo,user:email,workflow...
2026-09-11 18:04:54.303 [info] Got 1 sessions for read:user,repo,user:email,workflow...
2026-09-11 18:04:55.543 [info] Getting sessions for all scopes...
2026-09-11 18:04:55.543 [info] Got 1 sessions for ...
2026-09-11 18:04:55.546 [info] Getting sessions for read:user,repo,user:email,workflow...
2026-09-11 18:04:55.546 [info] Got 1 sessions for read:user,repo,user:email,workflow...
2026-09-11 18:05:55.569 [info] Getting sessions for all scopes...
2026-09-11 18:05:55.570 [info] Got 1 sessions for ...
2026-09-11 18:05:55.699 [info] Getting sessions for read:user,repo,user:email,workflow...
2026-09-11 18:05:55.699 [info] Got 1 sessions for read:user,repo,user:email,workflow...
2026-09-11 18:05:57.693 [info] Getting sessions for all scopes...
2026-09-11 18:05:57.693 [info] Got 1 sessions for ...
2026-09-11 18:05:57.724 [info] Getting sessions for read:user,repo,user:email,workflow...
2026-09-11 18:05:57.724 [info] Got 1 sessions for read:user,repo,user:email,workflow...
2026-09-11 18:06:13.571 [info] Getting sessions for all scopes...
2026-09-11 18:06:13.571 [info] Got 1 sessions for ...
2026-09-11 18:06:13.583 [info] Getting sessions for read:user,repo,user:email,workflow...
2026-09-11 18:06:13.583 [info] Got 1 sessions for read:user,repo,user:email,workflow...
2026-09-11 18:06:13.717 [info] Getting sessions for all scopes...
2026-09-11 18:06:13.719 [info] Got 1 sessions for ...
2026-09-11 18:06:13.729 [info] Getting sessions for all scopes...
2026-09-11 18:06:13.729 [info] Got 1 sessions for ...
2026-09-11 18:06:14.581 [info] Getting sessions for all scopes...
2026-09-11 18:06:14.581 [info] Got 1 sessions for ...
2026-09-11 18:06:14.605 [info] Getting sessions for read:user,repo,user:email,workflow...
2026-09-11 18:06:14.606 [info] Got 1 sessions for read:user,repo,user:email,workflow...
