2026-09-20 00:11:18.341 [info] Reading sessions from keychain...
2026-09-20 00:11:18.455 [info] Getting sessions for all scopes...
2026-09-20 00:11:18.481 [info] Got stored sessions!
2026-09-20 00:11:18.481 [info] Got 1 verified sessions.
2026-09-20 00:11:18.481 [info] Got 1 sessions for all scopes...
2026-09-20 00:11:18.482 [info] Getting sessions for all scopes...
2026-09-20 00:11:18.482 [info] Got 1 sessions for all scopes...
2026-09-20 00:11:18.482 [info] Getting sessions for all scopes...
2026-09-20 00:11:18.482 [info] Got 1 sessions for all scopes...
2026-09-20 00:11:18.483 [info] Getting sessions for all scopes...
2026-09-20 00:11:18.483 [info] Got 1 sessions for all scopes...
2026-09-20 00:11:18.786 [info] Getting sessions for all scopes...
2026-09-20 00:11:18.786 [info] Got 1 sessions for all scopes...
2026-09-20 00:11:22.036 [info] Getting sessions for read:user,repo,user:email,workflow...
2026-09-20 00:11:22.036 [info] Got 1 sessions for read:user,repo,user:email,workflow...
2026-09-20 00:11:26.668 [info] Getting sessions for all scopes...
2026-09-20 00:11:26.669 [info] Got 1 sessions for all scopes...
2026-09-20 00:11:26.730 [info] Getting sessions for read:user,user:email...
2026-09-20 00:11:26.730 [info] Got 0 sessions for read:user,user:email...
2026-09-20 00:11:26.799 [info] Getting sessions for all scopes...
2026-09-20 00:11:26.799 [info] Got 1 sessions for all scopes...
2026-09-20 00:11:27.229 [info] Getting sessions for all scopes...
2026-09-20 00:11:27.229 [info] Got 1 sessions for all scopes...
2026-09-20 00:11:27.427 [info] Getting sessions for all scopes...
2026-09-20 00:11:27.427 [info] Got 1 sessions for all scopes...
2026-09-20 00:11:27.428 [info] Getting sessions for all scopes...
2026-09-20 00:11:27.429 [info] Got 1 sessions for all scopes...
2026-09-20 00:11:28.266 [info] Getting sessions for all scopes...
2026-09-20 00:11:28.266 [info] Got 1 sessions for all scopes...
2026-09-20 00:11:28.680 [info] Getting sessions for read:user,repo,user:email,workflow...
2026-09-20 00:11:28.680 [info] Got 1 sessions for read:user,repo,user:email,workflow...
2026-09-20 00:11:29.418 [info] Getting sessions for repo...
2026-09-20 00:11:29.418 [info] Got 0 sessions for repo...
2026-09-20 00:11:29.519 [info] Getting sessions for read:user,user:email...
2026-09-20 00:11:29.519 [info] Got 0 sessions for read:user,user:email...
2026-09-20 00:11:29.538 [info] Getting sessions for all scopes...
2026-09-20 00:11:29.538 [info] Got 1 sessions for all scopes...
2026-09-20 00:11:29.555 [info] Getting sessions for all scopes...
2026-09-20 00:11:29.555 [info] Got 1 sessions for all scopes...
2026-09-20 00:11:29.616 [info] Getting sessions for repo...
2026-09-20 00:11:29.616 [info] Got 0 sessions for repo...
2026-09-20 00:11:29.617 [info] Getting sessions for all scopes...
2026-09-20 00:11:29.617 [info] Got 1 sessions for all scopes...
2026-09-20 00:11:29.623 [info] Getting sessions for all scopes...
2026-09-20 00:11:29.623 [info] Got 1 sessions for all scopes...
2026-09-20 00:11:29.689 [info] Getting sessions for read:user,repo,user:email,workflow...
2026-09-20 00:11:29.689 [info] Got 1 sessions for read:user,repo,user:email,workflow...
2026-09-20 00:11:30.324 [info] Getting sessions for all scopes...
2026-09-20 00:11:30.324 [info] Got 1 sessions for all scopes...
2026-09-20 00:11:30.324 [info] Getting sessions for all scopes...
2026-09-20 00:11:30.324 [info] Got 1 sessions for all scopes...
2026-09-20 00:11:30.328 [info] Getting sessions for read:user,repo,user:email,workflow...
2026-09-20 00:11:30.328 [info] Got 1 sessions for read:user,repo,user:email,workflow...
2026-09-20 00:11:31.077 [info] Getting sessions for all scopes...
2026-09-20 00:11:31.077 [info] Got 1 sessions for all scopes...
2026-09-20 00:11:31.078 [info] Getting sessions for all scopes...
2026-09-20 00:11:31.078 [info] Got 1 sessions for all scopes...
2026-09-20 00:11:31.083 [info] Getting sessions for read:user,repo,user:email,workflow...
2026-09-20 00:11:31.083 [info] Got 1 sessions for read:user,repo,user:email,workflow...
2026-09-20 00:11:31.864 [info] Getting sessions for all scopes...
2026-09-20 00:11:31.864 [info] Got 1 sessions for all scopes...
2026-09-20 00:11:31.866 [info] Getting sessions for read:user,repo,user:email,workflow...
2026-09-20 00:11:31.866 [info] Got 1 sessions for read:user,repo,user:email,workflow...
2026-09-20 00:11:32.584 [info] Getting sessions for all scopes...
2026-09-20 00:11:32.584 [info] Got 1 sessions for all scopes...
2026-09-20 00:11:32.587 [info] Getting sessions for read:user,repo,user:email,workflow...
2026-09-20 00:11:32.587 [info] Got 1 sessions for read:user,repo,user:email,workflow...
2026-09-20 00:11:42.262 [info] Getting sessions for all scopes...
2026-09-20 00:11:42.263 [info] Got 1 sessions for all scopes...
2026-09-20 00:11:42.271 [info] Getting sessions for read:user,repo,user:email,workflow...
2026-09-20 00:11:42.271 [info] Got 1 sessions for read:user,repo,user:email,workflow...
2026-09-20 00:11:42.299 [info] Getting sessions for all scopes...
2026-09-20 00:11:42.300 [info] Got 1 sessions for all scopes...
2026-09-20 00:11:42.322 [info] Getting sessions for all scopes...
2026-09-20 00:11:42.323 [info] Got 1 sessions for all scopes...
2026-09-20 00:11:43.077 [info] Getting sessions for all scopes...
2026-09-20 00:11:43.078 [info] Got 1 sessions for all scopes...
2026-09-20 00:11:43.082 [info] Getting sessions for read:user,repo,user:email,workflow...
2026-09-20 00:11:43.082 [info] Got 1 sessions for read:user,repo,user:email,workflow...
2026-09-20 00:11:45.591 [info] Getting sessions for all scopes...
2026-09-20 00:11:45.591 [info] Got 1 sessions for all scopes...
2026-09-20 00:11:45.608 [info] Getting sessions for read:user,repo,user:email,workflow...
2026-09-20 00:11:45.608 [info] Got 1 sessions for read:user,repo,user:email,workflow...
2026-09-20 00:11:45.614 [info] Getting sessions for all scopes...
2026-09-20 00:11:45.614 [info] Got 1 sessions for all scopes...
2026-09-20 00:11:45.619 [info] Getting sessions for all scopes...
2026-09-20 00:11:45.619 [info] Got 1 sessions for all scopes...
2026-09-20 00:11:46.406 [info] Getting sessions for all scopes...
2026-09-20 00:11:46.406 [info] Got 1 sessions for all scopes...
2026-09-20 00:11:46.410 [info] Getting sessions for read:user,repo,user:email,workflow...
2026-09-20 00:11:46.410 [info] Got 1 sessions for read:user,repo,user:email,workflow...
2026-09-20 00:12:08.769 [info] Getting sessions for all scopes...
2026-09-20 00:12:08.770 [info] Got 1 sessions for all scopes...
2026-09-20 00:12:08.801 [info] Getting sessions for read:user,repo,user:email,workflow...
2026-09-20 00:12:08.801 [info] Got 1 sessions for read:user,repo,user:email,workflow...
2026-09-20 00:12:08.867 [info] Getting sessions for all scopes...
2026-09-20 00:12:08.867 [info] Got 1 sessions for all scopes...
2026-09-20 00:12:08.874 [info] Getting sessions for all scopes...
2026-09-20 00:12:08.874 [info] Got 1 sessions for all scopes...
2026-09-20 00:12:09.594 [info] Getting sessions for all scopes...
2026-09-20 00:12:09.594 [info] Got 1 sessions for all scopes...
2026-09-20 00:12:09.596 [info] Getting sessions for read:user,repo,user:email,workflow...
2026-09-20 00:12:09.596 [info] Got 1 sessions for read:user,repo,user:email,workflow...
2026-09-20 00:23:36.522 [info] Getting sessions for all scopes...
2026-09-20 00:23:36.522 [info] Got 1 sessions for all scopes...
2026-09-20 00:23:36.532 [info] Getting sessions for all scopes...
2026-09-20 00:23:36.533 [info] Got 1 sessions for all scopes...
2026-09-20 00:23:38.572 [info] Getting sessions for all scopes...
2026-09-20 00:23:38.572 [info] Got 1 sessions for all scopes...
2026-09-20 00:23:38.573 [info] Getting sessions for all scopes...
2026-09-20 00:23:38.573 [info] Got 1 sessions for all scopes...
2026-09-20 00:24:08.659 [info] Getting sessions for all scopes...
2026-09-20 00:24:08.659 [info] Got 1 sessions for all scopes...
2026-09-20 00:24:08.670 [info] Getting sessions for all scopes...
2026-09-20 00:24:08.671 [info] Got 1 sessions for all scopes...
2026-09-20 00:24:10.544 [info] Getting sessions for all scopes...
2026-09-20 00:24:10.544 [info] Got 1 sessions for all scopes...
2026-09-20 00:24:10.545 [info] Getting sessions for all scopes...
2026-09-20 00:24:10.545 [info] Got 1 sessions for all scopes...
2026-09-20 00:24:10.546 [info] Getting sessions for read:user,repo,user:email,workflow...
2026-09-20 00:24:10.546 [info] Got 1 sessions for read:user,repo,user:email,workflow...
2026-09-20 00:24:10.958 [info] Getting sessions for all scopes...
2026-09-20 00:24:10.958 [info] Got 1 sessions for all scopes...
2026-09-20 00:24:10.960 [info] Getting sessions for read:user,repo,user:email,workflow...
2026-09-20 00:24:10.960 [info] Got 1 sessions for read:user,repo,user:email,workflow...
2026-09-20 00:24:11.603 [info] Getting sessions for all scopes...
2026-09-20 00:24:11.603 [info] Got 1 sessions for all scopes...
2026-09-20 00:24:11.605 [info] Getting sessions for read:user,repo,user:email,workflow...
2026-09-20 00:24:11.605 [info] Got 1 sessions for read:user,repo,user:email,workflow...
