2026-09-21 21:50:31.235 [info] WARNING:pygls.protocol.json_rpc:Cancel notification for unknown message id "1"

2026-09-21 21:50:34.162 [info] WARNING:pygls.protocol.json_rpc:Cancel notification for unknown message id "5"

2026-09-21 21:51:12.469 [info] WARNING:pygls.protocol.json_rpc:Cancel notification for unknown message id "27"

2026-09-21 21:51:13.004 [info] WARNING:pygls.protocol.json_rpc:Cancel notification for unknown message id "31"

2026-09-21 21:51:19.605 [info] WARNING:pygls.protocol.json_rpc:Cancel notification for unknown message id "49"

2026-09-21 21:51:21.166 [info] WARNING:pygls.protocol.json_rpc:Cancel notification for unknown message id "52"

2026-09-21 21:51:28.187 [info] WARNING:pygls.protocol.json_rpc:Cancel notification for unknown message id "56"

2026-09-21 21:51:28.188 [info] WARNING:pygls.protocol.json_rpc:Cancel notification for unknown message id "57"

2026-09-21 21:51:29.406 [info] WARNING:pygls.protocol.json_rpc:Cancel notification for unknown message id "58"

2026-09-21 21:51:41.881 [info] WARNING:pygls.protocol.json_rpc:Cancel notification for unknown message id "62"

2026-09-21 21:51:42.414 [info] WARNING:pygls.protocol.json_rpc:Cancel notification for unknown message id "63"

2026-09-21 21:51:43.732 [info] WARNING:pygls.protocol.json_rpc:Cancel notification for unknown message id "65"

2026-09-21 21:51:43.735 [info] WARNING:pygls.protocol.json_rpc:Cancel notification for unknown message id "66"

2026-09-21 21:51:49.033 [info] WARNING:pygls.protocol.json_rpc:Cancel notification for unknown message id "67"

2026-09-21 21:51:49.283 [info] WARNING:pygls.protocol.json_rpc:Cancel notification for unknown message id "68"

2026-09-21 21:51:50.968 [info] WARNING:pygls.protocol.json_rpc:Cancel notification for unknown message id "70"
WARNING:pygls.protocol.json_rpc:Cancel notification for unknown message id "69"
WARNING:pygls.protocol.json_rpc:Cancel notification for unknown message id "71"

2026-09-21 21:51:51.285 [info] WARNING:pygls.protocol.json_rpc:Cancel notification for unknown message id "73"

2026-09-21 21:51:51.285 [info] WARNING:pygls.protocol.json_rpc:Cancel notification for unknown message id "74"

2026-09-21 21:51:51.562 [info] WARNING:pygls.protocol.json_rpc:Cancel notification for unknown message id "72"

2026-09-21 21:51:51.576 [info] WARNING:pygls.protocol.json_rpc:Cancel notification for unknown message id "76"

2026-09-21 21:51:52.021 [info] WARNING:pygls.protocol.json_rpc:Cancel notification for unknown message id "78"

2026-09-21 21:51:52.023 [info] WARNING:pygls.protocol.json_rpc:Cancel notification for unknown message id "79"

2026-09-21 21:51:52.034 [info] WARNING:pygls.protocol.json_rpc:Cancel notification for unknown message id "77"

2026-09-21 21:51:53.805 [info] WARNING:pygls.protocol.json_rpc:Cancel notification for unknown message id "81"

2026-09-21 21:51:53.807 [info] WARNING:pygls.protocol.json_rpc:Cancel notification for unknown message id "80"

2026-09-21 21:51:54.950 [info] WARNING:pygls.protocol.json_rpc:Cancel notification for unknown message id "83"

2026-09-21 21:51:55.223 [info] WARNING:pygls.protocol.json_rpc:Cancel notification for unknown message id "84"

2026-09-21 21:51:55.224 [info] WARNING:pygls.protocol.json_rpc:Cancel notification for unknown message id "82"

2026-09-21 21:51:56.255 [info] WARNING:pygls.protocol.json_rpc:Cancel notification for unknown message id "86"

2026-09-21 21:51:56.256 [info] WARNING:pygls.protocol.json_rpc:Cancel notification for unknown message id "85"

2026-09-21 21:51:58.675 [info] WARNING:pygls.protocol.json_rpc:Cancel notification for unknown message id "91"

2026-09-21 21:51:58.706 [info] WARNING:pygls.protocol.json_rpc:Cancel notification for unknown message id "92"

2026-09-21 21:51:58.723 [info] WARNING:pygls.protocol.json_rpc:Cancel notification for unknown message id "93"

2026-09-21 21:51:58.723 [info] WARNING:pygls.protocol.json_rpc:Cancel notification for unknown message id "94"
WARNING:pygls.protocol.json_rpc:Cancel notification for unknown message id "87"

2026-09-21 21:51:58.723 [info] WARNING:pygls.protocol.json_rpc:Cancel notification for unknown message id "88"

2026-09-21 21:51:58.857 [info] WARNING:pygls.protocol.json_rpc:Cancel notification for unknown message id "95"

2026-09-21 21:51:59.072 [info] WARNING:pygls.protocol.json_rpc:Cancel notification for unknown message id "96"

2026-09-21 21:52:00.484 [info] WARNING:pygls.protocol.json_rpc:Cancel notification for unknown message id "97"

2026-09-21 21:52:02.011 [info] WARNING:pygls.protocol.json_rpc:Cancel notification for unknown message id "98"
WARNING:pygls.protocol.json_rpc:Cancel notification for unknown message id "100"
WARNING:pygls.protocol.json_rpc:Cancel notification for unknown message id "99"

2026-09-21 21:52:03.655 [info] WARNING:pygls.protocol.json_rpc:Cancel notification for unknown message id "103"

2026-09-21 21:52:03.658 [info] WARNING:pygls.protocol.json_rpc:Cancel notification for unknown message id "101"

2026-09-21 21:52:04.036 [info] WARNING:pygls.protocol.json_rpc:Cancel notification for unknown message id "102"

2026-09-21 21:52:04.669 [info] WARNING:pygls.protocol.json_rpc:Cancel notification for unknown message id "105"

2026-09-21 21:52:07.696 [info] WARNING:pygls.protocol.json_rpc:Cancel notification for unknown message id "109"
WARNING:pygls.protocol.json_rpc:Cancel notification for unknown message id "111"

2026-09-21 21:52:07.705 [info] WARNING:pygls.protocol.json_rpc:Cancel notification for unknown message id "110"
WARNING:pygls.protocol.json_rpc:Cancel notification for unknown message id "112"
WARNING:pygls.protocol.json_rpc:Cancel notification for unknown message id "113"

2026-09-21 21:52:12.660 [info] WARNING:pygls.protocol.json_rpc:Cancel notification for unknown message id "127"

2026-09-21 21:52:12.740 [info] WARNING:pygls.protocol.json_rpc:Cancel notification for unknown message id "128"

2026-09-21 21:52:12.796 [info] WARNING:pygls.protocol.json_rpc:Cancel notification for unknown message id "129"

2026-09-21 21:52:14.639 [info] WARNING:pygls.protocol.json_rpc:Cancel notification for unknown message id "131"

2026-09-21 21:52:14.645 [info] WARNING:pygls.protocol.json_rpc:Cancel notification for unknown message id "132"

2026-09-21 21:52:15.833 [info] WARNING:pygls.protocol.json_rpc:Cancel notification for unknown message id "136"

2026-09-21 21:52:27.144 [info] WARNING:pygls.protocol.json_rpc:Cancel notification for unknown message id "145"

2026-09-21 21:52:27.205 [info] WARNING:pygls.protocol.json_rpc:Cancel notification for unknown message id "146"

2026-09-21 21:52:27.690 [info] WARNING:pygls.protocol.json_rpc:Cancel notification for unknown message id "148"

2026-09-21 21:52:27.735 [info] WARNING:pygls.protocol.json_rpc:Cancel notification for unknown message id "149"

2026-09-21 21:52:27.739 [info] WARNING:pygls.protocol.json_rpc:Cancel notification for unknown message id "147"

2026-09-21 21:52:28.066 [info] WARNING:pygls.protocol.json_rpc:Cancel notification for unknown message id "153"

2026-09-21 21:52:28.492 [info] WARNING:pygls.protocol.json_rpc:Cancel notification for unknown message id "154"

2026-09-21 21:52:31.905 [info] WARNING:pygls.protocol.json_rpc:Cancel notification for unknown message id "162"

2026-09-21 21:52:32.922 [info] WARNING:pygls.protocol.json_rpc:Cancel notification for unknown message id "166"

2026-09-21 21:52:33.251 [info] WARNING:pygls.protocol.json_rpc:Cancel notification for unknown message id "167"

2026-09-21 21:52:33.299 [info] WARNING:pygls.protocol.json_rpc:Cancel notification for unknown message id "169"

2026-09-21 21:52:33.301 [info] WARNING:pygls.protocol.json_rpc:Cancel notification for unknown message id "168"

2026-09-21 21:52:33.620 [info] WARNING:pygls.protocol.json_rpc:Cancel notification for unknown message id "171"

2026-09-21 21:52:37.038 [info] WARNING:pygls.protocol.json_rpc:Cancel notification for unknown message id "180"

2026-09-21 21:52:38.935 [info] WARNING:pygls.protocol.json_rpc:Cancel notification for unknown message id "183"

2026-09-21 21:52:52.062 [info] WARNING:pygls.protocol.json_rpc:Cancel notification for unknown message id "195"

2026-09-21 21:52:52.403 [info] WARNING:pygls.protocol.json_rpc:Cancel notification for unknown message id "196"

2026-09-21 21:52:55.484 [info] WARNING:pygls.protocol.json_rpc:Cancel notification for unknown message id "198"

2026-09-21 21:52:55.485 [info] WARNING:pygls.protocol.json_rpc:Cancel notification for unknown message id "197"

2026-09-21 21:52:55.842 [info] WARNING:pygls.protocol.json_rpc:Cancel notification for unknown message id "200"

2026-09-21 21:52:57.065 [info] WARNING:pygls.protocol.json_rpc:Cancel notification for unknown message id "201"

2026-09-21 21:52:57.066 [info] WARNING:pygls.protocol.json_rpc:Cancel notification for unknown message id "199"

2026-09-21 21:52:57.426 [info] WARNING:pygls.protocol.json_rpc:Cancel notification for unknown message id "203"

2026-09-21 21:52:58.010 [info] WARNING:pygls.protocol.json_rpc:Cancel notification for unknown message id "204"

2026-09-21 21:52:58.010 [info] WARNING:pygls.protocol.json_rpc:Cancel notification for unknown message id "202"

2026-09-21 21:52:58.022 [info] WARNING:pygls.protocol.json_rpc:Cancel notification for unknown message id "205"

2026-09-21 21:52:58.347 [info] WARNING:pygls.protocol.json_rpc:Cancel notification for unknown message id "207"

2026-09-21 21:52:58.348 [info] WARNING:pygls.protocol.json_rpc:Cancel notification for unknown message id "208"

2026-09-21 21:52:58.553 [info] WARNING:pygls.protocol.json_rpc:Cancel notification for unknown message id "206"

2026-09-21 21:52:58.578 [info] WARNING:pygls.protocol.json_rpc:Cancel notification for unknown message id "210"

2026-09-21 21:52:58.921 [info] WARNING:pygls.protocol.json_rpc:Cancel notification for unknown message id "212"

2026-09-21 21:52:58.935 [info] WARNING:pygls.protocol.json_rpc:Cancel notification for unknown message id "213"

2026-09-21 21:52:58.935 [info] WARNING:pygls.protocol.json_rpc:Cancel notification for unknown message id "211"

2026-09-21 21:53:20.340 [info] WARNING:pygls.protocol.json_rpc:Cancel notification for unknown message id "215"

2026-09-21 21:53:20.343 [info] WARNING:pygls.protocol.json_rpc:Cancel notification for unknown message id "216"

2026-09-21 21:53:20.344 [info] WARNING:pygls.protocol.json_rpc:Cancel notification for unknown message id "214"

2026-09-21 21:53:21.773 [info] WARNING:pygls.protocol.json_rpc:Cancel notification for unknown message id "218"
WARNING:pygls.protocol.json_rpc:Cancel notification for unknown message id "217"

2026-09-21 21:53:23.849 [info] WARNING:pygls.protocol.json_rpc:Cancel notification for unknown message id "220"

2026-09-21 21:53:23.859 [info] WARNING:pygls.protocol.json_rpc:Cancel notification for unknown message id "221"
WARNING:pygls.protocol.json_rpc:Cancel notification for unknown message id "219"

2026-09-21 21:53:25.676 [info] WARNING:pygls.protocol.json_rpc:Cancel notification for unknown message id "223"

2026-09-21 21:53:25.676 [info] WARNING:pygls.protocol.json_rpc:Cancel notification for unknown message id "224"

2026-09-21 21:53:25.692 [info] WARNING:pygls.protocol.json_rpc:Cancel notification for unknown message id "222"

2026-09-21 21:53:27.233 [info] WARNING:pygls.protocol.json_rpc:Cancel notification for unknown message id "229"

2026-09-21 21:53:27.644 [info] WARNING:pygls.protocol.json_rpc:Cancel notification for unknown message id "228"

2026-09-21 21:53:27.646 [info] WARNING:pygls.protocol.json_rpc:Cancel notification for unknown message id "225"

2026-09-21 21:53:27.671 [info] WARNING:pygls.protocol.json_rpc:Cancel notification for unknown message id "226"

2026-09-21 21:53:27.673 [info] WARNING:pygls.protocol.json_rpc:Cancel notification for unknown message id "232"

2026-09-21 21:53:27.674 [info] WARNING:pygls.protocol.json_rpc:Cancel notification for unknown message id "231"

2026-09-21 21:53:27.675 [info] WARNING:pygls.protocol.json_rpc:Cancel notification for unknown message id "227"

2026-09-21 21:53:28.022 [info] WARNING:pygls.protocol.json_rpc:Cancel notification for unknown message id "233"

2026-09-21 21:53:28.960 [info] WARNING:pygls.protocol.json_rpc:Cancel notification for unknown message id "235"

2026-09-21 21:53:28.961 [info] WARNING:pygls.protocol.json_rpc:Cancel notification for unknown message id "236"

2026-09-21 21:53:30.394 [info] WARNING:pygls.protocol.json_rpc:Cancel notification for unknown message id "237"

2026-09-21 21:53:30.747 [info] WARNING:pygls.protocol.json_rpc:Cancel notification for unknown message id "238"

2026-09-21 21:53:31.493 [info] WARNING:pygls.protocol.json_rpc:Cancel notification for unknown message id "239"

2026-09-21 21:53:31.493 [info] WARNING:pygls.protocol.json_rpc:Cancel notification for unknown message id "240"

2026-09-21 21:53:31.969 [info] WARNING:pygls.protocol.json_rpc:Cancel notification for unknown message id "242"

2026-09-21 21:53:31.976 [info] WARNING:pygls.protocol.json_rpc:Cancel notification for unknown message id "243"

2026-09-21 21:53:31.977 [info] WARNING:pygls.protocol.json_rpc:Cancel notification for unknown message id "241"

2026-09-21 21:53:32.395 [info] WARNING:pygls.protocol.json_rpc:Cancel notification for unknown message id "245"

2026-09-21 21:53:32.396 [info] WARNING:pygls.protocol.json_rpc:Cancel notification for unknown message id "246"
WARNING:pygls.protocol.json_rpc:Cancel notification for unknown message id "244"

2026-09-21 21:53:45.725 [info] WARNING:pygls.protocol.json_rpc:Cancel notification for unknown message id "248"

2026-09-21 21:53:45.729 [info] WARNING:pygls.protocol.json_rpc:Cancel notification for unknown message id "249"

2026-09-21 21:53:45.731 [info] WARNING:pygls.protocol.json_rpc:Cancel notification for unknown message id "247"

2026-09-21 21:53:48.203 [info] WARNING:pygls.protocol.json_rpc:Cancel notification for unknown message id "251"

2026-09-21 21:53:48.205 [info] WARNING:pygls.protocol.json_rpc:Cancel notification for unknown message id "252"

2026-09-21 21:53:48.209 [info] WARNING:pygls.protocol.json_rpc:Cancel notification for unknown message id "250"

2026-09-21 21:53:48.336 [info] WARNING:pygls.protocol.json_rpc:Cancel notification for unknown message id "253"

2026-09-21 21:53:50.228 [info] WARNING:pygls.protocol.json_rpc:Cancel notification for unknown message id "255"

2026-09-21 21:53:50.236 [info] WARNING:pygls.protocol.json_rpc:Cancel notification for unknown message id "254"

2026-09-21 21:53:51.901 [info] WARNING:pygls.protocol.json_rpc:Cancel notification for unknown message id "230"

2026-09-21 21:53:52.298 [info] WARNING:pygls.protocol.json_rpc:Cancel notification for unknown message id "260"

2026-09-21 21:53:52.306 [info] WARNING:pygls.protocol.json_rpc:Cancel notification for unknown message id "261"

2026-09-21 21:53:52.306 [info] WARNING:pygls.protocol.json_rpc:Cancel notification for unknown message id "234"

2026-09-21 21:53:52.307 [info] WARNING:pygls.protocol.json_rpc:Cancel notification for unknown message id "256"

2026-09-21 21:53:52.323 [info] WARNING:pygls.protocol.json_rpc:Cancel notification for unknown message id "257"

2026-09-21 21:53:52.325 [info] WARNING:pygls.protocol.json_rpc:Cancel notification for unknown message id "262"

2026-09-21 21:53:52.330 [info] WARNING:pygls.protocol.json_rpc:Cancel notification for unknown message id "258"

2026-09-21 21:53:52.581 [info] WARNING:pygls.protocol.json_rpc:Cancel notification for unknown message id "263"

2026-09-21 21:53:53.638 [info] WARNING:pygls.protocol.json_rpc:Cancel notification for unknown message id "265"

2026-09-21 21:53:53.639 [info] WARNING:pygls.protocol.json_rpc:Cancel notification for unknown message id "266"

2026-09-21 21:53:55.008 [info] WARNING:pygls.protocol.json_rpc:Cancel notification for unknown message id "267"

2026-09-21 21:53:56.038 [info] WARNING:pygls.protocol.json_rpc:Cancel notification for unknown message id "268"

2026-09-21 21:53:56.041 [info] WARNING:pygls.protocol.json_rpc:Cancel notification for unknown message id "269"

2026-09-21 21:53:56.527 [info] WARNING:pygls.protocol.json_rpc:Cancel notification for unknown message id "271"

2026-09-21 21:53:56.529 [info] WARNING:pygls.protocol.json_rpc:Cancel notification for unknown message id "272"
WARNING:pygls.protocol.json_rpc:Cancel notification for unknown message id "270"

2026-09-21 21:53:57.032 [info] WARNING:pygls.protocol.json_rpc:Cancel notification for unknown message id "274"

2026-09-21 21:53:57.033 [info] WARNING:pygls.protocol.json_rpc:Cancel notification for unknown message id "275"

2026-09-21 21:53:57.036 [info] WARNING:pygls.protocol.json_rpc:Cancel notification for unknown message id "273"

2026-09-21 21:53:57.609 [info] WARNING:pygls.protocol.json_rpc:Cancel notification for unknown message id "277"

2026-09-21 21:53:57.611 [info] WARNING:pygls.protocol.json_rpc:Cancel notification for unknown message id "278"

2026-09-21 21:53:57.621 [info] WARNING:pygls.protocol.json_rpc:Cancel notification for unknown message id "276"

2026-09-21 21:53:58.095 [info] WARNING:pygls.protocol.json_rpc:Cancel notification for unknown message id "280"

2026-09-21 21:53:58.099 [info] WARNING:pygls.protocol.json_rpc:Cancel notification for unknown message id "279"

2026-09-21 21:53:58.167 [info] WARNING:pygls.protocol.json_rpc:Cancel notification for unknown message id "281"

2026-09-21 21:53:59.626 [info] WARNING:pygls.protocol.json_rpc:Cancel notification for unknown message id "259"

2026-09-21 21:53:59.947 [info] WARNING:pygls.protocol.json_rpc:Cancel notification for unknown message id "264"

2026-09-21 21:53:59.949 [info] WARNING:pygls.protocol.json_rpc:Cancel notification for unknown message id "282"

2026-09-21 21:53:59.953 [info] WARNING:pygls.protocol.json_rpc:Cancel notification for unknown message id "283"

2026-09-21 21:53:59.955 [info] WARNING:pygls.protocol.json_rpc:Cancel notification for unknown message id "284"

2026-09-21 21:53:59.957 [info] WARNING:pygls.protocol.json_rpc:Cancel notification for unknown message id "285"

2026-09-21 21:59:23.523 [info] WARNING:pygls.protocol.json_rpc:Cancel notification for unknown message id "294"

2026-09-21 21:59:24.103 [info] WARNING:pygls.protocol.json_rpc:Cancel notification for unknown message id "298"

2026-09-21 21:59:56.114 [info] WARNING:pygls.protocol.json_rpc:Cancel notification for unknown message id "301"

2026-09-21 21:59:56.758 [info] WARNING:pygls.protocol.json_rpc:Cancel notification for unknown message id "302"

2026-09-21 22:02:12.574 [info] WARNING:pygls.protocol.json_rpc:Cancel notification for unknown message id "319"

2026-09-21 22:02:12.867 [info] WARNING:pygls.protocol.json_rpc:Cancel notification for unknown message id "321"

2026-09-21 22:02:14.722 [info] WARNING:pygls.protocol.json_rpc:Cancel notification for unknown message id "323"

2026-09-21 22:02:15.041 [info] WARNING:pygls.protocol.json_rpc:Cancel notification for unknown message id "324"

2026-09-21 22:02:15.499 [info] WARNING:pygls.protocol.json_rpc:Cancel notification for unknown message id "326"

2026-09-21 22:02:15.850 [info] WARNING:pygls.protocol.json_rpc:Cancel notification for unknown message id "327"

2026-09-21 22:05:25.539 [info] WARNING:pygls.protocol.json_rpc:Cancel notification for unknown message id "332"

2026-09-21 22:05:28.475 [info] WARNING:pygls.protocol.json_rpc:Cancel notification for unknown message id "339"

2026-09-21 22:05:28.494 [info] WARNING:pygls.protocol.json_rpc:Cancel notification for unknown message id "340"

2026-09-21 22:09:36.425 [info] WARNING:pygls.protocol.json_rpc:Cancel notification for unknown message id "343"

2026-09-21 22:12:13.939 [info] WARNING:pygls.protocol.json_rpc:Cancel notification for unknown message id "352"

2026-09-21 22:14:03.879 [info] WARNING:pygls.protocol.json_rpc:Cancel notification for unknown message id "359"

2026-09-21 22:14:08.114 [info] WARNING:pygls.protocol.json_rpc:Cancel notification for unknown message id "362"

2026-09-21 22:14:09.716 [info] WARNING:pygls.protocol.json_rpc:Cancel notification for unknown message id "366"

2026-09-21 22:14:09.770 [info] WARNING:pygls.protocol.json_rpc:Cancel notification for unknown message id "367"

2026-09-21 22:14:11.241 [info] WARNING:pygls.protocol.json_rpc:Cancel notification for unknown message id "370"

2026-09-21 22:14:11.989 [info] WARNING:pygls.protocol.json_rpc:Cancel notification for unknown message id "371"

2026-09-21 22:14:13.081 [info] WARNING:pygls.protocol.json_rpc:Cancel notification for unknown message id "372"

2026-09-21 22:14:13.083 [info] WARNING:pygls.protocol.json_rpc:Cancel notification for unknown message id "373"

2026-09-21 22:14:13.647 [info] ERROR:pygls.protocol.json_rpc:Failed to handle request 377 completionItem/resolve CompletionItem(label='done', label_details=None, kind=<CompletionItemKind.Text: 1>, tags=None, detail=None, documentation=None, deprecated=None, preselect=None, sort_text='v0', filter_text='done', insert_text='done', insert_text_format=<InsertTextFormat.PlainText: 1>, insert_text_mode=None, text_edit=None, text_edit_text=None, additional_text_edits=None, commit_characters=None, command=None, data=None)
Traceback (most recent call last):
  File "/home/sadnane/.vscode-oss/extensions/ms-python.python-2026.4.0-universal/python_files/lib/jedilsp/pygls/protocol/json_rpc.py", line 266, in _handle_request
    self._execute_request(msg_id, handler, params)
    ~~~~~~~~~~~~~~~~~~~~~^^^^^^^^^^^^^^^^^^^^^^^^^
  File "/home/sadnane/.vscode-oss/extensions/ms-python.python-2026.4.0-universal/python_files/lib/jedilsp/pygls/protocol/json_rpc.py", line 188, in _execute_request
    self._send_response(msg_id, handler(params))
                                ~~~~~~~^^^^^^^^
  File "/home/sadnane/.vscode-oss/extensions/ms-python.python-2026.4.0-universal/python_files/lib/jedilsp/jedi_language_server/server.py", line 262, in completion_item_resolve
    return jedi_utils.lsp_completion_item_resolve(
           ~~~~~~~~~~~~~~~~~~~~~~~~~~~~~~~~~~~~~~^
        params, markup_kind=markup_kind
        ^^^^^^^^^^^^^^^^^^^^^^^^^^^^^^^
    )
    ^
  File "/home/sadnane/.vscode-oss/extensions/ms-python.python-2026.4.0-universal/python_files/lib/jedilsp/jedi_language_server/jedi_utils.py", line 710, in lsp_completion_item_resolve
    completion = _MOST_RECENT_COMPLETIONS[item.label]
                 ~~~~~~~~~~~~~~~~~~~~~~~~^^^^^^^^^^^^
KeyError: 'done'

2026-09-21 22:14:13.655 [info] [Error - 11:14:13 PM] Request completionItem/resolve failed.
2026-09-21 22:14:13.655 [info]   Message: KeyError: 'done'
  Code: -32603 
[object Object]
2026-09-21 22:14:14.022 [info] WARNING:pygls.protocol.json_rpc:Cancel notification for unknown message id "378"

2026-09-21 22:14:14.398 [info] WARNING:pygls.protocol.json_rpc:Cancel notification for unknown message id "379"

2026-09-21 22:14:33.482 [info] WARNING:pygls.protocol.json_rpc:Cancel notification for unknown message id "385"

2026-09-21 22:14:33.931 [info] WARNING:pygls.protocol.json_rpc:Cancel notification for unknown message id "387"

2026-09-21 22:14:34.351 [info] WARNING:pygls.protocol.json_rpc:Cancel notification for unknown message id "389"

2026-09-21 22:14:36.722 [info] WARNING:pygls.protocol.json_rpc:Cancel notification for unknown message id "393"

2026-09-21 22:14:38.482 [info] WARNING:pygls.protocol.json_rpc:Cancel notification for unknown message id "397"

2026-09-21 22:14:38.837 [info] WARNING:pygls.protocol.json_rpc:Cancel notification for unknown message id "399"

2026-09-21 22:14:38.890 [info] WARNING:pygls.protocol.json_rpc:Cancel notification for unknown message id "400"

2026-09-21 22:14:40.527 [info] WARNING:pygls.protocol.json_rpc:Cancel notification for unknown message id "403"

2026-09-21 22:14:40.528 [info] WARNING:pygls.protocol.json_rpc:Cancel notification for unknown message id "404"

2026-09-21 22:14:57.801 [info] WARNING:pygls.protocol.json_rpc:Cancel notification for unknown message id "409"

2026-09-21 22:17:19.920 [info] WARNING:pygls.protocol.json_rpc:Cancel notification for unknown message id "415"

2026-09-21 22:17:33.760 [info] WARNING:pygls.protocol.json_rpc:Cancel notification for unknown message id "421"

2026-09-21 22:17:34.046 [info] WARNING:pygls.protocol.json_rpc:Cancel notification for unknown message id "425"

2026-09-22 17:35:16.106 [info] WARNING:pygls.protocol.json_rpc:Cancel notification for unknown message id "427"

2026-09-22 17:35:16.782 [info] WARNING:pygls.protocol.json_rpc:Cancel notification for unknown message id "429"

2026-09-22 17:43:17.452 [info] WARNING:pygls.protocol.json_rpc:Cancel notification for unknown message id "452"

2026-09-22 17:43:28.252 [info] WARNING:pygls.protocol.json_rpc:Cancel notification for unknown message id "465"

2026-09-22 17:43:28.728 [info] WARNING:pygls.protocol.json_rpc:Cancel notification for unknown message id "467"

2026-09-22 17:43:29.029 [info] WARNING:pygls.protocol.json_rpc:Cancel notification for unknown message id "468"

2026-09-22 17:43:36.413 [info] WARNING:pygls.protocol.json_rpc:Cancel notification for unknown message id "481"

2026-09-22 17:43:37.895 [info] WARNING:pygls.protocol.json_rpc:Cancel notification for unknown message id "485"
WARNING:pygls.protocol.json_rpc:Cancel notification for unknown message id "486"

2026-09-22 17:43:38.396 [info] WARNING:pygls.protocol.json_rpc:Cancel notification for unknown message id "488"

2026-09-22 17:43:38.950 [info] WARNING:pygls.protocol.json_rpc:Cancel notification for unknown message id "490"

2026-09-22 17:43:38.951 [info] WARNING:pygls.protocol.json_rpc:Cancel notification for unknown message id "491"

2026-09-22 17:43:39.300 [info] WARNING:pygls.protocol.json_rpc:Cancel notification for unknown message id "494"

2026-09-22 17:43:39.660 [info] WARNING:pygls.protocol.json_rpc:Cancel notification for unknown message id "495"

2026-09-22 17:43:42.037 [info] WARNING:pygls.protocol.json_rpc:Cancel notification for unknown message id "500"

2026-09-22 17:43:42.932 [info] WARNING:pygls.protocol.json_rpc:Cancel notification for unknown message id "501"

2026-09-22 17:43:43.129 [info] WARNING:pygls.protocol.json_rpc:Cancel notification for unknown message id "502"

2026-09-22 17:43:43.298 [info] WARNING:pygls.protocol.json_rpc:Cancel notification for unknown message id "503"

2026-09-22 17:43:43.525 [info] WARNING:pygls.protocol.json_rpc:Cancel notification for unknown message id "504"

2026-09-22 17:43:43.648 [info] WARNING:pygls.protocol.json_rpc:Cancel notification for unknown message id "505"

2026-09-22 17:43:43.649 [info] WARNING:pygls.protocol.json_rpc:Cancel notification for unknown message id "506"

2026-09-22 17:43:44.119 [info] WARNING:pygls.protocol.json_rpc:Cancel notification for unknown message id "508"

2026-09-22 17:44:57.458 [info] WARNING:pygls.protocol.json_rpc:Cancel notification for unknown message id "516"

2026-09-22 17:44:57.758 [info] WARNING:pygls.protocol.json_rpc:Cancel notification for unknown message id "517"

2026-09-22 17:45:14.860 [info] WARNING:pygls.protocol.json_rpc:Cancel notification for unknown message id "526"

2026-09-22 17:45:16.179 [info] WARNING:pygls.protocol.json_rpc:Cancel notification for unknown message id "531"

2026-09-22 17:45:17.965 [info] WARNING:pygls.protocol.json_rpc:Cancel notification for unknown message id "534"

2026-09-22 18:23:40.762 [info] WARNING:pygls.protocol.json_rpc:Cancel notification for unknown message id "552"

2026-09-22 18:26:41.526 [info] WARNING:pygls.protocol.json_rpc:Cancel notification for unknown message id "576"

2026-09-22 18:26:42.917 [info] WARNING:pygls.protocol.json_rpc:Cancel notification for unknown message id "578"
WARNING:pygls.protocol.json_rpc:Cancel notification for unknown message id "580"

2026-09-22 18:26:43.511 [info] WARNING:pygls.protocol.json_rpc:Cancel notification for unknown message id "579"

2026-09-22 18:26:43.777 [info] WARNING:pygls.protocol.json_rpc:Cancel notification for unknown message id "582"

2026-09-22 18:26:43.785 [info] WARNING:pygls.protocol.json_rpc:Cancel notification for unknown message id "584"

2026-09-22 18:26:43.787 [info] WARNING:pygls.protocol.json_rpc:Cancel notification for unknown message id "581"

2026-09-22 18:26:44.658 [info] WARNING:pygls.protocol.json_rpc:Cancel notification for unknown message id "583"

2026-09-22 18:26:44.794 [info] WARNING:pygls.protocol.json_rpc:Cancel notification for unknown message id "586"

2026-09-22 18:26:44.794 [info] WARNING:pygls.protocol.json_rpc:Cancel notification for unknown message id "589"

2026-09-22 18:26:44.795 [info] WARNING:pygls.protocol.json_rpc:Cancel notification for unknown message id "587"

2026-09-22 18:26:48.078 [info] WARNING:pygls.protocol.json_rpc:Cancel notification for unknown message id "588"

2026-09-22 18:26:48.467 [info] WARNING:pygls.protocol.json_rpc:Cancel notification for unknown message id "591"
WARNING:pygls.protocol.json_rpc:Cancel notification for unknown message id "593"

2026-09-22 18:26:48.479 [info] WARNING:pygls.protocol.json_rpc:Cancel notification for unknown message id "595"

2026-09-22 18:26:48.495 [info] WARNING:pygls.protocol.json_rpc:Cancel notification for unknown message id "596"

2026-09-22 18:26:48.496 [info] WARNING:pygls.protocol.json_rpc:Cancel notification for unknown message id "594"

2026-09-22 18:26:48.550 [info] WARNING:pygls.protocol.json_rpc:Cancel notification for unknown message id "597"

2026-09-22 18:26:48.688 [info] WARNING:pygls.protocol.json_rpc:Cancel notification for unknown message id "592"

2026-09-22 18:26:56.438 [info] WARNING:pygls.protocol.json_rpc:Cancel notification for unknown message id "608"

2026-09-22 18:26:56.552 [info] WARNING:pygls.protocol.json_rpc:Cancel notification for unknown message id "609"

2026-09-22 18:26:58.123 [info] WARNING:pygls.protocol.json_rpc:Cancel notification for unknown message id "612"

2026-09-22 18:26:58.124 [info] WARNING:pygls.protocol.json_rpc:Cancel notification for unknown message id "613"

2026-09-22 18:27:00.571 [info] WARNING:pygls.protocol.json_rpc:Cancel notification for unknown message id "619"

2026-09-22 18:27:00.793 [info] WARNING:pygls.protocol.json_rpc:Cancel notification for unknown message id "620"

2026-09-22 18:27:00.835 [info] WARNING:pygls.protocol.json_rpc:Cancel notification for unknown message id "621"

2026-09-22 18:27:01.763 [info] WARNING:pygls.protocol.json_rpc:Cancel notification for unknown message id "623"

2026-09-22 18:27:01.764 [info] WARNING:pygls.protocol.json_rpc:Cancel notification for unknown message id "624"

2026-09-22 18:27:02.706 [info] WARNING:pygls.protocol.json_rpc:Cancel notification for unknown message id "625"

2026-09-22 18:27:02.706 [info] WARNING:pygls.protocol.json_rpc:Cancel notification for unknown message id "626"

2026-09-22 18:27:03.659 [info] WARNING:pygls.protocol.json_rpc:Cancel notification for unknown message id "627"

2026-09-22 18:27:03.693 [info] WARNING:pygls.protocol.json_rpc:Cancel notification for unknown message id "628"

2026-09-22 18:27:05.849 [info] WARNING:pygls.protocol.json_rpc:Cancel notification for unknown message id "638"

2026-09-22 18:27:06.798 [info] WARNING:pygls.protocol.json_rpc:Cancel notification for unknown message id "639"

2026-09-22 18:27:06.955 [info] WARNING:pygls.protocol.json_rpc:Cancel notification for unknown message id "640"

2026-09-22 18:27:07.995 [info] WARNING:pygls.protocol.json_rpc:Cancel notification for unknown message id "641"

2026-09-22 18:27:07.996 [info] WARNING:pygls.protocol.json_rpc:Cancel notification for unknown message id "642"

2026-09-22 18:27:08.194 [info] WARNING:pygls.protocol.json_rpc:Cancel notification for unknown message id "643"

2026-09-22 18:27:08.245 [info] WARNING:pygls.protocol.json_rpc:Cancel notification for unknown message id "645"

2026-09-22 18:27:08.420 [info] WARNING:pygls.protocol.json_rpc:Cancel notification for unknown message id "646"

2026-09-22 18:27:08.422 [info] WARNING:pygls.protocol.json_rpc:Cancel notification for unknown message id "647"

2026-09-22 18:27:13.539 [info] WARNING:pygls.protocol.json_rpc:Cancel notification for unknown message id "661"

2026-09-22 18:27:15.010 [info] WARNING:pygls.protocol.json_rpc:Cancel notification for unknown message id "663"

2026-09-22 18:27:15.010 [info] WARNING:pygls.protocol.json_rpc:Cancel notification for unknown message id "665"

2026-09-22 18:27:16.291 [info] WARNING:pygls.protocol.json_rpc:Cancel notification for unknown message id "667"

2026-09-22 18:27:16.447 [info] WARNING:pygls.protocol.json_rpc:Cancel notification for unknown message id "669"

2026-09-22 18:27:17.302 [info] WARNING:pygls.protocol.json_rpc:Cancel notification for unknown message id "668"

2026-09-22 18:27:17.548 [info] WARNING:pygls.protocol.json_rpc:Cancel notification for unknown message id "670"

2026-09-22 18:27:17.550 [info] WARNING:pygls.protocol.json_rpc:Cancel notification for unknown message id "672"

2026-09-22 18:27:17.552 [info] WARNING:pygls.protocol.json_rpc:Cancel notification for unknown message id "671"

2026-09-22 18:27:17.847 [info] WARNING:pygls.protocol.json_rpc:Cancel notification for unknown message id "674"

2026-09-22 18:27:18.071 [info] WARNING:pygls.protocol.json_rpc:Cancel notification for unknown message id "673"

2026-09-22 18:27:18.237 [info] WARNING:pygls.protocol.json_rpc:Cancel notification for unknown message id "679"

2026-09-22 18:27:20.050 [info] WARNING:pygls.protocol.json_rpc:Cancel notification for unknown message id "685"

2026-09-22 18:27:20.261 [info] WARNING:pygls.protocol.json_rpc:Cancel notification for unknown message id "686"

2026-09-22 18:27:21.306 [info] WARNING:pygls.protocol.json_rpc:Cancel notification for unknown message id "687"

2026-09-22 18:27:21.357 [info] WARNING:pygls.protocol.json_rpc:Cancel notification for unknown message id "688"

2026-09-22 18:27:21.972 [info] WARNING:pygls.protocol.json_rpc:Cancel notification for unknown message id "696"

2026-09-22 18:27:22.157 [info] WARNING:pygls.protocol.json_rpc:Cancel notification for unknown message id "697"

2026-09-22 18:27:23.931 [info] WARNING:pygls.protocol.json_rpc:Cancel notification for unknown message id "700"

2026-09-22 18:27:24.968 [info] WARNING:pygls.protocol.json_rpc:Cancel notification for unknown message id "701"

2026-09-22 18:27:24.968 [info] WARNING:pygls.protocol.json_rpc:Cancel notification for unknown message id "702"

2026-09-22 18:27:25.331 [info] WARNING:pygls.protocol.json_rpc:Cancel notification for unknown message id "704"

2026-09-22 18:27:25.332 [info] WARNING:pygls.protocol.json_rpc:Cancel notification for unknown message id "705"

2026-09-22 18:27:25.496 [info] WARNING:pygls.protocol.json_rpc:Cancel notification for unknown message id "709"

2026-09-22 18:29:27.235 [info] WARNING:pygls.protocol.json_rpc:Cancel notification for unknown message id "761"

2026-09-24 19:19:07.139 [info] WARNING:pygls.protocol.json_rpc:Cancel notification for unknown message id "918"

2026-09-24 19:19:38.767 [info] WARNING:pygls.protocol.json_rpc:Cancel notification for unknown message id "922"

2026-09-24 19:19:39.706 [info] WARNING:pygls.protocol.json_rpc:Cancel notification for unknown message id "923"

2026-09-24 19:19:40.031 [info] WARNING:pygls.protocol.json_rpc:Cancel notification for unknown message id "924"

2026-09-24 19:19:40.429 [info] WARNING:pygls.protocol.json_rpc:Cancel notification for unknown message id "925"

2026-09-24 19:20:22.101 [info] WARNING:pygls.protocol.json_rpc:Cancel notification for unknown message id "927"

2026-09-24 19:20:22.116 [info] WARNING:pygls.protocol.json_rpc:Cancel notification for unknown message id "930"

2026-09-24 19:20:22.268 [info] WARNING:pygls.protocol.json_rpc:Cancel notification for unknown message id "931"

2026-09-24 19:24:08.050 [info] WARNING:pygls.protocol.json_rpc:Cancel notification for unknown message id "938"

2026-09-24 19:24:09.962 [info] WARNING:pygls.protocol.json_rpc:Cancel notification for unknown message id "940"

2026-09-24 19:24:11.390 [info] WARNING:pygls.protocol.json_rpc:Cancel notification for unknown message id "941"

2026-09-24 19:24:25.324 [info] WARNING:pygls.protocol.json_rpc:Cancel notification for unknown message id "963"

2026-09-24 19:24:30.279 [info] WARNING:pygls.protocol.json_rpc:Cancel notification for unknown message id "970"

2026-09-24 19:24:30.334 [info] WARNING:pygls.protocol.json_rpc:Cancel notification for unknown message id "971"

2026-09-24 19:25:42.244 [info] WARNING:pygls.protocol.json_rpc:Cancel notification for unknown message id "976"

2026-09-24 19:25:43.154 [info] WARNING:pygls.protocol.json_rpc:Cancel notification for unknown message id "978"

2026-09-24 19:25:44.040 [info] WARNING:pygls.protocol.json_rpc:Cancel notification for unknown message id "980"

2026-09-24 19:25:44.426 [info] WARNING:pygls.protocol.json_rpc:Cancel notification for unknown message id "981"

2026-09-24 19:25:44.483 [info] WARNING:pygls.protocol.json_rpc:Cancel notification for unknown message id "982"

2026-09-24 19:25:45.214 [info] WARNING:pygls.protocol.json_rpc:Cancel notification for unknown message id "983"

2026-09-24 19:25:45.592 [info] WARNING:pygls.protocol.json_rpc:Cancel notification for unknown message id "985"

2026-09-24 19:25:46.008 [info] WARNING:pygls.protocol.json_rpc:Cancel notification for unknown message id "986"

2026-09-24 19:25:46.049 [info] WARNING:pygls.protocol.json_rpc:Cancel notification for unknown message id "987"

2026-09-24 19:25:51.009 [info] WARNING:pygls.protocol.json_rpc:Cancel notification for unknown message id "993"

2026-09-24 19:25:52.472 [info] WARNING:pygls.protocol.json_rpc:Cancel notification for unknown message id "996"

2026-09-24 19:25:54.358 [info] WARNING:pygls.protocol.json_rpc:Cancel notification for unknown message id "999"

2026-09-24 19:25:55.330 [info] WARNING:pygls.protocol.json_rpc:Cancel notification for unknown message id "1000"

2026-09-24 19:25:56.633 [info] WARNING:pygls.protocol.json_rpc:Cancel notification for unknown message id "1001"

2026-09-24 19:25:56.658 [info] WARNING:pygls.protocol.json_rpc:Cancel notification for unknown message id "1004"

2026-09-24 19:25:59.026 [info] WARNING:pygls.protocol.json_rpc:Cancel notification for unknown message id "1007"

2026-09-24 19:25:59.817 [info] WARNING:pygls.protocol.json_rpc:Cancel notification for unknown message id "1008"

2026-09-24 19:26:00.612 [info] WARNING:pygls.protocol.json_rpc:Cancel notification for unknown message id "1009"

2026-09-24 19:26:00.678 [info] WARNING:pygls.protocol.json_rpc:Cancel notification for unknown message id "1011"

2026-09-24 19:26:06.228 [info] WARNING:pygls.protocol.json_rpc:Cancel notification for unknown message id "1022"
WARNING:pygls.protocol.json_rpc:Cancel notification for unknown message id "1024"

2026-09-24 19:26:08.178 [info] WARNING:pygls.protocol.json_rpc:Cancel notification for unknown message id "1026"
WARNING:pygls.protocol.json_rpc:Cancel notification for unknown message id "1027"

2026-09-24 19:26:08.420 [info] WARNING:pygls.protocol.json_rpc:Cancel notification for unknown message id "1029"

2026-09-24 19:26:08.426 [info] WARNING:pygls.protocol.json_rpc:Cancel notification for unknown message id "1030"

2026-09-24 19:26:09.675 [info] WARNING:pygls.protocol.json_rpc:Cancel notification for unknown message id "1032"

2026-09-24 19:26:09.869 [info] WARNING:pygls.protocol.json_rpc:Cancel notification for unknown message id "1033"

2026-09-24 19:28:38.212 [info] WARNING:pygls.protocol.json_rpc:Cancel notification for unknown message id "1066"
WARNING:pygls.protocol.json_rpc:Cancel notification for unknown message id "1067"

2026-09-24 19:28:41.510 [info] WARNING:pygls.protocol.json_rpc:Cancel notification for unknown message id "1069"

2026-09-24 19:28:41.672 [info] WARNING:pygls.protocol.json_rpc:Cancel notification for unknown message id "1071"

2026-09-24 19:28:41.686 [info] WARNING:pygls.protocol.json_rpc:Cancel notification for unknown message id "1073"

2026-09-24 19:30:29.321 [info] WARNING:pygls.protocol.json_rpc:Cancel notification for unknown message id "1090"

2026-09-24 19:30:29.532 [info] WARNING:pygls.protocol.json_rpc:Cancel notification for unknown message id "1091"

2026-09-24 19:31:07.729 [info] WARNING:pygls.protocol.json_rpc:Cancel notification for unknown message id "1095"

2026-09-24 19:31:07.732 [info] WARNING:pygls.protocol.json_rpc:Cancel notification for unknown message id "1096"

2026-09-24 19:31:12.567 [info] WARNING:pygls.protocol.json_rpc:Cancel notification for unknown message id "1104"

2026-09-24 19:31:12.571 [info] WARNING:pygls.protocol.json_rpc:Cancel notification for unknown message id "1105"

2026-09-24 19:31:14.420 [info] WARNING:pygls.protocol.json_rpc:Cancel notification for unknown message id "1107"
WARNING:pygls.protocol.json_rpc:Cancel notification for unknown message id "1108"

2026-09-24 19:31:15.272 [info] WARNING:pygls.protocol.json_rpc:Cancel notification for unknown message id "1109"

2026-09-24 19:31:15.546 [info] WARNING:pygls.protocol.json_rpc:Cancel notification for unknown message id "1110"

2026-09-24 19:31:15.625 [info] WARNING:pygls.protocol.json_rpc:Cancel notification for unknown message id "1112"

2026-09-24 19:31:15.763 [info] WARNING:pygls.protocol.json_rpc:Cancel notification for unknown message id "1111"

2026-09-24 19:31:15.885 [info] WARNING:pygls.protocol.json_rpc:Cancel notification for unknown message id "1114"

2026-09-24 19:31:15.885 [info] WARNING:pygls.protocol.json_rpc:Cancel notification for unknown message id "1115"

2026-09-24 19:31:15.892 [info] WARNING:pygls.protocol.json_rpc:Cancel notification for unknown message id "1117"

2026-09-24 19:31:19.871 [info] WARNING:pygls.protocol.json_rpc:Cancel notification for unknown message id "1129"

2026-09-24 19:31:20.034 [info] WARNING:pygls.protocol.json_rpc:Cancel notification for unknown message id "1130"

2026-09-24 19:31:22.855 [info] WARNING:pygls.protocol.json_rpc:Cancel notification for unknown message id "1131"

2026-09-24 19:31:22.857 [info] WARNING:pygls.protocol.json_rpc:Cancel notification for unknown message id "1132"

2026-09-24 19:31:23.098 [info] WARNING:pygls.protocol.json_rpc:Cancel notification for unknown message id "1133"

2026-09-24 19:31:23.328 [info] WARNING:pygls.protocol.json_rpc:Cancel notification for unknown message id "1134"

2026-09-24 19:31:23.671 [info] WARNING:pygls.protocol.json_rpc:Cancel notification for unknown message id "1135"

2026-09-24 19:31:23.924 [info] WARNING:pygls.protocol.json_rpc:Cancel notification for unknown message id "1136"

2026-09-24 19:31:23.926 [info] WARNING:pygls.protocol.json_rpc:Cancel notification for unknown message id "1139"

2026-09-24 19:31:23.928 [info] WARNING:pygls.protocol.json_rpc:Cancel notification for unknown message id "1137"

2026-09-24 19:31:24.124 [info] WARNING:pygls.protocol.json_rpc:Cancel notification for unknown message id "1138"

2026-09-24 19:31:24.309 [info] WARNING:pygls.protocol.json_rpc:Cancel notification for unknown message id "1140"

2026-09-24 19:31:24.651 [info] WARNING:pygls.protocol.json_rpc:Cancel notification for unknown message id "1143"

2026-09-24 19:31:25.864 [info] WARNING:pygls.protocol.json_rpc:Cancel notification for unknown message id "1147"

2026-09-24 19:31:25.866 [info] WARNING:pygls.protocol.json_rpc:Cancel notification for unknown message id "1144"

2026-09-24 19:31:25.867 [info] WARNING:pygls.protocol.json_rpc:Cancel notification for unknown message id "1145"

2026-09-24 19:31:26.893 [info] WARNING:pygls.protocol.json_rpc:Cancel notification for unknown message id "1148"

2026-09-24 19:31:26.954 [info] WARNING:pygls.protocol.json_rpc:Cancel notification for unknown message id "1149"

2026-09-24 19:31:26.983 [info] WARNING:pygls.protocol.json_rpc:Cancel notification for unknown message id "1151"

2026-09-24 19:31:27.155 [info] WARNING:pygls.protocol.json_rpc:Cancel notification for unknown message id "1152"

2026-09-24 19:31:27.250 [info] WARNING:pygls.protocol.json_rpc:Cancel notification for unknown message id "1153"

2026-09-24 19:31:27.351 [info] WARNING:pygls.protocol.json_rpc:Cancel notification for unknown message id "1155"
WARNING:pygls.protocol.json_rpc:Cancel notification for unknown message id "1154"

2026-09-24 19:31:27.354 [info] WARNING:pygls.protocol.json_rpc:Cancel notification for unknown message id "1156"

2026-09-24 19:31:32.846 [info] WARNING:pygls.protocol.json_rpc:Cancel notification for unknown message id "1158"

2026-09-24 19:31:32.847 [info] WARNING:pygls.protocol.json_rpc:Cancel notification for unknown message id "1159"

2026-09-24 19:31:33.074 [info] WARNING:pygls.protocol.json_rpc:Cancel notification for unknown message id "1160"

2026-09-24 19:31:33.276 [info] WARNING:pygls.protocol.json_rpc:Cancel notification for unknown message id "1161"

2026-09-24 19:34:05.494 [info] WARNING:pygls.protocol.json_rpc:Cancel notification for unknown message id "1168"

2026-09-24 19:34:05.894 [info] WARNING:pygls.protocol.json_rpc:Cancel notification for unknown message id "1169"

2026-09-24 19:34:06.590 [info] WARNING:pygls.protocol.json_rpc:Cancel notification for unknown message id "1171"
WARNING:pygls.protocol.json_rpc:Cancel notification for unknown message id "1173"
WARNING:pygls.protocol.json_rpc:Cancel notification for unknown message id "1172"

2026-09-24 19:34:06.591 [info] WARNING:pygls.protocol.json_rpc:Cancel notification for unknown message id "1174"

2026-09-24 19:34:07.101 [info] WARNING:pygls.protocol.json_rpc:Cancel notification for unknown message id "1177"

2026-09-24 19:34:11.074 [info] WARNING:pygls.protocol.json_rpc:Cancel notification for unknown message id "1182"

2026-09-24 19:34:11.077 [info] WARNING:pygls.protocol.json_rpc:Cancel notification for unknown message id "1183"

2026-09-24 19:34:17.960 [info] WARNING:pygls.protocol.json_rpc:Cancel notification for unknown message id "1185"

2026-09-24 19:34:17.960 [info] WARNING:pygls.protocol.json_rpc:Cancel notification for unknown message id "1186"

2026-09-24 19:34:18.187 [info] WARNING:pygls.protocol.json_rpc:Cancel notification for unknown message id "1187"

2026-09-24 19:34:18.188 [info] WARNING:pygls.protocol.json_rpc:Cancel notification for unknown message id "1188"

2026-09-24 19:34:18.409 [info] WARNING:pygls.protocol.json_rpc:Cancel notification for unknown message id "1189"

2026-09-24 19:34:18.681 [info] WARNING:pygls.protocol.json_rpc:Cancel notification for unknown message id "1191"

2026-09-24 19:34:18.935 [info] WARNING:pygls.protocol.json_rpc:Cancel notification for unknown message id "1192"

2026-09-24 19:34:18.951 [info] WARNING:pygls.protocol.json_rpc:Cancel notification for unknown message id "1193"

2026-09-24 19:34:19.921 [info] WARNING:pygls.protocol.json_rpc:Cancel notification for unknown message id "1194"

2026-09-24 19:34:19.932 [info] WARNING:pygls.protocol.json_rpc:Cancel notification for unknown message id "1190"

2026-09-24 19:34:20.659 [info] WARNING:pygls.protocol.json_rpc:Cancel notification for unknown message id "1196"

2026-09-24 19:34:20.659 [info] WARNING:pygls.protocol.json_rpc:Cancel notification for unknown message id "1197"

2026-09-24 19:34:20.874 [info] WARNING:pygls.protocol.json_rpc:Cancel notification for unknown message id "1198"

2026-09-24 19:34:21.087 [info] WARNING:pygls.protocol.json_rpc:Cancel notification for unknown message id "1199"

2026-09-24 19:34:23.608 [info] WARNING:pygls.protocol.json_rpc:Cancel notification for unknown message id "1200"
WARNING:pygls.protocol.json_rpc:Cancel notification for unknown message id "1201"

2026-09-24 19:34:24.323 [info] WARNING:pygls.protocol.json_rpc:Cancel notification for unknown message id "1203"

2026-09-24 19:34:24.328 [info] WARNING:pygls.protocol.json_rpc:Cancel notification for unknown message id "1204"

2026-09-24 19:34:24.982 [info] WARNING:pygls.protocol.json_rpc:Cancel notification for unknown message id "1202"

2026-09-24 19:34:25.232 [info] WARNING:pygls.protocol.json_rpc:Cancel notification for unknown message id "1207"

2026-09-24 19:34:25.789 [info] WARNING:pygls.protocol.json_rpc:Cancel notification for unknown message id "1209"

2026-09-24 19:34:25.789 [info] WARNING:pygls.protocol.json_rpc:Cancel notification for unknown message id "1210"

2026-09-24 19:34:25.790 [info] WARNING:pygls.protocol.json_rpc:Cancel notification for unknown message id "1208"

2026-09-24 19:34:26.003 [info] WARNING:pygls.protocol.json_rpc:Cancel notification for unknown message id "1211"

2026-09-24 19:34:26.556 [info] WARNING:pygls.protocol.json_rpc:Cancel notification for unknown message id "1212"

2026-09-24 19:34:27.807 [info] WARNING:pygls.protocol.json_rpc:Cancel notification for unknown message id "1214"
WARNING:pygls.protocol.json_rpc:Cancel notification for unknown message id "1215"
WARNING:pygls.protocol.json_rpc:Cancel notification for unknown message id "1213"

2026-09-24 19:34:33.831 [info] WARNING:pygls.protocol.json_rpc:Cancel notification for unknown message id "1217"
WARNING:pygls.protocol.json_rpc:Cancel notification for unknown message id "1218"
WARNING:pygls.protocol.json_rpc:Cancel notification for unknown message id "1216"

2026-09-24 19:34:34.143 [info] WARNING:pygls.protocol.json_rpc:Cancel notification for unknown message id "1219"

2026-09-24 19:34:34.421 [info] WARNING:pygls.protocol.json_rpc:Cancel notification for unknown message id "1220"

2026-09-24 19:34:34.712 [info] WARNING:pygls.protocol.json_rpc:Cancel notification for unknown message id "1221"

2026-09-24 19:34:35.152 [info] WARNING:pygls.protocol.json_rpc:Cancel notification for unknown message id "1223"
WARNING:pygls.protocol.json_rpc:Cancel notification for unknown message id "1222"

2026-09-24 19:34:35.474 [info] WARNING:pygls.protocol.json_rpc:Cancel notification for unknown message id "1225"

2026-09-24 19:34:35.717 [info] WARNING:pygls.protocol.json_rpc:Cancel notification for unknown message id "1226"

2026-09-24 19:34:35.719 [info] WARNING:pygls.protocol.json_rpc:Cancel notification for unknown message id "1224"

2026-09-24 19:34:36.170 [info] WARNING:pygls.protocol.json_rpc:Cancel notification for unknown message id "1228"

2026-09-24 19:34:36.170 [info] WARNING:pygls.protocol.json_rpc:Cancel notification for unknown message id "1229"

2026-09-24 19:34:36.170 [info] WARNING:pygls.protocol.json_rpc:Cancel notification for unknown message id "1227"

2026-09-24 19:34:36.446 [info] WARNING:pygls.protocol.json_rpc:Cancel notification for unknown message id "1231"

2026-09-24 19:34:36.487 [info] WARNING:pygls.protocol.json_rpc:Cancel notification for unknown message id "1230"

2026-09-24 19:34:36.961 [info] WARNING:pygls.protocol.json_rpc:Cancel notification for unknown message id "1232"

2026-09-24 19:34:36.963 [info] WARNING:pygls.protocol.json_rpc:Cancel notification for unknown message id "1233"

2026-09-24 19:43:15.303 [info] WARNING:pygls.protocol.json_rpc:Cancel notification for unknown message id "1247"

2026-09-24 19:43:15.506 [info] WARNING:pygls.protocol.json_rpc:Cancel notification for unknown message id "1248"

2026-09-24 19:43:15.760 [info] WARNING:pygls.protocol.json_rpc:Cancel notification for unknown message id "1250"

2026-09-24 19:43:15.915 [info] WARNING:pygls.protocol.json_rpc:Cancel notification for unknown message id "1251"

2026-09-24 19:43:16.815 [info] WARNING:pygls.protocol.json_rpc:Cancel notification for unknown message id "1252"

2026-09-24 19:43:16.816 [info] WARNING:pygls.protocol.json_rpc:Cancel notification for unknown message id "1253"

2026-09-24 19:43:17.732 [info] WARNING:pygls.protocol.json_rpc:Cancel notification for unknown message id "1254"
WARNING:pygls.protocol.json_rpc:Cancel notification for unknown message id "1255"

2026-09-24 19:43:18.332 [info] WARNING:pygls.protocol.json_rpc:Cancel notification for unknown message id "1256"

2026-09-24 19:43:18.530 [info] WARNING:pygls.protocol.json_rpc:Cancel notification for unknown message id "1257"

2026-09-24 19:43:18.828 [info] WARNING:pygls.protocol.json_rpc:Cancel notification for unknown message id "1258"

2026-09-24 19:43:18.828 [info] WARNING:pygls.protocol.json_rpc:Cancel notification for unknown message id "1259"

2026-09-24 19:43:18.965 [info] WARNING:pygls.protocol.json_rpc:Cancel notification for unknown message id "1261"
WARNING:pygls.protocol.json_rpc:Cancel notification for unknown message id "1262"
WARNING:pygls.protocol.json_rpc:Cancel notification for unknown message id "1260"

2026-09-24 19:43:19.123 [info] WARNING:pygls.protocol.json_rpc:Cancel notification for unknown message id "1264"

2026-09-24 19:43:19.126 [info] WARNING:pygls.protocol.json_rpc:Cancel notification for unknown message id "1249"

2026-09-24 19:43:19.146 [info] WARNING:pygls.protocol.json_rpc:Cancel notification for unknown message id "1265"

2026-09-24 19:43:19.147 [info] WARNING:pygls.protocol.json_rpc:Cancel notification for unknown message id "1263"

2026-09-24 19:43:19.301 [info] WARNING:pygls.protocol.json_rpc:Cancel notification for unknown message id "1270"

2026-09-24 19:43:19.302 [info] WARNING:pygls.protocol.json_rpc:Cancel notification for unknown message id "1268"

2026-09-24 19:43:19.303 [info] WARNING:pygls.protocol.json_rpc:Cancel notification for unknown message id "1269"

2026-09-24 19:43:19.303 [info] WARNING:pygls.protocol.json_rpc:Cancel notification for unknown message id "1267"

2026-09-24 19:43:19.334 [info] WARNING:pygls.protocol.json_rpc:Cancel notification for unknown message id "1272"

2026-09-24 19:43:19.335 [info] WARNING:pygls.protocol.json_rpc:Cancel notification for unknown message id "1271"

2026-09-24 19:43:19.358 [info] WARNING:pygls.protocol.json_rpc:Cancel notification for unknown message id "1273"

2026-09-24 19:43:19.387 [info] WARNING:pygls.protocol.json_rpc:Cancel notification for unknown message id "1274"

2026-09-24 19:43:19.418 [info] WARNING:pygls.protocol.json_rpc:Cancel notification for unknown message id "1276"

2026-09-24 19:43:19.570 [info] WARNING:pygls.protocol.json_rpc:Cancel notification for unknown message id "1277"

2026-09-24 19:43:19.570 [info] WARNING:pygls.protocol.json_rpc:Cancel notification for unknown message id "1275"

2026-09-24 19:43:19.575 [info] WARNING:pygls.protocol.json_rpc:Cancel notification for unknown message id "1278"

2026-09-24 19:43:19.599 [info] WARNING:pygls.protocol.json_rpc:Cancel notification for unknown message id "1279"

2026-09-24 19:43:19.758 [info] WARNING:pygls.protocol.json_rpc:Cancel notification for unknown message id "1281"

2026-09-24 19:43:19.759 [info] WARNING:pygls.protocol.json_rpc:Cancel notification for unknown message id "1282"

2026-09-24 19:43:19.759 [info] WARNING:pygls.protocol.json_rpc:Cancel notification for unknown message id "1280"

2026-09-24 19:43:19.795 [info] WARNING:pygls.protocol.json_rpc:Cancel notification for unknown message id "1284"

2026-09-24 19:43:19.795 [info] WARNING:pygls.protocol.json_rpc:Cancel notification for unknown message id "1283"

2026-09-24 19:43:19.820 [info] WARNING:pygls.protocol.json_rpc:Cancel notification for unknown message id "1285"

2026-09-24 19:43:20.028 [info] WARNING:pygls.protocol.json_rpc:Cancel notification for unknown message id "1287"

2026-09-24 19:43:20.029 [info] WARNING:pygls.protocol.json_rpc:Cancel notification for unknown message id "1288"

2026-09-24 19:43:20.032 [info] WARNING:pygls.protocol.json_rpc:Cancel notification for unknown message id "1286"

2026-09-24 19:43:20.211 [info] WARNING:pygls.protocol.json_rpc:Cancel notification for unknown message id "1290"

2026-09-24 19:43:20.212 [info] WARNING:pygls.protocol.json_rpc:Cancel notification for unknown message id "1291"

2026-09-24 19:43:20.214 [info] WARNING:pygls.protocol.json_rpc:Cancel notification for unknown message id "1289"

2026-09-24 19:43:20.262 [info] WARNING:pygls.protocol.json_rpc:Cancel notification for unknown message id "1293"

2026-09-24 19:43:20.446 [info] WARNING:pygls.protocol.json_rpc:Cancel notification for unknown message id "1294"

2026-09-24 19:43:20.446 [info] WARNING:pygls.protocol.json_rpc:Cancel notification for unknown message id "1292"

2026-09-24 19:43:20.454 [info] WARNING:pygls.protocol.json_rpc:Cancel notification for unknown message id "1295"

2026-09-24 19:43:20.484 [info] WARNING:pygls.protocol.json_rpc:Cancel notification for unknown message id "1296"

2026-09-24 19:43:20.508 [info] WARNING:pygls.protocol.json_rpc:Cancel notification for unknown message id "1297"

2026-09-24 19:43:20.530 [info] WARNING:pygls.protocol.json_rpc:Cancel notification for unknown message id "1298"

2026-09-24 19:43:21.412 [info] WARNING:pygls.protocol.json_rpc:Cancel notification for unknown message id "1300"

2026-09-24 19:43:21.413 [info] WARNING:pygls.protocol.json_rpc:Cancel notification for unknown message id "1301"

2026-09-24 19:43:21.413 [info] WARNING:pygls.protocol.json_rpc:Cancel notification for unknown message id "1299"

2026-09-24 19:43:22.463 [info] WARNING:pygls.protocol.json_rpc:Cancel notification for unknown message id "1303"
WARNING:pygls.protocol.json_rpc:Cancel notification for unknown message id "1302"

2026-09-24 19:43:22.616 [info] WARNING:pygls.protocol.json_rpc:Cancel notification for unknown message id "1304"

2026-09-24 19:43:23.980 [info] WARNING:pygls.protocol.json_rpc:Cancel notification for unknown message id "1305"

2026-09-24 19:43:23.983 [info] WARNING:pygls.protocol.json_rpc:Cancel notification for unknown message id "1308"

2026-09-24 19:43:24.008 [info] WARNING:pygls.protocol.json_rpc:Cancel notification for unknown message id "1306"

2026-09-24 19:43:24.011 [info] WARNING:pygls.protocol.json_rpc:Cancel notification for unknown message id "1309"

2026-09-24 19:43:24.067 [info] WARNING:pygls.protocol.json_rpc:Cancel notification for unknown message id "1310"

2026-09-24 19:43:24.073 [info] WARNING:pygls.protocol.json_rpc:Cancel notification for unknown message id "1312"

2026-09-24 19:43:24.074 [info] WARNING:pygls.protocol.json_rpc:Cancel notification for unknown message id "1307"

2026-09-24 19:43:24.075 [info] WARNING:pygls.protocol.json_rpc:Cancel notification for unknown message id "1311"

2026-09-24 19:43:24.520 [info] WARNING:pygls.protocol.json_rpc:Cancel notification for unknown message id "1314"

2026-09-24 19:43:24.522 [info] WARNING:pygls.protocol.json_rpc:Cancel notification for unknown message id "1315"

2026-09-24 19:43:24.523 [info] WARNING:pygls.protocol.json_rpc:Cancel notification for unknown message id "1313"

2026-09-24 19:43:25.169 [info] WARNING:pygls.protocol.json_rpc:Cancel notification for unknown message id "1317"

2026-09-24 19:43:25.171 [info] WARNING:pygls.protocol.json_rpc:Cancel notification for unknown message id "1318"

2026-09-24 19:43:25.173 [info] WARNING:pygls.protocol.json_rpc:Cancel notification for unknown message id "1316"

2026-09-24 19:43:25.277 [info] WARNING:pygls.protocol.json_rpc:Cancel notification for unknown message id "1319"

2026-09-24 19:43:25.350 [info] WARNING:pygls.protocol.json_rpc:Cancel notification for unknown message id "1320"

2026-09-24 19:43:25.395 [info] WARNING:pygls.protocol.json_rpc:Cancel notification for unknown message id "1321"

2026-09-24 19:43:25.443 [info] WARNING:pygls.protocol.json_rpc:Cancel notification for unknown message id "1322"

2026-09-24 19:43:25.702 [info] WARNING:pygls.protocol.json_rpc:Cancel notification for unknown message id "1324"

2026-09-24 19:43:25.702 [info] WARNING:pygls.protocol.json_rpc:Cancel notification for unknown message id "1325"

2026-09-24 19:43:25.703 [info] WARNING:pygls.protocol.json_rpc:Cancel notification for unknown message id "1323"

2026-09-24 19:43:25.981 [info] WARNING:pygls.protocol.json_rpc:Cancel notification for unknown message id "1327"

2026-09-24 19:43:25.982 [info] WARNING:pygls.protocol.json_rpc:Cancel notification for unknown message id "1328"

2026-09-24 19:43:25.983 [info] WARNING:pygls.protocol.json_rpc:Cancel notification for unknown message id "1326"

2026-09-24 19:43:26.256 [info] WARNING:pygls.protocol.json_rpc:Cancel notification for unknown message id "1330"

2026-09-24 19:43:26.257 [info] WARNING:pygls.protocol.json_rpc:Cancel notification for unknown message id "1331"

2026-09-24 19:43:26.257 [info] WARNING:pygls.protocol.json_rpc:Cancel notification for unknown message id "1329"

2026-09-24 19:43:26.318 [info] WARNING:pygls.protocol.json_rpc:Cancel notification for unknown message id "1333"

2026-09-24 19:43:26.319 [info] WARNING:pygls.protocol.json_rpc:Cancel notification for unknown message id "1332"

2026-09-24 19:43:26.355 [info] WARNING:pygls.protocol.json_rpc:Cancel notification for unknown message id "1334"

2026-09-24 19:43:26.390 [info] WARNING:pygls.protocol.json_rpc:Cancel notification for unknown message id "1335"

2026-09-24 19:43:26.435 [info] WARNING:pygls.protocol.json_rpc:Cancel notification for unknown message id "1336"

2026-09-24 19:43:26.472 [info] WARNING:pygls.protocol.json_rpc:Cancel notification for unknown message id "1337"

2026-09-24 19:43:27.723 [info] WARNING:pygls.protocol.json_rpc:Cancel notification for unknown message id "1339"

2026-09-24 19:43:27.724 [info] WARNING:pygls.protocol.json_rpc:Cancel notification for unknown message id "1340"

2026-09-24 19:43:27.726 [info] WARNING:pygls.protocol.json_rpc:Cancel notification for unknown message id "1338"

2026-09-24 19:43:28.952 [info] WARNING:pygls.protocol.json_rpc:Cancel notification for unknown message id "1342"

2026-09-24 19:43:28.952 [info] WARNING:pygls.protocol.json_rpc:Cancel notification for unknown message id "1343"

2026-09-24 19:43:28.954 [info] WARNING:pygls.protocol.json_rpc:Cancel notification for unknown message id "1341"

2026-09-24 19:43:28.993 [info] WARNING:pygls.protocol.json_rpc:Cancel notification for unknown message id "1344"

2026-09-24 19:43:29.037 [info] WARNING:pygls.protocol.json_rpc:Cancel notification for unknown message id "1345"

2026-09-24 19:43:30.559 [info] WARNING:pygls.protocol.json_rpc:Cancel notification for unknown message id "1350"

2026-09-24 19:43:30.561 [info] WARNING:pygls.protocol.json_rpc:Cancel notification for unknown message id "1346"
WARNING:pygls.protocol.json_rpc:Cancel notification for unknown message id "1351"

2026-09-24 19:44:48.485 [info] WARNING:pygls.protocol.json_rpc:Cancel notification for unknown message id "1354"

2026-09-24 19:44:48.744 [info] WARNING:pygls.protocol.json_rpc:Cancel notification for unknown message id "1355"

2026-09-24 19:44:48.896 [info] WARNING:pygls.protocol.json_rpc:Cancel notification for unknown message id "1356"

2026-09-24 19:44:49.120 [info] WARNING:pygls.protocol.json_rpc:Cancel notification for unknown message id "1357"

2026-09-24 19:44:54.769 [info] WARNING:pygls.protocol.json_rpc:Cancel notification for unknown message id "1369"

2026-09-24 19:44:55.696 [info] WARNING:pygls.protocol.json_rpc:Cancel notification for unknown message id "1370"

2026-09-24 19:45:22.266 [info] WARNING:pygls.protocol.json_rpc:Cancel notification for unknown message id "1371"

2026-09-24 19:45:22.420 [info] WARNING:pygls.protocol.json_rpc:Cancel notification for unknown message id "1372"

2026-09-24 19:45:23.257 [info] WARNING:pygls.protocol.json_rpc:Cancel notification for unknown message id "1374"
WARNING:pygls.protocol.json_rpc:Cancel notification for unknown message id "1375"

2026-09-24 19:45:23.480 [info] WARNING:pygls.protocol.json_rpc:Cancel notification for unknown message id "1373"

2026-09-24 19:45:23.481 [info] WARNING:pygls.protocol.json_rpc:Cancel notification for unknown message id "1376"

2026-09-24 19:46:42.577 [info] WARNING:pygls.protocol.json_rpc:Cancel notification for unknown message id "1384"

2026-09-24 19:46:42.981 [info] WARNING:pygls.protocol.json_rpc:Cancel notification for unknown message id "1386"

2026-09-24 19:46:45.513 [info] WARNING:pygls.protocol.json_rpc:Cancel notification for unknown message id "1387"

2026-09-24 19:46:45.514 [info] WARNING:pygls.protocol.json_rpc:Cancel notification for unknown message id "1388"

2026-09-24 19:46:46.304 [info] WARNING:pygls.protocol.json_rpc:Cancel notification for unknown message id "1392"

2026-09-24 19:46:48.196 [info] WARNING:pygls.protocol.json_rpc:Cancel notification for unknown message id "1395"

2026-09-24 19:46:49.624 [info] WARNING:pygls.protocol.json_rpc:Cancel notification for unknown message id "1399"

2026-09-24 19:46:51.711 [info] WARNING:pygls.protocol.json_rpc:Cancel notification for unknown message id "1402"

2026-09-24 19:46:51.858 [info] WARNING:pygls.protocol.json_rpc:Cancel notification for unknown message id "1403"

2026-09-24 19:46:52.090 [info] WARNING:pygls.protocol.json_rpc:Cancel notification for unknown message id "1405"
WARNING:pygls.protocol.json_rpc:Cancel notification for unknown message id "1406"

2026-09-24 19:47:36.674 [info] WARNING:pygls.protocol.json_rpc:Cancel notification for unknown message id "1422"

2026-09-24 19:47:36.675 [info] WARNING:pygls.protocol.json_rpc:Cancel notification for unknown message id "1423"

